200.234.204.224 - - [06/Mar/2005:01:53:49 +0000] "GET /view/person/6092.include HTTP/1.0" 200 1130 "-" "-"
200.234.204.224 - - [06/Mar/2005:01:53:50 +0000] "GET /view/person/5857.include HTTP/1.0" 200 4898 "-" "-"
198.76.14.143 - - [06/Mar/2005:01:53:56 +0000] "GET /robots.txt HTTP/1.0" 404 5147 "-" "Mozilla/5.0 (compatible; Yahoo! Slurp; http://help.yahoo.com/help/us/ysearch/slurp)"
198.76.14.230 - - [06/Mar/2005:01:53:57 +0000] "GET /perl/users/staff/edit_eprint?eprintid=325&dataset=archive HTTP/1.0" 401 4942 "-" "Mozilla/5.0 (compatible; Yahoo! Slurp; http://help.yahoo.com/help/us/ysearch/slurp)"
200.234.204.224 - - [06/Mar/2005:01:54:02 +0000] "GET /view/person/3691.include HTTP/1.0" 200 647 "-" "-"
204.170.238.33 - - [06/Mar/2005:01:54:04 +0000] "GET /robots.txt HTTP/1.0" 404 5147 "-" "Mozilla/5.0 (compatible; Yahoo! Slurp; http://help.yahoo.com/help/us/ysearch/slurp)"
204.170.241.117 - - [06/Mar/2005:01:54:05 +0000] "GET /perl/local/jerome_url?url=/records/7058 HTTP/1.0" 200 0 "-" "Mozilla/5.0 (compatible; Yahoo! Slurp; http://help.yahoo.com/help/us/ysearch/slurp)"
204.170.241.117 - - [06/Mar/2005:01:54:05 +0000] "GET /6151/ HTTP/1.0" 200 7080 "-" "Mozilla/5.0 (compatible; Yahoo! Slurp; http://help.yahoo.com/help/us/ysearch/slurp)"
200.234.204.224 - - [06/Mar/2005:01:54:06 +0000] "GET /perl/local/ecs_latest?n=6 HTTP/1.0" 200 809 "-" "-"
236.201.70.242 - - [06/Mar/2005:01:54:12 +0000] "GET /archive/00000641/02/ieegait.pdf HTTP/1.1" 200 5 "-" "Mozilla/4.0 (compatible; MSIE 6.0; Windows NT 5.1; SV1; .NET CLR 1.1.4322)"
200.234.204.224 - - [06/Mar/2005:01:54:12 +0000] "GET /view/person/6076.include HTTP/1.0" 404 4890 "-" "-"
236.201.70.242 - - [06/Mar/2005:01:54:13 +0000] "GET /archive/00000641/02/ieegait.pdf HTTP/1.1" 200 5 "-" "Mozilla/4.0 (compatible; MSIE 6.0; Windows NT 5.1; SV1; .NET CLR 1.1.4322)"
200.234.204.224 - - [06/Mar/2005:01:54:23 +0000] "GET /view/person/5871.include HTTP/1.0" 404 4890 "-" "-"
200.234.204.224 - - [06/Mar/2005:01:54:23 +0000] "GET /view/projects/euro6ix.include HTTP/1.0" 404 4890 "-" "-"
200.234.192.196 - - [06/Mar/2005:01:54:28 +0000] "GET /perl/latest_tool?output=rss&n=10 HTTP/1.0" 200 5591 "-" "-"
200.234.204.224 - - [06/Mar/2005:01:54:33 +0000] "GET /perl/local/latestn?n=1:group=isis&mainonly=yes HTTP/1.0" 200 321 "-" "-"
200.234.204.224 - - [06/Mar/2005:01:54:39 +0000] "GET /view/person/4148.include HTTP/1.0" 404 4890 "-" "-"
198.235.195.147 - - [06/Mar/2005:01:54:43 +0000] "GET /secure/00007575/01/PEBlends.pdf HTTP/1.1" 401 4942 "-" "Googlebot/2.1 (+http://www.google.com/bot.html)"
64.89.146.91 - - [06/Mar/2005:01:54:47 +0000] "GET /7433/ HTTP/1.0" 200 12273 "-" "<a href='http://www.unchaos.com/'> UnChaos </a>, From Chaos To Order, Hybrid Web Search Engine. vadim_gonchar@unchaos.com"
200.234.204.224 - - [06/Mar/2005:01:54:51 +0000] "GET /view/person/4154.include HTTP/1.0" 200 1276 "-" "-"
200.234.204.224 - - [06/Mar/2005:01:54:53 +0000] "GET /perl/local/ecs_latest?n=6 HTTP/1.0" 200 809 "-" "-"
198.235.195.147 - - [06/Mar/2005:01:54:56 +0000] "GET /perl/users/staff/edit_eprint?eprintid=29&dataset=archive HTTP/1.1" 401 4942 "-" "Googlebot/2.1 (+http://www.google.com/bot.html)"
198.235.195.147 - - [06/Mar/2005:01:54:59 +0000] "GET /perl/users/staff/edit_eprint?eprintid=9619&dataset=archive HTTP/1.1" 401 4942 "-" "Googlebot/2.1 (+http://www.google.com/bot.html)"
200.234.204.224 - - [06/Mar/2005:01:55:04 +0000] "GET /view/person/4165.include HTTP/1.0" 200 2026 "-" "-"
200.234.204.224 - - [06/Mar/2005:01:55:15 +0000] "GET /view/person/2830.include HTTP/1.0" 200 3474 "-" "-"
200.234.204.224 - - [06/Mar/2005:01:55:27 +0000] "GET /view/person/888.include HTTP/1.0" 200 1836 "-" "-"
142.237.157.174 - - [06/Mar/2005:01:55:30 +0000] "GET /10120/01/yorkpres.pdf HTTP/1.1" 200 12649 "http://www.google.com/search?hl=zh-CN&newwindow=1&q=diagnosis+method%2Bauditory&btnG=%E6%90%9C%E7%B4%A2&lr=" "Mozilla/4.0 (compatible; MSIE 6.0; Windows NT 5.1; SV1)"
200.234.204.224 - - [06/Mar/2005:01:55:39 +0000] "GET /view/person/2798.include HTTP/1.0" 200 437 "-" "-"
198.235.195.147 - - [06/Mar/2005:01:55:43 +0000] "GET /perl/users/staff/edit_eprint?eprintid=302&dataset=archive HTTP/1.1" 401 4942 "-" "Googlebot/2.1 (+http://www.google.com/bot.html)"
198.235.195.147 - - [06/Mar/2005:01:55:46 +0000] "GET /perl/users/staff/edit_eprint?eprintid=10136&dataset=archive HTTP/1.1" 401 4942 "-" "Googlebot/2.1 (+http://www.google.com/bot.html)"
200.234.204.224 - - [06/Mar/2005:01:55:54 +0000] "GET /view/person/2647.include HTTP/1.0" 200 1151 "-" "-"
198.235.195.147 - - [06/Mar/2005:01:55:56 +0000] "GET /perl/users/staff/edit_eprint?eprintid=4994&dataset=archive HTTP/1.1" 401 4942 "-" "Googlebot/2.1 (+http://www.google.com/bot.html)"
200.234.204.224 - - [06/Mar/2005:01:56:07 +0000] "GET /view/person/3604.include HTTP/1.0" 404 4890 "-" "-"
200.234.192.196 - - [06/Mar/2005:01:56:09 +0000] "GET /perl/latest_tool?output=rss&n=10 HTTP/1.0" 200 5591 "-" "-"
200.234.204.224 - - [06/Mar/2005:01:56:20 +0000] "GET /view/person/3446.include HTTP/1.0" 200 1788 "-" "-"
200.234.204.224 - - [06/Mar/2005:01:56:33 +0000] "GET /view/person/5059.include HTTP/1.0" 404 4890 "-" "-"
142.237.157.174 - - [06/Mar/2005:01:56:36 +0000] "GET /10120/01/yorkpres.pdf HTTP/1.1" 206 122974 "-" "Mozilla/4.0 (compatible; MSIE 6.0; Windows NT 5.1; SV1)"
198.235.195.147 - - [06/Mar/2005:01:56:42 +0000] "HEAD /760/02/html/img7.gif HTTP/1.1" 200 0 "-" "Googlebot-Image/1.0"
200.234.204.224 - - [06/Mar/2005:01:56:45 +0000] "GET /view/person/2653.include HTTP/1.0" 200 1167 "-" "-"
198.235.195.147 - - [06/Mar/2005:01:56:47 +0000] "GET /perl/users/staff/edit_eprint?eprintid=8551&dataset=archive HTTP/1.1" 401 4942 "-" "Googlebot/2.1 (+http://www.google.com/bot.html)"
200.234.204.224 - - [06/Mar/2005:01:56:56 +0000] "GET /view/person/3601.include HTTP/1.0" 200 2090 "-" "-"
109.138.38.138 - - [06/Mar/2005:01:56:58 +0000] "GET /robots.txt HTTP/1.0" 404 5147 "-" "msnbot/1.0 (+http://search.msn.com/msnbot.htm)"
109.138.38.138 - - [06/Mar/2005:01:56:58 +0000] "GET /perl/users/home HTTP/1.0" 401 4942 "-" "msnbot/1.0 (+http://search.msn.com/msnbot.htm)"
200.234.204.224 - - [06/Mar/2005:01:57:09 +0000] "GET /view/person/5033.include HTTP/1.0" 404 4890 "-" "-"
198.235.195.147 - - [06/Mar/2005:01:57:16 +0000] "GET /perl/users/staff/edit_eprint?eprintid=6223&dataset=archive HTTP/1.1" 401 4942 "-" "Googlebot/2.1 (+http://www.google.com/bot.html)"
200.234.204.224 - - [06/Mar/2005:01:57:20 +0000] "GET /view/person/12.include HTTP/1.0" 200 8982 "-" "-"
64.89.146.91 - - [06/Mar/2005:01:57:24 +0000] "GET /9349/ HTTP/1.0" 200 8209 "-" "<a href='http://www.unchaos.com/'> UnChaos </a>, From Chaos To Order, Hybrid Web Search Engine. vadim_gonchar@unchaos.com"
200.234.204.224 - - [06/Mar/2005:01:57:32 +0000] "GET /view/person/4366.include HTTP/1.0" 200 1303 "-" "-"
198.235.195.147 - - [06/Mar/2005:01:57:41 +0000] "GET /perl/users/staff/edit_eprint?eprintid=4168&dataset=archive HTTP/1.1" 401 4942 "-" "Googlebot/2.1 (+http://www.google.com/bot.html)"
200.234.204.224 - - [06/Mar/2005:01:57:43 +0000] "GET /view/person/4363.include HTTP/1.0" 200 1300 "-" "-"
198.235.195.147 - - [06/Mar/2005:01:57:50 +0000] "GET /perl/users/staff/edit_eprint?eprintid=5459&dataset=archive HTTP/1.1" 401 4942 "-" "Googlebot/2.1 (+http://www.google.com/bot.html)"
200.234.192.196 - - [06/Mar/2005:01:57:50 +0000] "GET /perl/latest_tool?output=rss&n=10 HTTP/1.0" 200 5591 "-" "-"
200.234.204.224 - - [06/Mar/2005:01:57:56 +0000] "GET /perl/local/ecs_latest?n=6 HTTP/1.0" 200 809 "-" "-"
200.234.204.224 - - [06/Mar/2005:01:58:32 +0000] "GET /perl/latest_tool?mode=thesis&mainonly=yes&n=1 HTTP/1.0" 200 379 "-" "-"
200.234.204.224 - - [06/Mar/2005:01:58:32 +0000] "GET /perl/latest_tool?mode=noimg&mainonly=yes&n=5 HTTP/1.0" 200 1536 "-" "-"
204.170.238.126 - - [06/Mar/2005:01:58:47 +0000] "GET /perl/local/jerome_url?url=/records/1319 HTTP/1.0" 200 0 "-" "Mozilla/5.0 (compatible; Yahoo! Slurp; http://help.yahoo.com/help/us/ysearch/slurp)"
204.170.238.126 - - [06/Mar/2005:01:58:49 +0000] "GET /715/ HTTP/1.0" 200 7217 "-" "Mozilla/5.0 (compatible; Yahoo! Slurp; http://help.yahoo.com/help/us/ysearch/slurp)"
200.234.204.224 - - [06/Mar/2005:01:59:07 +0000] "GET /perl/local/ecs_latest?n=6 HTTP/1.0" 200 809 "-" "-"
198.235.195.147 - - [06/Mar/2005:01:59:10 +0000] "GET /perl/users/staff/edit_eprint?eprintid=4269&dataset=archive HTTP/1.1" 401 4942 "-" "Googlebot/2.1 (+http://www.google.com/bot.html)"
204.170.235.54 - - [06/Mar/2005:01:59:11 +0000] "GET /perl/users/staff/edit_eprint?eprintid=10039&dataset=archive HTTP/1.0" 401 4942 "-" "Mozilla/5.0 (compatible; Yahoo! Slurp; http://help.yahoo.com/help/us/ysearch/slurp)"
198.235.195.147 - - [06/Mar/2005:01:59:29 +0000] "GET /perl/users/staff/edit_eprint?eprintid=236&dataset=archive HTTP/1.1" 401 4942 "-" "Googlebot/2.1 (+http://www.google.com/bot.html)"
200.234.192.196 - - [06/Mar/2005:01:59:31 +0000] "GET /perl/latest_tool?output=rss&n=10 HTTP/1.0" 200 5591 "-" "-"
198.235.195.147 - - [06/Mar/2005:01:59:33 +0000] "GET /perl/users/staff/edit_eprint?eprintid=3397&dataset=archive HTTP/1.1" 401 4942 "-" "Googlebot/2.1 (+http://www.google.com/bot.html)"
64.89.146.91 - - [06/Mar/2005:02:00:05 +0000] "GET /6700/ HTTP/1.0" 200 10758 "-" "<a href='http://www.unchaos.com/'> UnChaos </a>, From Chaos To Order, Hybrid Web Search Engine. vadim_gonchar@unchaos.com"
200.234.204.224 - - [06/Mar/2005:02:00:14 +0000] "GET /view/person/6294.include HTTP/1.0" 404 4890 "-" "-"
200.234.204.224 - - [06/Mar/2005:02:00:17 +0000] "GET /view/person/6294.include HTTP/1.0" 404 4890 "-" "-"
200.234.204.224 - - [06/Mar/2005:02:00:35 +0000] "GET /perl/local/ecs_latest?n=6 HTTP/1.0" 200 809 "-" "-"
198.76.17.144 - - [06/Mar/2005:02:00:45 +0000] "GET /4115 HTTP/1.0" 200 0 "-" "Mozilla/5.0 (compatible; Yahoo! Slurp; http://help.yahoo.com/help/us/ysearch/slurp)"
198.76.17.144 - - [06/Mar/2005:02:00:46 +0000] "GET /4115/ HTTP/1.0" 200 6919 "-" "Mozilla/5.0 (compatible; Yahoo! Slurp; http://help.yahoo.com/help/us/ysearch/slurp)"
200.234.204.224 - - [06/Mar/2005:02:00:50 +0000] "GET /perl/local/ecs_latest?n=6 HTTP/1.0" 200 809 "-" "-"
200.234.204.224 - - [06/Mar/2005:02:01:05 +0000] "GET /view/person/2671.include HTTP/1.0" 200 1965 "-" "-"
200.234.192.196 - - [06/Mar/2005:02:01:14 +0000] "GET /perl/latest_tool?output=rss&n=10 HTTP/1.0" 200 5591 "-" "-"
200.234.204.224 - - [06/Mar/2005:02:01:35 +0000] "GET /perl/local/ecs_latest?n=6 HTTP/1.0" 200 809 "-" "-"
198.76.14.25 - - [06/Mar/2005:02:02:00 +0000] "GET /5863/ HTTP/1.0" 200 6680 "-" "Mozilla/5.0 (compatible; Yahoo! Slurp; http://help.yahoo.com/help/us/ysearch/slurp)"
198.235.195.147 - - [06/Mar/2005:02:02:05 +0000] "GET /perl/users/staff/edit_eprint?eprintid=1931&dataset=archive HTTP/1.1" 401 4942 "-" "Googlebot/2.1 (+http://www.google.com/bot.html)"
200.234.204.224 - - [06/Mar/2005:02:02:16 +0000] "GET /view/person/384.include HTTP/1.0" 200 9062 "-" "-"
67.68.219.141 - - [06/Mar/2005:02:02:26 +0000] "GET /10359/ HTTP/1.1" 200 29898 "-" "Mozilla/4.0 (compatible;)"
67.68.219.141 - - [06/Mar/2005:02:02:26 +0000] "GET /10359/01/GDP04-mspaceReport.pdf HTTP/1.1" 200 1704513 "http://eprints.ecs.soton.ac.uk/10359/" "Mozilla/4.0 (compatible;)"
200.234.204.224 - - [06/Mar/2005:02:02:27 +0000] "GET /view/person/4331.include HTTP/1.0" 200 4820 "-" "-"
204.170.241.120 - - [06/Mar/2005:02:02:33 +0000] "GET /4203 HTTP/1.0" 200 0 "-" "Mozilla/5.0 (compatible; Yahoo! Slurp; http://help.yahoo.com/help/us/ysearch/slurp)"
204.170.241.120 - - [06/Mar/2005:02:02:35 +0000] "GET /4203/ HTTP/1.0" 200 5511 "-" "Mozilla/5.0 (compatible; Yahoo! Slurp; http://help.yahoo.com/help/us/ysearch/slurp)"
200.234.192.196 - - [06/Mar/2005:02:02:57 +0000] "GET /perl/latest_tool?output=rss&n=10 HTTP/1.0" 200 5591 "-" "-"
200.234.204.224 - - [06/Mar/2005:02:03:06 +0000] "GET /perl/local/latestn?n=1:group=isis&mainonly=yes HTTP/1.0" 200 321 "-" "-"
200.234.204.224 - - [06/Mar/2005:02:03:06 +0000] "GET /perl/local/latestn?n=5:group=iam&mainonly=yes HTTP/1.0" 200 1344 "-" "-"
64.89.146.91 - - [06/Mar/2005:02:03:09 +0000] "GET /10263/ HTTP/1.0" 200 26513 "-" "<a href='http://www.unchaos.com/'> UnChaos </a>, From Chaos To Order, Hybrid Web Search Engine. vadim_gonchar@unchaos.com"
198.235.195.147 - - [06/Mar/2005:02:03:26 +0000] "GET /perl/users/staff/edit_eprint?eprintid=516&dataset=archive HTTP/1.1" 401 4942 "-" "Googlebot/2.1 (+http://www.google.com/bot.html)"
198.235.195.147 - - [06/Mar/2005:02:03:35 +0000] "GET /perl/users/staff/edit_eprint?eprintid=5299&dataset=archive HTTP/1.1" 401 4942 "-" "Googlebot/2.1 (+http://www.google.com/bot.html)"
200.234.204.224 - - [06/Mar/2005:02:03:35 +0000] "GET /perl/latest_tool?mode=thesis&mainonly=yes&n=1 HTTP/1.0" 200 379 "-" "-"
200.234.204.224 - - [06/Mar/2005:02:03:36 +0000] "GET /perl/local/ecs_latest?n=6 HTTP/1.0" 200 809 "-" "-"
200.234.204.224 - - [06/Mar/2005:02:03:36 +0000] "GET /perl/latest_tool?mode=noimg&mainonly=yes&n=5 HTTP/1.0" 200 1536 "-" "-"
198.235.195.147 - - [06/Mar/2005:02:03:44 +0000] "GET /perl/users/staff/edit_eprint?eprintid=8666&dataset=archive HTTP/1.1" 401 4942 "-" "Googlebot/2.1 (+http://www.google.com/bot.html)"
200.234.204.224 - - [06/Mar/2005:02:04:01 +0000] "GET /perl/local/ecs_latest?n=6 HTTP/1.0" 200 809 "-" "-"
