72.145.70.76 - - [06/Mar/2005:01:24:35 +0000] "GET /8732/ HTTP/1.1" 200 16004 "http://news.google.com/news?q=Occam&hl=en&lr=&c2coff=1&rls=GGLD,GGLD:2004-10,GGLD:en&sa=N&tab=wn" "Mozilla/4.0 (compatible; MSIE 6.0; Windows NT 5.1; SV1)"
200.234.204.224 - - [06/Mar/2005:01:24:35 +0000] "GET /view/person/386.include HTTP/1.0" 200 14724 "-" "-"
72.145.70.76 - - [06/Mar/2005:01:24:35 +0000] "GET /images/reflink.png HTTP/1.1" 200 353 "http://eprints.ecs.soton.ac.uk/8732/" "Mozilla/4.0 (compatible; MSIE 6.0; Windows NT 5.1; SV1)"
72.145.70.76 - - [06/Mar/2005:01:24:35 +0000] "GET /eprints.css HTTP/1.1" 200 3333 "http://eprints.ecs.soton.ac.uk/8732/" "Mozilla/4.0 (compatible; MSIE 6.0; Windows NT 5.1; SV1)"
207.230.60.220 - - [06/Mar/2005:01:24:43 +0000] "GET / HTTP/1.1" 200 10949 "http://www.google.com/u/ecs?hl=en&lr=&ie=UTF-8&q=related:eprints.ecs.soton.ac.uk/2691/01/Computers_and_Education_paper1.doc" "Mozilla/5.0 (Windows; U; Windows NT 5.1; en-US; rv:1.7.5) Gecko/20041107 Firefox/1.0"
207.230.60.220 - - [06/Mar/2005:01:24:43 +0000] "GET /eprints.css HTTP/1.1" 304 - "http://eprints.ecs.soton.ac.uk/" "Mozilla/5.0 (Windows; U; Windows NT 5.1; en-US; rv:1.7.5) Gecko/20041107 Firefox/1.0"
207.230.60.220 - - [06/Mar/2005:01:24:44 +0000] "GET /images/logo_small.gif HTTP/1.1" 200 5939 "http://eprints.ecs.soton.ac.uk/" "Mozilla/5.0 (Windows; U; Windows NT 5.1; en-US; rv:1.7.5) Gecko/20041107 Firefox/1.0"
207.230.60.220 - - [06/Mar/2005:01:24:44 +0000] "GET /favicon.ico HTTP/1.1" 404 5168 "-" "Mozilla/5.0 (Windows; U; Windows NT 5.1; en-US; rv:1.7.5) Gecko/20041107 Firefox/1.0"
200.234.204.224 - - [06/Mar/2005:01:24:49 +0000] "GET /view/person/387.include HTTP/1.0" 200 11001 "-" "-"
207.230.60.220 - - [06/Mar/2005:01:24:51 +0000] "GET /perl/search/quicksearch?basic_srchtype=ALL&basic=humor&publicfulltext=EITHER&_satisfyall=ALL&_order=byyear&_action_search=Go HTTP/1.1" 200 5366 "http://eprints.ecs.soton.ac.uk/" "Mozilla/5.0 (Windows; U; Windows NT 5.1; en-US; rv:1.7.5) Gecko/20041107 Firefox/1.0"
207.230.60.220 - - [06/Mar/2005:01:24:51 +0000] "GET /eprints.css HTTP/1.1" 304 - "http://eprints.ecs.soton.ac.uk/perl/search/quicksearch?basic_srchtype=ALL&basic=humor&publicfulltext=EITHER&_satisfyall=ALL&_order=byyear&_action_search=Go" "Mozilla/5.0 (Windows; U; Windows NT 5.1; en-US; rv:1.7.5) Gecko/20041107 Firefox/1.0"
207.230.60.220 - - [06/Mar/2005:01:24:52 +0000] "GET /favicon.ico HTTP/1.1" 404 5168 "-" "Mozilla/5.0 (Windows; U; Windows NT 5.1; en-US; rv:1.7.5) Gecko/20041107 Firefox/1.0"
207.230.60.220 - - [06/Mar/2005:01:24:59 +0000] "GET /favicon.ico HTTP/1.1" 404 5168 "-" "Mozilla/5.0 (Windows; U; Windows NT 5.1; en-US; rv:1.7.5) Gecko/20041107 Firefox/1.0"
200.234.204.224 - - [06/Mar/2005:01:25:01 +0000] "GET /view/person/4116.include HTTP/1.0" 200 21538 "-" "-"
198.235.195.147 - - [06/Mar/2005:01:25:03 +0000] "GET /perl/users/staff/edit_eprint?eprintid=9239&dataset=archive HTTP/1.1" 401 4942 "-" "Googlebot/2.1 (+http://www.google.com/bot.html)"
198.235.195.147 - - [06/Mar/2005:01:25:06 +0000] "GET /perl/users/staff/edit_eprint?eprintid=2348&dataset=archive HTTP/1.1" 401 4942 "-" "Googlebot/2.1 (+http://www.google.com/bot.html)"
207.230.60.220 - - [06/Mar/2005:01:25:08 +0000] "GET /perl/search/quicksearch?basic_srchtype=ALL&basic=humour&publicfulltext=EITHER&_satisfyall=ALL&_order=byyear&_action_search=Go HTTP/1.1" 200 5368 "http://eprints.ecs.soton.ac.uk/" "Mozilla/5.0 (Windows; U; Windows NT 5.1; en-US; rv:1.7.5) Gecko/20041107 Firefox/1.0"
207.230.60.220 - - [06/Mar/2005:01:25:08 +0000] "GET /eprints.css HTTP/1.1" 304 - "http://eprints.ecs.soton.ac.uk/perl/search/quicksearch?basic_srchtype=ALL&basic=humour&publicfulltext=EITHER&_satisfyall=ALL&_order=byyear&_action_search=Go" "Mozilla/5.0 (Windows; U; Windows NT 5.1; en-US; rv:1.7.5) Gecko/20041107 Firefox/1.0"
207.230.60.220 - - [06/Mar/2005:01:25:09 +0000] "GET /favicon.ico HTTP/1.1" 404 5168 "-" "Mozilla/5.0 (Windows; U; Windows NT 5.1; en-US; rv:1.7.5) Gecko/20041107 Firefox/1.0"
207.230.60.220 - - [06/Mar/2005:01:25:11 +0000] "GET /favicon.ico HTTP/1.1" 404 5168 "-" "Mozilla/5.0 (Windows; U; Windows NT 5.1; en-US; rv:1.7.5) Gecko/20041107 Firefox/1.0"
186.149.105.240 - - [06/Mar/2005:01:25:14 +0000] "GET /10037/01/modem.pdf HTTP/1.1" 206 12816 "http://www.google.com/search?q=QPSK+modem+implementation+on+DSP&hl=en&lr=&start=20&sa=N" "DA 7.0"
200.234.204.224 - - [06/Mar/2005:01:25:21 +0000] "GET /view/person/428.include HTTP/1.0" 404 4890 "-" "-"
186.149.105.240 - - [06/Mar/2005:01:25:31 +0000] "GET /10037/01/modem.pdf HTTP/1.1" 206 36464 "http://www.google.com/search?q=QPSK+modem+implementation+on+DSP&hl=en&lr=&start=20&sa=N" "DA 7.0"
186.149.105.240 - - [06/Mar/2005:01:25:35 +0000] "GET /10037/01/modem.pdf HTTP/1.1" 206 36464 "http://www.google.com/search?q=QPSK+modem+implementation+on+DSP&hl=en&lr=&start=20&sa=N" "DA 7.0"
94.153.178.233 - - [06/Mar/2005:01:25:39 +0000] "GET /5927/02/abst.pdf HTTP/1.0" 200 11656 "http://www.google.co.id/search?q=neurophysiology+of+behavior&hl=en&lr=&start=10&sa=N" "Mozilla/4.0 (compatible; MSIE 6.0; Windows 98)"
200.234.204.224 - - [06/Mar/2005:01:25:40 +0000] "GET /view/person/7041.include HTTP/1.0" 404 4890 "-" "-"
186.149.105.240 - - [06/Mar/2005:01:25:40 +0000] "GET /10037/01/modem.pdf HTTP/1.1" 206 36464 "http://www.google.com/search?q=QPSK+modem+implementation+on+DSP&hl=en&lr=&start=20&sa=N" "DA 7.0"
198.235.195.147 - - [06/Mar/2005:01:25:46 +0000] "GET /perl/users/staff/edit_eprint?eprintid=5017&dataset=archive HTTP/1.1" 401 4942 "-" "Googlebot/2.1 (+http://www.google.com/bot.html)"
186.149.105.240 - - [06/Mar/2005:01:25:51 +0000] "GET /10037/01/modem.pdf HTTP/1.1" 206 36463 "http://www.google.com/search?q=QPSK+modem+implementation+on+DSP&hl=en&lr=&start=20&sa=N" "DA 7.0"
200.234.192.196 - - [06/Mar/2005:01:25:52 +0000] "GET /perl/latest_tool?output=rss&n=10 HTTP/1.0" 200 5591 "-" "-"
200.234.204.224 - - [06/Mar/2005:01:25:54 +0000] "GET /view/person/4105.include HTTP/1.0" 404 4890 "-" "-"
200.234.204.224 - - [06/Mar/2005:01:26:07 +0000] "GET /view/person/398.include HTTP/1.0" 404 4890 "-" "-"
198.235.195.147 - - [06/Mar/2005:01:26:19 +0000] "GET /archive/00000801/05/node10.html HTTP/1.1" 200 5 "-" "Googlebot/2.1 (+http://www.google.com/bot.html)"
198.235.195.147 - - [06/Mar/2005:01:26:19 +0000] "GET /801/05/node10.html HTTP/1.1" 404 5175 "-" "Googlebot/2.1 (+http://www.google.com/bot.html)"
200.234.204.224 - - [06/Mar/2005:01:26:20 +0000] "GET /view/person/5133.include HTTP/1.0" 404 4890 "-" "-"
72.62.117.238 - - [06/Mar/2005:01:26:22 +0000] "GET /10017/ HTTP/1.0" 200 35259 "-" "pipeLiner/0.10 (PipeLine Spider; http://www.pipeline-search.com/webmaster.html)"
198.235.195.147 - - [06/Mar/2005:01:26:29 +0000] "GET /perl/users/staff/edit_eprint?eprintid=10276&dataset=archive HTTP/1.1" 401 4942 "-" "Googlebot/2.1 (+http://www.google.com/bot.html)"
200.234.204.224 - - [06/Mar/2005:01:26:29 +0000] "GET /perl/local/ecs_latest?n=6 HTTP/1.0" 200 809 "-" "-"
161.54.6.243 - - [06/Mar/2005:01:26:31 +0000] "GET /mailinglist.html HTTP/1.1" 200 5184 "-" "findlinks/0.87 (+http://wortschatz.uni-leipzig.de/findlinks/)"
200.234.204.224 - - [06/Mar/2005:01:26:33 +0000] "GET /view/person/4999.include HTTP/1.0" 200 12824 "-" "-"
200.234.204.224 - - [06/Mar/2005:01:26:47 +0000] "GET /view/person/2818.include HTTP/1.0" 404 4890 "-" "-"
198.76.17.128 - - [06/Mar/2005:01:26:49 +0000] "GET /1203 HTTP/1.0" 200 0 "-" "Mozilla/5.0 (compatible; Yahoo! Slurp; http://help.yahoo.com/help/us/ysearch/slurp)"
198.76.17.128 - - [06/Mar/2005:01:26:50 +0000] "GET /1203/ HTTP/1.0" 200 6521 "-" "Mozilla/5.0 (compatible; Yahoo! Slurp; http://help.yahoo.com/help/us/ysearch/slurp)"
198.235.195.147 - - [06/Mar/2005:01:26:50 +0000] "GET /perl/users/staff/edit_eprint?eprintid=8701&dataset=archive HTTP/1.1" 401 4942 "-" "Googlebot/2.1 (+http://www.google.com/bot.html)"
200.234.204.224 - - [06/Mar/2005:01:27:08 +0000] "GET /view/person/6075.include HTTP/1.0" 404 4890 "-" "-"
200.234.204.224 - - [06/Mar/2005:01:27:09 +0000] "GET /view/person/2756.include HTTP/1.0" 200 16323 "-" "-"
207.230.60.220 - - [06/Mar/2005:01:27:33 +0000] "GET /favicon.ico HTTP/1.1" 404 5168 "-" "Mozilla/5.0 (Windows; U; Windows NT 5.1; en-US; rv:1.7.5) Gecko/20041107 Firefox/1.0"
200.234.192.196 - - [06/Mar/2005:01:27:33 +0000] "GET /perl/latest_tool?output=rss&n=10 HTTP/1.0" 200 5591 "-" "-"
72.19.146.18 - - [06/Mar/2005:01:27:34 +0000] "GET /view/ HTTP/1.0" 200 4911 "-" "NP/0.1 (NP; http://www.nameprotect.com; npbot@nameprotect.com)"
200.234.204.224 - - [06/Mar/2005:01:27:42 +0000] "GET /view/person/95.include HTTP/1.0" 200 12749 "-" "-"
204.170.238.171 - - [06/Mar/2005:01:27:51 +0000] "GET /8362 HTTP/1.0" 200 0 "-" "Mozilla/5.0 (compatible; Yahoo! Slurp; http://help.yahoo.com/help/us/ysearch/slurp)"
204.170.238.171 - - [06/Mar/2005:01:27:52 +0000] "GET /8362/ HTTP/1.0" 200 8835 "-" "Mozilla/5.0 (compatible; Yahoo! Slurp; http://help.yahoo.com/help/us/ysearch/slurp)"
200.234.204.224 - - [06/Mar/2005:01:27:57 +0000] "GET /view/person/3554.include HTTP/1.0" 404 4890 "-" "-"
198.235.195.147 - - [06/Mar/2005:01:28:08 +0000] "GET /perl/users/staff/edit_eprint?eprintid=8653&dataset=archive HTTP/1.1" 401 4942 "-" "Googlebot/2.1 (+http://www.google.com/bot.html)"
200.234.204.224 - - [06/Mar/2005:01:28:10 +0000] "GET /view/person/2284.include HTTP/1.0" 404 4890 "-" "-"
198.235.195.147 - - [06/Mar/2005:01:28:11 +0000] "GET /perl/users/staff/edit_eprint?eprintid=1763&dataset=archive HTTP/1.1" 401 4942 "-" "Googlebot/2.1 (+http://www.google.com/bot.html)"
73.23.63.195 - - [06/Mar/2005:01:28:13 +0000] "GET /7899/01/yam_wcb2002.pdf HTTP/1.0" 200 34550 "http://www.google.co.uk/search?hl=en&ie=ISO-8859-1&q=modelling+walking&btnG=Google+Search&meta=" "Mozilla/4.0 (compatible; MSIE 6.0; AOL 9.0; Windows NT 5.1; SV1)"
142.38.114.210 - - [06/Mar/2005:01:28:18 +0000] "GET /10034/ HTTP/1.0" 200 14285 "http://www.google.com/search?hl=zh-CN&ie=GB2312&q=Durbin+R++biological+sequence+analysis&btnG=Google%CB%D1%CB%F7&lr=" "Mozilla/4.0 (compatible; MSIE 5.01; Windows NT 5.0)"
142.38.114.210 - - [06/Mar/2005:01:28:25 +0000] "GET /eprints.css HTTP/1.0" 200 3333 "http://eprints.ecs.soton.ac.uk/10034/" "Mozilla/4.0 (compatible; MSIE 5.01; Windows NT 5.0)"
200.234.204.224 - - [06/Mar/2005:01:28:29 +0000] "GET /perl/latest_tool?mode=thesis&mainonly=yes&n=1 HTTP/1.0" 200 379 "-" "-"
200.234.204.224 - - [06/Mar/2005:01:28:29 +0000] "GET /view/person/384.include HTTP/1.0" 200 9062 "-" "-"
200.234.204.224 - - [06/Mar/2005:01:28:30 +0000] "GET /perl/latest_tool?mode=noimg&mainonly=yes&n=5 HTTP/1.0" 200 1536 "-" "-"
198.235.195.147 - - [06/Mar/2005:01:28:31 +0000] "GET /perl/users/staff/edit_eprint?eprintid=3538&dataset=archive HTTP/1.1" 401 4942 "-" "Googlebot/2.1 (+http://www.google.com/bot.html)"
200.234.204.224 - - [06/Mar/2005:01:28:32 +0000] "GET /perl/local/ecs_latest?n=6 HTTP/1.0" 200 809 "-" "-"
142.38.114.210 - - [06/Mar/2005:01:28:41 +0000] "GET /images/reflink.png HTTP/1.0" 200 353 "http://eprints.ecs.soton.ac.uk/10034/" "Mozilla/4.0 (compatible; MSIE 5.01; Windows NT 5.0)"
200.234.204.224 - - [06/Mar/2005:01:28:42 +0000] "GET /view/person/4156.include HTTP/1.0" 404 4890 "-" "-"
200.234.204.224 - - [06/Mar/2005:01:29:02 +0000] "GET /view/person/5865.include HTTP/1.0" 200 822 "-" "-"
200.234.192.196 - - [06/Mar/2005:01:29:14 +0000] "GET /perl/latest_tool?output=rss&n=10 HTTP/1.0" 200 5591 "-" "-"
200.234.204.224 - - [06/Mar/2005:01:29:15 +0000] "GET /perl/local/ecs_latest?n=6 HTTP/1.0" 200 809 "-" "-"
200.234.204.224 - - [06/Mar/2005:01:29:18 +0000] "GET /view/person/5021.include HTTP/1.0" 404 4890 "-" "-"
200.234.204.224 - - [06/Mar/2005:01:29:34 +0000] "GET /view/person/4187.include HTTP/1.0" 404 4890 "-" "-"
198.235.195.147 - - [06/Mar/2005:01:29:50 +0000] "GET /perl/users/staff/edit_eprint?eprintid=7029&dataset=archive HTTP/1.1" 401 4942 "-" "Googlebot/2.1 (+http://www.google.com/bot.html)"
200.234.204.224 - - [06/Mar/2005:01:29:53 +0000] "GET /view/person/3448.include HTTP/1.0" 404 4890 "-" "-"
198.235.195.147 - - [06/Mar/2005:01:29:53 +0000] "GET /perl/users/staff/edit_eprint?eprintid=9185&dataset=archive HTTP/1.1" 401 4942 "-" "Googlebot/2.1 (+http://www.google.com/bot.html)"
198.235.195.147 - - [06/Mar/2005:01:29:54 +0000] "GET /perl/users/staff/edit_eprint?eprintid=9600&dataset=archive HTTP/1.1" 401 4942 "-" "Googlebot/2.1 (+http://www.google.com/bot.html)"
198.235.195.147 - - [06/Mar/2005:01:29:55 +0000] "GET /perl/users/staff/edit_eprint?eprintid=6550&dataset=archive HTTP/1.1" 401 4942 "-" "Googlebot/2.1 (+http://www.google.com/bot.html)"
200.234.204.224 - - [06/Mar/2005:01:30:09 +0000] "GET /perl/local/ecs_latest?n=6 HTTP/1.0" 200 809 "-" "-"
198.235.195.147 - - [06/Mar/2005:01:30:19 +0000] "GET /perl/users/staff/edit_eprint?eprintid=7021&dataset=archive HTTP/1.1" 401 4942 "-" "Googlebot/2.1 (+http://www.google.com/bot.html)"
200.234.204.224 - - [06/Mar/2005:01:30:25 +0000] "GET /view/person/6802.include HTTP/1.0" 404 4890 "-" "-"
200.234.204.224 - - [06/Mar/2005:01:30:46 +0000] "GET /view/person/95.include HTTP/1.0" 200 12749 "-" "-"
198.235.195.147 - - [06/Mar/2005:01:30:53 +0000] "GET /perl/users/staff/edit_eprint?eprintid=5057&dataset=archive HTTP/1.1" 401 4942 "-" "Googlebot/2.1 (+http://www.google.com/bot.html)"
200.234.192.196 - - [06/Mar/2005:01:30:55 +0000] "GET /perl/latest_tool?output=rss&n=10 HTTP/1.0" 200 5591 "-" "-"
200.234.204.224 - - [06/Mar/2005:01:31:04 +0000] "GET /view/person/4916.include HTTP/1.0" 200 8039 "-" "-"
198.235.195.147 - - [06/Mar/2005:01:31:07 +0000] "GET /perl/users/staff/edit_eprint?eprintid=127&dataset=archive HTTP/1.1" 401 4942 "-" "Googlebot/2.1 (+http://www.google.com/bot.html)"
118.66.177.252 - - [06/Mar/2005:01:31:15 +0000] "GET /6668/01/mm-lh-May02-ICC02.pdf HTTP/1.1" 200 21589 "http://www.google.com/search?q=S+Hughes+Fast+Fourier+transform&hl=zh-CN&lr=&newwindow=1&c2coff=1&start=120&sa=N" "Mozilla/4.0 (compatible; MSIE 6.0; Windows NT 5.1)"
200.234.204.224 - - [06/Mar/2005:01:31:21 +0000] "GET /view/person/3510.include HTTP/1.0" 200 2638 "-" "-"
118.66.177.252 - - [06/Mar/2005:01:31:24 +0000] "GET /6668/01/mm-lh-May02-ICC02.pdf HTTP/1.1" 206 350963 "-" "Mozilla/4.0 (compatible; MSIE 6.0; Windows NT 5.1)"
131.23.39.38 - - [06/Mar/2005:01:31:30 +0000] "GET /5739/02/liu01b.ps HTTP/1.1" 200 270548 "http://www.google.com/search?q=an+alternative+approach+to+linearly+constrained+adaptive+beamforming&hl=en&lr=&start=60&sa=N" "Mozilla/4.0 (compatible; MSIE 6.0; Windows NT 5.1; SV1; .NET CLR 1.1.4322)"
142.38.114.210 - - [06/Mar/2005:01:31:32 +0000] "POST /perl/paracite HTTP/1.0" 200 0 "http://eprints.ecs.soton.ac.uk/10034/" "Mozilla/4.0 (compatible; MSIE 5.01; Windows NT 5.0)"
200.234.204.224 - - [06/Mar/2005:01:31:35 +0000] "GET /view/person/1248.include HTTP/1.0" 200 1329 "-" "-"
109.138.38.138 - - [06/Mar/2005:01:31:46 +0000] "GET /perl/oai2?verb=GetRecord&metadataPrefix=oai_dc&identifier=oai:eprints.ecs.soton.ac.uk:6196 HTTP/1.0" 200 1446 "-" "msnbot/1.0 (+http://search.msn.com/msnbot.htm)"
97.102.0.102 - - [06/Mar/2005:01:31:47 +0000] "GET /2634/ HTTP/1.0" 200 6874 "http://www.google.com/search?q=publishing+future&hl=en&lr=lang_en&ie=UTF-8&c2coff=1&safe=off&start=10&sa=N" "Mozilla/4.0 (compatible; MSIE 5.01; Windows NT 5.0)"
97.102.0.102 - - [06/Mar/2005:01:31:54 +0000] "GET /eprints.css HTTP/1.0" 200 3333 "http://eprints.ecs.soton.ac.uk/2634/" "Mozilla/4.0 (compatible; MSIE 5.01; Windows NT 5.0)"
200.234.204.224 - - [06/Mar/2005:01:32:00 +0000] "GET /view/person/4162.include HTTP/1.0" 200 3213 "-" "-"
118.66.177.252 - - [06/Mar/2005:01:32:05 +0000] "GET / HTTP/1.1" 200 10949 "-" "Mozilla/4.0 (compatible; MSIE 6.0; Windows NT 5.1)"
118.66.177.252 - - [06/Mar/2005:01:32:12 +0000] "GET /images/logo_small.gif HTTP/1.1" 200 5939 "http://eprints.ecs.soton.ac.uk/" "Mozilla/4.0 (compatible; MSIE 6.0; Windows NT 5.1)"
118.66.177.252 - - [06/Mar/2005:01:32:16 +0000] "GET /eprints.css HTTP/1.1" 200 3333 "http://eprints.ecs.soton.ac.uk/" "Mozilla/4.0 (compatible; MSIE 6.0; Windows NT 5.1)"
200.234.204.224 - - [06/Mar/2005:01:32:29 +0000] "GET /view/person/447.include HTTP/1.0" 200 814 "-" "-"
198.235.195.147 - - [06/Mar/2005:01:32:35 +0000] "GET /perl/search/advanced?_cache=20561587&_exp=0%7C1%7C%7Carchive%7C-%7Ctype:ANY:EQ:techreport&_action_update=1 HTTP/1.1" 200 12931 "-" "Googlebot/2.1 (+http://www.google.com/bot.html)"
200.234.192.196 - - [06/Mar/2005:01:32:36 +0000] "GET /perl/latest_tool?output=rss&n=10 HTTP/1.0" 200 5591 "-" "-"
94.171.224.215 - - [06/Mar/2005:01:32:37 +0000] "GET /6188/01/Robug2-10.pdf HTTP/1.0" 200 21409 "http://www.google.co.th/search?q=operation+method+%26+set+up+painting+robotic&hl=th&lr=&start=110&sa=N" "Mozilla/4.0 (compatible; MSIE 6.0; Windows NT 5.1)"
94.171.224.215 - - [06/Mar/2005:01:32:39 +0000] "GET /6188/01/Robug2-10.pdf HTTP/1.0" 200 47473 "-" "Mozilla/4.0 (compatible; MSIE 6.0; Windows NT 5.1)"
94.171.224.215 - - [06/Mar/2005:01:32:41 +0000] "GET /6188/01/Robug2-10.pdf HTTP/1.0" 206 44506 "-" "Mozilla/4.0 (compatible; MSIE 6.0; Windows NT 5.1)"
94.171.224.215 - - [06/Mar/2005:01:33:03 +0000] "GET /6188/01/Robug2-10.pdf HTTP/1.0" 206 42091 "-" "Mozilla/4.0 (compatible; MSIE 6.0; Windows NT 5.1)"
94.171.224.215 - - [06/Mar/2005:01:33:13 +0000] "GET /6188/01/Robug2-10.pdf HTTP/1.0" 206 21841 "-" "Mozilla/4.0 (compatible; MSIE 6.0; Windows NT 5.1)"
109.138.38.138 - - [06/Mar/2005:01:33:23 +0000] "GET /perl/users/staff/edit_eprint?eprintid=116&dataset=archive HTTP/1.0" 401 4942 "-" "msnbot/1.0 (+http://search.msn.com/msnbot.htm)"
94.171.224.215 - - [06/Mar/2005:01:33:24 +0000] "GET /6188/01/Robug2-10.pdf HTTP/1.0" 206 18303 "-" "Mozilla/4.0 (compatible; MSIE 6.0; Windows NT 5.1)"
200.234.204.224 - - [06/Mar/2005:01:33:29 +0000] "GET /perl/latest_tool?mode=thesis&mainonly=yes&n=1 HTTP/1.0" 200 379 "-" "-"
200.234.204.224 - - [06/Mar/2005:01:33:30 +0000] "GET /perl/latest_tool?mode=noimg&mainonly=yes&n=5 HTTP/1.0" 200 1536 "-" "-"
94.171.224.215 - - [06/Mar/2005:01:33:38 +0000] "GET /6188/01/Robug2-10.pdf HTTP/1.0" 206 14668 "-" "Mozilla/4.0 (compatible; MSIE 6.0; Windows NT 5.1)"
109.138.38.138 - - [06/Mar/2005:01:34:13 +0000] "GET /2120/ HTTP/1.0" 200 6807 "-" "msnbot/1.0 (+http://search.msn.com/msnbot.htm)"
200.234.192.196 - - [06/Mar/2005:01:34:17 +0000] "GET /perl/latest_tool?output=rss&n=10 HTTP/1.0" 200 5591 "-" "-"
200.234.204.224 - - [06/Mar/2005:01:34:20 +0000] "GET /perl/local/ecs_latest?n=6 HTTP/1.0" 200 809 "-" "-"
200.234.204.224 - - [06/Mar/2005:01:35:07 +0000] "GET /view/person/41.include HTTP/1.0" 200 51184 "-" "-"
200.234.204.224 - - [06/Mar/2005:01:35:14 +0000] "GET /view/person/434.include HTTP/1.0" 404 4890 "-" "-"
200.234.204.224 - - [06/Mar/2005:01:35:19 +0000] "GET /perl/local/ecs_latest?n=6 HTTP/1.0" 200 809 "-" "-"
109.138.38.138 - - [06/Mar/2005:01:35:19 +0000] "GET /2094/ HTTP/1.0" 200 6969 "-" "msnbot/1.0 (+http://search.msn.com/msnbot.htm)"
200.234.204.224 - - [06/Mar/2005:01:35:26 +0000] "GET /view/person/5787.include HTTP/1.0" 200 1121 "-" "-"
204.170.241.11 - - [06/Mar/2005:01:35:27 +0000] "GET /updating.html HTTP/1.0" 200 6100 "-" "Mozilla/5.0 (compatible; Yahoo! Slurp; http://help.yahoo.com/help/us/ysearch/slurp)"
72.157.16.155 - - [06/Mar/2005:01:35:29 +0000] "GET /4102/ HTTP/1.1" 200 7053 "http://www.google.com/search?q=crystallization+kinetics&hl=en&lr=&start=30&sa=N" "Mozilla/5.0 (Windows; U; Windows NT 5.1; en-US; rv:1.7.5) Gecko/20041107 Firefox/1.0"
72.157.16.155 - - [06/Mar/2005:01:35:30 +0000] "GET /eprints.css HTTP/1.1" 200 3333 "http://eprints.ecs.soton.ac.uk/4102/" "Mozilla/5.0 (Windows; U; Windows NT 5.1; en-US; rv:1.7.5) Gecko/20041107 Firefox/1.0"
72.157.16.155 - - [06/Mar/2005:01:35:35 +0000] "GET /favicon.ico HTTP/1.1" 404 5168 "-" "Mozilla/5.0 (Windows; U; Windows NT 5.1; en-US; rv:1.7.5) Gecko/20041107 Firefox/1.0"
200.234.204.224 - - [06/Mar/2005:01:35:51 +0000] "GET /view/person/4117.include HTTP/1.0" 200 5913 "-" "-"
200.234.192.196 - - [06/Mar/2005:01:35:58 +0000] "GET /perl/latest_tool?output=rss&n=10 HTTP/1.0" 200 5591 "-" "-"
200.234.204.224 - - [06/Mar/2005:01:36:02 +0000] "GET /view/person/6899.include HTTP/1.0" 404 4890 "-" "-"
109.138.38.138 - - [06/Mar/2005:01:36:15 +0000] "GET /9554/ HTTP/1.0" 200 10130 "-" "msnbot/1.0 (+http://search.msn.com/msnbot.htm)"
200.234.204.224 - - [06/Mar/2005:01:36:20 +0000] "GET /view/person/2798.include HTTP/1.0" 200 437 "-" "-"
94.171.224.215 - - [06/Mar/2005:01:36:23 +0000] "GET /6188/01/Robug2-10.pdf HTTP/1.0" 206 556544 "-" "Mozilla/4.0 (compatible; MSIE 6.0; Windows NT 5.1)"
200.234.204.224 - - [06/Mar/2005:01:36:33 +0000] "GET /view/person/6261.include HTTP/1.0" 404 4890 "-" "-"
200.234.204.230 - - [06/Mar/2005:01:36:40 +0000] "GET /perl/latest_tool?output=rss&n=10 HTTP/1.0" 200 5591 "-" "Wget/1.8.2"
200.234.204.224 - - [06/Mar/2005:01:36:48 +0000] "GET /view/person/6057.include HTTP/1.0" 404 4890 "-" "-"
109.138.38.138 - - [06/Mar/2005:01:36:57 +0000] "GET /2160/ HTTP/1.0" 200 8402 "-" "msnbot/1.0 (+http://search.msn.com/msnbot.htm)"
200.234.204.224 - - [06/Mar/2005:01:37:00 +0000] "GET /view/person/5857.include HTTP/1.0" 200 4898 "-" "-"
198.235.195.147 - - [06/Mar/2005:01:37:13 +0000] "GET /perl/users/staff/edit_eprint?eprintid=2487&dataset=archive HTTP/1.1" 401 4942 "-" "Googlebot/2.1 (+http://www.google.com/bot.html)"
200.234.204.224 - - [06/Mar/2005:01:37:16 +0000] "GET /view/person/6895.include HTTP/1.0" 404 4890 "-" "-"
200.234.204.224 - - [06/Mar/2005:01:37:21 +0000] "GET /perl/local/latestn?n=1:group=dsse&mainonly=yes HTTP/1.0" 200 392 "-" "-"
200.234.204.224 - - [06/Mar/2005:01:37:21 +0000] "GET /perl/local/latestn?n=10:group=dsse&mainonly=yes HTTP/1.0" 200 2716 "-" "-"
200.234.204.224 - - [06/Mar/2005:01:37:27 +0000] "GET /view/person/6218.include HTTP/1.0" 404 4890 "-" "-"
200.234.192.196 - - [06/Mar/2005:01:37:39 +0000] "GET /perl/latest_tool?output=rss&n=10 HTTP/1.0" 200 5591 "-" "-"
109.138.38.138 - - [06/Mar/2005:01:37:41 +0000] "GET /perl/users/staff/edit_eprint?eprintid=6840&dataset=archive HTTP/1.0" 401 4942 "-" "msnbot/1.0 (+http://search.msn.com/msnbot.htm)"
200.234.204.224 - - [06/Mar/2005:01:37:43 +0000] "GET /view/person/5971.include HTTP/1.0" 404 4890 "-" "-"
200.234.204.224 - - [06/Mar/2005:01:37:54 +0000] "GET /view/person/5100.include HTTP/1.0" 404 4890 "-" "-"
198.235.195.147 - - [06/Mar/2005:01:37:58 +0000] "GET /perl/users/staff/edit_eprint?eprintid=3658&dataset=archive HTTP/1.1" 401 4942 "-" "Googlebot/2.1 (+http://www.google.com/bot.html)"
200.234.204.224 - - [06/Mar/2005:01:38:06 +0000] "GET /perl/local/ecs_latest?n=6 HTTP/1.0" 200 809 "-" "-"
200.234.204.224 - - [06/Mar/2005:01:38:09 +0000] "GET /view/person/7071.include HTTP/1.0" 404 4890 "-" "-"
200.234.204.224 - - [06/Mar/2005:01:38:23 +0000] "GET /view/person/6233.include HTTP/1.0" 404 4890 "-" "-"
186.86.84.75 - - [06/Mar/2005:01:38:28 +0000] "GET /10647/ HTTP/1.1" 200 25002 "-" "Mozilla/4.0 (compatible; MSIE 6.0; Windows NT 5.0; MSIECrawler)"
200.234.204.224 - - [06/Mar/2005:01:38:30 +0000] "GET /perl/latest_tool?mode=thesis&mainonly=yes&n=1 HTTP/1.0" 200 379 "-" "-"
186.86.84.75 - - [06/Mar/2005:01:38:30 +0000] "GET /10647/ HTTP/1.1" 200 25002 "-" "Mozilla/4.0 (compatible; MSIE 6.0; Windows NT 5.0; MSIECrawler)"
200.234.204.224 - - [06/Mar/2005:01:38:31 +0000] "GET /perl/latest_tool?mode=noimg&mainonly=yes&n=5 HTTP/1.0" 200 1536 "-" "-"
200.234.204.224 - - [06/Mar/2005:01:38:31 +0000] "GET /perl/local/ecs_latest?n=6 HTTP/1.0" 200 809 "-" "-"
186.86.84.75 - - [06/Mar/2005:01:38:34 +0000] "GET /eprints.css HTTP/1.1" 200 3333 "http://eprints.ecs.soton.ac.uk/10647/" "Mozilla/4.0 (compatible; MSIE 6.0; Windows NT 5.0; MSIECrawler)"
186.86.84.75 - - [06/Mar/2005:01:38:34 +0000] "GET /images/reflink.png HTTP/1.1" 200 353 "http://eprints.ecs.soton.ac.uk/10647/" "Mozilla/4.0 (compatible; MSIE 6.0; Windows NT 5.0; MSIECrawler)"
109.138.38.138 - - [06/Mar/2005:01:38:34 +0000] "GET /9551/ HTTP/1.0" 200 9419 "-" "msnbot/1.0 (+http://search.msn.com/msnbot.htm)"
198.235.195.147 - - [06/Mar/2005:01:38:36 +0000] "GET /perl/users/staff/edit_eprint?eprintid=3153&dataset=archive HTTP/1.1" 401 4942 "-" "Googlebot/2.1 (+http://www.google.com/bot.html)"
198.235.195.147 - - [06/Mar/2005:01:38:38 +0000] "GET /perl/users/staff/edit_eprint?eprintid=9536&dataset=archive HTTP/1.1" 401 4942 "-" "Googlebot/2.1 (+http://www.google.com/bot.html)"
64.89.146.91 - - [06/Mar/2005:01:38:39 +0000] "GET /robots.txt HTTP/1.0" 404 5147 "-" "<a href='http://www.unchaos.com/'> UnChaos </a>, From Chaos To Order, Hybrid Web Search Engine. (vadim_gonchar@unchaos.com)"
200.234.204.224 - - [06/Mar/2005:01:38:43 +0000] "GET /view/person/6246.include HTTP/1.0" 404 4890 "-" "-"
198.235.195.147 - - [06/Mar/2005:01:38:47 +0000] "GET /perl/users/staff/edit_eprint?eprintid=7376&dataset=archive HTTP/1.1" 401 4942 "-" "Googlebot/2.1 (+http://www.google.com/bot.html)"
198.235.195.147 - - [06/Mar/2005:01:38:59 +0000] "GET /perl/users/staff/edit_eprint?eprintid=5145&dataset=archive HTTP/1.1" 401 4942 "-" "Googlebot/2.1 (+http://www.google.com/bot.html)"
200.234.204.224 - - [06/Mar/2005:01:39:06 +0000] "GET /view/person/6065.include HTTP/1.0" 200 611 "-" "-"
200.234.204.224 - - [06/Mar/2005:01:39:17 +0000] "GET /view/person/5782.include HTTP/1.0" 200 1558 "-" "-"
200.234.192.196 - - [06/Mar/2005:01:39:20 +0000] "GET /perl/latest_tool?output=rss&n=10 HTTP/1.0" 200 5591 "-" "-"
109.138.38.138 - - [06/Mar/2005:01:39:27 +0000] "GET /8579/ HTTP/1.0" 200 10430 "-" "msnbot/1.0 (+http://search.msn.com/msnbot.htm)"
200.234.204.224 - - [06/Mar/2005:01:39:27 +0000] "GET /view/person/5092.include HTTP/1.0" 200 1175 "-" "-"
198.235.195.147 - - [06/Mar/2005:01:39:42 +0000] "GET /perl/users/staff/edit_eprint?eprintid=8714&dataset=archive HTTP/1.1" 401 4942 "-" "Googlebot/2.1 (+http://www.google.com/bot.html)"
200.234.204.224 - - [06/Mar/2005:01:39:43 +0000] "GET /view/person/6074.include HTTP/1.0" 200 2797 "-" "-"
200.234.204.224 - - [06/Mar/2005:01:39:54 +0000] "GET /view/person/6237.include HTTP/1.0" 404 4890 "-" "-"
204.170.238.213 - - [06/Mar/2005:01:40:02 +0000] "GET /people/nrj@ecs.soton.ac.uk HTTP/1.0" 404 0 "-" "Mozilla/5.0 (compatible; Yahoo! Slurp; http://help.yahoo.com/help/us/ysearch/slurp)"
204.170.238.213 - - [06/Mar/2005:01:40:05 +0000] "GET /view/person/2355.html HTTP/1.0" 200 126319 "-" "Mozilla/5.0 (compatible; Yahoo! Slurp; http://help.yahoo.com/help/us/ysearch/slurp)"
200.234.204.224 - - [06/Mar/2005:01:40:05 +0000] "GET /view/person/5094.include HTTP/1.0" 200 104729 "-" "-"
109.138.38.138 - - [06/Mar/2005:01:40:05 +0000] "GET /6868/ HTTP/1.0" 200 7106 "-" "msnbot/1.0 (+http://search.msn.com/msnbot.htm)"
200.234.204.224 - - [06/Mar/2005:01:40:23 +0000] "GET /view/person/31.include HTTP/1.0" 200 39876 "-" "-"
64.89.146.91 - - [06/Mar/2005:01:40:29 +0000] "GET /8934/ HTTP/1.0" 200 14771 "-" "<a href='http://www.unchaos.com/'> UnChaos </a>, From Chaos To Order, Hybrid Web Search Engine. vadim_gonchar@unchaos.com"
109.138.38.138 - - [06/Mar/2005:01:40:30 +0000] "GET /perl/oai2?verb=GetRecord&metadataPrefix=oai_dc&identifier=oai:eprints.ecs.soton.ac.uk:116 HTTP/1.0" 200 2144 "-" "msnbot/1.0 (+http://search.msn.com/msnbot.htm)"
198.235.195.147 - - [06/Mar/2005:01:40:39 +0000] "GET /perl/users/staff/edit_eprint?eprintid=2470&dataset=archive HTTP/1.1" 401 4942 "-" "Googlebot/2.1 (+http://www.google.com/bot.html)"
200.234.204.224 - - [06/Mar/2005:01:40:41 +0000] "GET /view/person/5130.include HTTP/1.0" 200 14272 "-" "-"
183.187.176.70 - - [06/Mar/2005:01:40:44 +0000] "GET /27/ HTTP/1.1" 200 12884 "http://www.google.com/search?hl=zh-CN&newwindow=1&q=bossley%2Ck.m.++neurofuzzy+modelling+approaches+in+system+identification&lr=" "Mozilla/4.0 (compatible; MSIE 6.0; Windows NT 5.1; TencentTraveler )"
183.187.176.70 - - [06/Mar/2005:01:40:47 +0000] "GET /eprints.css HTTP/1.1" 200 3333 "http://eprints.ecs.soton.ac.uk/27/" "Mozilla/4.0 (compatible; MSIE 6.0; Windows NT 5.1; TencentTraveler )"
198.235.195.147 - - [06/Mar/2005:01:40:50 +0000] "GET /perl/users/staff/edit_eprint?eprintid=8529&dataset=archive HTTP/1.1" 401 4942 "-" "Googlebot/2.1 (+http://www.google.com/bot.html)"
200.234.204.224 - - [06/Mar/2005:01:40:55 +0000] "GET /view/person/32.include HTTP/1.0" 200 132949 "-" "-"
200.234.192.196 - - [06/Mar/2005:01:41:01 +0000] "GET /perl/latest_tool?output=rss&n=10 HTTP/1.0" 200 5591 "-" "-"
200.234.204.224 - - [06/Mar/2005:01:41:10 +0000] "GET /view/person/173.include HTTP/1.0" 200 18899 "-" "-"
200.234.204.224 - - [06/Mar/2005:01:41:21 +0000] "GET /view/person/2827.include HTTP/1.0" 200 28053 "-" "-"
200.234.204.224 - - [06/Mar/2005:01:41:32 +0000] "GET /view/person/2657.include HTTP/1.0" 200 2904 "-" "-"
183.187.176.70 - - [06/Mar/2005:01:41:41 +0000] "GET / HTTP/1.1" 200 10949 "http://eprints.ecs.soton.ac.uk/27/" "Mozilla/4.0 (compatible; MSIE 6.0; Windows NT 5.1; TencentTraveler )"
183.187.176.70 - - [06/Mar/2005:01:41:45 +0000] "GET /images/logo_small.gif HTTP/1.1" 200 5939 "http://eprints.ecs.soton.ac.uk/" "Mozilla/4.0 (compatible; MSIE 6.0; Windows NT 5.1; TencentTraveler )"
200.234.204.224 - - [06/Mar/2005:01:41:45 +0000] "GET /view/person/7.include HTTP/1.0" 200 29452 "-" "-"
198.76.195.168 - - [06/Mar/2005:01:41:56 +0000] "GET /robots.txt HTTP/1.0" 404 5147 "-" "Mozilla/5.0 (compatible; Yahoo! Slurp; http://help.yahoo.com/help/us/ysearch/slurp)"
200.234.204.224 - - [06/Mar/2005:01:41:56 +0000] "GET /view/person/6030.include HTTP/1.0" 200 3745 "-" "-"
183.187.176.70 - - [06/Mar/2005:01:41:57 +0000] "GET /eprints.css HTTP/1.1" 304 - "http://eprints.ecs.soton.ac.uk/" "Mozilla/4.0 (compatible; MSIE 6.0; Windows NT 5.1; TencentTraveler )"
200.234.204.224 - - [06/Mar/2005:01:42:00 +0000] "GET /perl/local/ecs_latest?n=6 HTTP/1.0" 200 809 "-" "-"
200.234.204.224 - - [06/Mar/2005:01:42:09 +0000] "GET /view/person/6029.include HTTP/1.0" 200 9172 "-" "-"
64.89.146.91 - - [06/Mar/2005:01:42:09 +0000] "GET /8954/ HTTP/1.0" 200 15502 "-" "<a href='http://www.unchaos.com/'> UnChaos </a>, From Chaos To Order, Hybrid Web Search Engine. vadim_gonchar@unchaos.com"
200.234.204.224 - - [06/Mar/2005:01:42:23 +0000] "GET /view/person/3594.include HTTP/1.0" 200 483 "-" "-"
204.170.238.224 - - [06/Mar/2005:01:42:29 +0000] "GET /perl/local/jerome_url?url=/records/2861 HTTP/1.0" 200 0 "-" "Mozilla/5.0 (compatible; Yahoo! Slurp; http://help.yahoo.com/help/us/ysearch/slurp)"
200.234.204.224 - - [06/Mar/2005:01:42:29 +0000] "GET /perl/local/ecs_latest?n=6 HTTP/1.0" 200 809 "-" "-"
204.170.238.224 - - [06/Mar/2005:01:42:29 +0000] "GET /2166/ HTTP/1.0" 200 8026 "-" "Mozilla/5.0 (compatible; Yahoo! Slurp; http://help.yahoo.com/help/us/ysearch/slurp)"
200.234.204.224 - - [06/Mar/2005:01:42:35 +0000] "GET /view/person/359.include HTTP/1.0" 200 14961 "-" "-"
200.234.192.196 - - [06/Mar/2005:01:42:42 +0000] "GET /perl/latest_tool?output=rss&n=10 HTTP/1.0" 200 5591 "-" "-"
198.76.195.171 - - [06/Mar/2005:01:42:42 +0000] "GET /5949/01/newscientist.html HTTP/1.0" 304 - "-" "Mozilla/5.0 (compatible; Yahoo! Slurp; http://help.yahoo.com/help/us/ysearch/slurp)"
200.234.204.224 - - [06/Mar/2005:01:42:47 +0000] "GET /view/person/7035.include HTTP/1.0" 404 4890 "-" "-"
200.234.204.233 - - [06/Mar/2005:01:43:01 +0000] "GET /perl/latest_tool?mode=frontpage&mainonly=yes&n=5 HTTP/1.0" 200 1941 "-" "Wget/1.8.1"
195.78.188.120 - - [06/Mar/2005:01:43:02 +0000] "GET /8666/ HTTP/1.1" 200 14495 "-" "Mozilla/4.0 (compatible; MSIE 6.0; Windows NT 5.0)"
195.78.188.120 - - [06/Mar/2005:01:43:02 +0000] "GET /eprints.css HTTP/1.1" 200 3333 "http://eprints.ecs.soton.ac.uk/8666/" "Mozilla/4.0 (compatible; MSIE 6.0; Windows NT 5.0)"
195.78.188.120 - - [06/Mar/2005:01:43:02 +0000] "GET /images/reflink.png HTTP/1.1" 200 353 "http://eprints.ecs.soton.ac.uk/8666/" "Mozilla/4.0 (compatible; MSIE 6.0; Windows NT 5.0)"
200.234.204.224 - - [06/Mar/2005:01:43:04 +0000] "GET /view/person/3586.include HTTP/1.0" 404 4890 "-" "-"
200.234.204.224 - - [06/Mar/2005:01:43:18 +0000] "GET /view/person/4325.include HTTP/1.0" 200 2323 "-" "-"
128.67.12.38 - - [06/Mar/2005:01:43:18 +0000] "GET /9268/01/Particle_Path_Modelling.pdf HTTP/1.0" 200 47473 "http://www.google.com/search?q=matlab+function+trajectory+motion+drag+force&hl=ko&lr=&start=10&sa=N" "Mozilla/4.0 (compatible; MSIE 6.0; Windows NT 5.1; SV1; .NET CLR 1.1.4322)"
128.67.12.38 - - [06/Mar/2005:01:43:19 +0000] "GET /9268/01/Particle_Path_Modelling.pdf HTTP/1.0" 206 231357 "-" "Mozilla/4.0 (compatible; MSIE 6.0; Windows NT 5.1; SV1; .NET CLR 1.1.4322)"
128.67.12.38 - - [06/Mar/2005:01:43:20 +0000] "GET /9268/01/Particle_Path_Modelling.pdf HTTP/1.0" 206 17597 "-" "Mozilla/4.0 (compatible; MSIE 6.0; Windows NT 5.1; SV1; .NET CLR 1.1.4322)"
128.67.12.38 - - [06/Mar/2005:01:43:22 +0000] "GET /9268/01/Particle_Path_Modelling.pdf HTTP/1.0" 206 301199 "-" "Mozilla/4.0 (compatible; MSIE 6.0; Windows NT 5.1; SV1; .NET CLR 1.1.4322)"
212.78.3.233 - - [06/Mar/2005:01:43:23 +0000] "GET /10647/ HTTP/1.1" 200 25002 "-" "Mozilla/4.0 (compatible; Win32; WinHttp.WinHttpRequest.5)"
128.67.12.38 - - [06/Mar/2005:01:43:24 +0000] "GET /9268/01/Particle_Path_Modelling.pdf HTTP/1.0" 206 250795 "-" "Mozilla/4.0 (compatible; MSIE 6.0; Windows NT 5.1; SV1; .NET CLR 1.1.4322)"
128.67.12.38 - - [06/Mar/2005:01:43:24 +0000] "GET /9268/01/Particle_Path_Modelling.pdf HTTP/1.0" 206 4323 "-" "Mozilla/4.0 (compatible; MSIE 6.0; Windows NT 5.1; SV1; .NET CLR 1.1.4322)"
200.234.204.224 - - [06/Mar/2005:01:43:25 +0000] "GET /view/person/3546.include HTTP/1.0" 200 9258 "-" "-"
200.234.204.224 - - [06/Mar/2005:01:43:30 +0000] "GET /perl/latest_tool?mode=thesis&mainonly=yes&n=1 HTTP/1.0" 200 379 "-" "-"
200.234.204.224 - - [06/Mar/2005:01:43:31 +0000] "GET /perl/latest_tool?mode=noimg&mainonly=yes&n=5 HTTP/1.0" 200 1536 "-" "-"
200.234.204.224 - - [06/Mar/2005:01:43:35 +0000] "GET /view/person/5780.include HTTP/1.0" 200 2210 "-" "-"
200.234.204.224 - - [06/Mar/2005:01:43:48 +0000] "GET /perl/local/latestn?n=1:group=isis&mainonly=yes HTTP/1.0" 200 321 "-" "-"
198.235.195.147 - - [06/Mar/2005:01:43:54 +0000] "GET /perl/users/staff/edit_eprint?eprintid=9024&dataset=archive HTTP/1.1" 401 4942 "-" "Googlebot/2.1 (+http://www.google.com/bot.html)"
201.99.50.193 - - [06/Mar/2005:01:43:58 +0000] "GET /robots.txt HTTP/1.1" 404 5167 "-" "Mozilla/4.0 (compatible; MSIE 6.0; Windows NT 5.1; SV1; .NET CLR 1.0.3705; MSIECrawler)"
64.89.146.91 - - [06/Mar/2005:01:44:01 +0000] "GET /8933/ HTTP/1.0" 200 23787 "-" "<a href='http://www.unchaos.com/'> UnChaos </a>, From Chaos To Order, Hybrid Web Search Engine. vadim_gonchar@unchaos.com"
200.234.204.224 - - [06/Mar/2005:01:44:05 +0000] "GET /view/person/4209.include HTTP/1.0" 200 10272 "-" "-"
200.234.204.224 - - [06/Mar/2005:01:44:22 +0000] "GET /view/person/4859.include HTTP/1.0" 404 4890 "-" "-"
200.234.192.196 - - [06/Mar/2005:01:44:23 +0000] "GET /perl/latest_tool?output=rss&n=10 HTTP/1.0" 200 5591 "-" "-"
200.234.204.224 - - [06/Mar/2005:01:44:34 +0000] "GET /view/projects/mrs.include HTTP/1.0" 200 685 "-" "-"
200.234.204.224 - - [06/Mar/2005:01:44:39 +0000] "GET /view/person/6013.include HTTP/1.0" 404 4890 "-" "-"
183.187.176.70 - - [06/Mar/2005:01:44:47 +0000] "GET /perl/search/quicksearch?basic_srchtype=ALL&basic=k.m.bossley&publicfulltext=EITHER&_satisfyall=ALL&_order=byyear HTTP/1.1" 200 16437 "http://eprints.ecs.soton.ac.uk/" "Mozilla/4.0 (compatible; MSIE 6.0; Windows NT 5.1; TencentTraveler )"
198.235.195.147 - - [06/Mar/2005:01:44:54 +0000] "GET /perl/users/staff/edit_eprint?eprintid=6411&dataset=archive HTTP/1.1" 401 4942 "-" "Googlebot/2.1 (+http://www.google.com/bot.html)"
183.187.176.70 - - [06/Mar/2005:01:44:55 +0000] "GET /perl/advsearch?title=neurofuzzy&authors=&groups=group-isis&_order=byyear&_action_search=Search HTTP/1.1" 200 5 "http://www.isis.ecs.soton.ac.uk/pubs/" "Mozilla/4.0 (compatible; MSIE 6.0; Windows NT 5.1; TencentTraveler )"
200.234.204.224 - - [06/Mar/2005:01:44:55 +0000] "GET /view/person/4220.include HTTP/1.0" 404 4890 "-" "-"
204.170.238.245 - - [06/Mar/2005:01:44:58 +0000] "GET /perl/local/jerome_url?url=/records/6729 HTTP/1.0" 200 0 "-" "Mozilla/5.0 (compatible; Yahoo! Slurp; http://help.yahoo.com/help/us/ysearch/slurp)"
204.170.238.245 - - [06/Mar/2005:01:44:59 +0000] "GET /5851/ HTTP/1.0" 200 6675 "-" "Mozilla/5.0 (compatible; Yahoo! Slurp; http://help.yahoo.com/help/us/ysearch/slurp)"
183.187.176.70 - - [06/Mar/2005:01:45:01 +0000] "GET /perl/search/advanced?title=neurofuzzy&authors=&groups=group-isis&_order=byyear&_action_search=Search HTTP/1.1" 200 43338 "http://www.isis.ecs.soton.ac.uk/pubs/" "Mozilla/4.0 (compatible; MSIE 6.0; Windows NT 5.1; TencentTraveler )"
200.234.204.224 - - [06/Mar/2005:01:45:08 +0000] "GET /view/person/4376.include HTTP/1.0" 404 4890 "-" "-"
200.234.204.224 - - [06/Mar/2005:01:45:25 +0000] "GET /view/person/4353.include HTTP/1.0" 404 4890 "-" "-"
200.234.204.224 - - [06/Mar/2005:01:45:30 +0000] "GET /perl/local/ecs_latest?n=6 HTTP/1.0" 200 809 "-" "-"
200.234.204.224 - - [06/Mar/2005:01:45:38 +0000] "GET /view/person/5779.include HTTP/1.0" 200 4983 "-" "-"
109.138.38.138 - - [06/Mar/2005:01:45:41 +0000] "GET /perl/oai2?verb=GetRecord&metadataPrefix=oai_dc&identifier=oai:eprints.ecs.soton.ac.uk:8639 HTTP/1.0" 200 2721 "-" "msnbot/1.0 (+http://search.msn.com/msnbot.htm)"
97.89.212.212 - - [06/Mar/2005:01:45:48 +0000] "GET /1667/ HTTP/1.1" 200 6855 "http://www.google.com.ph/search?hl=en&q=TYPES+of+microprocessor+&meta=" "Mozilla/4.0 (compatible; MSIE 6.0; Windows NT 5.1)"
97.89.212.212 - - [06/Mar/2005:01:45:49 +0000] "GET /eprints.css HTTP/1.1" 200 3333 "http://eprints.ecs.soton.ac.uk/1667/" "Mozilla/4.0 (compatible; MSIE 6.0; Windows NT 5.1)"
200.234.204.224 - - [06/Mar/2005:01:45:53 +0000] "GET /view/person/5046.include HTTP/1.0" 200 580 "-" "-"
64.89.146.91 - - [06/Mar/2005:01:45:54 +0000] "GET /8949/ HTTP/1.0" 200 17122 "-" "<a href='http://www.unchaos.com/'> UnChaos </a>, From Chaos To Order, Hybrid Web Search Engine. vadim_gonchar@unchaos.com"
183.187.176.70 - - [06/Mar/2005:01:45:57 +0000] "GET /6080/ HTTP/1.1" 200 6938 "http://eprints.ecs.soton.ac.uk/perl/search/advanced?title=neurofuzzy&authors=&groups=group-isis&_order=byyear&_action_search=Search" "Mozilla/4.0 (compatible; MSIE 6.0; Windows NT 5.1; TencentTraveler )"
200.234.192.196 - - [06/Mar/2005:01:46:04 +0000] "GET /perl/latest_tool?output=rss&n=10 HTTP/1.0" 200 5591 "-" "-"
200.234.204.224 - - [06/Mar/2005:01:46:10 +0000] "GET /view/person/4356.include HTTP/1.0" 404 4890 "-" "-"
200.234.204.224 - - [06/Mar/2005:01:46:22 +0000] "GET /view/person/4354.include HTTP/1.0" 404 4890 "-" "-"
200.234.204.224 - - [06/Mar/2005:01:46:34 +0000] "GET /view/person/4399.include HTTP/1.0" 404 4890 "-" "-"
200.234.204.224 - - [06/Mar/2005:01:46:46 +0000] "GET /view/person/4083.include HTTP/1.0" 200 1395 "-" "-"
183.187.176.70 - - [06/Mar/2005:01:46:50 +0000] "GET /2572/ HTTP/1.1" 200 7386 "http://eprints.ecs.soton.ac.uk/perl/search/quicksearch?basic_srchtype=ALL&basic=k.m.bossley&publicfulltext=EITHER&_satisfyall=ALL&_order=byyear" "Mozilla/4.0 (compatible; MSIE 6.0; Windows NT 5.1; TencentTraveler )"
198.235.195.147 - - [06/Mar/2005:01:46:51 +0000] "GET /perl/users/staff/edit_eprint?eprintid=5031&dataset=archive HTTP/1.1" 401 4942 "-" "Googlebot/2.1 (+http://www.google.com/bot.html)"
200.234.204.224 - - [06/Mar/2005:01:46:58 +0000] "GET /view/person/4925.include HTTP/1.0" 404 4890 "-" "-"
198.235.195.147 - - [06/Mar/2005:01:47:06 +0000] "GET /perl/users/staff/edit_eprint?eprintid=5047&dataset=archive HTTP/1.1" 401 4942 "-" "Googlebot/2.1 (+http://www.google.com/bot.html)"
200.234.204.224 - - [06/Mar/2005:01:47:32 +0000] "GET /view/person/4927.include HTTP/1.0" 200 2132 "-" "-"
204.170.241.102 - - [06/Mar/2005:01:47:41 +0000] "GET /perl/oai?verb=ListRecords&metadataPrefix=oai_dc&set=747970653D6D697363 HTTP/1.0" 200 90482 "-" "Mozilla/5.0 (compatible; Yahoo! Slurp; http://help.yahoo.com/help/us/ysearch/slurp)"
200.234.192.196 - - [06/Mar/2005:01:47:45 +0000] "GET /perl/latest_tool?output=rss&n=10 HTTP/1.0" 200 5591 "-" "-"
64.89.146.91 - - [06/Mar/2005:01:47:48 +0000] "GET /7657/ HTTP/1.0" 200 10014 "-" "<a href='http://www.unchaos.com/'> UnChaos </a>, From Chaos To Order, Hybrid Web Search Engine. vadim_gonchar@unchaos.com"
198.235.195.147 - - [06/Mar/2005:01:47:48 +0000] "GET /perl/users/staff/edit_eprint?eprintid=989&dataset=archive HTTP/1.1" 401 4942 "-" "Googlebot/2.1 (+http://www.google.com/bot.html)"
200.234.204.224 - - [06/Mar/2005:01:47:49 +0000] "GET /view/person/4926.include HTTP/1.0" 404 4890 "-" "-"
200.234.204.224 - - [06/Mar/2005:01:48:03 +0000] "GET /view/person/7002.include HTTP/1.0" 404 4890 "-" "-"
200.234.204.224 - - [06/Mar/2005:01:48:05 +0000] "GET /perl/local/ecs_latest?n=6 HTTP/1.0" 200 809 "-" "-"
200.234.204.224 - - [06/Mar/2005:01:48:13 +0000] "GET /view/person/4285.include HTTP/1.0" 200 875 "-" "-"
200.234.204.224 - - [06/Mar/2005:01:48:14 +0000] "GET /perl/local/ecs_latest?n=6 HTTP/1.0" 200 809 "-" "-"
200.234.204.224 - - [06/Mar/2005:01:48:18 +0000] "GET /perl/local/ecs_latest?n=6 HTTP/1.0" 200 809 "-" "-"
200.234.204.224 - - [06/Mar/2005:01:48:23 +0000] "GET /view/person/6848.include HTTP/1.0" 404 4890 "-" "-"
200.234.204.224 - - [06/Mar/2005:01:48:31 +0000] "GET /perl/latest_tool?mode=thesis&mainonly=yes&n=1 HTTP/1.0" 200 379 "-" "-"
200.234.204.224 - - [06/Mar/2005:01:48:32 +0000] "GET /perl/latest_tool?mode=noimg&mainonly=yes&n=5 HTTP/1.0" 200 1536 "-" "-"
200.234.204.224 - - [06/Mar/2005:01:48:33 +0000] "GET /view/person/6306.include HTTP/1.0" 404 4890 "-" "-"
183.187.176.70 - - [06/Mar/2005:01:48:35 +0000] "GET /perl/search/advanced?title=neurofuzzy&authors=&groups=group-isis&_order=byyear&_action_search=Search HTTP/1.1" 200 43338 "http://www.isis.ecs.soton.ac.uk/pubs/" "Mozilla/4.0 (compatible; MSIE 6.0; Windows NT 5.1; TencentTraveler )"
183.187.176.70 - - [06/Mar/2005:01:48:36 +0000] "GET /eprints.css HTTP/1.1" 200 3333 "http://eprints.ecs.soton.ac.uk/perl/search/advanced?title=neurofuzzy&authors=&groups=group-isis&_order=byyear&_action_search=Search" "Mozilla/4.0 (compatible; MSIE 6.0; Windows NT 5.1; TencentTraveler )"
198.235.195.147 - - [06/Mar/2005:01:48:39 +0000] "GET /perl/users/staff/edit_eprint?eprintid=2796&dataset=archive HTTP/1.1" 401 4942 "-" "Googlebot/2.1 (+http://www.google.com/bot.html)"
200.234.204.224 - - [06/Mar/2005:01:48:42 +0000] "GET /view/person/4951.include HTTP/1.0" 200 640 "-" "-"
198.235.195.147 - - [06/Mar/2005:01:48:49 +0000] "GET /perl/users/staff/edit_eprint?eprintid=6200&dataset=archive HTTP/1.1" 401 4942 "-" "Googlebot/2.1 (+http://www.google.com/bot.html)"
183.187.176.70 - - [06/Mar/2005:01:48:51 +0000] "GET /121/ HTTP/1.1" 200 9991 "http://eprints.ecs.soton.ac.uk/perl/search/quicksearch?basic_srchtype=ALL&basic=k.m.bossley&publicfulltext=EITHER&_satisfyall=ALL&_order=byyear" "Mozilla/4.0 (compatible; MSIE 6.0; Windows NT 5.1; TencentTraveler )"
200.234.204.224 - - [06/Mar/2005:01:48:53 +0000] "GET /view/person/4970.include HTTP/1.0" 404 4890 "-" "-"
183.187.176.70 - - [06/Mar/2005:01:49:00 +0000] "GET /perl/search/quicksearch?basic_srchtype=ALL&basic=k.m.bossley&publicfulltext=EITHER&_satisfyall=ALL&_order=byyear HTTP/1.1" 200 16437 "http://eprints.ecs.soton.ac.uk/" "Mozilla/4.0 (compatible; MSIE 6.0; Windows NT 5.1; TencentTraveler )"
200.234.204.224 - - [06/Mar/2005:01:49:04 +0000] "GET /view/person/6031.include HTTP/1.0" 404 4890 "-" "-"
200.234.204.224 - - [06/Mar/2005:01:49:04 +0000] "GET /view/person/48.include HTTP/1.0" 200 53646 "-" "-"
200.234.204.224 - - [06/Mar/2005:01:49:13 +0000] "GET /view/person/5867.include HTTP/1.0" 404 4890 "-" "-"
204.170.238.126 - - [06/Mar/2005:01:49:16 +0000] "GET /6036 HTTP/1.0" 200 0 "-" "Mozilla/5.0 (compatible; Yahoo! Slurp; http://help.yahoo.com/help/us/ysearch/slurp)"
204.170.238.126 - - [06/Mar/2005:01:49:18 +0000] "GET /6036/ HTTP/1.0" 200 10291 "-" "Mozilla/5.0 (compatible; Yahoo! Slurp; http://help.yahoo.com/help/us/ysearch/slurp)"
200.234.204.224 - - [06/Mar/2005:01:49:24 +0000] "GET /view/person/6217.include HTTP/1.0" 404 4890 "-" "-"
200.234.192.196 - - [06/Mar/2005:01:49:26 +0000] "GET /perl/latest_tool?output=rss&n=10 HTTP/1.0" 200 5591 "-" "-"
200.234.204.224 - - [06/Mar/2005:01:49:34 +0000] "GET /view/person/4938.include HTTP/1.0" 200 736 "-" "-"
200.234.204.224 - - [06/Mar/2005:01:49:43 +0000] "GET /view/person/7023.include HTTP/1.0" 404 4890 "-" "-"
200.234.204.224 - - [06/Mar/2005:01:49:56 +0000] "GET /view/person/5887.include HTTP/1.0" 200 776 "-" "-"
64.89.146.91 - - [06/Mar/2005:01:49:57 +0000] "GET /2594/ HTTP/1.0" 200 7882 "-" "<a href='http://www.unchaos.com/'> UnChaos </a>, From Chaos To Order, Hybrid Web Search Engine. vadim_gonchar@unchaos.com"
200.234.204.224 - - [06/Mar/2005:01:50:07 +0000] "GET /view/person/6940.include HTTP/1.0" 404 4890 "-" "-"
200.234.204.224 - - [06/Mar/2005:01:50:17 +0000] "GET /view/person/5866.include HTTP/1.0" 404 4890 "-" "-"
200.234.204.224 - - [06/Mar/2005:01:50:27 +0000] "GET /view/person/5942.include HTTP/1.0" 404 4890 "-" "-"
200.234.204.224 - - [06/Mar/2005:01:50:38 +0000] "GET /view/person/5868.include HTTP/1.0" 200 1159 "-" "-"
200.234.204.224 - - [06/Mar/2005:01:50:49 +0000] "GET /view/person/4247.include HTTP/1.0" 404 4890 "-" "-"
200.234.204.224 - - [06/Mar/2005:01:51:00 +0000] "GET /view/person/4197.include HTTP/1.0" 404 4890 "-" "-"
200.234.192.196 - - [06/Mar/2005:01:51:06 +0000] "GET /perl/latest_tool?output=rss&n=10 HTTP/1.0" 200 5591 "-" "-"
198.235.195.147 - - [06/Mar/2005:01:51:15 +0000] "GET /perl/users/staff/edit_eprint?eprintid=5876&dataset=archive HTTP/1.1" 401 4942 "-" "Googlebot/2.1 (+http://www.google.com/bot.html)"
200.234.204.224 - - [06/Mar/2005:01:51:17 +0000] "GET /view/person/5873.include HTTP/1.0" 404 4890 "-" "-"
204.170.235.63 - - [06/Mar/2005:01:51:19 +0000] "GET /9760 HTTP/1.0" 200 0 "-" "Mozilla/5.0 (compatible; Yahoo! Slurp; http://help.yahoo.com/help/us/ysearch/slurp)"
204.170.235.63 - - [06/Mar/2005:01:51:20 +0000] "GET /9760/ HTTP/1.0" 200 9097 "-" "Mozilla/5.0 (compatible; Yahoo! Slurp; http://help.yahoo.com/help/us/ysearch/slurp)"
200.234.204.224 - - [06/Mar/2005:01:51:31 +0000] "GET /view/person/2847.include HTTP/1.0" 404 4890 "-" "-"
198.235.195.147 - - [06/Mar/2005:01:51:33 +0000] "GET /perl/users/staff/edit_eprint?eprintid=310&dataset=archive HTTP/1.1" 401 4942 "-" "Googlebot/2.1 (+http://www.google.com/bot.html)"
200.234.204.224 - - [06/Mar/2005:01:51:44 +0000] "GET /view/person/5875.include HTTP/1.0" 404 4890 "-" "-"
200.234.204.224 - - [06/Mar/2005:01:51:55 +0000] "GET /view/person/5876.include HTTP/1.0" 404 4890 "-" "-"
204.170.241.93 - - [06/Mar/2005:01:52:04 +0000] "GET /7113 HTTP/1.0" 200 0 "-" "Mozilla/5.0 (compatible; Yahoo! Slurp; http://help.yahoo.com/help/us/ysearch/slurp)"
204.170.241.93 - - [06/Mar/2005:01:52:04 +0000] "GET /7113/ HTTP/1.0" 200 10750 "-" "Mozilla/5.0 (compatible; Yahoo! Slurp; http://help.yahoo.com/help/us/ysearch/slurp)"
198.235.195.147 - - [06/Mar/2005:01:52:06 +0000] "GET /perl/users/staff/edit_eprint?eprintid=2976&dataset=archive HTTP/1.1" 401 4942 "-" "Googlebot/2.1 (+http://www.google.com/bot.html)"
200.234.204.224 - - [06/Mar/2005:01:52:08 +0000] "GET /view/person/3424.include HTTP/1.0" 200 636 "-" "-"
64.89.146.91 - - [06/Mar/2005:01:52:17 +0000] "GET /2593/ HTTP/1.0" 200 8401 "-" "<a href='http://www.unchaos.com/'> UnChaos </a>, From Chaos To Order, Hybrid Web Search Engine. vadim_gonchar@unchaos.com"
200.234.204.224 - - [06/Mar/2005:01:52:18 +0000] "GET /view/person/4318.include HTTP/1.0" 404 4890 "-" "-"
200.234.204.224 - - [06/Mar/2005:01:52:28 +0000] "GET /view/person/6814.include HTTP/1.0" 404 4890 "-" "-"
200.234.204.224 - - [06/Mar/2005:01:52:39 +0000] "GET /view/person/4952.include HTTP/1.0" 200 2133 "-" "-"
204.170.235.63 - - [06/Mar/2005:01:52:40 +0000] "GET /9502 HTTP/1.0" 200 0 "-" "Mozilla/5.0 (compatible; Yahoo! Slurp; http://help.yahoo.com/help/us/ysearch/slurp)"
204.170.235.63 - - [06/Mar/2005:01:52:40 +0000] "GET /9502/ HTTP/1.0" 200 7874 "-" "Mozilla/5.0 (compatible; Yahoo! Slurp; http://help.yahoo.com/help/us/ysearch/slurp)"
200.234.192.196 - - [06/Mar/2005:01:52:47 +0000] "GET /perl/latest_tool?output=rss&n=10 HTTP/1.0" 200 5591 "-" "-"
200.234.204.224 - - [06/Mar/2005:01:52:51 +0000] "GET /view/person/5989.include HTTP/1.0" 404 4890 "-" "-"
200.234.204.224 - - [06/Mar/2005:01:53:02 +0000] "GET /view/person/4246.include HTTP/1.0" 404 4890 "-" "-"
200.234.204.224 - - [06/Mar/2005:01:53:13 +0000] "GET /view/person/5045.include HTTP/1.0" 200 1230 "-" "-"
200.234.204.224 - - [06/Mar/2005:01:53:29 +0000] "GET /view/person/5881.include HTTP/1.0" 404 4890 "-" "-"
200.234.204.224 - - [06/Mar/2005:01:53:31 +0000] "GET /perl/latest_tool?mode=thesis&mainonly=yes&n=1 HTTP/1.0" 200 379 "-" "-"
200.234.204.224 - - [06/Mar/2005:01:53:32 +0000] "GET /perl/latest_tool?mode=noimg&mainonly=yes&n=5 HTTP/1.0" 200 1536 "-" "-"
64.33.154.56 - - [06/Mar/2005:01:53:33 +0000] "GET /archive/00004457/01/49vt06-woodard.pdf HTTP/1.1" 200 5 "-" "Mozilla/4.0 (compatible; MSIE 6.0; Windows NT 5.0; T312461; .NET CLR 1.1.4322)"
200.234.204.224 - - [06/Mar/2005:01:53:36 +0000] "GET /perl/local/ecs_latest?n=6 HTTP/1.0" 200 809 "-" "-"
64.33.154.56 - - [06/Mar/2005:01:53:39 +0000] "GET /4457/01/49vt06-woodard.pdf HTTP/1.1" 200 832750 "-" "Mozilla/4.0 (compatible; MSIE 6.0; Windows NT 5.0; T312461; .NET CLR 1.1.4322)"
200.234.204.224 - - [06/Mar/2005:01:53:39 +0000] "GET /view/person/4960.include HTTP/1.0" 404 4890 "-" "-"
236.201.70.242 - - [06/Mar/2005:01:53:46 +0000] "GET /archive/00000641/02/ieegait.pdf HTTP/1.1" 200 5 "-" "Mozilla/4.0 (compatible; MSIE 6.0; Windows NT 5.1; SV1; .NET CLR 1.1.4322)"
236.201.70.242 - - [06/Mar/2005:01:53:46 +0000] "GET /641/02/ieegait.pdf HTTP/1.1" 200 15752 "-" "Mozilla/4.0 (compatible; MSIE 6.0; Windows NT 5.1; SV1; .NET CLR 1.1.4322)"
236.201.70.242 - - [06/Mar/2005:01:53:47 +0000] "GET /641/02/ieegait.pdf HTTP/1.1" 206 79883 "-" "Mozilla/4.0 (compatible; MSIE 6.0; Windows NT 5.1; SV1; .NET CLR 1.1.4322)"
