200.234.204.224 - - [06/Mar/2005:00:48:05 +0000] "GET /view/person/6845.include HTTP/1.0" 404 4890 "-" "-"
198.76.195.171 - - [06/Mar/2005:00:48:17 +0000] "GET /perl/local/jerome_url?url=/archive/00008426 HTTP/1.0" 200 5052 "-" "Mozilla/5.0 (compatible; Yahoo! Slurp; http://help.yahoo.com/help/us/ysearch/slurp)"
200.234.204.224 - - [06/Mar/2005:00:48:18 +0000] "GET /view/person/6036.include HTTP/1.0" 200 686 "-" "-"
200.234.204.224 - - [06/Mar/2005:00:48:25 +0000] "GET /perl/latest_tool?mode=thesis&mainonly=yes&n=1 HTTP/1.0" 200 379 "-" "-"
200.234.204.224 - - [06/Mar/2005:00:48:26 +0000] "GET /perl/latest_tool?mode=noimg&mainonly=yes&n=5 HTTP/1.0" 200 1536 "-" "-"
200.234.204.224 - - [06/Mar/2005:00:48:32 +0000] "GET /view/person/377.include HTTP/1.0" 200 2625 "-" "-"
82.195.209.103 - - [06/Mar/2005:00:48:35 +0000] "GET /9465/01/XC_JTAG.pdf HTTP/1.0" 206 8000 "-" "-"
82.195.209.103 - - [06/Mar/2005:00:48:35 +0000] "GET /9465/ HTTP/1.0" 206 8000 "-" "-"
200.234.204.224 - - [06/Mar/2005:00:48:45 +0000] "GET /view/person/7099.include HTTP/1.0" 404 4890 "-" "-"
97.240.230.33 - - [06/Mar/2005:00:48:47 +0000] "GET /9511/ HTTP/1.0" 200 6922 "http://www.google.com.au/search?q=behavioural+theory&hl=en" "Mozilla/4.0 (compatible; MSIE 5.5; Windows 98)"
97.240.230.33 - - [06/Mar/2005:00:48:48 +0000] "GET /eprints.css HTTP/1.0" 200 3333 "http://eprints.ecs.soton.ac.uk/9511/" "Mozilla/4.0 (compatible; MSIE 5.5; Windows 98)"
200.234.192.196 - - [06/Mar/2005:00:48:51 +0000] "GET /perl/latest_tool?output=rss&n=10 HTTP/1.0" 200 5591 "-" "-"
200.234.204.224 - - [06/Mar/2005:00:48:58 +0000] "GET /view/person/7100.include HTTP/1.0" 404 4890 "-" "-"
200.234.204.224 - - [06/Mar/2005:00:49:09 +0000] "GET /perl/local/ecs_latest?n=6 HTTP/1.0" 200 809 "-" "-"
200.234.204.224 - - [06/Mar/2005:00:49:13 +0000] "GET /view/person/4367.include HTTP/1.0" 200 3543 "-" "-"
131.26.18.90 - - [06/Mar/2005:00:49:13 +0000] "GET /9158/ HTTP/1.0" 200 10658 "http://search.yahoo.com/search?p=pitch+of+speech++signal&ei=UTF-8&fr=FP-tab-web-t&fl=0&x=wrt" "Mozilla/5.0 (X11; U; Linux i686; en-US; rv:1.7.2) Gecko/20040808"
131.26.18.90 - - [06/Mar/2005:00:49:14 +0000] "GET /eprints.css HTTP/1.0" 200 3333 "http://eprints.ecs.soton.ac.uk/9158/" "Mozilla/5.0 (X11; U; Linux i686; en-US; rv:1.7.2) Gecko/20040808"
200.234.204.224 - - [06/Mar/2005:00:49:24 +0000] "GET /perl/local/ecs_latest?n=6 HTTP/1.0" 200 809 "-" "-"
200.234.204.224 - - [06/Mar/2005:00:49:28 +0000] "GET /view/person/5038.include HTTP/1.0" 200 1640 "-" "-"
198.235.195.147 - - [06/Mar/2005:00:49:36 +0000] "GET /perl/users/staff/edit_eprint?eprintid=5904&dataset=archive HTTP/1.1" 401 4942 "-" "Googlebot/2.1 (+http://www.google.com/bot.html)"
198.235.195.147 - - [06/Mar/2005:00:49:37 +0000] "GET /secure/00010083/01/sem-supp-for-proposals.pdf HTTP/1.1" 401 4942 "-" "Googlebot/2.1 (+http://www.google.com/bot.html)"
200.234.204.224 - - [06/Mar/2005:00:49:39 +0000] "GET /view/person/7082.include HTTP/1.0" 404 4890 "-" "-"
198.235.195.147 - - [06/Mar/2005:00:49:46 +0000] "GET /perl/users/staff/edit_eprint?eprintid=6453&dataset=archive HTTP/1.1" 401 4942 "-" "Googlebot/2.1 (+http://www.google.com/bot.html)"
200.234.204.224 - - [06/Mar/2005:00:49:53 +0000] "GET /view/person/1672.include HTTP/1.0" 200 7345 "-" "-"
200.234.204.224 - - [06/Mar/2005:00:50:00 +0000] "GET /perl/local/ecs_latest?n=6 HTTP/1.0" 200 809 "-" "-"
200.234.204.224 - - [06/Mar/2005:00:50:06 +0000] "GET /view/person/41.include HTTP/1.0" 200 51184 "-" "-"
82.195.209.103 - - [06/Mar/2005:00:50:21 +0000] "GET /7677/ HTTP/1.0" 206 8000 "-" "Mozilla/4.0 (compatible; MSIE 5.0; Windows 98; DigExt; AtHome0101)"
200.234.204.224 - - [06/Mar/2005:00:50:22 +0000] "GET /view/person/37.include HTTP/1.0" 200 71269 "-" "-"
198.235.195.147 - - [06/Mar/2005:00:50:23 +0000] "GET /perl/users/staff/edit_eprint?eprintid=675&dataset=archive HTTP/1.1" 401 4942 "-" "Googlebot/2.1 (+http://www.google.com/bot.html)"
200.234.192.196 - - [06/Mar/2005:00:50:32 +0000] "GET /perl/latest_tool?output=rss&n=10 HTTP/1.0" 200 5591 "-" "-"
200.234.204.224 - - [06/Mar/2005:00:50:36 +0000] "GET /view/person/2297.include HTTP/1.0" 200 21160 "-" "-"
200.234.204.224 - - [06/Mar/2005:00:50:53 +0000] "GET /view/person/2184.include HTTP/1.0" 200 25762 "-" "-"
200.234.204.224 - - [06/Mar/2005:00:51:09 +0000] "GET /view/person/3497.include HTTP/1.0" 200 24600 "-" "-"
198.197.31.30 - - [06/Mar/2005:00:51:21 +0000] "GET /title-index.html HTTP/1.0" 404 5153 "-" "FAST-WebCrawler/3.8/Scirus (scirus-crawler@fast.no; http://www.scirus.com/srsapp/contactus/)"
198.235.195.147 - - [06/Mar/2005:00:51:30 +0000] "GET /archive/00000827/06/node1.html HTTP/1.1" 200 5 "-" "Googlebot/2.1 (+http://www.google.com/bot.html)"
198.235.195.147 - - [06/Mar/2005:00:51:30 +0000] "GET /827/06/node1.html HTTP/1.1" 404 5174 "-" "Googlebot/2.1 (+http://www.google.com/bot.html)"
200.234.204.224 - - [06/Mar/2005:00:51:33 +0000] "GET /view/person/39.include HTTP/1.0" 200 94637 "-" "-"
200.234.204.224 - - [06/Mar/2005:00:51:54 +0000] "GET /view/person/2350.include HTTP/1.0" 200 30475 "-" "-"
198.197.31.30 - - [06/Mar/2005:00:52:03 +0000] "GET /access.html HTTP/1.0" 404 5148 "-" "FAST-WebCrawler/3.8/Scirus (scirus-crawler@fast.no; http://www.scirus.com/srsapp/contactus/)"
200.234.204.224 - - [06/Mar/2005:00:52:08 +0000] "GET /perl/local/latestn?n=5:group=iam&mainonly=yes HTTP/1.0" 200 1344 "-" "-"
200.234.204.224 - - [06/Mar/2005:00:52:11 +0000] "GET /view/person/3638.include HTTP/1.0" 200 3532 "-" "-"
200.234.204.224 - - [06/Mar/2005:00:52:11 +0000] "GET /view/person/3515.include HTTP/1.0" 200 8675 "-" "-"
198.235.195.147 - - [06/Mar/2005:00:52:12 +0000] "GET /perl/users/staff/edit_eprint?eprintid=3254&dataset=archive HTTP/1.1" 401 4942 "-" "Googlebot/2.1 (+http://www.google.com/bot.html)"
200.234.192.196 - - [06/Mar/2005:00:52:13 +0000] "GET /perl/latest_tool?output=rss&n=10 HTTP/1.0" 200 5591 "-" "-"
200.234.204.224 - - [06/Mar/2005:00:52:27 +0000] "GET /view/person/42.include HTTP/1.0" 200 54538 "-" "-"
198.197.31.30 - - [06/Mar/2005:00:52:34 +0000] "GET /dlib.html HTTP/1.0" 404 5146 "-" "FAST-WebCrawler/3.8/Scirus (scirus-crawler@fast.no; http://www.scirus.com/srsapp/contactus/)"
186.149.210.117 - - [06/Mar/2005:00:52:40 +0000] "GET /4427/ HTTP/1.1" 200 6998 "http://eprints.ecs.soton.ac.uk/4427/" "Mozilla/4.0 (compatible; MSIE 5.01; Windows 98)"
186.149.210.117 - - [06/Mar/2005:00:52:42 +0000] "GET /eprints.css HTTP/1.1" 200 3333 "http://eprints.ecs.soton.ac.uk/4427/" "Mozilla/4.0 (compatible; MSIE 5.01; Windows 98)"
200.234.204.224 - - [06/Mar/2005:00:52:49 +0000] "GET /view/person/2336.include HTTP/1.0" 200 3914 "-" "-"
198.235.195.147 - - [06/Mar/2005:00:53:00 +0000] "GET /perl/users/staff/edit_eprint?eprintid=1208&dataset=archive HTTP/1.1" 401 4942 "-" "Googlebot/2.1 (+http://www.google.com/bot.html)"
204.170.238.33 - - [06/Mar/2005:00:53:03 +0000] "GET /robots.txt HTTP/1.0" 404 5147 "-" "Mozilla/5.0 (compatible; Yahoo! Slurp; http://help.yahoo.com/help/us/ysearch/slurp)"
204.170.235.162 - - [06/Mar/2005:00:53:04 +0000] "GET /4510 HTTP/1.0" 200 0 "-" "Mozilla/5.0 (compatible; Yahoo! Slurp; http://help.yahoo.com/help/us/ysearch/slurp)"
204.170.235.162 - - [06/Mar/2005:00:53:04 +0000] "GET /4510/ HTTP/1.0" 200 6845 "-" "Mozilla/5.0 (compatible; Yahoo! Slurp; http://help.yahoo.com/help/us/ysearch/slurp)"
200.234.204.224 - - [06/Mar/2005:00:53:08 +0000] "GET /view/person/469.include HTTP/1.0" 404 4890 "-" "-"
200.234.204.224 - - [06/Mar/2005:00:53:10 +0000] "GET /perl/local/latestn?n=1:group=iam&mainonly=yes HTTP/1.0" 200 371 "-" "-"
192.186.248.99 - - [06/Mar/2005:00:53:24 +0000] "GET /robots.txt HTTP/1.0" 404 5147 "-" "Gigabot/2.0"
200.234.204.224 - - [06/Mar/2005:00:53:26 +0000] "GET /perl/latest_tool?mode=thesis&mainonly=yes&n=1 HTTP/1.0" 200 379 "-" "-"
200.234.204.224 - - [06/Mar/2005:00:53:26 +0000] "GET /perl/latest_tool?mode=noimg&mainonly=yes&n=5 HTTP/1.0" 200 1536 "-" "-"
192.186.248.99 - - [06/Mar/2005:00:53:28 +0000] "GET /399/ HTTP/1.0" 200 8558 "-" "Gigabot/2.0"
200.234.204.224 - - [06/Mar/2005:00:53:29 +0000] "GET /view/person/472.include HTTP/1.0" 200 495 "-" "-"
198.197.31.30 - - [06/Mar/2005:00:53:44 +0000] "GET /paam96.htm HTTP/1.0" 404 5147 "-" "FAST-WebCrawler/3.8/Scirus (scirus-crawler@fast.no; http://www.scirus.com/srsapp/contactus/)"
200.234.204.224 - - [06/Mar/2005:00:53:53 +0000] "GET /view/person/5991.include HTTP/1.0" 404 4890 "-" "-"
200.234.192.196 - - [06/Mar/2005:00:53:54 +0000] "GET /perl/latest_tool?output=rss&n=10 HTTP/1.0" 200 5591 "-" "-"
198.235.195.147 - - [06/Mar/2005:00:53:58 +0000] "GET /perl/users/staff/edit_eprint?eprintid=5003&dataset=archive HTTP/1.1" 401 4942 "-" "Googlebot/2.1 (+http://www.google.com/bot.html)"
200.234.204.224 - - [06/Mar/2005:00:54:06 +0000] "GET /perl/local/ecs_latest?n=6 HTTP/1.0" 200 809 "-" "-"
198.197.31.30 - - [06/Mar/2005:00:54:08 +0000] "GET /siteindex HTTP/1.0" 404 5146 "-" "FAST-WebCrawler/3.8/Scirus (scirus-crawler@fast.no; http://www.scirus.com/srsapp/contactus/)"
200.234.204.224 - - [06/Mar/2005:00:54:11 +0000] "GET /perl/local/ecs_latest?n=6 HTTP/1.0" 200 809 "-" "-"
198.197.31.30 - - [06/Mar/2005:00:54:13 +0000] "GET /IFIP-ICCC97.html HTTP/1.0" 404 5153 "-" "FAST-WebCrawler/3.8/Scirus (scirus-crawler@fast.no; http://www.scirus.com/srsapp/contactus/)"
200.234.204.224 - - [06/Mar/2005:00:54:16 +0000] "GET /perl/latest_tool?mode=thesis&mainonly=yes&n=1 HTTP/1.0" 200 379 "-" "-"
200.234.204.224 - - [06/Mar/2005:00:54:17 +0000] "GET /perl/latest_tool?mode=noimg&mainonly=yes&n=5 HTTP/1.0" 200 1536 "-" "-"
198.235.195.147 - - [06/Mar/2005:00:54:19 +0000] "GET /perl/users/staff/edit_eprint?eprintid=2918&dataset=archive HTTP/1.1" 401 4942 "-" "Googlebot/2.1 (+http://www.google.com/bot.html)"
200.234.204.224 - - [06/Mar/2005:00:54:22 +0000] "GET /view/person/4913.include HTTP/1.0" 200 2054 "-" "-"
200.234.204.224 - - [06/Mar/2005:00:54:31 +0000] "GET /view/person/21.include HTTP/1.0" 200 32594 "-" "-"
198.235.195.147 - - [06/Mar/2005:00:54:44 +0000] "GET /perl/users/staff/edit_eprint?eprintid=4208&dataset=archive HTTP/1.1" 401 4942 "-" "Googlebot/2.1 (+http://www.google.com/bot.html)"
200.234.204.224 - - [06/Mar/2005:00:54:44 +0000] "GET /view/person/1783.include HTTP/1.0" 200 2608 "-" "-"
198.235.195.147 - - [06/Mar/2005:00:54:49 +0000] "GET /archive/00000760/02/footnode.html HTTP/1.1" 200 5 "-" "Googlebot/2.1 (+http://www.google.com/bot.html)"
198.235.195.147 - - [06/Mar/2005:00:54:49 +0000] "GET /760/02/footnode.html HTTP/1.1" 404 5177 "-" "Googlebot/2.1 (+http://www.google.com/bot.html)"
198.235.195.147 - - [06/Mar/2005:00:55:01 +0000] "GET /perl/users/staff/edit_eprint?eprintid=3578&dataset=archive HTTP/1.1" 401 4942 "-" "Googlebot/2.1 (+http://www.google.com/bot.html)"
200.234.204.224 - - [06/Mar/2005:00:55:07 +0000] "GET /view/person/476.include HTTP/1.0" 200 3288 "-" "-"
200.234.204.224 - - [06/Mar/2005:00:55:26 +0000] "GET /view/person/5083.include HTTP/1.0" 404 4890 "-" "-"
200.234.192.196 - - [06/Mar/2005:00:55:35 +0000] "GET /perl/latest_tool?output=rss&n=10 HTTP/1.0" 200 5591 "-" "-"
200.234.204.224 - - [06/Mar/2005:00:55:41 +0000] "GET /perl/local/latestn?n=1:group=dsse&mainonly=yes HTTP/1.0" 200 392 "-" "-"
200.234.204.224 - - [06/Mar/2005:00:55:42 +0000] "GET /view/person/63.include HTTP/1.0" 404 4890 "-" "-"
200.234.204.224 - - [06/Mar/2005:00:55:49 +0000] "GET /view/person/1650.include HTTP/1.0" 200 170621 "-" "-"
198.235.195.147 - - [06/Mar/2005:00:56:01 +0000] "GET /perl/users/staff/edit_eprint?eprintid=2720&dataset=archive HTTP/1.1" 401 4942 "-" "Googlebot/2.1 (+http://www.google.com/bot.html)"
200.234.204.224 - - [06/Mar/2005:00:56:01 +0000] "GET /view/person/479.include HTTP/1.0" 404 4890 "-" "-"
198.235.195.147 - - [06/Mar/2005:00:56:10 +0000] "GET /perl/users/staff/edit_eprint?eprintid=3150&dataset=archive HTTP/1.1" 401 4942 "-" "Googlebot/2.1 (+http://www.google.com/bot.html)"
204.76.110.6 - - [06/Mar/2005:00:56:24 +0000] "GET /perl/local/jerome_url?url=/data/1440/pdf/carr1998b.pdf HTTP/1.1" 200 5 "http://www.google.com/search?num=100&hl=en&lr=lang_en&as_qdr=all&q=%28controller+OR+plc%29+internet+browser+object+http+function+browser+internet+1997+OR+1996+OR+1995+OR+1994+-2005+-2004+-2003+-2002+-2001+-2000+-1999+-1998&btnG=Search&lr=lang_en" "Mozilla/4.0 (compatible; MSIE 6.0; Windows NT 5.1)"
204.76.110.6 - - [06/Mar/2005:00:56:24 +0000] "GET /archive/00000817/02/carr1998b.pdf HTTP/1.1" 200 5 "http://www.google.com/search?num=100&hl=en&lr=lang_en&as_qdr=all&q=%28controller+OR+plc%29+internet+browser+object+http+function+browser+internet+1997+OR+1996+OR+1995+OR+1994+-2005+-2004+-2003+-2002+-2001+-2000+-1999+-1998&btnG=Search&lr=lang_en" "Mozilla/4.0 (compatible; MSIE 6.0; Windows NT 5.1)"
204.76.110.6 - - [06/Mar/2005:00:56:25 +0000] "GET /817/02/carr1998b.pdf HTTP/1.1" 200 45908 "http://www.google.com/search?num=100&hl=en&lr=lang_en&as_qdr=all&q=%28controller+OR+plc%29+internet+browser+object+http+function+browser+internet+1997+OR+1996+OR+1995+OR+1994+-2005+-2004+-2003+-2002+-2001+-2000+-1999+-1998&btnG=Search&lr=lang_en" "Mozilla/4.0 (compatible; MSIE 6.0; Windows NT 5.1)"
204.76.110.6 - - [06/Mar/2005:00:56:26 +0000] "GET /817/02/carr1998b.pdf HTTP/1.1" 206 163135 "-" "Mozilla/4.0 (compatible; MSIE 6.0; Windows NT 5.1)"
198.76.17.59 - - [06/Mar/2005:00:56:26 +0000] "GET /perl/users/staff/edit_eprint?eprintid=10262&dataset=archive HTTP/1.0" 401 4942 "-" "Mozilla/5.0 (compatible; Yahoo! Slurp; http://help.yahoo.com/help/us/ysearch/slurp)"
200.234.204.224 - - [06/Mar/2005:00:56:28 +0000] "GET /view/person/3443.include HTTP/1.0" 200 2828 "-" "-"
200.234.204.224 - - [06/Mar/2005:00:56:45 +0000] "GET /view/person/6087.include HTTP/1.0" 404 4890 "-" "-"
198.235.195.147 - - [06/Mar/2005:00:56:52 +0000] "GET /perl/users/staff/edit_eprint?eprintid=4355&dataset=archive HTTP/1.1" 401 4942 "-" "Googlebot/2.1 (+http://www.google.com/bot.html)"
200.234.204.224 - - [06/Mar/2005:00:56:52 +0000] "GET /perl/latest_tool?mode=thesis&mainonly=yes&n=1 HTTP/1.0" 200 379 "-" "-"
200.234.204.224 - - [06/Mar/2005:00:56:52 +0000] "GET /perl/latest_tool?mode=noimg&mainonly=yes&n=5 HTTP/1.0" 200 1536 "-" "-"
131.26.18.90 - - [06/Mar/2005:00:56:55 +0000] "GET /9158/01/ieeesap01.pdf HTTP/1.0" 200 339583 "http://eprints.ecs.soton.ac.uk/9158/" "Mozilla/5.0 (X11; U; Linux i686; en-US; rv:1.7.2) Gecko/20040808"
200.234.204.224 - - [06/Mar/2005:00:57:04 +0000] "GET /view/person/4162.include HTTP/1.0" 200 3213 "-" "-"
200.234.204.224 - - [06/Mar/2005:00:57:04 +0000] "GET /view/person/1223.include HTTP/1.0" 404 4890 "-" "-"
200.234.204.224 - - [06/Mar/2005:00:57:12 +0000] "GET /perl/local/latestn?n=1:group=iam&mainonly=yes HTTP/1.0" 200 371 "-" "-"
200.234.204.224 - - [06/Mar/2005:00:57:12 +0000] "GET /view/groups/group-iam/index.include HTTP/1.0" 200 1325 "-" "-"
200.234.192.196 - - [06/Mar/2005:00:57:16 +0000] "GET /perl/latest_tool?output=rss&n=10 HTTP/1.0" 200 5591 "-" "-"
200.234.204.224 - - [06/Mar/2005:00:57:27 +0000] "GET /view/person/471.include HTTP/1.0" 404 4890 "-" "-"
200.234.204.224 - - [06/Mar/2005:00:57:44 +0000] "GET /view/person/451.include HTTP/1.0" 404 4890 "-" "-"
198.235.195.147 - - [06/Mar/2005:00:57:55 +0000] "GET /perl/users/staff/edit_eprint?eprintid=1875&dataset=archive HTTP/1.1" 401 4942 "-" "Googlebot/2.1 (+http://www.google.com/bot.html)"
200.234.204.224 - - [06/Mar/2005:00:58:01 +0000] "GET /view/person/5745.include HTTP/1.0" 404 4890 "-" "-"
200.234.204.224 - - [06/Mar/2005:00:58:14 +0000] "GET /view/person/4994.include HTTP/1.0" 404 4890 "-" "-"
198.235.195.147 - - [06/Mar/2005:00:58:14 +0000] "GET /perl/users/staff/edit_eprint?eprintid=3771&dataset=archive HTTP/1.1" 401 4942 "-" "Googlebot/2.1 (+http://www.google.com/bot.html)"
200.234.204.224 - - [06/Mar/2005:00:58:17 +0000] "GET /view/person/4162.include HTTP/1.0" 200 3213 "-" "-"
192.186.248.45 - - [06/Mar/2005:00:58:20 +0000] "GET /7258/ HTTP/1.0" 200 10016 "-" "Gigabot/2.0"
200.234.204.224 - - [06/Mar/2005:00:58:26 +0000] "GET /perl/latest_tool?mode=thesis&mainonly=yes&n=1 HTTP/1.0" 200 379 "-" "-"
200.234.204.224 - - [06/Mar/2005:00:58:27 +0000] "GET /perl/latest_tool?mode=noimg&mainonly=yes&n=5 HTTP/1.0" 200 1536 "-" "-"
200.234.204.224 - - [06/Mar/2005:00:58:32 +0000] "GET /view/person/4252.include HTTP/1.0" 200 2452 "-" "-"
200.234.204.224 - - [06/Mar/2005:00:58:47 +0000] "GET /perl/local/ecs_latest?n=6 HTTP/1.0" 200 809 "-" "-"
198.235.195.147 - - [06/Mar/2005:00:58:53 +0000] "GET /perl/users/staff/edit_eprint?eprintid=9913&dataset=archive HTTP/1.1" 401 4942 "-" "Googlebot/2.1 (+http://www.google.com/bot.html)"
200.234.204.224 - - [06/Mar/2005:00:58:54 +0000] "GET /view/person/4352.include HTTP/1.0" 404 4890 "-" "-"
200.234.192.196 - - [06/Mar/2005:00:58:56 +0000] "GET /perl/latest_tool?output=rss&n=10 HTTP/1.0" 200 5591 "-" "-"
192.186.248.204 - - [06/Mar/2005:00:58:58 +0000] "GET /854/ HTTP/1.0" 200 10108 "-" "Gigabot/2.0"
200.234.204.224 - - [06/Mar/2005:00:59:09 +0000] "GET /view/person/1723.include HTTP/1.0" 404 4890 "-" "-"
200.234.204.224 - - [06/Mar/2005:00:59:26 +0000] "GET /view/person/3693.include HTTP/1.0" 404 4890 "-" "-"
200.234.204.224 - - [06/Mar/2005:00:59:41 +0000] "GET /view/person/5888.include HTTP/1.0" 404 4890 "-" "-"
200.234.204.224 - - [06/Mar/2005:00:59:45 +0000] "GET /perl/local/ecs_latest?n=6 HTTP/1.0" 200 809 "-" "-"
198.235.195.147 - - [06/Mar/2005:00:59:54 +0000] "GET /perl/users/staff/edit_eprint?eprintid=2418&dataset=archive HTTP/1.1" 401 4942 "-" "Googlebot/2.1 (+http://www.google.com/bot.html)"
192.186.248.45 - - [06/Mar/2005:00:59:56 +0000] "GET /9471/ HTTP/1.0" 200 9790 "-" "Gigabot/2.0"
200.234.204.224 - - [06/Mar/2005:00:59:58 +0000] "GET /perl/local/ecs_latest?n=6 HTTP/1.0" 200 809 "-" "-"
200.234.204.224 - - [06/Mar/2005:01:00:07 +0000] "GET /view/person/481.include HTTP/1.0" 404 4890 "-" "-"
198.235.195.147 - - [06/Mar/2005:01:00:17 +0000] "GET /perl/users/staff/edit_eprint?eprintid=2095&dataset=archive HTTP/1.1" 401 4942 "-" "Googlebot/2.1 (+http://www.google.com/bot.html)"
200.234.204.224 - - [06/Mar/2005:01:00:23 +0000] "GET /view/person/7097.include HTTP/1.0" 404 4890 "-" "-"
200.234.192.196 - - [06/Mar/2005:01:00:37 +0000] "GET /perl/latest_tool?output=rss&n=10 HTTP/1.0" 200 5591 "-" "-"
200.234.204.224 - - [06/Mar/2005:01:00:38 +0000] "GET /view/person/4106.include HTTP/1.0" 404 4890 "-" "-"
192.186.248.39 - - [06/Mar/2005:01:00:51 +0000] "GET /9470/ HTTP/1.0" 200 9789 "-" "Gigabot/2.0"
200.234.204.224 - - [06/Mar/2005:01:00:54 +0000] "GET /view/person/4231.include HTTP/1.0" 404 4890 "-" "-"
200.234.204.224 - - [06/Mar/2005:01:01:13 +0000] "GET /view/person/1786.include HTTP/1.0" 404 4890 "-" "-"
192.186.248.189 - - [06/Mar/2005:01:01:21 +0000] "GET /4356/ HTTP/1.0" 200 6551 "-" "Gigabot/2.0"
200.234.204.224 - - [06/Mar/2005:01:01:26 +0000] "GET /view/person/6228.include HTTP/1.0" 404 4890 "-" "-"
200.234.204.224 - - [06/Mar/2005:01:01:27 +0000] "GET /perl/local/ecs_latest?n=6 HTTP/1.0" 200 809 "-" "-"
200.234.204.224 - - [06/Mar/2005:01:01:33 +0000] "GET /perl/local/ecs_latest?n=6 HTTP/1.0" 200 809 "-" "-"
192.186.248.87 - - [06/Mar/2005:01:01:37 +0000] "GET /3513/ HTTP/1.0" 200 7172 "-" "Gigabot/2.0"
200.234.204.224 - - [06/Mar/2005:01:01:45 +0000] "GET /view/person/7054.include HTTP/1.0" 404 4890 "-" "-"
200.234.204.224 - - [06/Mar/2005:01:01:51 +0000] "GET /view/person/37.include HTTP/1.0" 200 71269 "-" "-"
64.114.201.126 - - [06/Mar/2005:01:01:54 +0000] "GET /robots.txt HTTP/1.1" 404 5167 "-" "COMBINE/0.0"
64.114.201.126 - - [06/Mar/2005:01:01:54 +0000] "GET /archive/00003966/ HTTP/1.1" 200 5 "-" "combine/0.0"
200.234.204.224 - - [06/Mar/2005:01:02:01 +0000] "GET /view/person/38.include HTTP/1.0" 200 28746 "-" "-"
73.154.234.27 - - [06/Mar/2005:01:02:04 +0000] "GET /perl/search?abstract%2Fkeywords%2Ftitle_srchtype=ALL&authors%2Feditors_srchtype=ALL&abstract%2Fkeywords%2Ftitle=Invention+Machine&authors%2Feditors=&publicfulltext=EITHER&_satisfyall=ALL&_order=byyear&_action_search=Go HTTP/1.0" 200 0 "http://eprints.ecs.soton.ac.uk/" "Goldfire Server"
72.62.117.238 - - [06/Mar/2005:01:02:05 +0000] "GET /robots.txt HTTP/1.0" 404 5147 "-" "pipeLiner/0.10 (PipeLine Spider; http://www.pipeline-search.com/webmaster.html)"
73.154.234.27 - - [06/Mar/2005:01:02:05 +0000] "GET /perl/search/simple?abstract%2Fkeywords%2Ftitle_srchtype=ALL&authors%2Feditors_srchtype=ALL&abstract%2Fkeywords%2Ftitle=Invention+Machine&authors%2Feditors=&publicfulltext=EITHER&_satisfyall=ALL&_order=byyear&_action_search=Go HTTP/1.0" 200 5357 "http://eprints.ecs.soton.ac.uk/" "Goldfire Server"
72.62.117.238 - - [06/Mar/2005:01:02:06 +0000] "GET /perl/users/home HTTP/1.0" 401 4942 "-" "pipeLiner/0.10 (PipeLine Spider; http://www.pipeline-search.com/webmaster.html)"
200.234.204.224 - - [06/Mar/2005:01:02:18 +0000] "GET /view/person/6239.include HTTP/1.0" 404 4890 "-" "-"
200.234.192.196 - - [06/Mar/2005:01:02:18 +0000] "GET /perl/latest_tool?output=rss&n=10 HTTP/1.0" 200 5591 "-" "-"
198.235.195.147 - - [06/Mar/2005:01:02:25 +0000] "GET /perl/users/staff/edit_eprint?eprintid=4004&dataset=archive HTTP/1.1" 401 4942 "-" "Googlebot/2.1 (+http://www.google.com/bot.html)"
200.234.204.224 - - [06/Mar/2005:01:02:32 +0000] "GET /perl/local/ecs_latest?n=6 HTTP/1.0" 200 809 "-" "-"
200.234.204.224 - - [06/Mar/2005:01:02:35 +0000] "GET /view/person/4219.include HTTP/1.0" 404 4890 "-" "-"
198.235.195.147 - - [06/Mar/2005:01:02:42 +0000] "GET /perl/users/staff/edit_eprint?eprintid=10323&dataset=archive HTTP/1.1" 401 4942 "-" "Googlebot/2.1 (+http://www.google.com/bot.html)"
200.234.204.224 - - [06/Mar/2005:01:02:49 +0000] "GET /view/person/7053.include HTTP/1.0" 404 4890 "-" "-"
198.235.195.147 - - [06/Mar/2005:01:02:53 +0000] "GET /perl/search/advanced?_cache=20561587&_exp=0%7C1%7C%7Carchive%7C-%7Ctype:ANY:EQ:techreport&_offset=0 HTTP/1.1" 200 45924 "-" "Googlebot/2.1 (+http://www.google.com/bot.html)"
200.234.204.224 - - [06/Mar/2005:01:03:04 +0000] "GET /view/person/3641.include HTTP/1.0" 200 1313 "-" "-"
200.234.204.224 - - [06/Mar/2005:01:03:17 +0000] "GET /view/person/4229.include HTTP/1.0" 200 1418 "-" "-"
198.235.195.147 - - [06/Mar/2005:01:03:18 +0000] "GET /perl/users/staff/edit_eprint?eprintid=1124&dataset=archive HTTP/1.1" 401 4942 "-" "Googlebot/2.1 (+http://www.google.com/bot.html)"
200.234.204.224 - - [06/Mar/2005:01:03:23 +0000] "GET /perl/latest_tool?mode=thesis&mainonly=yes&n=1 HTTP/1.0" 200 379 "-" "-"
200.234.204.224 - - [06/Mar/2005:01:03:24 +0000] "GET /perl/latest_tool?mode=noimg&mainonly=yes&n=5 HTTP/1.0" 200 1536 "-" "-"
200.234.204.224 - - [06/Mar/2005:01:03:27 +0000] "GET /perl/latest_tool?mode=thesis&mainonly=yes&n=1 HTTP/1.0" 200 379 "-" "-"
200.234.204.224 - - [06/Mar/2005:01:03:27 +0000] "GET /perl/latest_tool?mode=noimg&mainonly=yes&n=5 HTTP/1.0" 200 1536 "-" "-"
200.234.204.224 - - [06/Mar/2005:01:03:30 +0000] "GET /view/person/6900.include HTTP/1.0" 404 4890 "-" "-"
198.235.195.147 - - [06/Mar/2005:01:03:30 +0000] "GET /perl/users/staff/edit_eprint?eprintid=4686&dataset=archive HTTP/1.1" 401 4942 "-" "Googlebot/2.1 (+http://www.google.com/bot.html)"
198.235.195.147 - - [06/Mar/2005:01:03:36 +0000] "GET /perl/users/staff/edit_eprint?eprintid=773&dataset=archive HTTP/1.1" 401 4942 "-" "Googlebot/2.1 (+http://www.google.com/bot.html)"
198.76.195.159 - - [06/Mar/2005:01:03:37 +0000] "GET /robots.txt HTTP/1.0" 404 5147 "-" "Mozilla/5.0 (compatible; Yahoo! Slurp; http://help.yahoo.com/help/us/ysearch/slurp)"
198.76.195.171 - - [06/Mar/2005:01:03:38 +0000] "GET /archive/00000418 HTTP/1.0" 200 0 "-" "Mozilla/5.0 (compatible; Yahoo! Slurp; http://help.yahoo.com/help/us/ysearch/slurp)"
198.76.195.171 - - [06/Mar/2005:01:03:38 +0000] "GET /418/ HTTP/1.0" 200 7907 "-" "Mozilla/5.0 (compatible; Yahoo! Slurp; http://help.yahoo.com/help/us/ysearch/slurp)"
207.221.53.4 - - [06/Mar/2005:01:03:44 +0000] "GET /9058/ HTTP/1.1" 200 11242 "-" "Mozilla/4.0 (compatible; MSIE 6.0; Windows NT 5.1)"
207.221.53.4 - - [06/Mar/2005:01:03:44 +0000] "GET /eprints.css HTTP/1.1" 200 3333 "http://eprints.ecs.soton.ac.uk/9058/" "Mozilla/4.0 (compatible; MSIE 6.0; Windows NT 5.1)"
200.234.204.224 - - [06/Mar/2005:01:03:45 +0000] "GET /view/person/6238.include HTTP/1.0" 404 4890 "-" "-"
192.186.248.201 - - [06/Mar/2005:01:03:54 +0000] "GET /3651/ HTTP/1.0" 200 10292 "-" "Gigabot/2.0"
200.234.192.196 - - [06/Mar/2005:01:03:59 +0000] "GET /perl/latest_tool?output=rss&n=10 HTTP/1.0" 200 5591 "-" "-"
200.234.204.224 - - [06/Mar/2005:01:04:01 +0000] "GET /view/person/7055.include HTTP/1.0" 404 4890 "-" "-"
198.76.14.172 - - [06/Mar/2005:01:04:01 +0000] "GET /9604 HTTP/1.0" 200 0 "-" "Mozilla/5.0 (compatible; Yahoo! Slurp; http://help.yahoo.com/help/us/ysearch/slurp)"
198.76.14.172 - - [06/Mar/2005:01:04:01 +0000] "GET /9604/ HTTP/1.0" 200 7095 "-" "Mozilla/5.0 (compatible; Yahoo! Slurp; http://help.yahoo.com/help/us/ysearch/slurp)"
200.234.204.224 - - [06/Mar/2005:01:04:13 +0000] "GET /view/person/7104.include HTTP/1.0" 404 4890 "-" "-"
200.234.204.224 - - [06/Mar/2005:01:04:15 +0000] "GET /perl/latest_tool?mode=thesis&mainonly=yes&n=1 HTTP/1.0" 200 379 "-" "-"
200.234.204.224 - - [06/Mar/2005:01:04:16 +0000] "GET /perl/latest_tool?mode=noimg&mainonly=yes&n=5 HTTP/1.0" 200 1536 "-" "-"
200.234.204.224 - - [06/Mar/2005:01:04:33 +0000] "GET /view/person/5852.include HTTP/1.0" 404 4890 "-" "-"
198.235.195.147 - - [06/Mar/2005:01:04:38 +0000] "GET /perl/users/staff/edit_eprint?eprintid=6352&dataset=archive HTTP/1.1" 401 4942 "-" "Googlebot/2.1 (+http://www.google.com/bot.html)"
200.234.204.224 - - [06/Mar/2005:01:04:49 +0000] "GET /view/person/5041.include HTTP/1.0" 200 1294 "-" "-"
200.234.204.224 - - [06/Mar/2005:01:05:06 +0000] "GET /view/person/6994.include HTTP/1.0" 404 4890 "-" "-"
200.234.204.224 - - [06/Mar/2005:01:05:16 +0000] "GET /perl/local/ecs_latest?n=6 HTTP/1.0" 200 809 "-" "-"
200.234.204.224 - - [06/Mar/2005:01:05:23 +0000] "GET /view/person/6723.include HTTP/1.0" 404 4890 "-" "-"
192.186.248.87 - - [06/Mar/2005:01:05:26 +0000] "GET /8188/ HTTP/1.0" 200 11027 "-" "Gigabot/2.0"
200.234.204.224 - - [06/Mar/2005:01:05:38 +0000] "GET /view/person/6724.include HTTP/1.0" 404 4890 "-" "-"
200.234.192.196 - - [06/Mar/2005:01:05:40 +0000] "GET /perl/latest_tool?output=rss&n=10 HTTP/1.0" 200 5591 "-" "-"
200.234.204.224 - - [06/Mar/2005:01:05:46 +0000] "GET /perl/local/ecs_latest?n=6 HTTP/1.0" 200 809 "-" "-"
200.234.204.224 - - [06/Mar/2005:01:05:54 +0000] "GET /perl/latest_tool?mode=thesis&mainonly=yes&n=1 HTTP/1.0" 200 379 "-" "-"
200.234.204.224 - - [06/Mar/2005:01:05:55 +0000] "GET /perl/latest_tool?mode=noimg&mainonly=yes&n=5 HTTP/1.0" 200 1536 "-" "-"
200.234.204.224 - - [06/Mar/2005:01:05:56 +0000] "GET /view/person/6254.include HTTP/1.0" 404 4890 "-" "-"
200.234.204.224 - - [06/Mar/2005:01:06:13 +0000] "GET /view/person/6068.include HTTP/1.0" 404 4890 "-" "-"
200.234.204.224 - - [06/Mar/2005:01:06:31 +0000] "GET /view/person/4935.include HTTP/1.0" 200 508 "-" "-"
188.151.255.111 - - [06/Mar/2005:01:06:35 +0000] "GET /eprints.css HTTP/1.1" 200 3333 "http://eprints.ecs.soton.ac.uk/9230/" "Mozilla/4.0 (compatible; MSIE 6.0; Windows NT 5.1; SV1; .NET CLR 1.1.4322)"
188.151.255.111 - - [06/Mar/2005:01:06:35 +0000] "GET /9230/ HTTP/1.1" 200 27899 "http://www.ecs.soton.ac.uk/news/624" "Mozilla/4.0 (compatible; MSIE 6.0; Windows NT 5.1; SV1; .NET CLR 1.1.4322)"
188.151.255.111 - - [06/Mar/2005:01:06:37 +0000] "GET /images/reflink.png HTTP/1.1" 200 353 "http://eprints.ecs.soton.ac.uk/9230/" "Mozilla/4.0 (compatible; MSIE 6.0; Windows NT 5.1; SV1; .NET CLR 1.1.4322)"
200.234.204.224 - - [06/Mar/2005:01:06:44 +0000] "GET /view/person/6734.include HTTP/1.0" 404 4890 "-" "-"
200.234.204.224 - - [06/Mar/2005:01:06:51 +0000] "GET /perl/latest_tool?mode=thesis&mainonly=yes&n=1 HTTP/1.0" 200 379 "-" "-"
200.234.204.224 - - [06/Mar/2005:01:06:52 +0000] "GET /perl/latest_tool?mode=noimg&mainonly=yes&n=5 HTTP/1.0" 200 1536 "-" "-"
200.234.204.224 - - [06/Mar/2005:01:06:57 +0000] "GET /view/person/6735.include HTTP/1.0" 404 4890 "-" "-"
200.234.204.224 - - [06/Mar/2005:01:07:03 +0000] "GET /perl/latest_tool?mode=thesis&mainonly=yes&n=1 HTTP/1.0" 200 379 "-" "-"
200.234.204.224 - - [06/Mar/2005:01:07:04 +0000] "GET /perl/latest_tool?mode=noimg&mainonly=yes&n=5 HTTP/1.0" 200 1536 "-" "-"
200.234.204.224 - - [06/Mar/2005:01:07:13 +0000] "GET /view/person/5855.include HTTP/1.0" 404 4890 "-" "-"
200.234.192.196 - - [06/Mar/2005:01:07:21 +0000] "GET /perl/latest_tool?output=rss&n=10 HTTP/1.0" 200 5591 "-" "-"
200.234.204.224 - - [06/Mar/2005:01:07:34 +0000] "GET /view/person/5042.include HTTP/1.0" 200 712 "-" "-"
200.234.204.224 - - [06/Mar/2005:01:07:50 +0000] "GET /view/person/4936.include HTTP/1.0" 200 3423 "-" "-"
200.234.204.224 - - [06/Mar/2005:01:08:06 +0000] "GET /view/person/5096.include HTTP/1.0" 200 1206 "-" "-"
198.235.195.147 - - [06/Mar/2005:01:08:19 +0000] "GET /perl/users/staff/edit_eprint?eprintid=4207&dataset=archive HTTP/1.1" 401 4942 "-" "Googlebot/2.1 (+http://www.google.com/bot.html)"
109.138.38.138 - - [06/Mar/2005:01:08:20 +0000] "GET /9763/ HTTP/1.0" 200 10120 "-" "msnbot/1.0 (+http://search.msn.com/msnbot.htm)"
200.234.204.224 - - [06/Mar/2005:01:08:26 +0000] "GET /view/person/5781.include HTTP/1.0" 200 1125 "-" "-"
200.234.204.224 - - [06/Mar/2005:01:08:28 +0000] "GET /perl/latest_tool?mode=thesis&mainonly=yes&n=1 HTTP/1.0" 200 379 "-" "-"
200.234.204.224 - - [06/Mar/2005:01:08:29 +0000] "GET /perl/latest_tool?mode=noimg&mainonly=yes&n=5 HTTP/1.0" 200 1536 "-" "-"
198.235.195.147 - - [06/Mar/2005:01:08:51 +0000] "GET /perl/users/staff/edit_eprint?eprintid=3984&dataset=archive HTTP/1.1" 401 4942 "-" "Googlebot/2.1 (+http://www.google.com/bot.html)"
200.234.204.224 - - [06/Mar/2005:01:08:55 +0000] "GET /view/person/4950.include HTTP/1.0" 200 2841 "-" "-"
200.234.192.196 - - [06/Mar/2005:01:09:02 +0000] "GET /perl/latest_tool?output=rss&n=10 HTTP/1.0" 200 5591 "-" "-"
200.234.204.224 - - [06/Mar/2005:01:09:11 +0000] "GET /view/person/4109.include HTTP/1.0" 404 4890 "-" "-"
200.234.204.224 - - [06/Mar/2005:01:09:32 +0000] "GET /view/person/6875.include HTTP/1.0" 404 4890 "-" "-"
218.74.176.1 - - [06/Mar/2005:01:09:34 +0000] "GET /robots.txt HTTP/1.1" 404 5167 "" "Mozilla/2.0 (compatible; MSIE 2.0)"
204.170.235.63 - - [06/Mar/2005:01:09:48 +0000] "GET /view/projects/wired.html HTTP/1.0" 200 5737 "-" "Mozilla/5.0 (compatible; Yahoo! Slurp; http://help.yahoo.com/help/us/ysearch/slurp)"
188.151.255.111 - - [06/Mar/2005:01:09:48 +0000] "GET /9230/01/mSpace%5FzzStructures.pdf HTTP/1.1" 200 610863 "-" "Mozilla/4.0 (compatible; MSIE 6.0; Windows NT 5.1; SV1; .NET CLR 1.1.4322)"
200.234.204.224 - - [06/Mar/2005:01:09:49 +0000] "GET /view/person/2746.include HTTP/1.0" 404 4890 "-" "-"
200.234.204.224 - - [06/Mar/2005:01:09:55 +0000] "GET /view/person/4924.include HTTP/1.0" 404 4890 "-" "-"
72.3.64.224 - - [06/Mar/2005:01:10:04 +0000] "GET /10249/01/ASME.doc HTTP/1.1" 200 1479680 "-" "Mozilla/4.0 (compatible; MSIE 6.0; Windows NT 5.1; {847349BE-A247-4214-9B17-790C03538976}; SV1; .NET CLR 1.1.4322)"
200.234.204.224 - - [06/Mar/2005:01:10:09 +0000] "GET /view/person/4006.include HTTP/1.0" 200 603 "-" "-"
200.234.204.224 - - [06/Mar/2005:01:10:14 +0000] "GET /view/person/6855.include HTTP/1.0" 404 4890 "-" "-"
200.234.204.224 - - [06/Mar/2005:01:10:19 +0000] "GET /perl/local/ecs_latest?n=6 HTTP/1.0" 200 809 "-" "-"
198.235.195.147 - - [06/Mar/2005:01:10:22 +0000] "GET /perl/users/staff/edit_eprint?eprintid=1111&dataset=archive HTTP/1.1" 401 4942 "-" "Googlebot/2.1 (+http://www.google.com/bot.html)"
200.234.204.224 - - [06/Mar/2005:01:10:22 +0000] "GET /perl/local/ecs_latest?n=6 HTTP/1.0" 200 809 "-" "-"
200.234.204.224 - - [06/Mar/2005:01:10:29 +0000] "GET /view/person/5861.include HTTP/1.0" 200 721 "-" "-"
198.235.195.147 - - [06/Mar/2005:01:10:38 +0000] "GET /perl/users/staff/edit_eprint?eprintid=2534&dataset=archive HTTP/1.1" 401 4942 "-" "Googlebot/2.1 (+http://www.google.com/bot.html)"
200.234.192.196 - - [06/Mar/2005:01:10:43 +0000] "GET /perl/latest_tool?output=rss&n=10 HTTP/1.0" 200 5591 "-" "-"
200.234.204.224 - - [06/Mar/2005:01:10:46 +0000] "GET /view/person/5031.include HTTP/1.0" 404 4890 "-" "-"
200.234.204.224 - - [06/Mar/2005:01:11:05 +0000] "GET /view/person/5863.include HTTP/1.0" 404 4890 "-" "-"
200.234.204.224 - - [06/Mar/2005:01:11:07 +0000] "GET /perl/local/ecs_latest?n=6 HTTP/1.0" 200 809 "-" "-"
198.235.195.147 - - [06/Mar/2005:01:11:09 +0000] "GET /perl/users/staff/edit_eprint?eprintid=2397&dataset=archive HTTP/1.1" 401 4942 "-" "Googlebot/2.1 (+http://www.google.com/bot.html)"
200.234.204.224 - - [06/Mar/2005:01:11:23 +0000] "GET /view/person/6758.include HTTP/1.0" 404 4890 "-" "-"
198.235.195.147 - - [06/Mar/2005:01:11:26 +0000] "GET /secure/00003599/01/IEEEvol32no3May1996page1433.pdf HTTP/1.1" 401 4942 "-" "Googlebot/2.1 (+http://www.google.com/bot.html)"
200.234.204.224 - - [06/Mar/2005:01:11:41 +0000] "GET /view/person/4939.include HTTP/1.0" 200 599 "-" "-"
198.235.195.147 - - [06/Mar/2005:01:11:47 +0000] "GET /perl/users/staff/edit_eprint?eprintid=8992&dataset=archive HTTP/1.1" 401 4942 "-" "Googlebot/2.1 (+http://www.google.com/bot.html)"
218.74.176.1 - - [06/Mar/2005:01:11:49 +0000] "GET /archive/00007432/ HTTP/1.1" 200 5 "" "Mozilla/2.0 (compatible; MSIE 2.0)"
218.74.176.1 - - [06/Mar/2005:01:11:49 +0000] "GET /7432/ HTTP/1.1" 200 10896 "" "Mozilla/2.0 (compatible; MSIE 2.0)"
198.235.195.147 - - [06/Mar/2005:01:11:51 +0000] "GET /perl/users/staff/edit_eprint?eprintid=8343&dataset=archive HTTP/1.1" 401 4942 "-" "Googlebot/2.1 (+http://www.google.com/bot.html)"
200.234.204.224 - - [06/Mar/2005:01:11:57 +0000] "GET /view/person/6760.include HTTP/1.0" 404 4890 "-" "-"
204.170.235.57 - - [06/Mar/2005:01:12:00 +0000] "GET /perl/local/jerome_url?url=/robots.txt HTTP/1.0" 200 5046 "-" "Mozilla/5.0 (compatible; Yahoo! Slurp; http://help.yahoo.com/help/us/ysearch/slurp)"
204.170.238.126 - - [06/Mar/2005:01:12:01 +0000] "GET /perl/local/jerome_url?url=/records/2934 HTTP/1.0" 200 0 "-" "Mozilla/5.0 (compatible; Yahoo! Slurp; http://help.yahoo.com/help/us/ysearch/slurp)"
204.170.238.126 - - [06/Mar/2005:01:12:01 +0000] "GET /2233/ HTTP/1.0" 200 7046 "-" "Mozilla/5.0 (compatible; Yahoo! Slurp; http://help.yahoo.com/help/us/ysearch/slurp)"
200.234.204.224 - - [06/Mar/2005:01:12:16 +0000] "GET /view/person/6762.include HTTP/1.0" 404 4890 "-" "-"
200.234.192.196 - - [06/Mar/2005:01:12:24 +0000] "GET /perl/latest_tool?output=rss&n=10 HTTP/1.0" 200 5591 "-" "-"
200.234.204.224 - - [06/Mar/2005:01:12:34 +0000] "GET /view/person/4333.include HTTP/1.0" 404 4890 "-" "-"
200.234.204.224 - - [06/Mar/2005:01:12:39 +0000] "GET /view/person/6926.include HTTP/1.0" 404 4890 "-" "-"
200.234.204.224 - - [06/Mar/2005:01:12:57 +0000] "GET /view/person/6000.include HTTP/1.0" 404 4890 "-" "-"
200.234.204.224 - - [06/Mar/2005:01:13:08 +0000] "GET /view/person/2355.include HTTP/1.0" 200 121597 "-" "-"
200.234.204.224 - - [06/Mar/2005:01:13:15 +0000] "GET /view/person/6777.include HTTP/1.0" 404 4890 "-" "-"
200.234.204.224 - - [06/Mar/2005:01:13:22 +0000] "GET /view/person/13.include HTTP/1.0" 200 260384 "-" "-"
200.234.204.224 - - [06/Mar/2005:01:13:28 +0000] "GET /perl/latest_tool?mode=thesis&mainonly=yes&n=1 HTTP/1.0" 200 379 "-" "-"
200.234.204.224 - - [06/Mar/2005:01:13:28 +0000] "GET /perl/latest_tool?mode=noimg&mainonly=yes&n=5 HTTP/1.0" 200 1536 "-" "-"
200.234.204.224 - - [06/Mar/2005:01:13:35 +0000] "GET /view/person/3955.include HTTP/1.0" 200 684 "-" "-"
200.234.204.224 - - [06/Mar/2005:01:13:54 +0000] "GET /view/person/6890.include HTTP/1.0" 404 4890 "-" "-"
200.234.192.196 - - [06/Mar/2005:01:14:05 +0000] "GET /perl/latest_tool?output=rss&n=10 HTTP/1.0" 200 5591 "-" "-"
200.234.204.224 - - [06/Mar/2005:01:14:06 +0000] "GET /perl/local/ecs_latest?n=6 HTTP/1.0" 200 809 "-" "-"
200.234.204.224 - - [06/Mar/2005:01:14:13 +0000] "GET /view/person/7065.include HTTP/1.0" 404 4890 "-" "-"
200.234.204.224 - - [06/Mar/2005:01:14:27 +0000] "GET /view/person/6804.include HTTP/1.0" 404 4890 "-" "-"
198.235.195.147 - - [06/Mar/2005:01:14:28 +0000] "GET /perl/users/staff/edit_eprint?eprintid=2445&dataset=archive HTTP/1.1" 401 4942 "-" "Googlebot/2.1 (+http://www.google.com/bot.html)"
200.234.204.224 - - [06/Mar/2005:01:14:42 +0000] "GET /view/person/6810.include HTTP/1.0" 404 4890 "-" "-"
200.234.204.224 - - [06/Mar/2005:01:14:56 +0000] "GET /view/person/4914.include HTTP/1.0" 200 632 "-" "-"
200.234.204.224 - - [06/Mar/2005:01:15:08 +0000] "GET /perl/local/ecs_latest?n=6 HTTP/1.0" 200 809 "-" "-"
200.234.204.224 - - [06/Mar/2005:01:15:10 +0000] "GET /view/person/1251.include HTTP/1.0" 200 7902 "-" "-"
200.234.204.224 - - [06/Mar/2005:01:15:18 +0000] "GET /view/person/4938.include HTTP/1.0" 200 736 "-" "-"
207.221.53.4 - - [06/Mar/2005:01:15:21 +0000] "GET /9058/02/paper06.pdf HTTP/1.1" 200 186606 "-" "Mozilla/4.0 (compatible; MSIE 6.0; Windows NT 5.1)"
200.234.204.224 - - [06/Mar/2005:01:15:23 +0000] "GET /view/person/4294.include HTTP/1.0" 200 713 "-" "-"
198.76.14.98 - - [06/Mar/2005:01:15:30 +0000] "GET /9799 HTTP/1.0" 200 0 "-" "Mozilla/5.0 (compatible; Yahoo! Slurp; http://help.yahoo.com/help/us/ysearch/slurp)"
198.76.14.98 - - [06/Mar/2005:01:15:33 +0000] "GET /9799/ HTTP/1.0" 200 6702 "-" "Mozilla/5.0 (compatible; Yahoo! Slurp; http://help.yahoo.com/help/us/ysearch/slurp)"
200.234.204.224 - - [06/Mar/2005:01:15:46 +0000] "GET /view/person/3653.include HTTP/1.0" 200 5449 "-" "-"
200.234.192.196 - - [06/Mar/2005:01:15:46 +0000] "GET /perl/latest_tool?output=rss&n=10 HTTP/1.0" 200 5591 "-" "-"
200.234.204.224 - - [06/Mar/2005:01:15:47 +0000] "GET /view/person/2297.include HTTP/1.0" 200 21160 "-" "-"
198.235.195.147 - - [06/Mar/2005:01:15:51 +0000] "GET /perl/users/staff/edit_eprint?eprintid=10292&dataset=archive HTTP/1.1" 401 4942 "-" "Googlebot/2.1 (+http://www.google.com/bot.html)"
198.235.195.147 - - [06/Mar/2005:01:15:59 +0000] "GET /perl/users/staff/edit_eprint?eprintid=2035&dataset=archive HTTP/1.1" 401 4942 "-" "Googlebot/2.1 (+http://www.google.com/bot.html)"
200.234.204.224 - - [06/Mar/2005:01:16:00 +0000] "GET /view/person/2659.include HTTP/1.0" 200 2995 "-" "-"
200.234.204.224 - - [06/Mar/2005:01:16:13 +0000] "GET /view/person/4191.include HTTP/1.0" 200 1639 "-" "-"
200.234.204.224 - - [06/Mar/2005:01:16:15 +0000] "GET /view/person/2692.include HTTP/1.0" 200 2065 "-" "-"
198.235.195.147 - - [06/Mar/2005:01:16:23 +0000] "GET /perl/users/staff/edit_eprint?eprintid=4532&dataset=archive HTTP/1.1" 401 4942 "-" "Googlebot/2.1 (+http://www.google.com/bot.html)"
200.234.204.224 - - [06/Mar/2005:01:16:26 +0000] "GET /view/person/46.include HTTP/1.0" 200 52380 "-" "-"
200.234.204.224 - - [06/Mar/2005:01:16:30 +0000] "GET /view/person/2669.include HTTP/1.0" 200 4728 "-" "-"
204.170.235.40 - - [06/Mar/2005:01:16:30 +0000] "GET /6369 HTTP/1.0" 200 0 "-" "Mozilla/5.0 (compatible; Yahoo! Slurp; http://help.yahoo.com/help/us/ysearch/slurp)"
204.170.235.40 - - [06/Mar/2005:01:16:31 +0000] "GET /6369/ HTTP/1.0" 200 6922 "-" "Mozilla/5.0 (compatible; Yahoo! Slurp; http://help.yahoo.com/help/us/ysearch/slurp)"
200.234.204.224 - - [06/Mar/2005:01:16:45 +0000] "GET /view/person/3597.include HTTP/1.0" 200 2078 "-" "-"
198.235.195.147 - - [06/Mar/2005:01:16:56 +0000] "GET /perl/users/staff/edit_eprint?eprintid=507&dataset=archive HTTP/1.1" 401 4942 "-" "Googlebot/2.1 (+http://www.google.com/bot.html)"
200.234.204.224 - - [06/Mar/2005:01:17:00 +0000] "GET /view/person/3325.include HTTP/1.0" 200 3663 "-" "-"
200.234.204.224 - - [06/Mar/2005:01:17:10 +0000] "GET /view/person/3494.include HTTP/1.0" 200 1945 "-" "-"
200.234.204.224 - - [06/Mar/2005:01:17:13 +0000] "GET /perl/local/ecs_latest?n=6 HTTP/1.0" 200 809 "-" "-"
200.234.204.224 - - [06/Mar/2005:01:17:21 +0000] "GET /perl/latest_tool?mode=thesis&mainonly=yes&n=1 HTTP/1.0" 200 379 "-" "-"
200.234.204.224 - - [06/Mar/2005:01:17:22 +0000] "GET /perl/latest_tool?mode=noimg&mainonly=yes&n=5 HTTP/1.0" 200 1536 "-" "-"
200.234.204.224 - - [06/Mar/2005:01:17:22 +0000] "GET /view/person/4394.include HTTP/1.0" 404 4890 "-" "-"
200.234.192.196 - - [06/Mar/2005:01:17:27 +0000] "GET /perl/latest_tool?output=rss&n=10 HTTP/1.0" 200 5591 "-" "-"
200.234.204.224 - - [06/Mar/2005:01:17:37 +0000] "GET /view/person/4947.include HTTP/1.0" 200 2723 "-" "-"
200.234.204.224 - - [06/Mar/2005:01:17:41 +0000] "GET /view/person/3671.include HTTP/1.0" 200 11369 "-" "-"
198.235.195.147 - - [06/Mar/2005:01:17:51 +0000] "GET /perl/users/staff/edit_eprint?eprintid=4894&dataset=archive HTTP/1.1" 401 4942 "-" "Googlebot/2.1 (+http://www.google.com/bot.html)"
200.234.204.224 - - [06/Mar/2005:01:17:52 +0000] "GET /view/person/5860.include HTTP/1.0" 200 2789 "-" "-"
198.235.195.147 - - [06/Mar/2005:01:17:56 +0000] "GET /perl/users/staff/edit_eprint?eprintid=1636&dataset=archive HTTP/1.1" 401 4942 "-" "Googlebot/2.1 (+http://www.google.com/bot.html)"
207.230.60.220 - - [06/Mar/2005:01:18:20 +0000] "GET /2691/ HTTP/1.1" 200 26289 "http://www.google.com/search?q=%22Eastmond%22+%22Alone+but+together%22" "Mozilla/5.0 (Windows; U; Windows NT 5.1; en-US; rv:1.7.5) Gecko/20041107 Firefox/1.0"
207.230.60.220 - - [06/Mar/2005:01:18:20 +0000] "GET /eprints.css HTTP/1.1" 200 3333 "http://eprints.ecs.soton.ac.uk/2691/" "Mozilla/5.0 (Windows; U; Windows NT 5.1; en-US; rv:1.7.5) Gecko/20041107 Firefox/1.0"
207.230.60.220 - - [06/Mar/2005:01:18:23 +0000] "GET /images/reflink.png HTTP/1.1" 200 353 "http://eprints.ecs.soton.ac.uk/2691/" "Mozilla/5.0 (Windows; U; Windows NT 5.1; en-US; rv:1.7.5) Gecko/20041107 Firefox/1.0"
207.230.60.220 - - [06/Mar/2005:01:18:25 +0000] "GET /favicon.ico HTTP/1.1" 404 5168 "-" "Mozilla/5.0 (Windows; U; Windows NT 5.1; en-US; rv:1.7.5) Gecko/20041107 Firefox/1.0"
200.234.204.224 - - [06/Mar/2005:01:18:28 +0000] "GET /perl/latest_tool?mode=thesis&mainonly=yes&n=1 HTTP/1.0" 200 379 "-" "-"
200.234.204.224 - - [06/Mar/2005:01:18:29 +0000] "GET /perl/latest_tool?mode=noimg&mainonly=yes&n=5 HTTP/1.0" 200 1536 "-" "-"
200.234.204.224 - - [06/Mar/2005:01:18:31 +0000] "GET /view/person/4744.include HTTP/1.0" 404 4890 "-" "-"
207.230.60.220 - - [06/Mar/2005:01:18:36 +0000] "GET /2691/01/Computers%5Fand%5FEducation%5Fpaper1.doc HTTP/1.1" 200 68608 "http://eprints.ecs.soton.ac.uk/2691/" "Mozilla/5.0 (Windows; U; Windows NT 5.1; en-US; rv:1.7.5) Gecko/20041107 Firefox/1.0"
198.235.195.147 - - [06/Mar/2005:01:18:45 +0000] "GET /perl/users/staff/edit_eprint?eprintid=4719&dataset=archive HTTP/1.1" 401 4942 "-" "Googlebot/2.1 (+http://www.google.com/bot.html)"
198.235.195.147 - - [06/Mar/2005:01:18:57 +0000] "GET /perl/users/staff/edit_eprint?eprintid=9538&dataset=archive HTTP/1.1" 401 4942 "-" "Googlebot/2.1 (+http://www.google.com/bot.html)"
200.234.204.224 - - [06/Mar/2005:01:18:58 +0000] "GET /view/person/5468.include HTTP/1.0" 404 4890 "-" "-"
204.144.162.134 - - [06/Mar/2005:01:19:04 +0000] "GET /6908/ HTTP/1.1" 200 9762 "http://www.google.com/search?hl=en&lr=&q=%22UML+to+CSP%22+tools" "Mozilla/4.0 (compatible; MSIE 6.0; Windows NT 5.1)"
204.144.162.134 - - [06/Mar/2005:01:19:04 +0000] "GET /eprints.css HTTP/1.1" 200 3333 "http://eprints.ecs.soton.ac.uk/6908/" "Mozilla/4.0 (compatible; MSIE 6.0; Windows NT 5.1)"
200.234.192.196 - - [06/Mar/2005:01:19:08 +0000] "GET /perl/latest_tool?output=rss&n=10 HTTP/1.0" 200 5591 "-" "-"
198.76.14.109 - - [06/Mar/2005:01:19:14 +0000] "GET /archive/00008593 HTTP/1.0" 200 0 "-" "Mozilla/5.0 (compatible; Yahoo! Slurp; http://help.yahoo.com/help/us/ysearch/slurp)"
198.76.14.109 - - [06/Mar/2005:01:19:15 +0000] "GET /8593/ HTTP/1.0" 200 31007 "-" "Mozilla/5.0 (compatible; Yahoo! Slurp; http://help.yahoo.com/help/us/ysearch/slurp)"
204.144.162.134 - - [06/Mar/2005:01:19:33 +0000] "GET /6908/01/Visualizing%5FCSP%5Fin%5FUML.ps HTTP/1.1" 200 196780 "http://eprints.ecs.soton.ac.uk/6908/" "Mozilla/4.0 (compatible; MSIE 6.0; Windows NT 5.1)"
198.235.195.147 - - [06/Mar/2005:01:19:39 +0000] "GET /perl/users/staff/edit_eprint?eprintid=6005&dataset=archive HTTP/1.1" 401 4942 "-" "Googlebot/2.1 (+http://www.google.com/bot.html)"
198.235.195.147 - - [06/Mar/2005:01:19:41 +0000] "GET /perl/users/staff/edit_eprint?eprintid=466&dataset=archive HTTP/1.1" 401 4942 "-" "Googlebot/2.1 (+http://www.google.com/bot.html)"
198.235.195.147 - - [06/Mar/2005:01:19:42 +0000] "GET /853/06/html/papers/vim97.htm HTTP/1.1" 404 5185 "-" "Googlebot/2.1 (+http://www.google.com/bot.html)"
198.235.195.147 - - [06/Mar/2005:01:19:43 +0000] "GET /perl/users/staff/edit_eprint?eprintid=343&dataset=archive HTTP/1.1" 401 4942 "-" "Googlebot/2.1 (+http://www.google.com/bot.html)"
198.235.195.147 - - [06/Mar/2005:01:19:56 +0000] "GET /perl/users/staff/edit_eprint?eprintid=8373&dataset=archive HTTP/1.1" 401 4942 "-" "Googlebot/2.1 (+http://www.google.com/bot.html)"
207.230.60.220 - - [06/Mar/2005:01:19:56 +0000] "GET /2691/01/Computers_and_Education_paper1.doc HTTP/1.1" 200 68608 "http://www.google.com/u/ecs?q=humor+and+CMC&x=0&y=0" "Mozilla/5.0 (Windows; U; Windows NT 5.1; en-US; rv:1.7.5) Gecko/20041107 Firefox/1.0"
200.234.204.224 - - [06/Mar/2005:01:20:07 +0000] "GET /perl/local/ecs_latest?n=6 HTTP/1.0" 200 809 "-" "-"
198.235.195.147 - - [06/Mar/2005:01:20:14 +0000] "GET /perl/users/staff/edit_eprint?eprintid=6555&dataset=archive HTTP/1.1" 401 4942 "-" "Googlebot/2.1 (+http://www.google.com/bot.html)"
200.234.204.224 - - [06/Mar/2005:01:20:34 +0000] "GET /perl/local/ecs_latest?n=6 HTTP/1.0" 200 809 "-" "-"
200.234.192.196 - - [06/Mar/2005:01:20:49 +0000] "GET /perl/latest_tool?output=rss&n=10 HTTP/1.0" 200 5591 "-" "-"
198.235.195.147 - - [06/Mar/2005:01:20:57 +0000] "GET /perl/users/staff/edit_eprint?eprintid=4585&dataset=archive HTTP/1.1" 401 4942 "-" "Googlebot/2.1 (+http://www.google.com/bot.html)"
115.145.183.21 - - [06/Mar/2005:01:20:59 +0000] "GET /10038/ HTTP/1.0" 200 9437 "http://www.google.com/search?hl=en&lr=&q=automatic+follow+spot" "Mozilla/4.0 (compatible; MSIE 6.0; Windows NT 5.1; SV1; .NET CLR 1.1.4322)"
115.145.183.21 - - [06/Mar/2005:01:20:59 +0000] "GET /eprints.css HTTP/1.0" 200 3333 "http://eprints.ecs.soton.ac.uk/10038/" "Mozilla/4.0 (compatible; MSIE 6.0; Windows NT 5.1; SV1; .NET CLR 1.1.4322)"
72.19.146.18 - - [06/Mar/2005:01:21:06 +0000] "GET /help/ HTTP/1.0" 200 27871 "-" "NP/0.1 (NP; http://www.nameprotect.com; npbot@nameprotect.com)"
198.235.195.147 - - [06/Mar/2005:01:21:32 +0000] "GET /perl/users/staff/edit_eprint?eprintid=107&dataset=archive HTTP/1.1" 401 4942 "-" "Googlebot/2.1 (+http://www.google.com/bot.html)"
198.235.195.147 - - [06/Mar/2005:01:21:38 +0000] "GET /perl/users/staff/edit_eprint?eprintid=3499&dataset=archive HTTP/1.1" 401 4942 "-" "Googlebot/2.1 (+http://www.google.com/bot.html)"
200.234.204.224 - - [06/Mar/2005:01:21:38 +0000] "GET /view/person/4918.include HTTP/1.0" 200 24316 "-" "-"
12.237.120.242 - - [06/Mar/2005:01:21:46 +0000] "GET /robots.txt HTTP/1.0" 404 5147 "-" "Holmes/1.0"
198.235.195.147 - - [06/Mar/2005:01:21:47 +0000] "GET /perl/users/staff/edit_eprint?eprintid=2083&dataset=archive HTTP/1.1" 401 4942 "-" "Googlebot/2.1 (+http://www.google.com/bot.html)"
198.235.195.147 - - [06/Mar/2005:01:22:14 +0000] "GET /perl/users/staff/edit_eprint?eprintid=6163&dataset=archive HTTP/1.1" 401 4942 "-" "Googlebot/2.1 (+http://www.google.com/bot.html)"
200.234.192.196 - - [06/Mar/2005:01:22:30 +0000] "GET /perl/latest_tool?output=rss&n=10 HTTP/1.0" 200 5591 "-" "-"
200.234.204.224 - - [06/Mar/2005:01:22:37 +0000] "GET /perl/local/ecs_latest?n=6 HTTP/1.0" 200 809 "-" "-"
198.76.195.165 - - [06/Mar/2005:01:22:39 +0000] "GET /archive/00007098/01/elk-lh-pimrc-2000.pdf HTTP/1.0" 200 0 "-" "Mozilla/5.0 (compatible; Yahoo! Slurp; http://help.yahoo.com/help/us/ysearch/slurp)"
198.76.195.165 - - [06/Mar/2005:01:22:41 +0000] "GET /7098/01/elk-lh-pimrc-2000.pdf HTTP/1.0" 200 433530 "-" "Mozilla/5.0 (compatible; Yahoo! Slurp; http://help.yahoo.com/help/us/ysearch/slurp)"
200.234.204.224 - - [06/Mar/2005:01:22:42 +0000] "GET /view/person/5080.include HTTP/1.0" 404 4890 "-" "-"
200.234.204.224 - - [06/Mar/2005:01:23:00 +0000] "GET /view/person/2783.include HTTP/1.0" 200 616 "-" "-"
12.237.120.25 - - [06/Mar/2005:01:23:04 +0000] "GET /2674/ HTTP/1.0" 200 6447 "-" "sherlock/1.0"
200.234.204.224 - - [06/Mar/2005:01:23:12 +0000] "GET /view/person/2755.include HTTP/1.0" 404 4890 "-" "-"
198.235.195.147 - - [06/Mar/2005:01:23:24 +0000] "GET /perl/users/staff/edit_eprint?eprintid=6912&dataset=archive HTTP/1.1" 401 4942 "-" "Googlebot/2.1 (+http://www.google.com/bot.html)"
200.234.204.224 - - [06/Mar/2005:01:23:25 +0000] "GET /view/person/4391.include HTTP/1.0" 404 4890 "-" "-"
200.234.204.224 - - [06/Mar/2005:01:23:27 +0000] "GET /perl/local/ecs_latest?n=6 HTTP/1.0" 200 809 "-" "-"
200.234.204.224 - - [06/Mar/2005:01:23:28 +0000] "GET /perl/latest_tool?mode=thesis&mainonly=yes&n=1 HTTP/1.0" 200 379 "-" "-"
200.234.204.224 - - [06/Mar/2005:01:23:29 +0000] "GET /perl/latest_tool?mode=noimg&mainonly=yes&n=5 HTTP/1.0" 200 1536 "-" "-"
198.235.195.147 - - [06/Mar/2005:01:23:33 +0000] "GET /perl/users/staff/edit_eprint?eprintid=1811&dataset=archive HTTP/1.1" 401 4942 "-" "Googlebot/2.1 (+http://www.google.com/bot.html)"
200.234.204.224 - - [06/Mar/2005:01:23:37 +0000] "GET /view/person/7036.include HTTP/1.0" 404 4890 "-" "-"
200.234.204.224 - - [06/Mar/2005:01:23:52 +0000] "GET /view/person/1221.include HTTP/1.0" 404 4890 "-" "-"
198.235.195.147 - - [06/Mar/2005:01:23:53 +0000] "GET /perl/users/staff/edit_eprint?eprintid=6171&dataset=archive HTTP/1.1" 401 4942 "-" "Googlebot/2.1 (+http://www.google.com/bot.html)"
198.235.195.147 - - [06/Mar/2005:01:23:56 +0000] "GET /perl/users/staff/edit_eprint?eprintid=6869&dataset=archive HTTP/1.1" 401 4942 "-" "Googlebot/2.1 (+http://www.google.com/bot.html)"
200.234.192.196 - - [06/Mar/2005:01:24:11 +0000] "GET /perl/latest_tool?output=rss&n=10 HTTP/1.0" 200 5591 "-" "-"
200.234.204.224 - - [06/Mar/2005:01:24:16 +0000] "GET /view/person/307.include HTTP/1.0" 200 5002 "-" "-"
