200.234.204.224 - - [06/Mar/2005:00:00:47 +0000] "GET /view/person/34.include HTTP/1.0" 200 114786 "-" "-"
200.234.204.224 - - [06/Mar/2005:00:00:47 +0000] "GET /view/person/4597.include HTTP/1.0" 404 4890 "-" "-"
200.234.204.224 - - [06/Mar/2005:00:00:47 +0000] "GET /view/person/4597.include HTTP/1.0" 404 4890 "-" "-"
198.235.195.147 - - [06/Mar/2005:00:00:47 +0000] "GET /perl/users/staff/edit_eprint?eprintid=104&dataset=archive HTTP/1.1" 401 4942 "-" "Googlebot/2.1 (+http://www.google.com/bot.html)"
201.114.211.47 - - [06/Mar/2005:00:00:53 +0000] "GET / HTTP/1.1" 200 10949 "http://eprints.ecs.soton.ac.uk/10359/" "Mozilla/5.0 (Windows; U; Windows NT 5.1; en-US; rv:1.7.6) Gecko/20050223 Firefox/1.0.1"
201.114.211.47 - - [06/Mar/2005:00:00:53 +0000] "GET /eprints.css HTTP/1.1" 304 - "http://eprints.ecs.soton.ac.uk/" "Mozilla/5.0 (Windows; U; Windows NT 5.1; en-US; rv:1.7.6) Gecko/20050223 Firefox/1.0.1"
201.114.211.47 - - [06/Mar/2005:00:00:54 +0000] "GET /images/logo_small.gif HTTP/1.1" 200 5939 "http://eprints.ecs.soton.ac.uk/" "Mozilla/5.0 (Windows; U; Windows NT 5.1; en-US; rv:1.7.6) Gecko/20050223 Firefox/1.0.1"
201.114.211.47 - - [06/Mar/2005:00:00:54 +0000] "GET /favicon.ico HTTP/1.1" 404 5168 "-" "Mozilla/5.0 (Windows; U; Windows NT 5.1; en-US; rv:1.7.6) Gecko/20050223 Firefox/1.0.1"
200.234.204.224 - - [06/Mar/2005:00:00:57 +0000] "GET /view/person/5856.include HTTP/1.0" 200 1059 "-" "-"
200.234.204.224 - - [06/Mar/2005:00:01:11 +0000] "GET /view/person/3661.include HTTP/1.0" 200 3174 "-" "-"
200.234.192.196 - - [06/Mar/2005:00:01:38 +0000] "GET /perl/latest_tool?output=rss&n=10 HTTP/1.0" 200 5591 "-" "-"
198.235.195.147 - - [06/Mar/2005:00:01:44 +0000] "GET /perl/users/staff/edit_eprint?eprintid=7790&dataset=archive HTTP/1.1" 401 4942 "-" "Googlebot/2.1 (+http://www.google.com/bot.html)"
200.234.204.224 - - [06/Mar/2005:00:01:49 +0000] "GET /perl/local/ecs_latest?n=6 HTTP/1.0" 200 809 "-" "-"
192.186.248.99 - - [06/Mar/2005:00:01:54 +0000] "GET /robots.txt HTTP/1.0" 404 5147 "-" "Gigabot/2.0"
192.186.248.198 - - [06/Mar/2005:00:01:54 +0000] "GET /8584/ HTTP/1.0" 200 10752 "-" "Gigabot/2.0"
200.234.204.224 - - [06/Mar/2005:00:02:13 +0000] "GET /view/person/5856.include HTTP/1.0" 200 1059 "-" "-"
200.234.204.224 - - [06/Mar/2005:00:02:18 +0000] "GET /view/person/6294.include HTTP/1.0" 404 4890 "-" "-"
200.234.204.224 - - [06/Mar/2005:00:02:27 +0000] "GET /view/projects/toia.include HTTP/1.0" 404 4890 "-" "-"
243.59.248.244 - - [06/Mar/2005:00:02:36 +0000] "GET /10633/ HTTP/1.1" 200 9116 "http://www.ecs.soton.ac.uk/" "Mozilla/4.0 (compatible; MSIE 6.0; Windows NT 5.1; SV1)"
243.59.248.244 - - [06/Mar/2005:00:02:36 +0000] "GET /eprints.css HTTP/1.1" 200 3333 "http://eprints.ecs.soton.ac.uk/10633/" "Mozilla/4.0 (compatible; MSIE 6.0; Windows NT 5.1; SV1)"
200.234.204.224 - - [06/Mar/2005:00:02:47 +0000] "GET /view/person/1730.include HTTP/1.0" 200 14942 "-" "-"
204.170.235.115 - - [06/Mar/2005:00:02:57 +0000] "GET /records/1409 HTTP/1.0" 404 0 "-" "Mozilla/5.0 (compatible; Yahoo! Slurp; http://help.yahoo.com/help/us/ysearch/slurp)"
204.170.235.115 - - [06/Mar/2005:00:03:00 +0000] "GET /787/ HTTP/1.0" 200 9278 "-" "Mozilla/5.0 (compatible; Yahoo! Slurp; http://help.yahoo.com/help/us/ysearch/slurp)"
198.76.195.159 - - [06/Mar/2005:00:03:01 +0000] "GET /robots.txt HTTP/1.0" 404 5147 "-" "Mozilla/5.0 (compatible; Yahoo! Slurp; http://help.yahoo.com/help/us/ysearch/slurp)"
198.76.195.165 - - [06/Mar/2005:00:03:02 +0000] "GET /8204 HTTP/1.0" 200 0 "-" "Mozilla/5.0 (compatible; Yahoo! Slurp; http://help.yahoo.com/help/us/ysearch/slurp)"
198.76.195.165 - - [06/Mar/2005:00:03:03 +0000] "GET /8204/ HTTP/1.0" 200 44482 "-" "Mozilla/5.0 (compatible; Yahoo! Slurp; http://help.yahoo.com/help/us/ysearch/slurp)"
198.76.17.87 - - [06/Mar/2005:00:03:04 +0000] "GET /9640 HTTP/1.0" 200 0 "-" "Mozilla/5.0 (compatible; Yahoo! Slurp; http://help.yahoo.com/help/us/ysearch/slurp)"
198.76.17.87 - - [06/Mar/2005:00:03:04 +0000] "GET /9640/ HTTP/1.0" 200 7045 "-" "Mozilla/5.0 (compatible; Yahoo! Slurp; http://help.yahoo.com/help/us/ysearch/slurp)"
200.234.204.224 - - [06/Mar/2005:00:03:05 +0000] "GET /view/person/5743.include HTTP/1.0" 200 7456 "-" "-"
200.234.204.224 - - [06/Mar/2005:00:03:15 +0000] "GET /perl/local/ecs_latest?n=6 HTTP/1.0" 200 809 "-" "-"
200.234.192.196 - - [06/Mar/2005:00:03:19 +0000] "GET /perl/latest_tool?output=rss&n=10 HTTP/1.0" 200 5591 "-" "-"
200.234.204.224 - - [06/Mar/2005:00:03:22 +0000] "GET /perl/latest_tool?mode=thesis&mainonly=yes&n=1 HTTP/1.0" 200 379 "-" "-"
200.234.204.224 - - [06/Mar/2005:00:03:22 +0000] "GET /view/person/5139.include HTTP/1.0" 200 8230 "-" "-"
200.234.204.224 - - [06/Mar/2005:00:03:22 +0000] "GET /perl/latest_tool?mode=noimg&mainonly=yes&n=5 HTTP/1.0" 200 1536 "-" "-"
200.234.204.224 - - [06/Mar/2005:00:03:38 +0000] "GET /view/projects/sculpteur.include HTTP/1.0" 404 4890 "-" "-"
200.234.204.224 - - [06/Mar/2005:00:03:46 +0000] "GET /view/person/33.include HTTP/1.0" 200 106421 "-" "-"
139.206.223.163 - - [06/Mar/2005:00:04:00 +0000] "GET /perl/local/jerome_url?url=/records/3027 HTTP/1.1" 200 5 "http://www.bib.ecs.soton.ac.uk/records/3027" "HenryTheMiragoRobot (http://www.miragorobot.com/scripts/mrinfo.asp)"
200.234.204.224 - - [06/Mar/2005:00:04:01 +0000] "GET /view/person/5856.include HTTP/1.0" 200 1059 "-" "-"
200.234.204.224 - - [06/Mar/2005:00:04:01 +0000] "GET /view/person/6094.include HTTP/1.0" 200 3787 "-" "-"
198.235.195.147 - - [06/Mar/2005:00:04:07 +0000] "GET /perl/users/staff/edit_eprint?eprintid=1241&dataset=archive HTTP/1.1" 401 4942 "-" "Googlebot/2.1 (+http://www.google.com/bot.html)"
139.206.223.163 - - [06/Mar/2005:00:04:11 +0000] "GET /2319/ HTTP/1.1" 200 6804 "http://www.bib.ecs.soton.ac.uk/records/3027" "HenryTheMiragoRobot (http://www.miragorobot.com/scripts/mrinfo.asp)"
200.234.204.224 - - [06/Mar/2005:00:04:19 +0000] "GET /view/person/4928.include HTTP/1.0" 404 4890 "-" "-"
198.235.195.147 - - [06/Mar/2005:00:04:20 +0000] "GET /perl/users/staff/edit_eprint?eprintid=2415&dataset=archive HTTP/1.1" 401 4942 "-" "Googlebot/2.1 (+http://www.google.com/bot.html)"
188.220.64.185 - - [06/Mar/2005:00:04:23 +0000] "GET /5716/01/19sac02-blogh.pdf HTTP/1.1" 200 36189 "http://www.google.com.mx/search?hl=es&q=lolias+new&meta=" "Mozilla/4.0 (compatible; MSIE 6.0; Windows NT 5.1; SV1)"
200.234.204.224 - - [06/Mar/2005:00:04:34 +0000] "GET /view/person/5049.include HTTP/1.0" 200 3481 "-" "-"
200.234.204.224 - - [06/Mar/2005:00:04:36 +0000] "GET /view/person/2658.include HTTP/1.0" 200 14420 "-" "-"
198.76.14.140 - - [06/Mar/2005:00:04:48 +0000] "GET /perl/users/staff/edit_eprint?eprintid=10064&dataset=archive HTTP/1.0" 401 4942 "-" "Mozilla/5.0 (compatible; Yahoo! Slurp; http://help.yahoo.com/help/us/ysearch/slurp)"
243.215.81.251 - - [06/Mar/2005:00:04:49 +0000] "GET /1285/ HTTP/1.1" 200 10337 "http://www.google.co.uk/search?q=basic+concept+of+multimedia+communications&hl=en&lr=&start=10&sa=N" "Mozilla/4.0 (compatible; MSIE 6.0; Windows NT 5.1; .NET CLR 1.0.3705; .NET CLR 1.1.4322)"
243.215.81.251 - - [06/Mar/2005:00:04:49 +0000] "GET /eprints.css HTTP/1.1" 200 3333 "http://eprints.ecs.soton.ac.uk/1285/" "Mozilla/4.0 (compatible; MSIE 6.0; Windows NT 5.1; .NET CLR 1.0.3705; .NET CLR 1.1.4322)"
200.234.192.196 - - [06/Mar/2005:00:05:01 +0000] "GET /perl/latest_tool?output=rss&n=10 HTTP/1.0" 200 5591 "-" "-"
192.186.248.189 - - [06/Mar/2005:00:05:05 +0000] "GET /710/ HTTP/1.0" 200 9287 "-" "Gigabot/2.0"
200.234.204.224 - - [06/Mar/2005:00:05:05 +0000] "GET /view/person/6310.include HTTP/1.0" 200 3310 "-" "-"
198.235.195.147 - - [06/Mar/2005:00:05:14 +0000] "GET /perl/users/staff/edit_eprint?eprintid=2833&dataset=archive HTTP/1.1" 401 4942 "-" "Googlebot/2.1 (+http://www.google.com/bot.html)"
198.235.195.147 - - [06/Mar/2005:00:05:15 +0000] "GET /perl/users/staff/edit_eprint?eprintid=6257&dataset=archive HTTP/1.1" 401 4942 "-" "Googlebot/2.1 (+http://www.google.com/bot.html)"
243.215.81.251 - - [06/Mar/2005:00:05:15 +0000] "GET /1285/01/86proc07-hanzo.pdf HTTP/1.1" 200 109628 "http://eprints.ecs.soton.ac.uk/1285/" "Mozilla/4.0 (compatible; MSIE 6.0; Windows NT 5.1; .NET CLR 1.0.3705; .NET CLR 1.1.4322)"
198.235.195.147 - - [06/Mar/2005:00:05:18 +0000] "GET /perl/users/staff/edit_eprint?eprintid=3840&dataset=archive HTTP/1.1" 401 4942 "-" "Googlebot/2.1 (+http://www.google.com/bot.html)"
200.234.204.224 - - [06/Mar/2005:00:05:21 +0000] "GET /view/person/4955.include HTTP/1.0" 200 706 "-" "-"
243.215.81.251 - - [06/Mar/2005:00:05:26 +0000] "GET /1285/01/86proc07-hanzo.pdf HTTP/1.1" 206 678919 "-" "Mozilla/4.0 (compatible; MSIE 6.0; Windows NT 5.1; .NET CLR 1.0.3705; .NET CLR 1.1.4322)"
200.234.204.224 - - [06/Mar/2005:00:05:41 +0000] "GET /view/person/3546.include HTTP/1.0" 200 9258 "-" "-"
200.234.204.224 - - [06/Mar/2005:00:05:41 +0000] "GET /perl/local/ecs_latest?n=6 HTTP/1.0" 200 809 "-" "-"
198.235.195.147 - - [06/Mar/2005:00:05:52 +0000] "GET /perl/users/staff/edit_eprint?eprintid=953&dataset=archive HTTP/1.1" 401 4942 "-" "Googlebot/2.1 (+http://www.google.com/bot.html)"
200.234.204.224 - - [06/Mar/2005:00:05:59 +0000] "GET /view/person/2351.include HTTP/1.0" 200 114003 "-" "-"
200.234.204.224 - - [06/Mar/2005:00:06:18 +0000] "GET /view/person/6750.include HTTP/1.0" 200 692 "-" "-"
198.235.195.147 - - [06/Mar/2005:00:06:19 +0000] "GET /perl/users/staff/edit_eprint?eprintid=5639&dataset=archive HTTP/1.1" 401 4942 "-" "Googlebot/2.1 (+http://www.google.com/bot.html)"
240.163.36.216 - - [06/Mar/2005:00:06:30 +0000] "GET /149/ HTTP/1.1" 200 8460 "http://www.google.co.uk/search?hl=en&q=+egr+solenoid+valve&btnG=Search&meta=cr%3DcountryUK%7CcountryGB" "Mozilla/4.0 (compatible; MSIE 6.0; Windows NT 5.1; SV1; .NET CLR 1.1.4322)"
240.163.36.216 - - [06/Mar/2005:00:06:31 +0000] "GET /eprints.css HTTP/1.1" 200 3333 "http://eprints.ecs.soton.ac.uk/149/" "Mozilla/4.0 (compatible; MSIE 6.0; Windows NT 5.1; SV1; .NET CLR 1.1.4322)"
192.186.248.189 - - [06/Mar/2005:00:06:31 +0000] "GET /3681/ HTTP/1.0" 200 10201 "-" "Gigabot/2.0"
200.234.192.196 - - [06/Mar/2005:00:06:41 +0000] "GET /perl/latest_tool?output=rss&n=10 HTTP/1.0" 200 5591 "-" "-"
179.250.10.23 - - [06/Mar/2005:00:07:02 +0000] "GET /9123/01/paper.ps HTTP/1.0" 200 352584 "http://eprints.ecs.soton.ac.uk/9123/01/paper.ps" "Mozilla/4.0 (compatible; MSIE 5.5; Windows NT 5.0)"
192.186.248.204 - - [06/Mar/2005:00:07:22 +0000] "GET /6832/ HTTP/1.0" 200 10540 "-" "Gigabot/2.0"
198.235.195.147 - - [06/Mar/2005:00:07:23 +0000] "GET /perl/users/staff/edit_eprint?eprintid=4802&dataset=archive HTTP/1.1" 401 4942 "-" "Googlebot/2.1 (+http://www.google.com/bot.html)"
198.235.195.147 - - [06/Mar/2005:00:07:29 +0000] "GET /perl/users/staff/edit_eprint?eprintid=9935&dataset=archive HTTP/1.1" 401 4942 "-" "Googlebot/2.1 (+http://www.google.com/bot.html)"
109.138.38.138 - - [06/Mar/2005:00:07:46 +0000] "GET /7709/01/harnad00.language.html HTTP/1.0" 200 60873 "-" "msnbot/1.0 (+http://search.msn.com/msnbot.htm)"
198.235.195.147 - - [06/Mar/2005:00:07:59 +0000] "GET /perl/users/staff/edit_eprint?eprintid=143&dataset=archive HTTP/1.1" 401 4942 "-" "Googlebot/2.1 (+http://www.google.com/bot.html)"
200.234.204.224 - - [06/Mar/2005:00:08:24 +0000] "GET /perl/latest_tool?mode=thesis&mainonly=yes&n=1 HTTP/1.0" 200 379 "-" "-"
200.234.204.224 - - [06/Mar/2005:00:08:24 +0000] "GET /perl/latest_tool?mode=noimg&mainonly=yes&n=5 HTTP/1.0" 200 1536 "-" "-"
200.234.192.196 - - [06/Mar/2005:00:08:25 +0000] "GET /perl/latest_tool?output=rss&n=10 HTTP/1.0" 200 5591 "-" "-"
198.235.195.147 - - [06/Mar/2005:00:08:31 +0000] "GET /perl/users/staff/edit_eprint?eprintid=2934&dataset=archive HTTP/1.1" 401 4942 "-" "Googlebot/2.1 (+http://www.google.com/bot.html)"
200.234.204.224 - - [06/Mar/2005:00:08:37 +0000] "GET /view/person/6063.include HTTP/1.0" 200 1485 "-" "-"
192.186.248.204 - - [06/Mar/2005:00:09:04 +0000] "GET /4434/ HTTP/1.0" 200 6495 "-" "Gigabot/2.0"
139.206.223.163 - - [06/Mar/2005:00:09:08 +0000] "GET /perl/local/jerome_url?url=/records/3028 HTTP/1.1" 200 5 "http://www.bib.ecs.soton.ac.uk/records/3028" "HenryTheMiragoRobot (http://www.miragorobot.com/scripts/mrinfo.asp)"
200.234.204.224 - - [06/Mar/2005:00:09:08 +0000] "GET /perl/local/latestn?n=1:group=dsse&mainonly=yes HTTP/1.0" 200 392 "-" "-"
192.186.248.87 - - [06/Mar/2005:00:09:09 +0000] "GET /788/ HTTP/1.0" 200 9298 "-" "Gigabot/2.0"
200.234.204.224 - - [06/Mar/2005:00:09:15 +0000] "GET /view/person/474.include HTTP/1.0" 200 38201 "-" "-"
139.206.223.163 - - [06/Mar/2005:00:09:25 +0000] "GET /2320/ HTTP/1.1" 200 6736 "http://www.bib.ecs.soton.ac.uk/records/3028" "HenryTheMiragoRobot (http://www.miragorobot.com/scripts/mrinfo.asp)"
109.204.182.123 - - [06/Mar/2005:00:09:33 +0000] "GET /robots.txt HTTP/1.0" 404 5147 "-" "msnbot/1.0 (+http://search.msn.com/msnbot.htm)"
109.204.182.123 - - [06/Mar/2005:00:09:34 +0000] "GET /view/projects/ HTTP/1.0" 200 14888 "-" "msnbot/1.0 (+http://search.msn.com/msnbot.htm)"
200.234.204.224 - - [06/Mar/2005:00:09:38 +0000] "GET /perl/local/latestn?n=1:group=dsse&mainonly=yes HTTP/1.0" 200 392 "-" "-"
200.234.204.224 - - [06/Mar/2005:00:09:38 +0000] "GET /view/groups/group-dsse/2002.include HTTP/1.0" 200 22790 "-" "-"
200.234.204.224 - - [06/Mar/2005:00:10:06 +0000] "GET /view/person/2350.include HTTP/1.0" 200 30475 "-" "-"
200.234.192.196 - - [06/Mar/2005:00:10:07 +0000] "GET /perl/latest_tool?output=rss&n=10 HTTP/1.0" 200 5591 "-" "-"
200.234.204.224 - - [06/Mar/2005:00:10:40 +0000] "GET /view/person/60.include HTTP/1.0" 200 57626 "-" "-"
200.234.204.224 - - [06/Mar/2005:00:10:49 +0000] "GET /perl/latest_tool?mode=thesis&mainonly=yes&n=1 HTTP/1.0" 200 379 "-" "-"
200.234.204.224 - - [06/Mar/2005:00:10:49 +0000] "GET /perl/local/ecs_latest?n=6 HTTP/1.0" 200 809 "-" "-"
200.234.204.224 - - [06/Mar/2005:00:10:49 +0000] "GET /perl/latest_tool?mode=noimg&mainonly=yes&n=5 HTTP/1.0" 200 1536 "-" "-"
198.235.195.147 - - [06/Mar/2005:00:10:59 +0000] "GET /perl/users/staff/edit_eprint?eprintid=1815&dataset=archive HTTP/1.1" 401 4942 "-" "Googlebot/2.1 (+http://www.google.com/bot.html)"
204.170.235.57 - - [06/Mar/2005:00:11:13 +0000] "GET /perl/local/jerome_url?url=/robots.txt HTTP/1.0" 200 5046 "-" "Mozilla/5.0 (compatible; Yahoo! Slurp; http://help.yahoo.com/help/us/ysearch/slurp)"
204.170.241.123 - - [06/Mar/2005:00:11:18 +0000] "GET /perl/local/jerome_url?url=/records/5017 HTTP/1.0" 200 0 "-" "Mozilla/5.0 (compatible; Yahoo! Slurp; http://help.yahoo.com/help/us/ysearch/slurp)"
204.170.241.123 - - [06/Mar/2005:00:11:19 +0000] "GET /4179/ HTTP/1.0" 200 6696 "-" "Mozilla/5.0 (compatible; Yahoo! Slurp; http://help.yahoo.com/help/us/ysearch/slurp)"
200.234.204.224 - - [06/Mar/2005:00:11:30 +0000] "GET /view/person/4470.include HTTP/1.0" 404 4890 "-" "-"
200.234.204.224 - - [06/Mar/2005:00:11:49 +0000] "GET /view/person/5187.include HTTP/1.0" 404 4890 "-" "-"
200.234.192.196 - - [06/Mar/2005:00:11:50 +0000] "GET /perl/latest_tool?output=rss&n=10 HTTP/1.0" 200 5591 "-" "-"
200.234.204.224 - - [06/Mar/2005:00:11:59 +0000] "GET /view/person/4789.include HTTP/1.0" 404 4890 "-" "-"
198.235.195.147 - - [06/Mar/2005:00:12:15 +0000] "GET /perl/users/staff/edit_eprint?eprintid=5485&dataset=archive HTTP/1.1" 401 4942 "-" "Googlebot/2.1 (+http://www.google.com/bot.html)"
200.234.204.224 - - [06/Mar/2005:00:12:47 +0000] "GET /view/projects/mailscanner.include HTTP/1.0" 200 438 "-" "-"
200.234.204.224 - - [06/Mar/2005:00:13:22 +0000] "GET /perl/latest_tool?mode=thesis&mainonly=yes&n=1 HTTP/1.0" 200 379 "-" "-"
200.234.204.224 - - [06/Mar/2005:00:13:23 +0000] "GET /perl/latest_tool?mode=noimg&mainonly=yes&n=5 HTTP/1.0" 200 1536 "-" "-"
200.234.192.196 - - [06/Mar/2005:00:13:31 +0000] "GET /perl/latest_tool?output=rss&n=10 HTTP/1.0" 200 5591 "-" "-"
200.234.204.224 - - [06/Mar/2005:00:13:44 +0000] "GET /view/person/2333.include HTTP/1.0" 200 55100 "-" "-"
200.234.204.224 - - [06/Mar/2005:00:14:01 +0000] "GET /view/person/1650.include HTTP/1.0" 200 170621 "-" "-"
200.234.204.224 - - [06/Mar/2005:00:14:21 +0000] "GET /view/person/2333.include HTTP/1.0" 200 55100 "-" "-"
200.234.204.224 - - [06/Mar/2005:00:14:24 +0000] "GET /perl/local/ecs_latest?n=6 HTTP/1.0" 200 809 "-" "-"
198.235.195.147 - - [06/Mar/2005:00:14:26 +0000] "GET /perl/users/staff/edit_eprint?eprintid=7978&dataset=archive HTTP/1.1" 401 4942 "-" "Googlebot/2.1 (+http://www.google.com/bot.html)"
198.70.18.213 - - [06/Mar/2005:00:14:45 +0000] "GET /archive/00008725/ HTTP/1.1" 200 5 "-" "Mozilla/4.0 (compatible; MSIE 6.0; Windows NT 5.1; Q312465)"
192.186.248.87 - - [06/Mar/2005:00:14:49 +0000] "GET /9045/ HTTP/1.0" 200 9918 "-" "Gigabot/2.0"
192.186.248.81 - - [06/Mar/2005:00:14:55 +0000] "GET /9360/ HTTP/1.0" 200 10441 "-" "Gigabot/2.0"
200.234.192.196 - - [06/Mar/2005:00:15:12 +0000] "GET /perl/latest_tool?output=rss&n=10 HTTP/1.0" 200 5591 "-" "-"
200.234.204.224 - - [06/Mar/2005:00:15:29 +0000] "GET /view/person/1615.include HTTP/1.0" 200 20965 "-" "-"
198.235.195.147 - - [06/Mar/2005:00:15:44 +0000] "GET /perl/users/staff/edit_eprint?eprintid=8463&dataset=archive HTTP/1.1" 401 4942 "-" "Googlebot/2.1 (+http://www.google.com/bot.html)"
200.234.204.224 - - [06/Mar/2005:00:15:45 +0000] "GET /view/person/48.include HTTP/1.0" 200 53646 "-" "-"
192.186.248.213 - - [06/Mar/2005:00:15:53 +0000] "GET /8194/ HTTP/1.0" 200 24115 "-" "Gigabot/2.0"
200.234.204.224 - - [06/Mar/2005:00:16:09 +0000] "GET /perl/local/ecs_latest?n=6 HTTP/1.0" 200 809 "-" "-"
200.234.204.224 - - [06/Mar/2005:00:16:30 +0000] "GET /perl/local/latestn?n=1:group=bio&mainonly=yes HTTP/1.0" 200 403 "-" "-"
200.234.204.224 - - [06/Mar/2005:00:16:31 +0000] "GET /view/person/1768.include HTTP/1.0" 200 42380 "-" "-"
198.235.195.147 - - [06/Mar/2005:00:16:31 +0000] "GET /perl/users/staff/edit_eprint?eprintid=1635&dataset=archive HTTP/1.1" 401 4942 "-" "Googlebot/2.1 (+http://www.google.com/bot.html)"
198.235.195.147 - - [06/Mar/2005:00:16:34 +0000] "GET /archive/00000773/06/article.html HTTP/1.1" 200 5 "-" "Googlebot/2.1 (+http://www.google.com/bot.html)"
198.235.195.147 - - [06/Mar/2005:00:16:35 +0000] "GET /773/06/article.html HTTP/1.1" 404 5176 "-" "Googlebot/2.1 (+http://www.google.com/bot.html)"
200.234.204.224 - - [06/Mar/2005:00:16:49 +0000] "GET /view/person/2756.include HTTP/1.0" 200 16323 "-" "-"
200.234.192.196 - - [06/Mar/2005:00:16:53 +0000] "GET /perl/latest_tool?output=rss&n=10 HTTP/1.0" 200 5591 "-" "-"
200.234.204.224 - - [06/Mar/2005:00:16:55 +0000] "GET /perl/local/latestn?n=1:group=bio&mainonly=yes HTTP/1.0" 200 403 "-" "-"
200.234.204.224 - - [06/Mar/2005:00:17:14 +0000] "GET /view/person/119.include HTTP/1.0" 200 125814 "-" "-"
200.234.204.224 - - [06/Mar/2005:00:17:37 +0000] "GET /view/person/355.include HTTP/1.0" 200 37564 "-" "-"
198.235.195.147 - - [06/Mar/2005:00:17:38 +0000] "GET /perl/users/staff/edit_eprint?eprintid=3986&dataset=archive HTTP/1.1" 401 4942 "-" "Googlebot/2.1 (+http://www.google.com/bot.html)"
154.122.207.57 - - [06/Mar/2005:00:17:42 +0000] "GET /archive/00008672 HTTP/1.1" 200 5 "http://search.yahoo.com/search?fr=slv1-&p=making+tea" "Mozilla/4.0 (compatible; MSIE 6.0; Windows NT 5.1; FunWebProducts; .NET CLR 1.1.4322)"
154.122.207.57 - - [06/Mar/2005:00:17:45 +0000] "GET /8672/ HTTP/1.1" 200 25491 "http://search.yahoo.com/search?fr=slv1-&p=making+tea" "Mozilla/4.0 (compatible; MSIE 6.0; Windows NT 5.1; FunWebProducts; .NET CLR 1.1.4322)"
154.122.207.57 - - [06/Mar/2005:00:17:46 +0000] "GET /eprints.css HTTP/1.1" 200 3333 "http://eprints.ecs.soton.ac.uk/8672/" "Mozilla/4.0 (compatible; MSIE 6.0; Windows NT 5.1; FunWebProducts; .NET CLR 1.1.4322)"
154.122.207.57 - - [06/Mar/2005:00:17:49 +0000] "GET /images/reflink.png HTTP/1.1" 200 353 "http://eprints.ecs.soton.ac.uk/8672/" "Mozilla/4.0 (compatible; MSIE 6.0; Windows NT 5.1; FunWebProducts; .NET CLR 1.1.4322)"
200.234.204.224 - - [06/Mar/2005:00:18:02 +0000] "GET /view/person/2756.include HTTP/1.0" 200 16323 "-" "-"
198.235.195.147 - - [06/Mar/2005:00:18:03 +0000] "GET /perl/users/staff/edit_eprint?eprintid=1163&dataset=archive HTTP/1.1" 401 4942 "-" "Googlebot/2.1 (+http://www.google.com/bot.html)"
198.235.195.147 - - [06/Mar/2005:00:18:20 +0000] "GET /secure/00008988/01/Paper_for_IEEE_TED.DOC HTTP/1.1" 401 4942 "-" "Googlebot/2.1 (+http://www.google.com/bot.html)"
200.234.204.224 - - [06/Mar/2005:00:18:23 +0000] "GET /perl/latest_tool?mode=thesis&mainonly=yes&n=1 HTTP/1.0" 200 379 "-" "-"
200.234.204.224 - - [06/Mar/2005:00:18:23 +0000] "GET /perl/latest_tool?mode=noimg&mainonly=yes&n=5 HTTP/1.0" 200 1536 "-" "-"
204.170.241.120 - - [06/Mar/2005:00:18:25 +0000] "GET /perl/local/jerome_url?url=/records/3546 HTTP/1.0" 200 0 "-" "Mozilla/5.0 (compatible; Yahoo! Slurp; http://help.yahoo.com/help/us/ysearch/slurp)"
204.170.241.120 - - [06/Mar/2005:00:18:26 +0000] "GET /2811/ HTTP/1.0" 200 6951 "-" "Mozilla/5.0 (compatible; Yahoo! Slurp; http://help.yahoo.com/help/us/ysearch/slurp)"
198.235.195.147 - - [06/Mar/2005:00:18:29 +0000] "GET /perl/users/staff/edit_eprint?eprintid=3140&dataset=archive HTTP/1.1" 401 4942 "-" "Googlebot/2.1 (+http://www.google.com/bot.html)"
192.186.248.213 - - [06/Mar/2005:00:18:33 +0000] "GET /6390/ HTTP/1.0" 200 10896 "-" "Gigabot/2.0"
192.186.248.123 - - [06/Mar/2005:00:18:33 +0000] "GET /9454/ HTTP/1.0" 200 7707 "-" "Gigabot/2.0"
200.234.192.196 - - [06/Mar/2005:00:18:34 +0000] "GET /perl/latest_tool?output=rss&n=10 HTTP/1.0" 200 5591 "-" "-"
192.186.248.75 - - [06/Mar/2005:00:18:39 +0000] "GET /7787/ HTTP/1.0" 200 7957 "-" "Gigabot/2.0"
198.235.195.147 - - [06/Mar/2005:00:18:46 +0000] "GET /perl/users/staff/edit_eprint?eprintid=10509&dataset=archive HTTP/1.1" 401 4942 "-" "Googlebot/2.1 (+http://www.google.com/bot.html)"
183.25.36.130 - - [06/Mar/2005:00:19:12 +0000] "GET /8443/01/myerscough_bmvc2003.pdf HTTP/1.1" 200 641247 "-" "Mozilla/4.0 (compatible; MSIE 6.0; Windows NT 5.0)"
200.234.204.224 - - [06/Mar/2005:00:19:15 +0000] "GET /view/person/7047.include HTTP/1.0" 404 4890 "-" "-"
192.186.248.93 - - [06/Mar/2005:00:19:32 +0000] "GET /9249/ HTTP/1.0" 200 11075 "-" "Gigabot/2.0"
200.234.192.196 - - [06/Mar/2005:00:20:15 +0000] "GET /perl/latest_tool?output=rss&n=10 HTTP/1.0" 200 5591 "-" "-"
131.26.18.90 - - [06/Mar/2005:00:20:25 +0000] "GET /9158/ HTTP/1.1" 200 10658 "http://search.yahoo.com/search?p=pitch+%2B+speech+signal&ei=UTF-8&fl=0&fr=FP-tab-web-t&b=21" "Mozilla/4.0 (compatible; MSIE 6.0; Windows NT 5.0; .NET CLR 1.1.4322)"
131.26.18.90 - - [06/Mar/2005:00:20:26 +0000] "GET /eprints.css HTTP/1.1" 200 3333 "http://eprints.ecs.soton.ac.uk/9158/" "Mozilla/4.0 (compatible; MSIE 6.0; Windows NT 5.0; .NET CLR 1.1.4322)"
200.234.204.224 - - [06/Mar/2005:00:20:38 +0000] "GET /view/person/7084.include HTTP/1.0" 404 4890 "-" "-"
131.26.18.90 - - [06/Mar/2005:00:20:48 +0000] "GET /9158/01/ieeesap01.pdf HTTP/1.1" 200 339583 "http://eprints.ecs.soton.ac.uk/9158/" "Mozilla/4.0 (compatible; MSIE 6.0; Windows NT 5.0; .NET CLR 1.1.4322)"
198.235.195.147 - - [06/Mar/2005:00:20:51 +0000] "GET /perl/users/staff/edit_eprint?eprintid=3592&dataset=archive HTTP/1.1" 401 4942 "-" "Googlebot/2.1 (+http://www.google.com/bot.html)"
192.186.248.186 - - [06/Mar/2005:00:21:01 +0000] "GET /4405/ HTTP/1.0" 200 6525 "-" "Gigabot/2.0"
192.186.248.183 - - [06/Mar/2005:00:21:09 +0000] "GET /7970/ HTTP/1.0" 200 25774 "-" "Gigabot/2.0"
192.186.248.75 - - [06/Mar/2005:00:21:15 +0000] "GET /8852/ HTTP/1.0" 200 25509 "-" "Gigabot/2.0"
200.234.204.224 - - [06/Mar/2005:00:21:16 +0000] "GET /perl/local/ecs_latest?n=6 HTTP/1.0" 200 809 "-" "-"
192.186.248.225 - - [06/Mar/2005:00:21:24 +0000] "GET /7783/ HTTP/1.0" 200 10169 "-" "Gigabot/2.0"
200.234.204.224 - - [06/Mar/2005:00:21:39 +0000] "GET /perl/local/latestn?n=1:group=isis&mainonly=yes HTTP/1.0" 200 321 "-" "-"
192.186.248.63 - - [06/Mar/2005:00:21:43 +0000] "GET /723/ HTTP/1.0" 200 11913 "-" "Gigabot/2.0"
200.234.204.224 - - [06/Mar/2005:00:21:48 +0000] "GET /perl/local/latestn?n=1:group=isis&mainonly=yes HTTP/1.0" 200 321 "-" "-"
200.234.204.224 - - [06/Mar/2005:00:21:48 +0000] "GET /view/person/2761.include HTTP/1.0" 200 43212 "-" "-"
198.76.17.243 - - [06/Mar/2005:00:21:55 +0000] "GET /9635 HTTP/1.0" 200 0 "-" "Mozilla/5.0 (compatible; Yahoo! Slurp; http://help.yahoo.com/help/us/ysearch/slurp)"
198.76.17.243 - - [06/Mar/2005:00:21:55 +0000] "GET /9635/ HTTP/1.0" 200 7251 "-" "Mozilla/5.0 (compatible; Yahoo! Slurp; http://help.yahoo.com/help/us/ysearch/slurp)"
200.234.192.196 - - [06/Mar/2005:00:21:56 +0000] "GET /perl/latest_tool?output=rss&n=10 HTTP/1.0" 200 5591 "-" "-"
204.170.241.212 - - [06/Mar/2005:00:22:01 +0000] "GET /view/groups/group-bio/2002.html HTTP/1.0" 200 6539 "-" "Mozilla/5.0 (compatible; Yahoo! Slurp; http://help.yahoo.com/help/us/ysearch/slurp)"
198.235.195.147 - - [06/Mar/2005:00:22:17 +0000] "GET /perl/users/staff/edit_eprint?eprintid=3370&dataset=archive HTTP/1.1" 401 4942 "-" "Googlebot/2.1 (+http://www.google.com/bot.html)"
127.162.94.142 - - [06/Mar/2005:00:22:19 +0000] "GET /3814/ HTTP/1.1" 200 9137 "http://www.google.de/search?sourceid=navclient&hl=de&ie=UTF-8&rls=GGLD,GGLD:2004-43,GGLD:de&q=Variable+rate+QAM+for+mobile+radio" "Mozilla/4.0 (compatible; MSIE 6.0; Windows NT 5.1; SV1; .NET CLR 1.0.3705)"
127.162.94.142 - - [06/Mar/2005:00:22:19 +0000] "GET /eprints.css HTTP/1.1" 200 3333 "http://eprints.ecs.soton.ac.uk/3814/" "Mozilla/4.0 (compatible; MSIE 6.0; Windows NT 5.1; SV1; .NET CLR 1.0.3705)"
198.235.195.147 - - [06/Mar/2005:00:22:31 +0000] "GET /perl/users/staff/edit_eprint?eprintid=2301&dataset=archive HTTP/1.1" 401 4942 "-" "Googlebot/2.1 (+http://www.google.com/bot.html)"
82.195.209.103 - - [06/Mar/2005:00:22:37 +0000] "GET /1471/ HTTP/1.0" 206 6615 "-" "Mozilla/4.0 (compatible; MSIE 5.0; Windows 95; AT&T WNS5.0)"
192.186.248.183 - - [06/Mar/2005:00:22:41 +0000] "GET /8635/ HTTP/1.0" 200 10328 "-" "Gigabot/2.0"
200.234.204.224 - - [06/Mar/2005:00:22:55 +0000] "GET /view/person/3515.include HTTP/1.0" 200 8675 "-" "-"
127.162.94.142 - - [06/Mar/2005:00:23:04 +0000] "GET /3814/01/43tc07-webb.pdf HTTP/1.1" 200 22345 "http://eprints.ecs.soton.ac.uk/3814/" "Mozilla/4.0 (compatible; MSIE 6.0; Windows NT 5.1; SV1; .NET CLR 1.0.3705)"
127.162.94.142 - - [06/Mar/2005:00:23:05 +0000] "GET /3814/01/43tc07-webb.pdf HTTP/1.1" 206 22291 "-" "Mozilla/4.0 (compatible; MSIE 6.0; Windows NT 5.1; SV1; .NET CLR 1.0.3705)"
127.162.94.142 - - [06/Mar/2005:00:23:05 +0000] "GET /3814/01/43tc07-webb.pdf HTTP/1.1" 206 367 "-" "Mozilla/4.0 (compatible; MSIE 6.0; Windows NT 5.1; SV1; .NET CLR 1.0.3705)"
127.162.94.142 - - [06/Mar/2005:00:23:06 +0000] "GET /3814/01/43tc07-webb.pdf HTTP/1.1" 206 100070 "-" "Mozilla/4.0 (compatible; MSIE 6.0; Windows NT 5.1; SV1; .NET CLR 1.0.3705)"
127.162.94.142 - - [06/Mar/2005:00:23:14 +0000] "GET /3814/01/43tc07-webb.pdf HTTP/1.1" 206 103723 "-" "Mozilla/4.0 (compatible; MSIE 6.0; Windows NT 5.1; SV1; .NET CLR 1.0.3705)"
200.234.204.224 - - [06/Mar/2005:00:23:16 +0000] "GET /perl/local/ecs_latest?n=6 HTTP/1.0" 200 809 "-" "-"
200.234.204.224 - - [06/Mar/2005:00:23:23 +0000] "GET /perl/latest_tool?mode=thesis&mainonly=yes&n=1 HTTP/1.0" 200 379 "-" "-"
200.234.204.224 - - [06/Mar/2005:00:23:24 +0000] "GET /perl/latest_tool?mode=noimg&mainonly=yes&n=5 HTTP/1.0" 200 1536 "-" "-"
127.162.94.142 - - [06/Mar/2005:00:23:32 +0000] "GET /3814/01/43tc07-webb.pdf HTTP/1.1" 206 47358 "-" "Mozilla/4.0 (compatible; MSIE 6.0; Windows NT 5.1; SV1; .NET CLR 1.0.3705)"
192.186.248.180 - - [06/Mar/2005:00:23:36 +0000] "GET /765/ HTTP/1.0" 200 7214 "-" "Gigabot/2.0"
127.162.94.142 - - [06/Mar/2005:00:23:37 +0000] "GET /3814/01/43tc07-webb.pdf HTTP/1.1" 206 69766 "-" "Mozilla/4.0 (compatible; MSIE 6.0; Windows NT 5.1; SV1; .NET CLR 1.0.3705)"
200.234.192.196 - - [06/Mar/2005:00:23:37 +0000] "GET /perl/latest_tool?output=rss&n=10 HTTP/1.0" 200 5591 "-" "-"
127.162.94.142 - - [06/Mar/2005:00:23:44 +0000] "GET /3814/01/43tc07-webb.pdf HTTP/1.1" 206 80744 "-" "Mozilla/4.0 (compatible; MSIE 6.0; Windows NT 5.1; SV1; .NET CLR 1.0.3705)"
200.234.204.224 - - [06/Mar/2005:00:23:45 +0000] "GET /perl/local/ecs_latest?n=6 HTTP/1.0" 200 809 "-" "-"
127.162.94.142 - - [06/Mar/2005:00:23:49 +0000] "GET /3814/01/43tc07-webb.pdf HTTP/1.1" 206 73927 "-" "Mozilla/4.0 (compatible; MSIE 6.0; Windows NT 5.1; SV1; .NET CLR 1.0.3705)"
127.162.94.142 - - [06/Mar/2005:00:24:06 +0000] "GET /3814/01/43tc07-webb.pdf HTTP/1.1" 206 72736 "-" "Mozilla/4.0 (compatible; MSIE 6.0; Windows NT 5.1; SV1; .NET CLR 1.0.3705)"
204.170.241.185 - - [06/Mar/2005:00:24:18 +0000] "GET /view/projects/CJSSKAV.html HTTP/1.0" 200 5499 "-" "Mozilla/5.0 (compatible; Yahoo! Slurp; http://help.yahoo.com/help/us/ysearch/slurp)"
192.186.248.117 - - [06/Mar/2005:00:24:19 +0000] "GET /7784/ HTTP/1.0" 200 16744 "-" "Gigabot/2.0"
192.186.248.198 - - [06/Mar/2005:00:24:29 +0000] "GET /845/ HTTP/1.0" 200 10566 "-" "Gigabot/2.0"
204.170.238.224 - - [06/Mar/2005:00:25:06 +0000] "GET /perl/local/jerome_url?url=/records/7038 HTTP/1.0" 200 0 "-" "Mozilla/5.0 (compatible; Yahoo! Slurp; http://help.yahoo.com/help/us/ysearch/slurp)"
204.170.238.224 - - [06/Mar/2005:00:25:07 +0000] "GET /6133/ HTTP/1.0" 200 9033 "-" "Mozilla/5.0 (compatible; Yahoo! Slurp; http://help.yahoo.com/help/us/ysearch/slurp)"
200.234.192.196 - - [06/Mar/2005:00:25:18 +0000] "GET /perl/latest_tool?output=rss&n=10 HTTP/1.0" 200 5591 "-" "-"
72.227.109.104 - - [06/Mar/2005:00:25:19 +0000] "GET /perl/local/jerome_url?url=/robots.txt HTTP/1.1" 200 5066 "-" "Mozilla/4.0 (compatible; MSIE 6.0; Windows NT 5.1; SV1; .NET CLR 1.1.4322; MSIECrawler)"
192.186.248.225 - - [06/Mar/2005:00:25:25 +0000] "GET /9171/ HTTP/1.0" 200 10197 "-" "Gigabot/2.0"
198.235.195.147 - - [06/Mar/2005:00:25:31 +0000] "GET /perl/users/staff/edit_eprint?eprintid=3221&dataset=archive HTTP/1.1" 401 4942 "-" "Googlebot/2.1 (+http://www.google.com/bot.html)"
198.235.195.147 - - [06/Mar/2005:00:25:57 +0000] "GET /perl/users/staff/edit_eprint?eprintid=3876&dataset=archive HTTP/1.1" 401 4942 "-" "Googlebot/2.1 (+http://www.google.com/bot.html)"
204.170.235.162 - - [06/Mar/2005:00:26:08 +0000] "GET /perl/local/jerome_url?url=/records/3465 HTTP/1.0" 200 0 "-" "Mozilla/5.0 (compatible; Yahoo! Slurp; http://help.yahoo.com/help/us/ysearch/slurp)"
204.170.235.162 - - [06/Mar/2005:00:26:08 +0000] "GET /2730/ HTTP/1.0" 200 9867 "-" "Mozilla/5.0 (compatible; Yahoo! Slurp; http://help.yahoo.com/help/us/ysearch/slurp)"
198.235.195.147 - - [06/Mar/2005:00:26:12 +0000] "GET /perl/users/staff/edit_eprint?eprintid=2690&dataset=archive HTTP/1.1" 401 4942 "-" "Googlebot/2.1 (+http://www.google.com/bot.html)"
192.186.248.216 - - [06/Mar/2005:00:26:12 +0000] "GET /8672/ HTTP/1.0" 200 25491 "-" "Gigabot/2.0"
198.223.156.172 - - [06/Mar/2005:00:26:33 +0000] "GET /8652/ HTTP/1.1" 200 21208 "-" "Mozilla/5.0 (Windows; U; Windows NT 5.1; en-US; rv:1.7.5) Gecko/20041107 Firefox/1.0"
198.223.156.172 - - [06/Mar/2005:00:26:34 +0000] "GET /eprints.css HTTP/1.1" 200 3333 "-" "Mozilla/5.0 (Windows; U; Windows NT 5.1; en-US; rv:1.7.5) Gecko/20041107 Firefox/1.0"
192.186.248.186 - - [06/Mar/2005:00:26:34 +0000] "GET /3339/ HTTP/1.0" 200 10361 "-" "Gigabot/2.0"
198.223.156.172 - - [06/Mar/2005:00:26:42 +0000] "GET /images/reflink.png HTTP/1.1" 200 353 "-" "Mozilla/5.0 (Windows; U; Windows NT 5.1; en-US; rv:1.7.5) Gecko/20041107 Firefox/1.0"
198.223.156.172 - - [06/Mar/2005:00:26:48 +0000] "GET /favicon.ico HTTP/1.1" 404 5168 "-" "Mozilla/5.0 (Windows; U; Windows NT 5.1; en-US; rv:1.7.5) Gecko/20041107 Firefox/1.0"
198.235.195.147 - - [06/Mar/2005:00:26:49 +0000] "GET /perl/users/staff/edit_eprint?eprintid=3576&dataset=archive HTTP/1.1" 401 4942 "-" "Googlebot/2.1 (+http://www.google.com/bot.html)"
198.235.195.147 - - [06/Mar/2005:00:26:55 +0000] "GET /perl/users/staff/edit_eprint?eprintid=4614&dataset=archive HTTP/1.1" 401 4942 "-" "Googlebot/2.1 (+http://www.google.com/bot.html)"
200.234.192.196 - - [06/Mar/2005:00:26:59 +0000] "GET /perl/latest_tool?output=rss&n=10 HTTP/1.0" 200 5591 "-" "-"
198.223.156.172 - - [06/Mar/2005:00:27:03 +0000] "GET /8652/01/jws-2003b-cas.pdf HTTP/1.1" 200 163713 "-" "Mozilla/5.0 (Windows; U; Windows NT 5.1; en-US; rv:1.7.5) Gecko/20041107 Firefox/1.0"
198.223.156.172 - - [06/Mar/2005:00:27:05 +0000] "GET /favicon.ico HTTP/1.1" 404 5168 "-" "Mozilla/5.0 (Windows; U; Windows NT 5.1; en-US; rv:1.7.5) Gecko/20041107 Firefox/1.0"
200.234.204.224 - - [06/Mar/2005:00:27:12 +0000] "GET /perl/local/ecs_latest?n=6 HTTP/1.0" 200 809 "-" "-"
198.235.195.147 - - [06/Mar/2005:00:27:25 +0000] "GET /perl/users/staff/edit_eprint?eprintid=1809&dataset=archive HTTP/1.1" 401 4942 "-" "Googlebot/2.1 (+http://www.google.com/bot.html)"
198.223.156.172 - - [06/Mar/2005:00:28:12 +0000] "GET /favicon.ico HTTP/1.1" 404 5168 "-" "Mozilla/5.0 (Windows; U; Windows NT 5.1; en-US; rv:1.7.5) Gecko/20041107 Firefox/1.0"
192.186.248.180 - - [06/Mar/2005:00:28:15 +0000] "GET /6718/ HTTP/1.0" 200 11252 "-" "Gigabot/2.0"
200.234.204.224 - - [06/Mar/2005:00:28:24 +0000] "GET /perl/latest_tool?mode=thesis&mainonly=yes&n=1 HTTP/1.0" 200 379 "-" "-"
200.234.204.224 - - [06/Mar/2005:00:28:25 +0000] "GET /perl/latest_tool?mode=noimg&mainonly=yes&n=5 HTTP/1.0" 200 1536 "-" "-"
200.234.192.196 - - [06/Mar/2005:00:28:40 +0000] "GET /perl/latest_tool?output=rss&n=10 HTTP/1.0" 200 5591 "-" "-"
198.235.195.147 - - [06/Mar/2005:00:28:43 +0000] "GET /perl/users/staff/edit_eprint?eprintid=437&dataset=archive HTTP/1.1" 401 4942 "-" "Googlebot/2.1 (+http://www.google.com/bot.html)"
200.234.204.224 - - [06/Mar/2005:00:29:08 +0000] "GET /view/projects/ADAPT.include HTTP/1.0" 404 4890 "-" "-"
192.186.248.51 - - [06/Mar/2005:00:29:11 +0000] "GET /4236/ HTTP/1.0" 200 9436 "-" "Gigabot/2.0"
192.186.248.216 - - [06/Mar/2005:00:29:22 +0000] "GET /7779/ HTTP/1.0" 200 11221 "-" "Gigabot/2.0"
200.234.204.224 - - [06/Mar/2005:00:29:23 +0000] "GET /perl/local/ecs_latest?n=6 HTTP/1.0" 200 809 "-" "-"
200.234.204.224 - - [06/Mar/2005:00:29:57 +0000] "GET /view/projects/e3an.include HTTP/1.0" 200 1754 "-" "-"
200.234.204.224 - - [06/Mar/2005:00:30:11 +0000] "GET /perl/local/ecs_latest?n=6 HTTP/1.0" 200 809 "-" "-"
109.138.38.138 - - [06/Mar/2005:00:30:17 +0000] "GET /perl/users/staff/edit_eprint?eprintid=3537&dataset=archive HTTP/1.0" 401 4942 "-" "msnbot/1.0 (+http://search.msn.com/msnbot.htm)"
200.234.192.196 - - [06/Mar/2005:00:30:21 +0000] "GET /perl/latest_tool?output=rss&n=10 HTTP/1.0" 200 5591 "-" "-"
198.235.195.147 - - [06/Mar/2005:00:30:22 +0000] "GET /secure/00009035/01/kalfoglou-kluwerKMOMbook.pdf HTTP/1.1" 401 4942 "-" "Googlebot/2.1 (+http://www.google.com/bot.html)"
198.76.14.143 - - [06/Mar/2005:00:30:55 +0000] "GET /robots.txt HTTP/1.0" 404 5147 "-" "Mozilla/5.0 (compatible; Yahoo! Slurp; http://help.yahoo.com/help/us/ysearch/slurp)"
198.76.17.57 - - [06/Mar/2005:00:30:56 +0000] "GET /2313 HTTP/1.0" 200 0 "-" "Mozilla/5.0 (compatible; Yahoo! Slurp; http://help.yahoo.com/help/us/ysearch/slurp)"
198.76.17.57 - - [06/Mar/2005:00:30:56 +0000] "GET /2313/ HTTP/1.0" 200 6727 "-" "Mozilla/5.0 (compatible; Yahoo! Slurp; http://help.yahoo.com/help/us/ysearch/slurp)"
198.235.195.147 - - [06/Mar/2005:00:31:01 +0000] "GET /perl/users/staff/edit_eprint?eprintid=9941&dataset=archive HTTP/1.1" 401 4942 "-" "Googlebot/2.1 (+http://www.google.com/bot.html)"
198.76.14.215 - - [06/Mar/2005:00:31:13 +0000] "GET /perl/users/staff/edit_eprint?eprintid=7799&dataset=archive HTTP/1.0" 401 4942 "-" "Mozilla/5.0 (compatible; Yahoo! Slurp; http://help.yahoo.com/help/us/ysearch/slurp)"
200.234.204.224 - - [06/Mar/2005:00:31:16 +0000] "GET /perl/local/ecs_latest?n=6 HTTP/1.0" 200 809 "-" "-"
198.235.195.147 - - [06/Mar/2005:00:32:02 +0000] "GET /perl/users/staff/edit_eprint?eprintid=5263&dataset=archive HTTP/1.1" 401 4942 "-" "Googlebot/2.1 (+http://www.google.com/bot.html)"
200.234.192.196 - - [06/Mar/2005:00:32:02 +0000] "GET /perl/latest_tool?output=rss&n=10 HTTP/1.0" 200 5591 "-" "-"
198.235.195.147 - - [06/Mar/2005:00:32:11 +0000] "GET /perl/users/staff/edit_eprint?eprintid=3318&dataset=archive HTTP/1.1" 401 4942 "-" "Googlebot/2.1 (+http://www.google.com/bot.html)"
200.234.204.224 - - [06/Mar/2005:00:32:43 +0000] "GET /view/projects/e3an.include HTTP/1.0" 200 1754 "-" "-"
200.234.204.224 - - [06/Mar/2005:00:33:00 +0000] "GET /view/projects/HyperSpect.include HTTP/1.0" 404 4890 "-" "-"
109.204.182.186 - - [06/Mar/2005:00:33:18 +0000] "GET /10211/01/csduml04_JohnsonSnookEdmundsButler.pdf HTTP/1.0" 200 273174 "-" "msnbot/1.0 (+http://search.msn.com/msnbot.htm)"
200.234.204.224 - - [06/Mar/2005:00:33:24 +0000] "GET /perl/latest_tool?mode=thesis&mainonly=yes&n=1 HTTP/1.0" 200 379 "-" "-"
200.234.204.224 - - [06/Mar/2005:00:33:25 +0000] "GET /perl/latest_tool?mode=noimg&mainonly=yes&n=5 HTTP/1.0" 200 1536 "-" "-"
200.234.204.224 - - [06/Mar/2005:00:33:26 +0000] "GET /view/projects/gait.include HTTP/1.0" 200 17014 "-" "-"
200.234.192.196 - - [06/Mar/2005:00:33:43 +0000] "GET /perl/latest_tool?output=rss&n=10 HTTP/1.0" 200 5591 "-" "-"
192.186.248.117 - - [06/Mar/2005:00:34:00 +0000] "GET /511/ HTTP/1.0" 200 8708 "-" "Gigabot/2.0"
88.23.222.41 - - [06/Mar/2005:00:34:07 +0000] "GET /6857/ HTTP/1.1" 200 8619 "http://www.google.co.ve/search?q=%22synchronous+generator%22&hl=es&lr=&client=firefox-a&rls=org.mozilla:es-AR:official_s&start=70&sa=N" "Mozilla/5.0 (Windows; U; Windows NT 5.1; es-AR; rv:1.7.6) Gecko/20050226 Firefox/1.0.1"
88.23.222.41 - - [06/Mar/2005:00:34:08 +0000] "GET /eprints.css HTTP/1.1" 200 3333 "http://eprints.ecs.soton.ac.uk/6857/" "Mozilla/5.0 (Windows; U; Windows NT 5.1; es-AR; rv:1.7.6) Gecko/20050226 Firefox/1.0.1"
200.234.204.224 - - [06/Mar/2005:00:34:12 +0000] "GET /view/projects/lava.include HTTP/1.0" 404 4890 "-" "-"
200.234.204.224 - - [06/Mar/2005:00:34:14 +0000] "GET /perl/local/ecs_latest?n=6 HTTP/1.0" 200 809 "-" "-"
88.23.222.41 - - [06/Mar/2005:00:34:17 +0000] "GET /favicon.ico HTTP/1.1" 404 5168 "-" "Mozilla/5.0 (Windows; U; Windows NT 5.1; es-AR; rv:1.7.6) Gecko/20050226 Firefox/1.0.1"
128.246.21.178 - - [06/Mar/2005:00:34:42 +0000] "GET /perl/oai2?verb=GetRecord&identifier=oai%3Aeprints.ecs.soton.ac.uk%3A8328&metadataPrefix=oai_dc HTTP/1.1" 200 1838 "-" "DP9:contact:dlibug@cs.odu.edu"
200.234.204.224 - - [06/Mar/2005:00:34:44 +0000] "GET /perl/local/ecs_latest?n=6 HTTP/1.0" 200 809 "-" "-"
12.237.120.25 - - [06/Mar/2005:00:35:05 +0000] "GET /10017/ HTTP/1.0" 200 35259 "-" "sherlock/1.0"
200.234.192.196 - - [06/Mar/2005:00:35:23 +0000] "GET /perl/latest_tool?output=rss&n=10 HTTP/1.0" 200 5591 "-" "-"
204.170.241.68 - - [06/Mar/2005:00:36:21 +0000] "GET /perl/users/staff/edit_eprint?eprintid=267&dataset=archive HTTP/1.0" 401 4942 "-" "Mozilla/5.0 (compatible; Yahoo! Slurp; http://help.yahoo.com/help/us/ysearch/slurp)"
204.170.241.117 - - [06/Mar/2005:00:36:27 +0000] "GET /6635 HTTP/1.0" 200 0 "-" "Mozilla/5.0 (compatible; Yahoo! Slurp; http://help.yahoo.com/help/us/ysearch/slurp)"
204.170.241.117 - - [06/Mar/2005:00:36:27 +0000] "GET /6635/ HTTP/1.0" 200 11943 "-" "Mozilla/5.0 (compatible; Yahoo! Slurp; http://help.yahoo.com/help/us/ysearch/slurp)"
170.53.167.191 - - [06/Mar/2005:00:36:32 +0000] "GET /10475/01/Int_Ferroelectrics_54,_2003,_Dorey_et_al.pdf HTTP/1.1" 200 12829 "http://www.google.ca/search?q=optical+applications+coating+by+sol+gel+route&hl=en&lr=&start=80&sa=N" "Mozilla/4.0 (compatible; MSIE 6.0; Windows NT 5.1; SV1)"
170.53.167.191 - - [06/Mar/2005:00:36:34 +0000] "GET /10475/01/Int_Ferroelectrics_54,_2003,_Dorey_et_al.pdf HTTP/1.1" 206 153544 "-" "Mozilla/4.0 (compatible; MSIE 6.0; Windows NT 5.1; SV1)"
200.234.204.230 - - [06/Mar/2005:00:36:40 +0000] "GET /perl/latest_tool?output=rss&n=10 HTTP/1.0" 200 5591 "-" "Wget/1.8.2"
198.235.195.147 - - [06/Mar/2005:00:36:55 +0000] "GET /perl/users/staff/edit_eprint?eprintid=4905&dataset=archive HTTP/1.1" 401 4942 "-" "Googlebot/2.1 (+http://www.google.com/bot.html)"
198.235.195.147 - - [06/Mar/2005:00:36:55 +0000] "GET /perl/users/staff/edit_eprint?eprintid=3174&dataset=archive HTTP/1.1" 401 4942 "-" "Googlebot/2.1 (+http://www.google.com/bot.html)"
198.235.195.147 - - [06/Mar/2005:00:36:56 +0000] "GET /perl/users/staff/edit_eprint?eprintid=8982&dataset=archive HTTP/1.1" 401 4942 "-" "Googlebot/2.1 (+http://www.google.com/bot.html)"
198.235.195.147 - - [06/Mar/2005:00:36:56 +0000] "GET /perl/users/staff/edit_eprint?eprintid=1800&dataset=archive HTTP/1.1" 401 4942 "-" "Googlebot/2.1 (+http://www.google.com/bot.html)"
204.170.235.162 - - [06/Mar/2005:00:36:57 +0000] "GET /perl/local/jerome_url?url=/records/4919 HTTP/1.0" 200 0 "-" "Mozilla/5.0 (compatible; Yahoo! Slurp; http://help.yahoo.com/help/us/ysearch/slurp)"
204.170.235.162 - - [06/Mar/2005:00:36:58 +0000] "GET /4091/ HTTP/1.0" 200 6789 "-" "Mozilla/5.0 (compatible; Yahoo! Slurp; http://help.yahoo.com/help/us/ysearch/slurp)"
200.234.192.196 - - [06/Mar/2005:00:37:04 +0000] "GET /perl/latest_tool?output=rss&n=10 HTTP/1.0" 200 5591 "-" "-"
200.234.204.224 - - [06/Mar/2005:00:37:50 +0000] "GET /perl/local/ecs_latest?n=6 HTTP/1.0" 200 809 "-" "-"
200.234.204.224 - - [06/Mar/2005:00:38:12 +0000] "GET /view/person/6219.include HTTP/1.0" 404 4890 "-" "-"
200.234.204.224 - - [06/Mar/2005:00:38:12 +0000] "GET /view/projects/ANMAlu.include HTTP/1.0" 200 2766 "-" "-"
200.234.204.224 - - [06/Mar/2005:00:38:25 +0000] "GET /perl/latest_tool?mode=thesis&mainonly=yes&n=1 HTTP/1.0" 200 379 "-" "-"
200.234.204.224 - - [06/Mar/2005:00:38:25 +0000] "GET /perl/latest_tool?mode=noimg&mainonly=yes&n=5 HTTP/1.0" 200 1536 "-" "-"
200.234.204.224 - - [06/Mar/2005:00:38:26 +0000] "GET /view/projects/CID.include HTTP/1.0" 200 3781 "-" "-"
200.234.204.224 - - [06/Mar/2005:00:38:36 +0000] "GET /view/projects/delimiting.include HTTP/1.0" 404 4890 "-" "-"
200.234.192.196 - - [06/Mar/2005:00:38:45 +0000] "GET /perl/latest_tool?output=rss&n=10 HTTP/1.0" 200 5591 "-" "-"
200.234.204.224 - - [06/Mar/2005:00:38:48 +0000] "GET /view/projects/CJSSKAV.include HTTP/1.0" 200 749 "-" "-"
200.234.204.224 - - [06/Mar/2005:00:39:02 +0000] "GET /view/projects/GSKSTRING.include HTTP/1.0" 404 4890 "-" "-"
200.234.204.224 - - [06/Mar/2005:00:39:15 +0000] "GET /view/projects/optml.include HTTP/1.0" 404 4890 "-" "-"
200.234.204.224 - - [06/Mar/2005:00:39:26 +0000] "GET /view/projects/soap.include HTTP/1.0" 200 3677 "-" "-"
198.76.47.14 - - [06/Mar/2005:00:39:27 +0000] "GET /robots.txt HTTP/1.0" 404 5147 "-" "Mozilla/5.0 (compatible; Yahoo! Slurp; http://help.yahoo.com/help/us/ysearch/slurp)"
198.76.47.5 - - [06/Mar/2005:00:39:27 +0000] "GET /10636/ HTTP/1.0" 200 8680 "-" "Mozilla/5.0 (compatible; Yahoo! Slurp; http://help.yahoo.com/help/us/ysearch/slurp)"
200.234.204.224 - - [06/Mar/2005:00:39:44 +0000] "GET /view/person/2692.include HTTP/1.0" 200 2065 "-" "-"
200.234.204.224 - - [06/Mar/2005:00:40:04 +0000] "GET /view/person/3510.include HTTP/1.0" 200 2638 "-" "-"
200.234.192.196 - - [06/Mar/2005:00:40:26 +0000] "GET /perl/latest_tool?output=rss&n=10 HTTP/1.0" 200 5591 "-" "-"
200.234.204.224 - - [06/Mar/2005:00:40:27 +0000] "GET /perl/local/latestn?n=5:group=iam&mainonly=yes HTTP/1.0" 200 1344 "-" "-"
200.234.204.224 - - [06/Mar/2005:00:40:59 +0000] "GET /view/projects/abst.include HTTP/1.0" 200 15778 "-" "-"
200.234.204.224 - - [06/Mar/2005:00:41:18 +0000] "GET /view/person/2179.include HTTP/1.0" 404 4890 "-" "-"
200.234.204.224 - - [06/Mar/2005:00:41:31 +0000] "GET /perl/local/ecs_latest?n=6 HTTP/1.0" 200 809 "-" "-"
200.234.204.224 - - [06/Mar/2005:00:41:33 +0000] "GET /view/person/3614.include HTTP/1.0" 200 1078 "-" "-"
200.234.204.224 - - [06/Mar/2005:00:41:49 +0000] "GET /view/person/4329.include HTTP/1.0" 404 4890 "-" "-"
200.234.204.224 - - [06/Mar/2005:00:42:05 +0000] "GET /view/person/363.include HTTP/1.0" 200 12791 "-" "-"
200.234.192.196 - - [06/Mar/2005:00:42:07 +0000] "GET /perl/latest_tool?output=rss&n=10 HTTP/1.0" 200 5591 "-" "-"
200.234.204.224 - - [06/Mar/2005:00:42:20 +0000] "GET /view/person/191.include HTTP/1.0" 200 22704 "-" "-"
198.76.195.168 - - [06/Mar/2005:00:42:31 +0000] "GET /3117 HTTP/1.0" 200 0 "-" "Mozilla/5.0 (compatible; Yahoo! Slurp; http://help.yahoo.com/help/us/ysearch/slurp)"
198.76.195.168 - - [06/Mar/2005:00:42:31 +0000] "GET /3117/ HTTP/1.0" 200 6612 "-" "Mozilla/5.0 (compatible; Yahoo! Slurp; http://help.yahoo.com/help/us/ysearch/slurp)"
200.234.204.224 - - [06/Mar/2005:00:42:37 +0000] "GET /view/person/5078.include HTTP/1.0" 404 4890 "-" "-"
200.234.204.224 - - [06/Mar/2005:00:42:55 +0000] "GET /view/person/4111.include HTTP/1.0" 404 4890 "-" "-"
200.234.204.233 - - [06/Mar/2005:00:43:01 +0000] "GET /perl/latest_tool?mode=frontpage&mainonly=yes&n=5 HTTP/1.0" 200 1941 "-" "Wget/1.8.1"
200.234.204.224 - - [06/Mar/2005:00:43:11 +0000] "GET /view/person/6289.include HTTP/1.0" 404 4890 "-" "-"
109.138.38.138 - - [06/Mar/2005:00:43:24 +0000] "GET /perl/users/staff/edit_eprint?eprintid=165&dataset=archive HTTP/1.0" 401 4942 "-" "msnbot/1.0 (+http://search.msn.com/msnbot.htm)"
200.234.204.224 - - [06/Mar/2005:00:43:24 +0000] "GET /view/person/3664.include HTTP/1.0" 200 1941 "-" "-"
200.234.204.224 - - [06/Mar/2005:00:43:25 +0000] "GET /perl/latest_tool?mode=thesis&mainonly=yes&n=1 HTTP/1.0" 200 379 "-" "-"
200.234.204.224 - - [06/Mar/2005:00:43:26 +0000] "GET /perl/latest_tool?mode=noimg&mainonly=yes&n=5 HTTP/1.0" 200 1536 "-" "-"
198.235.195.147 - - [06/Mar/2005:00:43:33 +0000] "GET /perl/users/staff/edit_eprint?eprintid=705&dataset=archive HTTP/1.1" 401 4942 "-" "Googlebot/2.1 (+http://www.google.com/bot.html)"
198.235.195.147 - - [06/Mar/2005:00:43:34 +0000] "GET /perl/users/staff/edit_eprint?eprintid=6024&dataset=archive HTTP/1.1" 401 4942 "-" "Googlebot/2.1 (+http://www.google.com/bot.html)"
200.234.204.224 - - [06/Mar/2005:00:43:42 +0000] "GET /perl/local/ecs_latest?n=6 HTTP/1.0" 200 809 "-" "-"
200.234.204.224 - - [06/Mar/2005:00:43:43 +0000] "GET /view/person/2669.include HTTP/1.0" 200 4728 "-" "-"
200.234.192.196 - - [06/Mar/2005:00:43:48 +0000] "GET /perl/latest_tool?output=rss&n=10 HTTP/1.0" 200 5591 "-" "-"
72.97.100.213 - - [06/Mar/2005:00:43:49 +0000] "GET /6833/ HTTP/1.1" 200 9343 "http://search.yahoo.com/search?p=+regression+model+output&ei=UTF-8&fr=slv1-&fl=0&x=wrt" "Mozilla/4.0 (compatible; MSIE 6.0; Windows NT 5.1; {CF4C2468-516E-4E9B-859F-24EB0F5ABD3D}; .NET CLR 1.1.4322)"
72.97.100.213 - - [06/Mar/2005:00:43:50 +0000] "GET /eprints.css HTTP/1.1" 200 3333 "http://eprints.ecs.soton.ac.uk/6833/" "Mozilla/4.0 (compatible; MSIE 6.0; Windows NT 5.1; {CF4C2468-516E-4E9B-859F-24EB0F5ABD3D}; .NET CLR 1.1.4322)"
200.234.204.224 - - [06/Mar/2005:00:43:58 +0000] "GET /view/person/7073.include HTTP/1.0" 404 4890 "-" "-"
198.235.195.147 - - [06/Mar/2005:00:43:59 +0000] "GET /perl/users/staff/edit_eprint?eprintid=10475&dataset=archive HTTP/1.1" 401 4942 "-" "Googlebot/2.1 (+http://www.google.com/bot.html)"
109.138.38.138 - - [06/Mar/2005:00:44:10 +0000] "GET /perl/users/staff/edit_eprint?eprintid=4082&dataset=archive HTTP/1.0" 401 4942 "-" "msnbot/1.0 (+http://search.msn.com/msnbot.htm)"
200.234.204.224 - - [06/Mar/2005:00:44:14 +0000] "GET /view/person/40.include HTTP/1.0" 200 2063 "-" "-"
200.234.204.224 - - [06/Mar/2005:00:44:27 +0000] "GET /view/person/6021.include HTTP/1.0" 200 2209 "-" "-"
200.234.204.224 - - [06/Mar/2005:00:44:39 +0000] "GET /view/person/6846.include HTTP/1.0" 404 4890 "-" "-"
200.234.204.224 - - [06/Mar/2005:00:44:42 +0000] "GET /perl/local/ecs_latest?n=6 HTTP/1.0" 200 809 "-" "-"
200.234.204.224 - - [06/Mar/2005:00:44:54 +0000] "GET /view/person/120.include HTTP/1.0" 200 10385 "-" "-"
200.234.204.224 - - [06/Mar/2005:00:45:10 +0000] "GET /view/person/7038.include HTTP/1.0" 404 4890 "-" "-"
200.234.204.224 - - [06/Mar/2005:00:45:25 +0000] "GET /view/person/1729.include HTTP/1.0" 200 4889 "-" "-"
200.234.192.196 - - [06/Mar/2005:00:45:29 +0000] "GET /perl/latest_tool?output=rss&n=10 HTTP/1.0" 200 5591 "-" "-"
200.234.204.224 - - [06/Mar/2005:00:45:41 +0000] "GET /view/person/3647.include HTTP/1.0" 404 4890 "-" "-"
200.234.204.224 - - [06/Mar/2005:00:46:02 +0000] "GET /view/person/7062.include HTTP/1.0" 404 4890 "-" "-"
198.235.195.147 - - [06/Mar/2005:00:46:19 +0000] "GET /perl/users/staff/edit_eprint?eprintid=4149&dataset=archive HTTP/1.1" 401 4942 "-" "Googlebot/2.1 (+http://www.google.com/bot.html)"
200.234.204.224 - - [06/Mar/2005:00:46:23 +0000] "GET /view/person/5134.include HTTP/1.0" 200 2657 "-" "-"
200.234.204.224 - - [06/Mar/2005:00:46:37 +0000] "GET /view/person/6288.include HTTP/1.0" 404 4890 "-" "-"
200.234.204.224 - - [06/Mar/2005:00:46:52 +0000] "GET /view/person/4864.include HTTP/1.0" 200 5668 "-" "-"
72.162.244.202 - - [06/Mar/2005:00:47:02 +0000] "GET /3783 HTTP/1.1" 200 5 "http://search.yahoo.com/search?p=microcellular+communication&ei=UTF-8&fr=ieas-dns&fl=0&x=wrt" "Mozilla/4.0 (compatible; MSIE 5.5; Windows 98; Win 9x 4.90)"
72.162.244.202 - - [06/Mar/2005:00:47:02 +0000] "GET /3783/ HTTP/1.1" 200 6825 "http://search.yahoo.com/search?p=microcellular+communication&ei=UTF-8&fr=ieas-dns&fl=0&x=wrt" "Mozilla/4.0 (compatible; MSIE 5.5; Windows 98; Win 9x 4.90)"
72.162.244.202 - - [06/Mar/2005:00:47:03 +0000] "GET /eprints.css HTTP/1.1" 200 3333 "http://eprints.ecs.soton.ac.uk/3783/" "Mozilla/4.0 (compatible; MSIE 5.5; Windows 98; Win 9x 4.90)"
200.234.204.224 - - [06/Mar/2005:00:47:08 +0000] "GET /view/person/7061.include HTTP/1.0" 404 4890 "-" "-"
200.234.192.196 - - [06/Mar/2005:00:47:10 +0000] "GET /perl/latest_tool?output=rss&n=10 HTTP/1.0" 200 5591 "-" "-"
200.234.204.224 - - [06/Mar/2005:00:47:23 +0000] "GET /view/person/2311.include HTTP/1.0" 200 10044 "-" "-"
109.138.38.138 - - [06/Mar/2005:00:47:27 +0000] "GET /580/01/bug.ps HTTP/1.0" 200 28920 "-" "msnbot/1.0 (+http://search.msn.com/msnbot.htm)"
200.234.204.224 - - [06/Mar/2005:00:47:36 +0000] "GET /perl/local/ecs_latest?n=6 HTTP/1.0" 200 809 "-" "-"
200.234.204.224 - - [06/Mar/2005:00:47:37 +0000] "GET /view/person/6844.include HTTP/1.0" 404 4890 "-" "-"
200.234.204.224 - - [06/Mar/2005:00:47:50 +0000] "GET /view/person/6287.include HTTP/1.0" 404 4890 "-" "-"
