Aug 18 00:02:50 acmemail1 postfix/smtp[5775]: A06322259: to=<00000118@pp650n29.fiz.acme.gov>, relay=10.0.0.1[10.0.0.1]:1025, delay=0.09, delays=0.04/0/0/0.04, dsn=2.0.0, status=sent (250 Message received and queued)
Aug 18 00:02:50 acmemail1 postfix/qmgr[20508]: A06322259: removed
Aug 18 00:02:50 acmemail1 postfix/smtpd[5821]: connect from nwg-scan-a-002.fiz.acme.gov[10.0.77.246]
Aug 18 00:02:50 acmemail1 postfix/smtpd[5821]: E410D2259: client=nwg-scan-a-002.fiz.acme.gov[10.0.77.246]
Aug 18 00:02:50 acmemail1 postfix/cleanup[5838]: E410D2259: message-id=<20080818040247.DB3547FBB@acmemail2.acme.gov>
Aug 18 00:02:51 acmemail1 postfix/qmgr[20508]: E410D2259: from=<>, size=9929, nrcpt=1 (queue active)
Aug 18 00:02:51 acmemail1 postfix/smtpd[5821]: disconnect from nwg-scan-a-002.fiz.acme.gov[10.0.77.246]
Aug 18 00:02:51 acmemail1 postfix/smtpd[5833]: connect from localhost.localdomain[127.0.0.1]
Aug 18 00:02:51 acmemail1 postfix/smtpd[5833]: 1A4A123CB: client=localhost.localdomain[127.0.0.1]
Aug 18 00:02:51 acmemail1 postfix/cleanup[5624]: 1A4A123CB: message-id=<20080818040247.DB3547FBB@acmemail2.acme.gov>
Aug 18 00:02:51 acmemail1 postfix/smtp[5826]: E410D2259: to=<00000118@pp650n29.fiz.acme.gov>, relay=127.0.0.1[127.0.0.1]:10025, delay=0.22, delays=0.12/0/0/0.1, dsn=2.0.0, status=sent (250 OK, sent 48A8F46B_13989_69112_1 1A4A123CB)
Aug 18 00:02:51 acmemail1 postfix/smtpd[5833]: disconnect from localhost.localdomain[127.0.0.1]
Aug 18 00:02:51 acmemail1 postfix/qmgr[20508]: 1A4A123CB: from=<>, size=10119, nrcpt=1 (queue active)
Aug 18 00:02:51 acmemail1 postfix/qmgr[20508]: E410D2259: removed
Aug 18 00:02:51 acmemail1 postfix/smtp[5772]: 1A4A123CB: to=<00000118@pp650n29.fiz.acme.gov>, relay=10.0.0.1[10.0.0.1]:1025, delay=0.08, delays=0.04/0/0/0.04, dsn=2.0.0, status=sent (250 Message received and queued)
Aug 18 00:02:51 acmemail1 postfix/qmgr[20508]: 1A4A123CB: removed
Aug 18 00:02:51 acmemail1 postfix/smtpd[5837]: connect from nwg-scan-a-002.fiz.acme.gov[10.0.77.246]
Aug 18 00:02:51 acmemail1 postfix/smtpd[5837]: D41AA2259: client=nwg-scan-a-002.fiz.acme.gov[10.0.77.246]
Aug 18 00:02:51 acmemail1 postfix/cleanup[5840]: D41AA2259: message-id=<20080818040247.DAC9F815E@acmemail2.acme.gov>
Aug 18 00:02:51 acmemail1 postfix/qmgr[20508]: D41AA2259: from=<>, size=11403, nrcpt=1 (queue active)
Aug 18 00:02:51 acmemail1 postfix/smtpd[5837]: disconnect from nwg-scan-a-002.fiz.acme.gov[10.0.77.246]
Aug 18 00:02:51 acmemail1 postfix/smtpd[5625]: connect from localhost.localdomain[127.0.0.1]
Aug 18 00:02:51 acmemail1 postfix/smtpd[5625]: F162B29DA: client=localhost.localdomain[127.0.0.1]
Aug 18 00:02:52 acmemail1 postfix/cleanup[5836]: F162B29DA: message-id=<20080818040247.DAC9F815E@acmemail2.acme.gov>
Aug 18 00:02:52 acmemail1 postfix/smtp[5824]: D41AA2259: to=<00000118@pp650n29.fiz.acme.gov>, relay=127.0.0.1[127.0.0.1]:10025, delay=0.16, delays=0.07/0/0/0.1, dsn=2.0.0, status=sent (250 OK, sent 48A8F46B_13989_69113_1 F162B29DA)
Aug 18 00:02:52 acmemail1 postfix/smtpd[5625]: disconnect from localhost.localdomain[127.0.0.1]
Aug 18 00:02:52 acmemail1 postfix/qmgr[20508]: F162B29DA: from=<>, size=11593, nrcpt=1 (queue active)
Aug 18 00:02:52 acmemail1 postfix/qmgr[20508]: D41AA2259: removed
Aug 18 00:02:52 acmemail1 postfix/smtp[5776]: F162B29DA: to=<00000118@pp650n29.fiz.acme.gov>, relay=10.0.0.1[10.0.0.1]:1025, delay=0.08, delays=0.04/0/0/0.04, dsn=2.0.0, status=sent (250 Message received and queued)
Aug 18 00:02:52 acmemail1 postfix/qmgr[20508]: F162B29DA: removed
Aug 18 00:02:52 acmemail1 postfix/smtpd[5839]: connect from nwg-scan-a-002.fiz.acme.gov[10.0.77.246]
Aug 18 00:02:52 acmemail1 postfix/smtpd[5839]: 2340D29DA: client=nwg-scan-a-002.fiz.acme.gov[10.0.77.246]
Aug 18 00:02:52 acmemail1 postfix/cleanup[5838]: 2340D29DA: message-id=<20080818040247.DB3547FBB@acmemail2.acme.gov>
Aug 18 00:02:52 acmemail1 postfix/qmgr[20508]: 2340D29DA: from=<>, size=12140, nrcpt=1 (queue active)
Aug 18 00:02:52 acmemail1 postfix/smtpd[5839]: disconnect from nwg-scan-a-002.fiz.acme.gov[10.0.77.246]
Aug 18 00:02:52 acmemail1 postfix/smtpd[5748]: connect from localhost.localdomain[127.0.0.1]
Aug 18 00:02:52 acmemail1 postfix/smtpd[5748]: 41CBC214B: client=localhost.localdomain[127.0.0.1]
Aug 18 00:02:52 acmemail1 postfix/smtpd[5748]: disconnect from localhost.localdomain[127.0.0.1]
Aug 18 00:02:52 acmemail1 postfix/smtp[5841]: 2340D29DA: to=<00000118@pp650n29.fiz.acme.gov>, relay=127.0.0.1[127.0.0.1]:10025, delay=0.14, delays=0.07/0/0/0.07, dsn=5.0.0, status=bounced (host 127.0.0.1[127.0.0.1] said: 554 during .: 5.4.0 Error: too many hops (in reply to end of DATA command))
Aug 18 00:02:52 acmemail1 postfix/qmgr[20508]: 2340D29DA: removed
Aug 18 00:02:54 acmemail1 postfix/smtpd[5823]: connect from phmccweb.ice.acme.gov[10.0.87.107]
Aug 18 00:02:54 acmemail1 postfix/smtpd[5823]: 41C7C23CB: client=phmccweb.ice.acme.gov[10.0.87.107]
Aug 18 00:02:54 acmemail1 postfix/cleanup[5840]: 41C7C23CB: message-id=<6CA0AABDDBF6D04BAE5E7EB6EC6AC8AD0374813F@Z02EXISPM03.irmnet.ds2.acme.gov>
Aug 18 00:02:54 acmemail1 postfix/smtpd[5821]: connect from unknown[10.0.63.2]
Aug 18 00:02:54 acmemail1 postfix/smtpd[5821]: lost connection after CONNECT from unknown[10.0.63.2]
Aug 18 00:02:54 acmemail1 postfix/smtpd[5821]: disconnect from unknown[10.0.63.2]
Aug 18 00:02:55 acmemail1 postfix/qmgr[20508]: 41C7C23CB: from=<00000110@fins3.acme.gov>, size=1335460, nrcpt=3 (queue active)
Aug 18 00:02:55 acmemail1 postfix/smtpd[5823]: C5EFA2B80: client=phmccweb.ice.acme.gov[10.0.87.107]
Aug 18 00:02:55 acmemail1 postfix/smtpd[5747]: connect from localhost.localdomain[127.0.0.1]
Aug 18 00:02:55 acmemail1 postfix/smtpd[5747]: CA369214B: client=localhost.localdomain[127.0.0.1]
Aug 18 00:02:55 acmemail1 postfix/cleanup[5838]: CA369214B: message-id=<6CA0AABDDBF6D04BAE5E7EB6EC6AC8AD0374813F@Z02EXISPM03.irmnet.ds2.acme.gov>
Aug 18 00:02:55 acmemail1 postfix/smtp[5826]: 41C7C23CB: to=<00000123@acme.gov>, relay=127.0.0.1[127.0.0.1]:10025, delay=1.6, delays=1.4/0/0/0.21, dsn=2.0.0, status=sent (250 OK, sent 48A8F46F_13989_69115_1 CA369214B)
Aug 18 00:02:55 acmemail1 postfix/smtp[5826]: 41C7C23CB: to=<00000124@acme.gov>, relay=127.0.0.1[127.0.0.1]:10025, delay=1.6, delays=1.4/0/0/0.21, dsn=2.0.0, status=sent (250 OK, sent 48A8F46F_13989_69115_1 CA369214B)
Aug 18 00:02:55 acmemail1 postfix/smtp[5826]: 41C7C23CB: to=<00000117@acme.gov>, relay=127.0.0.1[127.0.0.1]:10025, delay=1.6, delays=1.4/0/0/0.21, dsn=2.0.0, status=sent (250 OK, sent 48A8F46F_13989_69115_1 CA369214B)
Aug 18 00:02:55 acmemail1 postfix/smtpd[5747]: disconnect from localhost.localdomain[127.0.0.1]
Aug 18 00:02:55 acmemail1 postfix/qmgr[20508]: CA369214B: from=<00000110@fins3.acme.gov>, size=1335618, nrcpt=3 (queue active)
Aug 18 00:02:55 acmemail1 postfix/qmgr[20508]: 41C7C23CB: removed
Aug 18 00:02:55 acmemail1 postfix/cleanup[5836]: C5EFA2B80: message-id=<6CA0AABDDBF6D04BAE5E7EB6EC6AC8AD03748140@Z02EXISPM03.irmnet.ds2.acme.gov>
Aug 18 00:02:56 acmemail1 postfix/smtp[5775]: CA369214B: to=<00000123@acme.gov>, relay=10.0.0.1[10.0.0.1]:1025, delay=0.19, delays=0.02/0/0/0.17, dsn=2.0.0, status=sent (250 Message received and queued)
Aug 18 00:02:56 acmemail1 postfix/smtp[5775]: CA369214B: to=<00000124@acme.gov>, relay=10.0.0.1[10.0.0.1]:1025, delay=0.19, delays=0.02/0/0/0.17, dsn=2.0.0, status=sent (250 Message received and queued)
Aug 18 00:02:56 acmemail1 postfix/smtp[5775]: CA369214B: to=<00000117@acme.gov>, relay=10.0.0.1[10.0.0.1]:1025, delay=0.19, delays=0.02/0/0/0.17, dsn=2.0.0, status=sent (250 Message received and queued)
Aug 18 00:02:56 acmemail1 postfix/qmgr[20508]: CA369214B: removed
Aug 18 00:02:56 acmemail1 postfix/qmgr[20508]: C5EFA2B80: from=<00000110@fins3.acme.gov>, size=696927, nrcpt=1 (queue active)
Aug 18 00:02:56 acmemail1 postfix/smtpd[5828]: connect from localhost.localdomain[127.0.0.1]
Aug 18 00:02:56 acmemail1 postfix/smtpd[5828]: 867D62259: client=localhost.localdomain[127.0.0.1]
Aug 18 00:02:56 acmemail1 postfix/cleanup[5624]: 867D62259: message-id=<6CA0AABDDBF6D04BAE5E7EB6EC6AC8AD03748140@Z02EXISPM03.irmnet.ds2.acme.gov>
Aug 18 00:02:56 acmemail1 postfix/smtp[5824]: C5EFA2B80: to=<00000119@acme.gov>, relay=127.0.0.1[127.0.0.1]:10025, delay=0.8, delays=0.67/0/0/0.13, dsn=2.0.0, status=sent (250 OK, sent 48A8F470_13989_69116_1 867D62259)
Aug 18 00:02:56 acmemail1 postfix/smtpd[5828]: disconnect from localhost.localdomain[127.0.0.1]
Aug 18 00:02:56 acmemail1 postfix/qmgr[20508]: 867D62259: from=<00000110@fins3.acme.gov>, size=697114, nrcpt=1 (queue active)
Aug 18 00:02:56 acmemail1 postfix/qmgr[20508]: C5EFA2B80: removed
Aug 18 00:02:56 acmemail1 postfix/smtpd[5823]: 94D0029DA: client=phmccweb.ice.acme.gov[10.0.87.107]
Aug 18 00:02:56 acmemail1 postfix/smtp[5626]: 867D62259: to=<00000119@acme.gov>, relay=10.0.0.1[10.0.0.1]:1025, delay=0.12, delays=0.01/0/0/0.11, dsn=2.0.0, status=sent (250 Message received and queued)
Aug 18 00:02:56 acmemail1 postfix/qmgr[20508]: 867D62259: removed
Aug 18 00:02:56 acmemail1 postfix/cleanup[5840]: 94D0029DA: message-id=<6CA0AABDDBF6D04BAE5E7EB6EC6AC8AD03748140@Z02EXISPM03.irmnet.ds2.acme.gov>
Aug 18 00:02:57 acmemail1 postfix/qmgr[20508]: 94D0029DA: from=<00000110@fins3.acme.gov>, size=681809, nrcpt=6 (queue active)
Aug 18 00:02:57 acmemail1 postfix/smtpd[5823]: disconnect from phmccweb.ice.acme.gov[10.0.87.107]
Aug 18 00:02:57 acmemail1 postfix/smtpd[5833]: connect from localhost.localdomain[127.0.0.1]
Aug 18 00:02:57 acmemail1 postfix/smtpd[5833]: 6549D2B13: client=localhost.localdomain[127.0.0.1]
Aug 18 00:02:57 acmemail1 postfix/cleanup[5838]: 6549D2B13: message-id=<6CA0AABDDBF6D04BAE5E7EB6EC6AC8AD03748140@Z02EXISPM03.irmnet.ds2.acme.gov>
Aug 18 00:02:57 acmemail1 postfix/smtp[5825]: 94D0029DA: to=<00000125@acme.gov>, relay=127.0.0.1[127.0.0.1]:10025, delay=0.87, delays=0.7/0/0/0.17, dsn=2.0.0, status=sent (250 OK, sent 48A8F471_13989_69117_1 6549D2B13)
Aug 18 00:02:57 acmemail1 postfix/smtp[5825]: 94D0029DA: to=<00000126@acme.gov>, relay=127.0.0.1[127.0.0.1]:10025, delay=0.87, delays=0.7/0/0/0.17, dsn=2.0.0, status=sent (250 OK, sent 48A8F471_13989_69117_1 6549D2B13)
Aug 18 00:02:57 acmemail1 postfix/smtp[5825]: 94D0029DA: to=<00000127@acme.gov>, relay=127.0.0.1[127.0.0.1]:10025, delay=0.87, delays=0.7/0/0/0.17, dsn=2.0.0, status=sent (250 OK, sent 48A8F471_13989_69117_1 6549D2B13)
Aug 18 00:02:57 acmemail1 postfix/smtp[5825]: 94D0029DA: to=<00000124@acme.gov>, relay=127.0.0.1[127.0.0.1]:10025, delay=0.87, delays=0.7/0/0/0.17, dsn=2.0.0, status=sent (250 OK, sent 48A8F471_13989_69117_1 6549D2B13)
Aug 18 00:02:57 acmemail1 postfix/smtp[5825]: 94D0029DA: to=<00000128@acme.gov>, relay=127.0.0.1[127.0.0.1]:10025, delay=0.87, delays=0.7/0/0/0.17, dsn=2.0.0, status=sent (250 OK, sent 48A8F471_13989_69117_1 6549D2B13)
Aug 18 00:02:57 acmemail1 postfix/smtp[5825]: 94D0029DA: to=<00000117@acme.gov>, relay=127.0.0.1[127.0.0.1]:10025, delay=0.87, delays=0.7/0/0/0.17, dsn=2.0.0, status=sent (250 OK, sent 48A8F471_13989_69117_1 6549D2B13)
Aug 18 00:02:57 acmemail1 postfix/smtpd[5833]: disconnect from localhost.localdomain[127.0.0.1]
Aug 18 00:02:57 acmemail1 postfix/qmgr[20508]: 6549D2B13: from=<00000110@fins3.acme.gov>, size=681967, nrcpt=6 (queue active)
Aug 18 00:02:57 acmemail1 postfix/qmgr[20508]: 94D0029DA: removed
Aug 18 00:02:57 acmemail1 postfix/smtp[5776]: 6549D2B13: to=<00000125@acme.gov>, relay=10.0.0.1[10.0.0.1]:1025, delay=0.15, delays=0.02/0/0/0.13, dsn=2.0.0, status=sent (250 Message received and queued)
Aug 18 00:02:57 acmemail1 postfix/smtp[5776]: 6549D2B13: to=<00000126@acme.gov>, relay=10.0.0.1[10.0.0.1]:1025, delay=0.15, delays=0.02/0/0/0.13, dsn=2.0.0, status=sent (250 Message received and queued)
Aug 18 00:02:57 acmemail1 postfix/smtp[5776]: 6549D2B13: to=<00000127@acme.gov>, relay=10.0.0.1[10.0.0.1]:1025, delay=0.15, delays=0.02/0/0/0.13, dsn=2.0.0, status=sent (250 Message received and queued)
Aug 18 00:02:57 acmemail1 postfix/smtp[5776]: 6549D2B13: to=<00000124@acme.gov>, relay=10.0.0.1[10.0.0.1]:1025, delay=0.15, delays=0.02/0/0/0.13, dsn=2.0.0, status=sent (250 Message received and queued)
Aug 18 00:02:57 acmemail1 postfix/smtp[5776]: 6549D2B13: to=<00000128@acme.gov>, relay=10.0.0.1[10.0.0.1]:1025, delay=0.15, delays=0.02/0/0/0.13, dsn=2.0.0, status=sent (250 Message received and queued)
Aug 18 00:02:57 acmemail1 postfix/smtp[5776]: 6549D2B13: to=<00000117@acme.gov>, relay=10.0.0.1[10.0.0.1]:1025, delay=0.15, delays=0.02/0/0/0.13, dsn=2.0.0, status=sent (250 Message received and queued)
Aug 18 00:02:57 acmemail1 postfix/qmgr[20508]: 6549D2B13: removed
Aug 18 00:03:01 acmemail1 postfix/smtpd[5819]: connect from mx4.fins3.acme.gov[10.0.87.121]
Aug 18 00:03:01 acmemail1 postfix/smtpd[5819]: A062E2B13: client=mx4.fins3.acme.gov[10.0.87.121]
Aug 18 00:03:01 acmemail1 postfix/cleanup[5624]: A062E2B13: message-id=<2155947BBE72F94E893ADD79B9C68F96C9FEC0@Z02EXIPHO01.irmnet.ds2.acme.gov>
Aug 18 00:03:01 acmemail1 postfix/qmgr[20508]: A062E2B13: from=<00000129@fins3.acme.gov>, size=2265, nrcpt=1 (queue active)
Aug 18 00:03:01 acmemail1 postfix/smtpd[5625]: connect from localhost.localdomain[127.0.0.1]
Aug 18 00:03:01 acmemail1 postfix/smtpd[5625]: D4700214B: client=localhost.localdomain[127.0.0.1]
Aug 18 00:03:01 acmemail1 postfix/cleanup[5836]: D4700214B: message-id=<2155947BBE72F94E893ADD79B9C68F96C9FEC0@Z02EXIPHO01.irmnet.ds2.acme.gov>
Aug 18 00:03:01 acmemail1 postfix/smtp[5841]: A062E2B13: to=<00000130@yahoo.com>, relay=127.0.0.1[127.0.0.1]:10025, delay=0.33, delays=0.26/0/0/0.06, dsn=2.0.0, status=sent (250 OK, sent 48A8F475_13989_69118_1 D4700214B)
Aug 18 00:03:01 acmemail1 postfix/smtpd[5625]: disconnect from localhost.localdomain[127.0.0.1]
Aug 18 00:03:01 acmemail1 postfix/qmgr[20508]: D4700214B: from=<00000129@fins3.acme.gov>, size=2452, nrcpt=1 (queue active)
Aug 18 00:03:01 acmemail1 postfix/qmgr[20508]: A062E2B13: removed
Aug 18 00:03:01 acmemail1 postfix/smtpd[5819]: disconnect from mx4.fins3.acme.gov[10.0.87.121]
Aug 18 00:03:02 acmemail1 postfix/smtp[4840]: D4700214B: to=<00000130@yahoo.com>, relay=10.0.0.1[10.0.0.1]:1025, delay=0.15, delays=0.04/0/0/0.11, dsn=2.0.0, status=sent (250 Message received and queued)
Aug 18 00:03:02 acmemail1 postfix/qmgr[20508]: D4700214B: removed
Aug 18 00:03:08 acmemail1 postfix/smtpd[5839]: connect from mx3.fins3.acme.gov[10.0.87.120]
Aug 18 00:03:08 acmemail1 postfix/smtpd[5839]: C3434214B: client=mx3.fins3.acme.gov[10.0.87.120]
Aug 18 00:03:08 acmemail1 postfix/cleanup[5840]: C3434214B: message-id=<E69F0D19553A3B41A0A8B25DE0287A7B01647DD9@Z02EXCCIS12.irmnet.ds2.acme.gov>
Aug 18 00:03:12 acmemail1 postfix/smtpd[5821]: connect from nwg-scan-a-001.fiz.acme.gov[10.0.77.245]
Aug 18 00:03:12 acmemail1 postfix/smtpd[5821]: C8C812259: client=nwg-scan-a-001.fiz.acme.gov[10.0.77.245]
Aug 18 00:03:12 acmemail1 postfix/cleanup[5624]: C8C812259: message-id=<25276323.1219032192630.JavaMail.default@10.159.39.63>
Aug 18 00:03:12 acmemail1 postfix/qmgr[20508]: C8C812259: from=<00000098@acme.gov>, size=2498, nrcpt=1 (queue active)
Aug 18 00:03:12 acmemail1 postfix/smtpd[5821]: disconnect from nwg-scan-a-001.fiz.acme.gov[10.0.77.245]
Aug 18 00:03:12 acmemail1 postfix/smtpd[5834]: connect from localhost.localdomain[127.0.0.1]
Aug 18 00:03:12 acmemail1 postfix/smtpd[5834]: D74BA23CB: client=localhost.localdomain[127.0.0.1]
Aug 18 00:03:12 acmemail1 postfix/cleanup[5836]: D74BA23CB: message-id=<25276323.1219032192630.JavaMail.default@10.159.39.63>
Aug 18 00:03:12 acmemail1 postfix/smtp[5826]: C8C812259: to=<00000131@CATHAYPACIFIC.COM>, relay=127.0.0.1[127.0.0.1]:10025, delay=0.13, delays=0.05/0/0/0.07, dsn=2.0.0, status=sent (250 OK, sent 48A8F480_13989_69119_1 D74BA23CB)
Aug 18 00:03:12 acmemail1 postfix/smtpd[5834]: disconnect from localhost.localdomain[127.0.0.1]
Aug 18 00:03:12 acmemail1 postfix/qmgr[20508]: D74BA23CB: from=<00000098@acme.gov>, size=2691, nrcpt=1 (queue active)
Aug 18 00:03:12 acmemail1 postfix/qmgr[20508]: C8C812259: removed
Aug 18 00:03:12 acmemail1 postfix/smtpd[5819]: connect from nwg-scan-a-001.fiz.acme.gov[10.0.77.245]
Aug 18 00:03:12 acmemail1 postfix/smtp[4841]: D74BA23CB: to=<00000131@CATHAYPACIFIC.COM>, relay=10.0.0.1[10.0.0.1]:1025, delay=0.11, delays=0.06/0/0/0.05, dsn=2.0.0, status=sent (250 Message received and queued)
Aug 18 00:03:12 acmemail1 postfix/qmgr[20508]: D74BA23CB: removed
Aug 18 00:03:12 acmemail1 postfix/smtpd[5819]: F399323CB: client=nwg-scan-a-001.fiz.acme.gov[10.0.77.245]
Aug 18 00:03:13 acmemail1 postfix/cleanup[5838]: F399323CB: message-id=<20051738.1219032192771.JavaMail.default@10.159.39.63>
Aug 18 00:03:13 acmemail1 postfix/qmgr[20508]: F399323CB: from=<00000098@acme.gov>, size=2498, nrcpt=1 (queue active)
Aug 18 00:03:13 acmemail1 postfix/smtpd[5819]: disconnect from nwg-scan-a-001.fiz.acme.gov[10.0.77.245]
Aug 18 00:03:13 acmemail1 postfix/smtpd[5748]: connect from localhost.localdomain[127.0.0.1]
Aug 18 00:03:13 acmemail1 postfix/smtpd[5748]: 0C6842259: client=localhost.localdomain[127.0.0.1]
Aug 18 00:03:13 acmemail1 postfix/cleanup[5624]: 0C6842259: message-id=<20051738.1219032192771.JavaMail.default@10.159.39.63>
Aug 18 00:03:13 acmemail1 postfix/smtp[5825]: F399323CB: to=<00000131@CATHAYPACIFIC.COM>, relay=127.0.0.1[127.0.0.1]:10025, delay=0.11, delays=0.05/0/0/0.06, dsn=2.0.0, status=sent (250 OK, sent 48A8F481_13989_69120_1 0C6842259)
Aug 18 00:03:13 acmemail1 postfix/smtpd[5748]: disconnect from localhost.localdomain[127.0.0.1]
Aug 18 00:03:13 acmemail1 postfix/qmgr[20508]: 0C6842259: from=<00000098@acme.gov>, size=2691, nrcpt=1 (queue active)
Aug 18 00:03:13 acmemail1 postfix/qmgr[20508]: F399323CB: removed
Aug 18 00:03:13 acmemail1 postfix/smtpd[5090]: connect from nwg-scan-a-001.fiz.acme.gov[10.0.77.245]
Aug 18 00:03:13 acmemail1 postfix/smtp[5829]: 0C6842259: to=<00000131@CATHAYPACIFIC.COM>, relay=10.0.0.1[10.0.0.1]:1025, delay=0.09, delays=0.05/0/0/0.04, dsn=2.0.0, status=sent (250 Message received and queued)
Aug 18 00:03:13 acmemail1 postfix/qmgr[20508]: 0C6842259: removed
Aug 18 00:03:13 acmemail1 postfix/smtpd[5090]: 29CEF2259: client=nwg-scan-a-001.fiz.acme.gov[10.0.77.245]
Aug 18 00:03:13 acmemail1 postfix/cleanup[5838]: 29CEF2259: message-id=<22413802.1219032192927.JavaMail.default@10.159.39.63>
Aug 18 00:03:13 acmemail1 postfix/qmgr[20508]: 29CEF2259: from=<00000098@acme.gov>, size=2484, nrcpt=1 (queue active)
Aug 18 00:03:13 acmemail1 postfix/smtpd[5090]: disconnect from nwg-scan-a-001.fiz.acme.gov[10.0.77.245]
Aug 18 00:03:13 acmemail1 postfix/smtpd[5747]: connect from localhost.localdomain[127.0.0.1]
Aug 18 00:03:13 acmemail1 postfix/smtpd[5747]: 3654723CB: client=localhost.localdomain[127.0.0.1]
Aug 18 00:03:13 acmemail1 postfix/cleanup[5836]: 3654723CB: message-id=<22413802.1219032192927.JavaMail.default@10.159.39.63>
Aug 18 00:03:13 acmemail1 postfix/smtp[5841]: 29CEF2259: to=<00000132@SAS.SE>, relay=127.0.0.1[127.0.0.1]:10025, delay=0.1, delays=0.05/0/0/0.06, dsn=2.0.0, status=sent (250 OK, sent 48A8F481_13989_69121_1 3654723CB)
Aug 18 00:03:13 acmemail1 postfix/smtpd[5747]: disconnect from localhost.localdomain[127.0.0.1]
Aug 18 00:03:13 acmemail1 postfix/qmgr[20508]: 3654723CB: from=<00000098@acme.gov>, size=2671, nrcpt=1 (queue active)
Aug 18 00:03:13 acmemail1 postfix/qmgr[20508]: 29CEF2259: removed
Aug 18 00:03:13 acmemail1 postfix/smtp[5818]: 3654723CB: to=<00000132@SAS.SE>, relay=10.0.0.1[10.0.0.1]:1025, delay=0.08, delays=0.04/0/0/0.04, dsn=2.0.0, status=sent (250 Message received and queued)
Aug 18 00:03:13 acmemail1 postfix/qmgr[20508]: 3654723CB: removed
Aug 18 00:03:13 acmemail1 postfix/qmgr[20508]: C3434214B: from=<00000133@fins3.acme.gov>, size=3858385, nrcpt=3 (queue active)
Aug 18 00:03:13 acmemail1 postfix/smtpd[5839]: disconnect from mx3.fins3.acme.gov[10.0.87.120]
Aug 18 00:03:14 acmemail1 postfix/smtpd[5828]: connect from localhost.localdomain[127.0.0.1]
Aug 18 00:03:14 acmemail1 postfix/smtpd[5828]: 1AA6123CB: client=localhost.localdomain[127.0.0.1]
Aug 18 00:03:14 acmemail1 postfix/cleanup[5624]: 1AA6123CB: message-id=<E69F0D19553A3B41A0A8B25DE0287A7B01647DD9@Z02EXCCIS12.irmnet.ds2.acme.gov>
Aug 18 00:03:14 acmemail1 postfix/smtp[5824]: C3434214B: to=<00000134@acme.gov>, relay=127.0.0.1[127.0.0.1]:10025, delay=5.5, delays=4.9/0/0/0.55, dsn=2.0.0, status=sent (250 OK, sent 48A8F481_13989_69122_1 1AA6123CB)
Aug 18 00:03:14 acmemail1 postfix/smtp[5824]: C3434214B: to=<00000135@acme.gov>, relay=127.0.0.1[127.0.0.1]:10025, delay=5.5, delays=4.9/0/0/0.55, dsn=2.0.0, status=sent (250 OK, sent 48A8F481_13989_69122_1 1AA6123CB)
Aug 18 00:03:14 acmemail1 postfix/smtp[5824]: C3434214B: to=<00000136@acme.gov>, relay=127.0.0.1[127.0.0.1]:10025, delay=5.5, delays=4.9/0/0/0.55, dsn=2.0.0, status=sent (250 OK, sent 48A8F481_13989_69122_1 1AA6123CB)
Aug 18 00:03:14 acmemail1 postfix/qmgr[20508]: 1AA6123CB: from=<00000133@fins3.acme.gov>, size=3858543, nrcpt=3 (queue active)
Aug 18 00:03:14 acmemail1 postfix/qmgr[20508]: C3434214B: removed
Aug 18 00:03:14 acmemail1 postfix/smtpd[5828]: disconnect from localhost.localdomain[127.0.0.1]
Aug 18 00:03:14 acmemail1 postfix/smtpd[5821]: connect from unknown[10.0.80.60]
Aug 18 00:03:14 acmemail1 postfix/smtp[5831]: 1AA6123CB: to=<00000134@acme.gov>, relay=10.0.0.1[10.0.0.1]:1025, delay=0.5, delays=0.11/0/0/0.39, dsn=2.0.0, status=sent (250 Message received and queued)
Aug 18 00:03:14 acmemail1 postfix/smtp[5831]: 1AA6123CB: to=<00000135@acme.gov>, relay=10.0.0.1[10.0.0.1]:1025, delay=0.5, delays=0.11/0/0/0.39, dsn=2.0.0, status=sent (250 Message received and queued)
Aug 18 00:03:14 acmemail1 postfix/smtp[5831]: 1AA6123CB: to=<00000136@acme.gov>, relay=10.0.0.1[10.0.0.1]:1025, delay=0.5, delays=0.11/0/0/0.39, dsn=2.0.0, status=sent (250 Message received and queued)
Aug 18 00:03:14 acmemail1 postfix/qmgr[20508]: 1AA6123CB: removed
Aug 18 00:03:14 acmemail1 postfix/smtpd[5821]: A528D2259: client=unknown[10.0.80.60]
Aug 18 00:03:14 acmemail1 postfix/cleanup[5838]: A528D2259: message-id=<0C203F7F4C2BF4499E6193119781774619F035@K001MB101.network.ad.baz.gov>
Aug 18 00:03:14 acmemail1 postfix/qmgr[20508]: A528D2259: from=<00000137@baz.acme.gov>, size=11051, nrcpt=1 (queue active)
Aug 18 00:03:14 acmemail1 postfix/smtpd[5821]: disconnect from unknown[10.0.80.60]
Aug 18 00:03:14 acmemail1 postfix/smtpd[5748]: connect from localhost.localdomain[127.0.0.1]
Aug 18 00:03:14 acmemail1 postfix/smtpd[5748]: DB05F29DA: client=localhost.localdomain[127.0.0.1]
Aug 18 00:03:14 acmemail1 postfix/cleanup[5840]: DB05F29DA: message-id=<0C203F7F4C2BF4499E6193119781774619F035@K001MB101.network.ad.baz.gov>
Aug 18 00:03:14 acmemail1 postfix/smtp[5826]: A528D2259: to=<00000138@acme.gov>, relay=127.0.0.1[127.0.0.1]:10025, delay=0.29, delays=0.16/0/0/0.13, dsn=2.0.0, status=sent (250 OK, sent 48A8F482_13989_69123_1 DB05F29DA)
Aug 18 00:03:14 acmemail1 postfix/smtpd[5748]: disconnect from localhost.localdomain[127.0.0.1]
Aug 18 00:03:14 acmemail1 postfix/qmgr[20508]: DB05F29DA: from=<00000137@baz.acme.gov>, size=11237, nrcpt=1 (queue active)
Aug 18 00:03:14 acmemail1 postfix/qmgr[20508]: A528D2259: removed
Aug 18 00:03:14 acmemail1 postfix/smtp[5772]: DB05F29DA: to=<00000138@acme.gov>, relay=10.0.0.1[10.0.0.1]:1025, delay=0.08, delays=0.04/0/0/0.04, dsn=2.0.0, status=sent (250 Message received and queued)
Aug 18 00:03:14 acmemail1 postfix/qmgr[20508]: DB05F29DA: removed
Aug 18 00:03:19 acmemail1 postfix/smtpd[5819]: connect from mx4.fins3.acme.gov[10.0.87.121]
Aug 18 00:03:19 acmemail1 postfix/smtpd[5819]: 4806129DA: client=mx4.fins3.acme.gov[10.0.87.121]
Aug 18 00:03:19 acmemail1 postfix/cleanup[5624]: 4806129DA: message-id=<E69F0D19553A3B41A0A8B25DE0287A7B01647DDA@Z02EXCCIS12.irmnet.ds2.acme.gov>
Aug 18 00:03:22 acmemail1 postfix/smtpd[5090]: connect from nwg-scan-a-001.fiz.acme.gov[10.0.77.245]
Aug 18 00:03:22 acmemail1 postfix/smtpd[5090]: B6665214B: client=nwg-scan-a-001.fiz.acme.gov[10.0.77.245]
Aug 18 00:03:22 acmemail1 postfix/cleanup[5838]: B6665214B: message-id=<7494106.1219032201989.JavaMail.default@10.159.39.63>
Aug 18 00:03:22 acmemail1 postfix/qmgr[20508]: B6665214B: from=<00000098@acme.gov>, size=2456, nrcpt=1 (queue active)
Aug 18 00:03:22 acmemail1 postfix/smtpd[5090]: disconnect from nwg-scan-a-001.fiz.acme.gov[10.0.77.245]
Aug 18 00:03:22 acmemail1 postfix/smtpd[5833]: connect from localhost.localdomain[127.0.0.1]
Aug 18 00:03:22 acmemail1 postfix/smtpd[5833]: C3A5F2259: client=localhost.localdomain[127.0.0.1]
Aug 18 00:03:22 acmemail1 postfix/cleanup[5840]: C3A5F2259: message-id=<7494106.1219032201989.JavaMail.default@10.159.39.63>
Aug 18 00:03:22 acmemail1 postfix/smtp[5841]: B6665214B: to=<00000139@AIRCANADA.CA>, relay=127.0.0.1[127.0.0.1]:10025, delay=0.11, delays=0.05/0/0/0.06, dsn=2.0.0, status=sent (250 OK, sent 48A8F48A_13989_69124_1 C3A5F2259)
Aug 18 00:03:22 acmemail1 postfix/smtpd[5833]: disconnect from localhost.localdomain[127.0.0.1]
Aug 18 00:03:22 acmemail1 postfix/qmgr[20508]: C3A5F2259: from=<00000098@acme.gov>, size=2638, nrcpt=1 (queue active)
Aug 18 00:03:22 acmemail1 postfix/qmgr[20508]: B6665214B: removed
Aug 18 00:03:22 acmemail1 postfix/smtp[4840]: C3A5F2259: to=<00000139@AIRCANADA.CA>, relay=10.0.0.1[10.0.0.1]:1025, delay=0.08, delays=0.04/0/0/0.04, dsn=2.0.0, status=sent (250 Message received and queued)
Aug 18 00:03:22 acmemail1 postfix/qmgr[20508]: C3A5F2259: removed
Aug 18 00:03:29 acmemail1 postfix/smtpd[5823]: connect from unknown[10.0.80.60]
Aug 18 00:03:29 acmemail1 postfix/smtpd[5823]: 1B91C2259: client=unknown[10.0.80.60]
Aug 18 00:03:29 acmemail1 postfix/cleanup[5838]: 1B91C2259: message-id=<D31A582E5B6A2B45902C41C643D99A5A01399D5D@K001MB101.network.ad.baz.gov>
Aug 18 00:03:29 acmemail1 postfix/qmgr[20508]: 1B91C2259: from=<00000001@baz.acme.gov>, size=4754, nrcpt=62 (queue active)
Aug 18 00:03:29 acmemail1 postfix/smtpd[5834]: connect from localhost.localdomain[127.0.0.1]
Aug 18 00:03:29 acmemail1 postfix/smtpd[5834]: 69842214B: client=localhost.localdomain[127.0.0.1]
Aug 18 00:03:29 acmemail1 postfix/cleanup[5840]: 69842214B: message-id=<D31A582E5B6A2B45902C41C643D99A5A01399D5D@K001MB101.network.ad.baz.gov>
Aug 18 00:03:29 acmemail1 postfix/smtpd[5747]: connect from localhost.localdomain[127.0.0.1]
Aug 18 00:03:29 acmemail1 postfix/smtpd[5747]: 74BFE23CB: client=localhost.localdomain[127.0.0.1]
Aug 18 00:03:29 acmemail1 postfix/smtp[5824]: 1B91C2259: to=<00000060@acme.gov>, relay=127.0.0.1[127.0.0.1]:10025, delay=0.4, delays=0.28/0/0/0.12, dsn=2.0.0, status=sent (250 OK, sent 48A8F491_13987_12174_1 69842214B)
Aug 18 00:03:29 acmemail1 postfix/smtp[5824]: 1B91C2259: to=<00000056@acme.gov>, relay=127.0.0.1[127.0.0.1]:10025, delay=0.4, delays=0.28/0/0/0.12, dsn=2.0.0, status=sent (250 OK, sent 48A8F491_13987_12174_1 69842214B)
Aug 18 00:03:29 acmemail1 postfix/smtp[5824]: 1B91C2259: to=<00000057@acme.gov>, relay=127.0.0.1[127.0.0.1]:10025, delay=0.4, delays=0.28/0/0/0.12, dsn=2.0.0, status=sent (250 OK, sent 48A8F491_13987_12174_1 69842214B)
Aug 18 00:03:29 acmemail1 postfix/smtp[5824]: 1B91C2259: to=<00000002@acme.gov>, relay=127.0.0.1[127.0.0.1]:10025, delay=0.4, delays=0.28/0/0/0.12, dsn=2.0.0, status=sent (250 OK, sent 48A8F491_13987_12174_1 69842214B)
Aug 18 00:03:29 acmemail1 postfix/smtp[5824]: 1B91C2259: to=<00000003@acme.gov>, relay=127.0.0.1[127.0.0.1]:10025, delay=0.4, delays=0.28/0/0/0.12, dsn=2.0.0, status=sent (250 OK, sent 48A8F491_13987_12174_1 69842214B)
Aug 18 00:03:29 acmemail1 postfix/smtp[5824]: 1B91C2259: to=<00000063@acme.gov>, relay=127.0.0.1[127.0.0.1]:10025, delay=0.4, delays=0.28/0/0/0.12, dsn=2.0.0, status=sent (250 OK, sent 48A8F491_13987_12174_1 69842214B)
Aug 18 00:03:29 acmemail1 postfix/smtp[5824]: 1B91C2259: to=<00000140@acme.gov>, relay=127.0.0.1[127.0.0.1]:10025, delay=0.4, delays=0.28/0/0/0.12, dsn=2.0.0, status=sent (250 OK, sent 48A8F491_13987_12174_1 69842214B)
Aug 18 00:03:29 acmemail1 postfix/smtp[5824]: 1B91C2259: to=<00000005@acme.gov>, relay=127.0.0.1[127.0.0.1]:10025, delay=0.4, delays=0.28/0/0/0.12, dsn=2.0.0, status=sent (250 OK, sent 48A8F491_13987_12174_1 69842214B)
Aug 18 00:03:29 acmemail1 postfix/smtp[5824]: 1B91C2259: to=<00000064@acme.gov>, relay=127.0.0.1[127.0.0.1]:10025, delay=0.4, delays=0.28/0/0/0.12, dsn=2.0.0, status=sent (250 OK, sent 48A8F491_13987_12174_1 69842214B)
Aug 18 00:03:29 acmemail1 postfix/smtp[5824]: 1B91C2259: to=<00000006@acme.gov>, relay=127.0.0.1[127.0.0.1]:10025, delay=0.4, delays=0.28/0/0/0.12, dsn=2.0.0, status=sent (250 OK, sent 48A8F491_13987_12174_1 69842214B)
Aug 18 00:03:29 acmemail1 postfix/smtp[5824]: 1B91C2259: to=<00000007@acme.gov>, relay=127.0.0.1[127.0.0.1]:10025, delay=0.4, delays=0.28/0/0/0.12, dsn=2.0.0, status=sent (250 OK, sent 48A8F491_13987_12174_1 69842214B)
Aug 18 00:03:29 acmemail1 postfix/smtp[5824]: 1B91C2259: to=<00000000@acme.gov>, relay=127.0.0.1[127.0.0.1]:10025, delay=0.4, delays=0.28/0/0/0.12, dsn=2.0.0, status=sent (250 OK, sent 48A8F491_13987_12174_1 69842214B)
Aug 18 00:03:29 acmemail1 postfix/smtpd[5834]: disconnect from localhost.localdomain[127.0.0.1]
