Aug 18 00:01:45 acmemail1 postfix/qmgr[20508]: 7C00D2259: from=<>, size=143648, nrcpt=1 (queue active)
Aug 18 00:01:45 acmemail1 postfix/qmgr[20508]: DF91D214B: removed
Aug 18 00:01:45 acmemail1 postfix/smtp[5827]: 7C00D2259: to=<00000095@immd.gov.hk>, relay=10.0.0.1[10.0.0.1]:1025, delay=0.07, delays=0.01/0/0/0.06, dsn=2.0.0, status=sent (250 Message received and queued)
Aug 18 00:01:45 acmemail1 postfix/qmgr[20508]: 7C00D2259: removed
Aug 18 00:01:47 acmemail1 postfix/smtpd[5839]: connect from email.O0OlII.net[10.0.73.31]
Aug 18 00:01:47 acmemail1 postfix/smtpd[5839]: 78C112259: client=email.O0OlII.net[10.0.73.31]
Aug 18 00:01:47 acmemail1 postfix/cleanup[5836]: 78C112259: message-id=<0AF44B6ABCC6B140AEB436E48466B416163FF7@MWEX3M4.O0OlII.net>
Aug 18 00:01:47 acmemail1 postfix/qmgr[20508]: 78C112259: from=<00000096@O0OlII.gov>, size=2488, nrcpt=1 (queue active)
Aug 18 00:01:47 acmemail1 postfix/smtpd[5839]: disconnect from email.O0OlII.net[10.0.73.31]
Aug 18 00:01:47 acmemail1 postfix/smtpd[5625]: connect from localhost.localdomain[127.0.0.1]
Aug 18 00:01:47 acmemail1 postfix/smtpd[5625]: 8E198214B: client=localhost.localdomain[127.0.0.1]
Aug 18 00:01:47 acmemail1 postfix/cleanup[5838]: 8E198214B: message-id=<0AF44B6ABCC6B140AEB436E48466B416163FF7@MWEX3M4.O0OlII.net>
Aug 18 00:01:47 acmemail1 postfix/smtp[5825]: 78C112259: to=<00000097@aadvantage.email.aa.com>, relay=127.0.0.1[127.0.0.1]:10025, delay=0.14, delays=0.07/0/0/0.07, dsn=2.0.0, status=sent (250 OK, sent 48A8F42B_13989_69090_1 8E198214B)
Aug 18 00:01:47 acmemail1 postfix/smtpd[5625]: disconnect from localhost.localdomain[127.0.0.1]
Aug 18 00:01:47 acmemail1 postfix/qmgr[20508]: 8E198214B: from=<00000096@O0OlII.gov>, size=2693, nrcpt=1 (queue active)
Aug 18 00:01:47 acmemail1 postfix/qmgr[20508]: 78C112259: removed
Aug 18 00:01:47 acmemail1 postfix/smtp[4840]: 8E198214B: to=<00000097@aadvantage.email.aa.com>, relay=10.0.0.1[10.0.0.1]:1025, delay=0.13, delays=0.05/0/0/0.09, dsn=2.0.0, status=sent (250 Message received and queued)
Aug 18 00:01:47 acmemail1 postfix/qmgr[20508]: 8E198214B: removed
Aug 18 00:01:53 acmemail1 postfix/smtpd[5819]: connect from unknown[10.0.63.2]
Aug 18 00:01:53 acmemail1 postfix/smtpd[5819]: lost connection after CONNECT from unknown[10.0.63.2]
Aug 18 00:01:53 acmemail1 postfix/smtpd[5819]: disconnect from unknown[10.0.63.2]
Aug 18 00:01:58 acmemail1 postfix/smtpd[5090]: connect from nwg-scan-a-001.fiz.acme.gov[10.0.77.245]
Aug 18 00:01:58 acmemail1 postfix/smtpd[5090]: 66AE6214B: client=nwg-scan-a-001.fiz.acme.gov[10.0.77.245]
Aug 18 00:01:58 acmemail1 postfix/cleanup[5624]: 66AE6214B: message-id=<10719543.1219032118209.JavaMail.default@10.159.39.63>
Aug 18 00:01:58 acmemail1 postfix/qmgr[20508]: 66AE6214B: from=<00000098@acme.gov>, size=2496, nrcpt=1 (queue active)
Aug 18 00:01:58 acmemail1 postfix/smtpd[5090]: disconnect from nwg-scan-a-001.fiz.acme.gov[10.0.77.245]
Aug 18 00:01:58 acmemail1 postfix/smtpd[5834]: connect from localhost.localdomain[127.0.0.1]
Aug 18 00:01:58 acmemail1 postfix/smtpd[5834]: 7338B2259: client=localhost.localdomain[127.0.0.1]
Aug 18 00:01:58 acmemail1 postfix/cleanup[5835]: 7338B2259: message-id=<10719543.1219032118209.JavaMail.default@10.159.39.63>
Aug 18 00:01:58 acmemail1 postfix/smtp[5826]: 66AE6214B: to=<00000099@OLYMPIC-AIRWAYS.GR>, relay=127.0.0.1[127.0.0.1]:10025, delay=0.1, delays=0.05/0/0/0.06, dsn=2.0.0, status=sent (250 OK, sent 48A8F436_13989_69091_1 7338B2259)
Aug 18 00:01:58 acmemail1 postfix/smtpd[5834]: disconnect from localhost.localdomain[127.0.0.1]
Aug 18 00:01:58 acmemail1 postfix/qmgr[20508]: 7338B2259: from=<00000098@acme.gov>, size=2688, nrcpt=1 (queue active)
Aug 18 00:01:58 acmemail1 postfix/qmgr[20508]: 66AE6214B: removed
Aug 18 00:01:58 acmemail1 postfix/smtp[5818]: 7338B2259: to=<00000099@OLYMPIC-AIRWAYS.GR>, relay=10.0.0.1[10.0.0.1]:1025, delay=0.09, delays=0.04/0/0/0.04, dsn=2.0.0, status=sent (250 Message received and queued)
Aug 18 00:01:58 acmemail1 postfix/qmgr[20508]: 7338B2259: removed
Aug 18 00:02:08 acmemail1 postfix/smtpd[5839]: connect from mx2.fins3.acme.gov[10.0.87.108]
Aug 18 00:02:08 acmemail1 postfix/smtpd[5839]: B65722259: client=mx2.fins3.acme.gov[10.0.87.108]
Aug 18 00:02:08 acmemail1 postfix/cleanup[5836]: B65722259: message-id=<7CB0F0A5EA0AC7428B309FA5D1F35C2802457FA3@Z02EXIBUF01.irmnet.ds2.acme.gov>
Aug 18 00:02:08 acmemail1 postfix/qmgr[20508]: B65722259: from=<00000100@fins3.acme.gov>, size=2572, nrcpt=1 (queue active)
Aug 18 00:02:08 acmemail1 postfix/smtpd[5833]: connect from localhost.localdomain[127.0.0.1]
Aug 18 00:02:08 acmemail1 postfix/smtpd[5833]: DB1F7214B: client=localhost.localdomain[127.0.0.1]
Aug 18 00:02:08 acmemail1 postfix/cleanup[5840]: DB1F7214B: message-id=<7CB0F0A5EA0AC7428B309FA5D1F35C2802457FA3@Z02EXIBUF01.irmnet.ds2.acme.gov>
Aug 18 00:02:08 acmemail1 postfix/smtp[5824]: B65722259: to=<00000101@yahoo.com>, relay=127.0.0.1[127.0.0.1]:10025, delay=0.25, delays=0.19/0/0/0.07, dsn=2.0.0, status=sent (250 OK, sent 48A8F440_13989_69092_1 DB1F7214B)
Aug 18 00:02:08 acmemail1 postfix/smtpd[5833]: disconnect from localhost.localdomain[127.0.0.1]
Aug 18 00:02:08 acmemail1 postfix/qmgr[20508]: DB1F7214B: from=<00000100@fins3.acme.gov>, size=2757, nrcpt=1 (queue active)
Aug 18 00:02:08 acmemail1 postfix/qmgr[20508]: B65722259: removed
Aug 18 00:02:08 acmemail1 postfix/smtpd[5839]: disconnect from mx2.fins3.acme.gov[10.0.87.108]
Aug 18 00:02:08 acmemail1 postfix/smtp[4841]: DB1F7214B: to=<00000101@yahoo.com>, relay=10.0.0.1[10.0.0.1]:1025, delay=0.09, delays=0.04/0/0/0.04, dsn=2.0.0, status=sent (250 Message received and queued)
Aug 18 00:02:08 acmemail1 postfix/qmgr[20508]: DB1F7214B: removed
Aug 18 00:02:10 acmemail1 postfix/smtpd[5821]: connect from treccweb.ice.acme.gov[10.0.87.108]
Aug 18 00:02:10 acmemail1 postfix/smtpd[5821]: 5D508214B: client=treccweb.ice.acme.gov[10.0.87.108]
Aug 18 00:02:10 acmemail1 postfix/cleanup[5838]: 5D508214B: message-id=<F02726857B054045891AF6F5ABAC0B2502BADBBE@Z02EXISEA03.irmnet.ds2.acme.gov>
Aug 18 00:02:10 acmemail1 postfix/qmgr[20508]: 5D508214B: from=<00000102@fins3.acme.gov>, size=2365, nrcpt=1 (queue active)
Aug 18 00:02:10 acmemail1 postfix/smtpd[5625]: connect from localhost.localdomain[127.0.0.1]
Aug 18 00:02:10 acmemail1 postfix/smtpd[5625]: 860682259: client=localhost.localdomain[127.0.0.1]
Aug 18 00:02:10 acmemail1 postfix/cleanup[5624]: 860682259: message-id=<F02726857B054045891AF6F5ABAC0B2502BADBBE@Z02EXISEA03.irmnet.ds2.acme.gov>
Aug 18 00:02:10 acmemail1 postfix/smtpd[5821]: disconnect from treccweb.ice.acme.gov[10.0.87.108]
Aug 18 00:02:10 acmemail1 postfix/smtp[5727]: 5D508214B: to=<00000103@hotmail.com>, relay=127.0.0.1[127.0.0.1]:10025, delay=0.32, delays=0.2/0/0/0.12, dsn=2.0.0, status=sent (250 OK, sent 48A8F442_13989_69093_1 860682259)
Aug 18 00:02:10 acmemail1 postfix/smtpd[5625]: disconnect from localhost.localdomain[127.0.0.1]
Aug 18 00:02:10 acmemail1 postfix/qmgr[20508]: 860682259: from=<00000102@fins3.acme.gov>, size=2554, nrcpt=1 (queue active)
Aug 18 00:02:10 acmemail1 postfix/qmgr[20508]: 5D508214B: removed
Aug 18 00:02:10 acmemail1 postfix/smtp[5831]: 860682259: to=<00000103@hotmail.com>, relay=10.0.0.1[10.0.0.1]:1025, delay=0.15, delays=0.11/0/0/0.04, dsn=2.0.0, status=sent (250 Message received and queued)
Aug 18 00:02:10 acmemail1 postfix/qmgr[20508]: 860682259: removed
Aug 18 00:02:13 acmemail1 postfix/smtpd[5819]: connect from mx3.fins3.acme.gov[10.0.87.120]
Aug 18 00:02:13 acmemail1 postfix/smtpd[5819]: 6A38F2259: client=mx3.fins3.acme.gov[10.0.87.120]
Aug 18 00:02:13 acmemail1 postfix/cleanup[5835]: 6A38F2259: message-id=<8XIwGyW8p00000028@Z02SPIIRM01.irmnet.ds2.acme.gov>
Aug 18 00:02:13 acmemail1 postfix/qmgr[20508]: 6A38F2259: from=<>, size=4093, nrcpt=1 (queue active)
Aug 18 00:02:13 acmemail1 postfix/smtpd[5834]: connect from localhost.localdomain[127.0.0.1]
Aug 18 00:02:13 acmemail1 postfix/smtpd[5834]: 97D71214B: client=localhost.localdomain[127.0.0.1]
Aug 18 00:02:13 acmemail1 postfix/cleanup[5836]: 97D71214B: message-id=<8XIwGyW8p00000028@Z02SPIIRM01.irmnet.ds2.acme.gov>
Aug 18 00:02:13 acmemail1 postfix/smtpd[5819]: disconnect from mx3.fins3.acme.gov[10.0.87.120]
Aug 18 00:02:13 acmemail1 postfix/smtp[5841]: 6A38F2259: to=<00000104@etp1101.etp.na.blackberry.net>, relay=127.0.0.1[127.0.0.1]:10025, delay=0.3, delays=0.22/0/0/0.09, dsn=2.0.0, status=sent (250 OK, sent 48A8F445_13989_69094_1 97D71214B)
Aug 18 00:02:13 acmemail1 postfix/smtpd[5834]: disconnect from localhost.localdomain[127.0.0.1]
Aug 18 00:02:13 acmemail1 postfix/qmgr[20508]: 97D71214B: from=<>, size=4295, nrcpt=1 (queue active)
Aug 18 00:02:13 acmemail1 postfix/qmgr[20508]: 6A38F2259: removed
Aug 18 00:02:13 acmemail1 postfix/smtp[5830]: 97D71214B: to=<00000104@etp1101.etp.na.blackberry.net>, relay=10.0.0.1[10.0.0.1]:1025, delay=0.12, delays=0.05/0/0/0.07, dsn=2.0.0, status=sent (250 Message received and queued)
Aug 18 00:02:13 acmemail1 postfix/qmgr[20508]: 97D71214B: removed
Aug 18 00:02:18 acmemail1 postfix/smtpd[5839]: connect from nwg-scan-a-001.fiz.acme.gov[10.0.77.245]
Aug 18 00:02:18 acmemail1 postfix/smtpd[5839]: 484C2214B: client=nwg-scan-a-001.fiz.acme.gov[10.0.77.245]
Aug 18 00:02:18 acmemail1 postfix/cleanup[5840]: 484C2214B: message-id=<26795951.1219032135693.JavaMail.default@10.159.39.63>
Aug 18 00:02:18 acmemail1 postfix/qmgr[20508]: 484C2214B: from=<00000098@acme.gov>, size=2544, nrcpt=1 (queue active)
Aug 18 00:02:18 acmemail1 postfix/smtpd[5839]: disconnect from nwg-scan-a-001.fiz.acme.gov[10.0.77.245]
Aug 18 00:02:18 acmemail1 postfix/smtpd[5828]: connect from localhost.localdomain[127.0.0.1]
Aug 18 00:02:18 acmemail1 postfix/smtpd[5828]: 550EF2259: client=localhost.localdomain[127.0.0.1]
Aug 18 00:02:18 acmemail1 postfix/cleanup[5838]: 550EF2259: message-id=<26795951.1219032135693.JavaMail.default@10.159.39.63>
Aug 18 00:02:18 acmemail1 postfix/smtp[5825]: 484C2214B: to=<00000105@SEAGULLMARINE.COM>, relay=127.0.0.1[127.0.0.1]:10025, delay=0.1, delays=0.05/0/0/0.05, dsn=2.0.0, status=sent (250 OK, sent 48A8F44A_13989_69095_1 550EF2259)
Aug 18 00:02:18 acmemail1 postfix/smtpd[5828]: disconnect from localhost.localdomain[127.0.0.1]
Aug 18 00:02:18 acmemail1 postfix/qmgr[20508]: 550EF2259: from=<00000098@acme.gov>, size=2738, nrcpt=1 (queue active)
Aug 18 00:02:18 acmemail1 postfix/qmgr[20508]: 484C2214B: removed
Aug 18 00:02:18 acmemail1 postfix/smtp[5829]: 550EF2259: to=<00000105@SEAGULLMARINE.COM>, relay=10.0.0.1[10.0.0.1]:1025, delay=0.08, delays=0.04/0/0/0.03, dsn=2.0.0, status=sent (250 Message received and queued)
Aug 18 00:02:18 acmemail1 postfix/qmgr[20508]: 550EF2259: removed
Aug 18 00:02:28 acmemail1 postfix/smtpd[5837]: connect from mx3.fins3.acme.gov[10.0.87.120]
Aug 18 00:02:28 acmemail1 postfix/smtpd[5837]: 8C9DA2259: client=mx3.fins3.acme.gov[10.0.87.120]
Aug 18 00:02:28 acmemail1 postfix/cleanup[5624]: 8C9DA2259: message-id=<4A4026A9151C3347BB9B4841ED8D805B02A26E8D@Z02EXISPM03.irmnet.ds2.acme.gov>
Aug 18 00:02:28 acmemail1 postfix/qmgr[20508]: 8C9DA2259: from=<00000106@fins3.acme.gov>, size=8262, nrcpt=1 (queue active)
Aug 18 00:02:28 acmemail1 postfix/smtpd[5833]: connect from localhost.localdomain[127.0.0.1]
Aug 18 00:02:28 acmemail1 postfix/smtpd[5833]: D9E5E214B: client=localhost.localdomain[127.0.0.1]
Aug 18 00:02:28 acmemail1 postfix/smtpd[5837]: disconnect from mx3.fins3.acme.gov[10.0.87.120]
Aug 18 00:02:28 acmemail1 postfix/cleanup[5835]: D9E5E214B: message-id=<4A4026A9151C3347BB9B4841ED8D805B02A26E8D@Z02EXISPM03.irmnet.ds2.acme.gov>
Aug 18 00:02:28 acmemail1 postfix/smtp[5727]: 8C9DA2259: to=<00000107@acme.gov>, relay=127.0.0.1[127.0.0.1]:10025, delay=0.43, delays=0.3/0/0/0.13, dsn=2.0.0, status=sent (250 OK, sent 48A8F454_13989_69096_1 D9E5E214B)
Aug 18 00:02:28 acmemail1 postfix/smtpd[5833]: disconnect from localhost.localdomain[127.0.0.1]
Aug 18 00:02:28 acmemail1 postfix/qmgr[20508]: D9E5E214B: from=<00000106@fins3.acme.gov>, size=8449, nrcpt=1 (queue active)
Aug 18 00:02:28 acmemail1 postfix/qmgr[20508]: 8C9DA2259: removed
Aug 18 00:02:28 acmemail1 postfix/smtp[5776]: D9E5E214B: to=<00000107@acme.gov>, relay=10.0.0.1[10.0.0.1]:1025, delay=0.08, delays=0.04/0/0/0.04, dsn=2.0.0, status=sent (250 Message received and queued)
Aug 18 00:02:28 acmemail1 postfix/qmgr[20508]: D9E5E214B: removed
Aug 18 00:02:39 acmemail1 postfix/smtpd[5823]: connect from unknown[10.0.81.60]
Aug 18 00:02:39 acmemail1 postfix/smtpd[5823]: 706D0214B: client=unknown[10.0.81.60]
Aug 18 00:02:39 acmemail1 postfix/cleanup[5836]: 706D0214B: message-id=<LkUMceECv00001ce0@K021BH002.network.ad.baz.gov>
Aug 18 00:02:39 acmemail1 postfix/qmgr[20508]: 706D0214B: from=<>, size=2897, nrcpt=1 (queue active)
Aug 18 00:02:39 acmemail1 postfix/smtpd[5823]: disconnect from unknown[10.0.81.60]
Aug 18 00:02:39 acmemail1 postfix/smtpd[5748]: connect from localhost.localdomain[127.0.0.1]
Aug 18 00:02:39 acmemail1 postfix/smtpd[5748]: 7CA4D2259: client=localhost.localdomain[127.0.0.1]
Aug 18 00:02:39 acmemail1 postfix/cleanup[5840]: 7CA4D2259: message-id=<LkUMceECv00001ce0@K021BH002.network.ad.baz.gov>
Aug 18 00:02:39 acmemail1 postfix/smtp[5841]: 706D0214B: to=<00000108@tvc.baz.acme.gov>, relay=127.0.0.1[127.0.0.1]:10025, delay=0.1, delays=0.03/0/0/0.07, dsn=2.0.0, status=sent (250 OK, sent 48A8F45F_13989_69097_1 7CA4D2259)
Aug 18 00:02:39 acmemail1 postfix/smtpd[5748]: disconnect from localhost.localdomain[127.0.0.1]
Aug 18 00:02:39 acmemail1 postfix/qmgr[20508]: 7CA4D2259: from=<>, size=3109, nrcpt=1 (queue active)
Aug 18 00:02:39 acmemail1 postfix/qmgr[20508]: 706D0214B: removed
Aug 18 00:02:39 acmemail1 postfix/smtp[5626]: 7CA4D2259: to=<00000108@tvc.baz.acme.gov>, relay=10.0.0.1[10.0.0.1]:1025, delay=0.09, delays=0.04/0/0/0.04, dsn=2.0.0, status=sent (250 Message received and queued)
Aug 18 00:02:39 acmemail1 postfix/qmgr[20508]: 7CA4D2259: removed
Aug 18 00:02:39 acmemail1 postfix/smtpd[5819]: connect from unknown[10.0.80.60]
Aug 18 00:02:39 acmemail1 postfix/smtpd[5819]: C32A62259: client=unknown[10.0.80.60]
Aug 18 00:02:39 acmemail1 postfix/cleanup[5838]: C32A62259: message-id=<D0F1C252BF18CD4794C0511C24AEDF121612C6@K001MB103.network.ad.baz.gov>
Aug 18 00:02:39 acmemail1 postfix/qmgr[20508]: C32A62259: from=<00000109@baz.acme.gov>, size=1410, nrcpt=1 (queue active)
Aug 18 00:02:39 acmemail1 postfix/smtpd[5625]: connect from localhost.localdomain[127.0.0.1]
Aug 18 00:02:39 acmemail1 postfix/smtpd[5625]: D7360214B: client=localhost.localdomain[127.0.0.1]
Aug 18 00:02:39 acmemail1 postfix/smtpd[5819]: disconnect from unknown[10.0.80.60]
Aug 18 00:02:39 acmemail1 postfix/cleanup[5624]: D7360214B: message-id=<D0F1C252BF18CD4794C0511C24AEDF121612C6@K001MB103.network.ad.baz.gov>
Aug 18 00:02:39 acmemail1 postfix/smtp[5824]: C32A62259: to=<00000109@comcast.net>, relay=127.0.0.1[127.0.0.1]:10025, delay=0.16, delays=0.1/0/0/0.06, dsn=2.0.0, status=sent (250 OK, sent 48A8F45F_13989_69098_1 D7360214B)
Aug 18 00:02:39 acmemail1 postfix/smtpd[5625]: disconnect from localhost.localdomain[127.0.0.1]
Aug 18 00:02:39 acmemail1 postfix/qmgr[20508]: D7360214B: from=<00000109@baz.acme.gov>, size=1597, nrcpt=1 (queue active)
Aug 18 00:02:39 acmemail1 postfix/qmgr[20508]: C32A62259: removed
Aug 18 00:02:39 acmemail1 postfix/smtp[5827]: D7360214B: to=<00000109@comcast.net>, relay=10.0.0.1[10.0.0.1]:1025, delay=0.08, delays=0.04/0/0/0.04, dsn=2.0.0, status=sent (250 Message received and queued)
Aug 18 00:02:39 acmemail1 postfix/qmgr[20508]: D7360214B: removed
Aug 18 00:02:41 acmemail1 postfix/smtpd[5090]: connect from mx3.fins3.acme.gov[10.0.87.120]
Aug 18 00:02:41 acmemail1 postfix/smtpd[5090]: DA0B0214B: client=mx3.fins3.acme.gov[10.0.87.120]
Aug 18 00:02:42 acmemail1 postfix/cleanup[5835]: DA0B0214B: message-id=<6CA0AABDDBF6D04BAE5E7EB6EC6AC8AD0374813D@Z02EXISPM03.irmnet.ds2.acme.gov>
Aug 18 00:02:42 acmemail1 postfix/qmgr[20508]: DA0B0214B: from=<00000110@fins3.acme.gov>, size=93832, nrcpt=7 (queue active)
Aug 18 00:02:42 acmemail1 postfix/smtpd[5834]: connect from localhost.localdomain[127.0.0.1]
Aug 18 00:02:42 acmemail1 postfix/smtpd[5834]: 76F6A2259: client=localhost.localdomain[127.0.0.1]
Aug 18 00:02:42 acmemail1 postfix/cleanup[5836]: 76F6A2259: message-id=<6CA0AABDDBF6D04BAE5E7EB6EC6AC8AD0374813D@Z02EXISPM03.irmnet.ds2.acme.gov>
Aug 18 00:02:42 acmemail1 postfix/smtp[5841]: DA0B0214B: to=<00000111@associates.acme.gov>, relay=127.0.0.1[127.0.0.1]:10025, delay=0.68, delays=0.59/0/0/0.08, dsn=2.0.0, status=sent (250 OK, sent 48A8F462_13989_69099_1 76F6A2259)
Aug 18 00:02:42 acmemail1 postfix/smtp[5841]: DA0B0214B: to=<00000112@acme.gov>, relay=127.0.0.1[127.0.0.1]:10025, delay=0.68, delays=0.59/0/0/0.08, dsn=2.0.0, status=sent (250 OK, sent 48A8F462_13989_69099_1 76F6A2259)
Aug 18 00:02:42 acmemail1 postfix/smtp[5841]: DA0B0214B: to=<00000113@acme.gov>, relay=127.0.0.1[127.0.0.1]:10025, delay=0.68, delays=0.59/0/0/0.08, dsn=2.0.0, status=sent (250 OK, sent 48A8F462_13989_69099_1 76F6A2259)
Aug 18 00:02:42 acmemail1 postfix/smtp[5841]: DA0B0214B: to=<00000114@acme.gov>, relay=127.0.0.1[127.0.0.1]:10025, delay=0.68, delays=0.59/0/0/0.08, dsn=2.0.0, status=sent (250 OK, sent 48A8F462_13989_69099_1 76F6A2259)
Aug 18 00:02:42 acmemail1 postfix/smtp[5841]: DA0B0214B: to=<00000115@acme.gov>, relay=127.0.0.1[127.0.0.1]:10025, delay=0.68, delays=0.59/0/0/0.08, dsn=2.0.0, status=sent (250 OK, sent 48A8F462_13989_69099_1 76F6A2259)
Aug 18 00:02:42 acmemail1 postfix/smtp[5841]: DA0B0214B: to=<00000116@acme.gov>, relay=127.0.0.1[127.0.0.1]:10025, delay=0.68, delays=0.59/0/0/0.08, dsn=2.0.0, status=sent (250 OK, sent 48A8F462_13989_69099_1 76F6A2259)
Aug 18 00:02:42 acmemail1 postfix/smtp[5841]: DA0B0214B: to=<00000117@acme.gov>, relay=127.0.0.1[127.0.0.1]:10025, delay=0.68, delays=0.59/0/0/0.08, dsn=2.0.0, status=sent (250 OK, sent 48A8F462_13989_69099_1 76F6A2259)
Aug 18 00:02:42 acmemail1 postfix/smtpd[5834]: disconnect from localhost.localdomain[127.0.0.1]
Aug 18 00:02:42 acmemail1 postfix/qmgr[20508]: 76F6A2259: from=<00000110@fins3.acme.gov>, size=93990, nrcpt=7 (queue active)
Aug 18 00:02:42 acmemail1 postfix/qmgr[20508]: DA0B0214B: removed
Aug 18 00:02:42 acmemail1 postfix/smtpd[5090]: disconnect from mx3.fins3.acme.gov[10.0.87.120]
Aug 18 00:02:42 acmemail1 postfix/smtp[5775]: 76F6A2259: to=<00000111@associates.acme.gov>, relay=10.0.0.1[10.0.0.1]:1025, delay=0.06, delays=0.01/0/0/0.05, dsn=2.0.0, status=sent (250 Message received and queued)
Aug 18 00:02:42 acmemail1 postfix/smtp[5775]: 76F6A2259: to=<00000112@acme.gov>, relay=10.0.0.1[10.0.0.1]:1025, delay=0.06, delays=0.01/0/0/0.05, dsn=2.0.0, status=sent (250 Message received and queued)
Aug 18 00:02:42 acmemail1 postfix/smtp[5775]: 76F6A2259: to=<00000113@acme.gov>, relay=10.0.0.1[10.0.0.1]:1025, delay=0.06, delays=0.01/0/0/0.05, dsn=2.0.0, status=sent (250 Message received and queued)
Aug 18 00:02:42 acmemail1 postfix/smtp[5775]: 76F6A2259: to=<00000114@acme.gov>, relay=10.0.0.1[10.0.0.1]:1025, delay=0.06, delays=0.01/0/0/0.05, dsn=2.0.0, status=sent (250 Message received and queued)
Aug 18 00:02:42 acmemail1 postfix/smtp[5775]: 76F6A2259: to=<00000115@acme.gov>, relay=10.0.0.1[10.0.0.1]:1025, delay=0.06, delays=0.01/0/0/0.05, dsn=2.0.0, status=sent (250 Message received and queued)
Aug 18 00:02:42 acmemail1 postfix/smtp[5775]: 76F6A2259: to=<00000116@acme.gov>, relay=10.0.0.1[10.0.0.1]:1025, delay=0.06, delays=0.01/0/0/0.05, dsn=2.0.0, status=sent (250 Message received and queued)
Aug 18 00:02:42 acmemail1 postfix/smtp[5775]: 76F6A2259: to=<00000117@acme.gov>, relay=10.0.0.1[10.0.0.1]:1025, delay=0.06, delays=0.01/0/0/0.05, dsn=2.0.0, status=sent (250 Message received and queued)
Aug 18 00:02:42 acmemail1 postfix/qmgr[20508]: 76F6A2259: removed
Aug 18 00:02:42 acmemail1 postfix/smtpd[5837]: connect from unknown[10.0.63.7]
Aug 18 00:02:42 acmemail1 postfix/smtpd[5837]: lost connection after CONNECT from unknown[10.0.63.7]
Aug 18 00:02:42 acmemail1 postfix/smtpd[5837]: disconnect from unknown[10.0.63.7]
Aug 18 00:02:42 acmemail1 postfix/smtpd[5821]: connect from ndcscan01.fiz.acme.gov[10.0.77.16]
Aug 18 00:02:42 acmemail1 postfix/smtpd[5821]: NOQUEUE: reject_warning: RCPT from ndcscan01.fiz.acme.gov[10.0.77.16]: 450 4.1.8 <00000118@pp650n29.fiz.acme.gov>: Sender address rejected: Domain not found; from=<00000118@pp650n29.fiz.acme.gov> to=<root@pp650n29.fiz.acme.gov> proto=ESMTP helo=<tnwg01a064.fiz.acme.gov>
Aug 18 00:02:42 acmemail1 postfix/smtpd[5821]: E18B923CB: client=ndcscan01.fiz.acme.gov[10.0.77.16]
Aug 18 00:02:42 acmemail1 postfix/cleanup[5624]: E18B923CB: message-id=<200808180400.m7I400CQ027698@pp650n29.fiz.acme.gov>
Aug 18 00:02:42 acmemail1 postfix/qmgr[20508]: E18B923CB: from=<00000118@pp650n29.fiz.acme.gov>, size=1278, nrcpt=1 (queue active)
Aug 18 00:02:42 acmemail1 postfix/smtpd[5821]: NOQUEUE: reject_warning: RCPT from ndcscan01.fiz.acme.gov[10.0.77.16]: 450 4.1.8 <00000118@pp650n29.fiz.acme.gov>: Sender address rejected: Domain not found; from=<00000118@pp650n29.fiz.acme.gov> to=<root@pp650n29.fiz.acme.gov> proto=ESMTP helo=<tnwg01a064.fiz.acme.gov>
Aug 18 00:02:42 acmemail1 postfix/smtpd[5821]: E881A2A64: client=ndcscan01.fiz.acme.gov[10.0.77.16]
Aug 18 00:02:42 acmemail1 postfix/smtpd[5747]: connect from localhost.localdomain[127.0.0.1]
Aug 18 00:02:42 acmemail1 postfix/smtpd[5747]: E947029DA: client=localhost.localdomain[127.0.0.1]
Aug 18 00:02:42 acmemail1 postfix/cleanup[5835]: E881A2A64: message-id=<200808180400.m7I400BB027702@pp650n29.fiz.acme.gov>
Aug 18 00:02:42 acmemail1 postfix/qmgr[20508]: E881A2A64: from=<00000118@pp650n29.fiz.acme.gov>, size=1282, nrcpt=1 (queue active)
Aug 18 00:02:42 acmemail1 postfix/smtpd[5821]: disconnect from ndcscan01.fiz.acme.gov[10.0.77.16]
Aug 18 00:02:42 acmemail1 postfix/smtpd[5828]: connect from localhost.localdomain[127.0.0.1]
Aug 18 00:02:42 acmemail1 postfix/smtpd[5828]: F08432A76: client=localhost.localdomain[127.0.0.1]
Aug 18 00:02:42 acmemail1 postfix/cleanup[5836]: E947029DA: message-id=<200808180400.m7I400CQ027698@pp650n29.fiz.acme.gov>
Aug 18 00:02:42 acmemail1 postfix/smtp[5826]: E18B923CB: to=<00000118@pp650n29.fiz.acme.gov>, relay=127.0.0.1[127.0.0.1]:10025, delay=0.07, delays=0.02/0/0/0.05, dsn=2.0.0, status=sent (250 OK, sent 48A8F462_13989_69100_1 E947029DA)
Aug 18 00:02:42 acmemail1 postfix/smtpd[5747]: disconnect from localhost.localdomain[127.0.0.1]
Aug 18 00:02:42 acmemail1 postfix/qmgr[20508]: E947029DA: from=<00000118@pp650n29.fiz.acme.gov>, size=1468, nrcpt=1 (queue active)
Aug 18 00:02:42 acmemail1 postfix/qmgr[20508]: E18B923CB: removed
Aug 18 00:02:43 acmemail1 postfix/cleanup[5838]: F08432A76: message-id=<200808180400.m7I400BB027702@pp650n29.fiz.acme.gov>
Aug 18 00:02:43 acmemail1 postfix/smtp[5841]: E881A2A64: to=<00000118@pp650n29.fiz.acme.gov>, relay=127.0.0.1[127.0.0.1]:10025, delay=0.07, delays=0.02/0/0/0.05, dsn=2.0.0, status=sent (250 OK, sent 48A8F462_13987_12170_1 F08432A76)
Aug 18 00:02:43 acmemail1 postfix/smtpd[5828]: disconnect from localhost.localdomain[127.0.0.1]
Aug 18 00:02:43 acmemail1 postfix/qmgr[20508]: F08432A76: from=<00000118@pp650n29.fiz.acme.gov>, size=1472, nrcpt=1 (queue active)
Aug 18 00:02:43 acmemail1 postfix/qmgr[20508]: E881A2A64: removed
Aug 18 00:02:43 acmemail1 postfix/smtp[5772]: E947029DA: to=<00000118@pp650n29.fiz.acme.gov>, relay=10.0.0.1[10.0.0.1]:1025, delay=0.08, delays=0.04/0/0/0.04, dsn=2.0.0, status=sent (250 Message received and queued)
Aug 18 00:02:43 acmemail1 postfix/qmgr[20508]: E947029DA: removed
Aug 18 00:02:43 acmemail1 postfix/smtp[5626]: F08432A76: to=<00000118@pp650n29.fiz.acme.gov>, relay=10.0.0.1[10.0.0.1]:1025, delay=0.09, delays=0.05/0/0/0.04, dsn=2.0.0, status=sent (250 Message received and queued)
Aug 18 00:02:43 acmemail1 postfix/qmgr[20508]: F08432A76: removed
Aug 18 00:02:43 acmemail1 postfix/smtpd[5839]: connect from nwg-scan-a-002.fiz.acme.gov[10.0.77.246]
Aug 18 00:02:43 acmemail1 postfix/smtpd[5839]: NOQUEUE: reject_warning: RCPT from nwg-scan-a-002.fiz.acme.gov[10.0.77.246]: 450 4.1.8 <00000118@pp650n29.fiz.acme.gov>: Sender address rejected: Domain not found; from=<00000118@pp650n29.fiz.acme.gov> to=<root@pp650n29.fiz.acme.gov> proto=SMTP helo=<NWG-SCAN-A-002.AD.fiz.acme.GOV>
Aug 18 00:02:43 acmemail1 postfix/smtpd[5839]: 36DAA2A76: client=nwg-scan-a-002.fiz.acme.gov[10.0.77.246]
Aug 18 00:02:43 acmemail1 postfix/cleanup[5840]: 36DAA2A76: message-id=<200808180400.m7I400BB027702@pp650n29.fiz.acme.gov>
Aug 18 00:02:43 acmemail1 postfix/qmgr[20508]: 36DAA2A76: from=<00000118@pp650n29.fiz.acme.gov>, size=2019, nrcpt=1 (queue active)
Aug 18 00:02:43 acmemail1 postfix/smtpd[5839]: disconnect from nwg-scan-a-002.fiz.acme.gov[10.0.77.246]
Aug 18 00:02:43 acmemail1 postfix/smtpd[5833]: connect from localhost.localdomain[127.0.0.1]
Aug 18 00:02:43 acmemail1 postfix/smtpd[5833]: 4480B214B: client=localhost.localdomain[127.0.0.1]
Aug 18 00:02:43 acmemail1 postfix/cleanup[5835]: 4480B214B: message-id=<200808180400.m7I400BB027702@pp650n29.fiz.acme.gov>
Aug 18 00:02:43 acmemail1 postfix/smtp[5825]: 36DAA2A76: to=<00000118@pp650n29.fiz.acme.gov>, relay=127.0.0.1[127.0.0.1]:10025, delay=0.11, delays=0.05/0/0/0.06, dsn=2.0.0, status=sent (250 OK, sent 48A8F463_13989_69101_1 4480B214B)
Aug 18 00:02:43 acmemail1 postfix/smtpd[5833]: disconnect from localhost.localdomain[127.0.0.1]
Aug 18 00:02:43 acmemail1 postfix/qmgr[20508]: 4480B214B: from=<00000118@pp650n29.fiz.acme.gov>, size=2209, nrcpt=1 (queue active)
Aug 18 00:02:43 acmemail1 postfix/qmgr[20508]: 36DAA2A76: removed
Aug 18 00:02:43 acmemail1 postfix/smtp[5776]: 4480B214B: to=<00000118@pp650n29.fiz.acme.gov>, relay=10.0.0.1[10.0.0.1]:1025, delay=0.08, delays=0.04/0/0/0.04, dsn=2.0.0, status=sent (250 Message received and queued)
Aug 18 00:02:43 acmemail1 postfix/qmgr[20508]: 4480B214B: removed
Aug 18 00:02:44 acmemail1 postfix/smtpd[5823]: connect from nwg-scan-a-002.fiz.acme.gov[10.0.77.246]
Aug 18 00:02:44 acmemail1 postfix/smtpd[5823]: NOQUEUE: reject_warning: RCPT from nwg-scan-a-002.fiz.acme.gov[10.0.77.246]: 450 4.1.8 <00000118@pp650n29.fiz.acme.gov>: Sender address rejected: Domain not found; from=<00000118@pp650n29.fiz.acme.gov> to=<root@pp650n29.fiz.acme.gov> proto=SMTP helo=<NWG-SCAN-A-002.AD.fiz.acme.GOV>
Aug 18 00:02:44 acmemail1 postfix/smtpd[5823]: 79047214B: client=nwg-scan-a-002.fiz.acme.gov[10.0.77.246]
Aug 18 00:02:44 acmemail1 postfix/cleanup[5838]: 79047214B: message-id=<200808180400.m7I400BB027702@pp650n29.fiz.acme.gov>
Aug 18 00:02:44 acmemail1 postfix/qmgr[20508]: 79047214B: from=<00000118@pp650n29.fiz.acme.gov>, size=4967, nrcpt=1 (queue active)
Aug 18 00:02:44 acmemail1 postfix/smtpd[5823]: disconnect from nwg-scan-a-002.fiz.acme.gov[10.0.77.246]
Aug 18 00:02:44 acmemail1 postfix/smtpd[5748]: connect from localhost.localdomain[127.0.0.1]
Aug 18 00:02:44 acmemail1 postfix/smtpd[5748]: 990CA2259: client=localhost.localdomain[127.0.0.1]
Aug 18 00:02:44 acmemail1 postfix/smtpd[5090]: connect from nwg-scan-a-002.fiz.acme.gov[10.0.77.246]
Aug 18 00:02:44 acmemail1 postfix/cleanup[5840]: 990CA2259: message-id=<200808180400.m7I400BB027702@pp650n29.fiz.acme.gov>
Aug 18 00:02:44 acmemail1 postfix/smtp[5824]: 79047214B: to=<00000118@pp650n29.fiz.acme.gov>, relay=127.0.0.1[127.0.0.1]:10025, delay=0.18, delays=0.09/0/0/0.08, dsn=2.0.0, status=sent (250 OK, sent 48A8F464_13989_69102_1 990CA2259)
Aug 18 00:02:44 acmemail1 postfix/smtpd[5748]: disconnect from localhost.localdomain[127.0.0.1]
Aug 18 00:02:44 acmemail1 postfix/qmgr[20508]: 990CA2259: from=<00000118@pp650n29.fiz.acme.gov>, size=5157, nrcpt=1 (queue active)
Aug 18 00:02:44 acmemail1 postfix/qmgr[20508]: 79047214B: removed
Aug 18 00:02:44 acmemail1 postfix/smtpd[5090]: NOQUEUE: reject_warning: RCPT from nwg-scan-a-002.fiz.acme.gov[10.0.77.246]: 450 4.1.8 <00000118@pp650n29.fiz.acme.gov>: Sender address rejected: Domain not found; from=<00000118@pp650n29.fiz.acme.gov> to=<root@pp650n29.fiz.acme.gov> proto=SMTP helo=<NWG-SCAN-A-002.AD.fiz.acme.GOV>
Aug 18 00:02:44 acmemail1 postfix/smtpd[5090]: A721B214B: client=nwg-scan-a-002.fiz.acme.gov[10.0.77.246]
Aug 18 00:02:44 acmemail1 postfix/cleanup[5836]: A721B214B: message-id=<200808180400.m7I400CQ027698@pp650n29.fiz.acme.gov>
Aug 18 00:02:44 acmemail1 postfix/qmgr[20508]: A721B214B: from=<00000118@pp650n29.fiz.acme.gov>, size=5700, nrcpt=1 (queue active)
Aug 18 00:02:44 acmemail1 postfix/smtpd[5090]: disconnect from nwg-scan-a-002.fiz.acme.gov[10.0.77.246]
Aug 18 00:02:44 acmemail1 postfix/smtp[5775]: 990CA2259: to=<00000118@pp650n29.fiz.acme.gov>, relay=10.0.0.1[10.0.0.1]:1025, delay=0.11, delays=0.04/0/0/0.07, dsn=2.0.0, status=sent (250 Message received and queued)
Aug 18 00:02:44 acmemail1 postfix/qmgr[20508]: 990CA2259: removed
Aug 18 00:02:44 acmemail1 postfix/smtpd[5828]: connect from localhost.localdomain[127.0.0.1]
Aug 18 00:02:44 acmemail1 postfix/smtpd[5828]: BDD0C2259: client=localhost.localdomain[127.0.0.1]
Aug 18 00:02:44 acmemail1 postfix/cleanup[5835]: BDD0C2259: message-id=<200808180400.m7I400CQ027698@pp650n29.fiz.acme.gov>
Aug 18 00:02:44 acmemail1 postfix/smtp[5841]: A721B214B: to=<00000118@pp650n29.fiz.acme.gov>, relay=127.0.0.1[127.0.0.1]:10025, delay=0.14, delays=0.05/0/0/0.09, dsn=2.0.0, status=sent (250 OK, sent 48A8F464_13989_69103_1 BDD0C2259)
Aug 18 00:02:44 acmemail1 postfix/smtpd[5828]: disconnect from localhost.localdomain[127.0.0.1]
Aug 18 00:02:44 acmemail1 postfix/qmgr[20508]: BDD0C2259: from=<00000118@pp650n29.fiz.acme.gov>, size=5890, nrcpt=1 (queue active)
Aug 18 00:02:44 acmemail1 postfix/qmgr[20508]: A721B214B: removed
Aug 18 00:02:44 acmemail1 postfix/smtp[5626]: BDD0C2259: to=<00000118@pp650n29.fiz.acme.gov>, relay=10.0.0.1[10.0.0.1]:1025, delay=0.08, delays=0.04/0/0/0.04, dsn=2.0.0, status=sent (250 Message received and queued)
Aug 18 00:02:44 acmemail1 postfix/qmgr[20508]: BDD0C2259: removed
Aug 18 00:02:44 acmemail1 postfix/smtpd[5819]: connect from nwg-scan-a-002.fiz.acme.gov[10.0.77.246]
Aug 18 00:02:44 acmemail1 postfix/smtpd[5819]: NOQUEUE: reject_warning: RCPT from nwg-scan-a-002.fiz.acme.gov[10.0.77.246]: 450 4.1.8 <00000118@pp650n29.fiz.acme.gov>: Sender address rejected: Domain not found; from=<00000118@pp650n29.fiz.acme.gov> to=<root@pp650n29.fiz.acme.gov> proto=SMTP helo=<NWG-SCAN-A-002.AD.fiz.acme.GOV>
Aug 18 00:02:44 acmemail1 postfix/smtpd[5819]: F19122259: client=nwg-scan-a-002.fiz.acme.gov[10.0.77.246]
Aug 18 00:02:45 acmemail1 postfix/cleanup[5624]: F19122259: message-id=<200808180400.m7I400CQ027698@pp650n29.fiz.acme.gov>
Aug 18 00:02:45 acmemail1 postfix/qmgr[20508]: F19122259: from=<00000118@pp650n29.fiz.acme.gov>, size=6437, nrcpt=1 (queue active)
Aug 18 00:02:45 acmemail1 postfix/smtpd[5819]: disconnect from nwg-scan-a-002.fiz.acme.gov[10.0.77.246]
Aug 18 00:02:45 acmemail1 postfix/smtpd[5747]: connect from localhost.localdomain[127.0.0.1]
Aug 18 00:02:45 acmemail1 postfix/smtpd[5747]: 13146214B: client=localhost.localdomain[127.0.0.1]
Aug 18 00:02:45 acmemail1 postfix/cleanup[5840]: 13146214B: message-id=<200808180400.m7I400CQ027698@pp650n29.fiz.acme.gov>
Aug 18 00:02:45 acmemail1 postfix/smtp[5825]: F19122259: to=<00000118@pp650n29.fiz.acme.gov>, relay=127.0.0.1[127.0.0.1]:10025, delay=0.14, delays=0.05/0/0/0.09, dsn=2.0.0, status=sent (250 OK, sent 48A8F465_13989_69104_1 13146214B)
Aug 18 00:02:45 acmemail1 postfix/smtpd[5747]: disconnect from localhost.localdomain[127.0.0.1]
Aug 18 00:02:45 acmemail1 postfix/qmgr[20508]: 13146214B: from=<00000118@pp650n29.fiz.acme.gov>, size=6627, nrcpt=1 (queue active)
Aug 18 00:02:45 acmemail1 postfix/qmgr[20508]: F19122259: removed
Aug 18 00:02:45 acmemail1 postfix/smtp[5772]: 13146214B: to=<00000118@pp650n29.fiz.acme.gov>, relay=10.0.0.1[10.0.0.1]:1025, delay=0.09, delays=0.04/0/0/0.04, dsn=2.0.0, status=sent (250 Message received and queued)
Aug 18 00:02:45 acmemail1 postfix/qmgr[20508]: 13146214B: removed
Aug 18 00:02:45 acmemail1 postfix/smtpd[5821]: connect from nwg-scan-a-002.fiz.acme.gov[10.0.77.246]
Aug 18 00:02:45 acmemail1 postfix/smtpd[5821]: NOQUEUE: reject_warning: RCPT from nwg-scan-a-002.fiz.acme.gov[10.0.77.246]: 450 4.1.8 <00000118@pp650n29.fiz.acme.gov>: Sender address rejected: Domain not found; from=<00000118@pp650n29.fiz.acme.gov> to=<root@pp650n29.fiz.acme.gov> proto=SMTP helo=<NWG-SCAN-A-002.AD.fiz.acme.GOV>
Aug 18 00:02:45 acmemail1 postfix/smtpd[5821]: 7C31D214B: client=nwg-scan-a-002.fiz.acme.gov[10.0.77.246]
Aug 18 00:02:45 acmemail1 postfix/cleanup[5838]: 7C31D214B: message-id=<200808180400.m7I400BB027702@pp650n29.fiz.acme.gov>
Aug 18 00:02:45 acmemail1 postfix/qmgr[20508]: 7C31D214B: from=<00000118@pp650n29.fiz.acme.gov>, size=7178, nrcpt=1 (queue active)
Aug 18 00:02:45 acmemail1 postfix/smtpd[5821]: disconnect from nwg-scan-a-002.fiz.acme.gov[10.0.77.246]
Aug 18 00:02:45 acmemail1 postfix/smtpd[5834]: connect from localhost.localdomain[127.0.0.1]
Aug 18 00:02:45 acmemail1 postfix/smtpd[5834]: 94B702259: client=localhost.localdomain[127.0.0.1]
Aug 18 00:02:45 acmemail1 postfix/cleanup[5836]: 94B702259: message-id=<200808180400.m7I400BB027702@pp650n29.fiz.acme.gov>
Aug 18 00:02:45 acmemail1 postfix/smtp[5826]: 7C31D214B: to=<00000118@pp650n29.fiz.acme.gov>, relay=127.0.0.1[127.0.0.1]:10025, delay=0.15, delays=0.06/0/0/0.09, dsn=2.0.0, status=sent (250 OK, sent 48A8F465_13989_69105_1 94B702259)
Aug 18 00:02:45 acmemail1 postfix/smtpd[5834]: disconnect from localhost.localdomain[127.0.0.1]
Aug 18 00:02:45 acmemail1 postfix/qmgr[20508]: 94B702259: from=<00000118@pp650n29.fiz.acme.gov>, size=7368, nrcpt=1 (queue active)
Aug 18 00:02:45 acmemail1 postfix/qmgr[20508]: 7C31D214B: removed
Aug 18 00:02:45 acmemail1 postfix/smtp[5775]: 94B702259: to=<00000118@pp650n29.fiz.acme.gov>, relay=10.0.0.1[10.0.0.1]:1025, delay=0.08, delays=0.04/0/0/0.04, dsn=2.0.0, status=sent (250 Message received and queued)
Aug 18 00:02:45 acmemail1 postfix/qmgr[20508]: 94B702259: removed
Aug 18 00:02:45 acmemail1 postfix/smtpd[5837]: connect from nwg-scan-a-002.fiz.acme.gov[10.0.77.246]
Aug 18 00:02:45 acmemail1 postfix/smtpd[5837]: NOQUEUE: reject_warning: RCPT from nwg-scan-a-002.fiz.acme.gov[10.0.77.246]: 450 4.1.8 <00000118@pp650n29.fiz.acme.gov>: Sender address rejected: Domain not found; from=<00000118@pp650n29.fiz.acme.gov> to=<root@pp650n29.fiz.acme.gov> proto=SMTP helo=<NWG-SCAN-A-002.AD.fiz.acme.GOV>
Aug 18 00:02:45 acmemail1 postfix/smtpd[5837]: CE2532259: client=nwg-scan-a-002.fiz.acme.gov[10.0.77.246]
Aug 18 00:02:45 acmemail1 postfix/cleanup[5840]: CE2532259: message-id=<200808180400.m7I400BB027702@pp650n29.fiz.acme.gov>
Aug 18 00:02:45 acmemail1 postfix/qmgr[20508]: CE2532259: from=<00000118@pp650n29.fiz.acme.gov>, size=7915, nrcpt=1 (queue active)
Aug 18 00:02:45 acmemail1 postfix/smtpd[5839]: connect from nwg-scan-a-002.fiz.acme.gov[10.0.77.246]
Aug 18 00:02:45 acmemail1 postfix/smtpd[5837]: disconnect from nwg-scan-a-002.fiz.acme.gov[10.0.77.246]
Aug 18 00:02:45 acmemail1 postfix/smtpd[5839]: NOQUEUE: reject_warning: RCPT from nwg-scan-a-002.fiz.acme.gov[10.0.77.246]: 450 4.1.8 <00000118@pp650n29.fiz.acme.gov>: Sender address rejected: Domain not found; from=<00000118@pp650n29.fiz.acme.gov> to=<root@pp650n29.fiz.acme.gov> proto=SMTP helo=<NWG-SCAN-A-002.AD.fiz.acme.GOV>
Aug 18 00:02:45 acmemail1 postfix/smtpd[5839]: EB15F214B: client=nwg-scan-a-002.fiz.acme.gov[10.0.77.246]
Aug 18 00:02:45 acmemail1 postfix/smtpd[5625]: connect from localhost.localdomain[127.0.0.1]
Aug 18 00:02:45 acmemail1 postfix/smtpd[5625]: F1BD023CB: client=localhost.localdomain[127.0.0.1]
Aug 18 00:02:46 acmemail1 postfix/cleanup[5838]: EB15F214B: message-id=<200808180400.m7I400CQ027698@pp650n29.fiz.acme.gov>
Aug 18 00:02:46 acmemail1 postfix/qmgr[20508]: EB15F214B: from=<00000118@pp650n29.fiz.acme.gov>, size=8648, nrcpt=1 (queue active)
Aug 18 00:02:46 acmemail1 postfix/smtpd[5839]: disconnect from nwg-scan-a-002.fiz.acme.gov[10.0.77.246]
Aug 18 00:02:46 acmemail1 postfix/cleanup[5624]: F1BD023CB: message-id=<200808180400.m7I400BB027702@pp650n29.fiz.acme.gov>
Aug 18 00:02:46 acmemail1 postfix/smtp[5841]: CE2532259: to=<00000118@pp650n29.fiz.acme.gov>, relay=127.0.0.1[127.0.0.1]:10025, delay=0.22, delays=0.1/0/0/0.12, dsn=2.0.0, status=sent (250 OK, sent 48A8F465_13989_69106_1 F1BD023CB)
Aug 18 00:02:46 acmemail1 postfix/smtpd[5625]: disconnect from localhost.localdomain[127.0.0.1]
Aug 18 00:02:46 acmemail1 postfix/qmgr[20508]: F1BD023CB: from=<00000118@pp650n29.fiz.acme.gov>, size=8105, nrcpt=1 (queue active)
Aug 18 00:02:46 acmemail1 postfix/qmgr[20508]: CE2532259: removed
Aug 18 00:02:46 acmemail1 postfix/smtpd[5833]: connect from localhost.localdomain[127.0.0.1]
Aug 18 00:02:46 acmemail1 postfix/smtpd[5833]: 114EF29DA: client=localhost.localdomain[127.0.0.1]
Aug 18 00:02:46 acmemail1 postfix/smtp[5776]: F1BD023CB: to=<00000118@pp650n29.fiz.acme.gov>, relay=10.0.0.1[10.0.0.1]:1025, delay=0.1, delays=0.06/0/0/0.04, dsn=2.0.0, status=sent (250 Message received and queued)
Aug 18 00:02:46 acmemail1 postfix/qmgr[20508]: F1BD023CB: removed
Aug 18 00:02:46 acmemail1 postfix/cleanup[5836]: 114EF29DA: message-id=<200808180400.m7I400CQ027698@pp650n29.fiz.acme.gov>
Aug 18 00:02:46 acmemail1 postfix/smtp[5824]: EB15F214B: to=<00000118@pp650n29.fiz.acme.gov>, relay=127.0.0.1[127.0.0.1]:10025, delay=0.16, delays=0.06/0/0/0.1, dsn=2.0.0, status=sent (250 OK, sent 48A8F466_13987_12171_1 114EF29DA)
Aug 18 00:02:46 acmemail1 postfix/smtpd[5833]: disconnect from localhost.localdomain[127.0.0.1]
Aug 18 00:02:46 acmemail1 postfix/qmgr[20508]: 114EF29DA: from=<00000118@pp650n29.fiz.acme.gov>, size=8838, nrcpt=1 (queue active)
Aug 18 00:02:46 acmemail1 postfix/qmgr[20508]: EB15F214B: removed
Aug 18 00:02:46 acmemail1 postfix/smtp[5626]: 114EF29DA: to=<00000118@pp650n29.fiz.acme.gov>, relay=10.0.0.1[10.0.0.1]:1025, delay=0.08, delays=0.04/0/0/0.04, dsn=2.0.0, status=sent (250 Message received and queued)
Aug 18 00:02:46 acmemail1 postfix/qmgr[20508]: 114EF29DA: removed
Aug 18 00:02:46 acmemail1 postfix/smtpd[5823]: connect from nwg-scan-a-002.fiz.acme.gov[10.0.77.246]
Aug 18 00:02:46 acmemail1 postfix/smtpd[5823]: NOQUEUE: reject_warning: RCPT from nwg-scan-a-002.fiz.acme.gov[10.0.77.246]: 450 4.1.8 <00000118@pp650n29.fiz.acme.gov>: Sender address rejected: Domain not found; from=<00000118@pp650n29.fiz.acme.gov> to=<root@pp650n29.fiz.acme.gov> proto=SMTP helo=<NWG-SCAN-A-002.AD.fiz.acme.GOV>
Aug 18 00:02:46 acmemail1 postfix/smtpd[5823]: E0DA729DA: client=nwg-scan-a-002.fiz.acme.gov[10.0.77.246]
Aug 18 00:02:47 acmemail1 postfix/smtpd[5823]: disconnect from nwg-scan-a-002.fiz.acme.gov[10.0.77.246]
Aug 18 00:02:47 acmemail1 postfix/smtpd[5090]: connect from mx1.fins3.acme.gov[10.0.87.107]
Aug 18 00:02:47 acmemail1 postfix/smtpd[5090]: 917DD29DA: client=mx1.fins3.acme.gov[10.0.87.107]
Aug 18 00:02:47 acmemail1 postfix/cleanup[5624]: 917DD29DA: message-id=<6CA0AABDDBF6D04BAE5E7EB6EC6AC8AD0374813E@Z02EXISPM03.irmnet.ds2.acme.gov>
Aug 18 00:02:48 acmemail1 postfix/qmgr[20508]: 917DD29DA: from=<00000110@fins3.acme.gov>, size=904507, nrcpt=1 (queue active)
Aug 18 00:02:48 acmemail1 postfix/smtpd[5090]: disconnect from mx1.fins3.acme.gov[10.0.87.107]
Aug 18 00:02:48 acmemail1 postfix/smtpd[5748]: connect from localhost.localdomain[127.0.0.1]
Aug 18 00:02:48 acmemail1 postfix/smtpd[5748]: B2189214B: client=localhost.localdomain[127.0.0.1]
Aug 18 00:02:48 acmemail1 postfix/cleanup[5838]: B2189214B: message-id=<6CA0AABDDBF6D04BAE5E7EB6EC6AC8AD0374813E@Z02EXISPM03.irmnet.ds2.acme.gov>
Aug 18 00:02:48 acmemail1 postfix/smtp[5826]: 917DD29DA: to=<00000119@acme.gov>, relay=127.0.0.1[127.0.0.1]:10025, delay=1.2, delays=1/0/0/0.16, dsn=2.0.0, status=sent (250 OK, sent 48A8F468_13989_69107_1 B2189214B)
Aug 18 00:02:48 acmemail1 postfix/smtpd[5748]: disconnect from localhost.localdomain[127.0.0.1]
Aug 18 00:02:48 acmemail1 postfix/qmgr[20508]: B2189214B: from=<00000110@fins3.acme.gov>, size=904694, nrcpt=1 (queue active)
Aug 18 00:02:48 acmemail1 postfix/qmgr[20508]: 917DD29DA: removed
Aug 18 00:02:48 acmemail1 postfix/smtpd[5837]: connect from nwg-scan-a-002.fiz.acme.gov[10.0.77.246]
Aug 18 00:02:48 acmemail1 postfix/smtpd[5837]: DB4F82A64: client=nwg-scan-a-002.fiz.acme.gov[10.0.77.246]
Aug 18 00:02:48 acmemail1 postfix/smtp[5772]: B2189214B: to=<00000119@acme.gov>, relay=10.0.0.1[10.0.0.1]:1025, delay=0.18, delays=0.03/0/0/0.15, dsn=2.0.0, status=sent (250 Message received and queued)
Aug 18 00:02:48 acmemail1 postfix/qmgr[20508]: B2189214B: removed
Aug 18 00:02:48 acmemail1 postfix/smtpd[5821]: connect from nwg-scan-a-002.fiz.acme.gov[10.0.77.246]
Aug 18 00:02:48 acmemail1 postfix/cleanup[5840]: DB4F82A64: message-id=<20080818040247.DB3547FBB@acmemail2.acme.gov>
Aug 18 00:02:48 acmemail1 postfix/qmgr[20508]: DB4F82A64: from=<>, size=5507, nrcpt=1 (queue active)
Aug 18 00:02:48 acmemail1 postfix/smtpd[5837]: disconnect from nwg-scan-a-002.fiz.acme.gov[10.0.77.246]
Aug 18 00:02:48 acmemail1 postfix/smtpd[5821]: E70392A76: client=nwg-scan-a-002.fiz.acme.gov[10.0.77.246]
Aug 18 00:02:48 acmemail1 postfix/cleanup[5836]: E70392A76: message-id=<20080818040247.DAC9F815E@acmemail2.acme.gov>
Aug 18 00:02:48 acmemail1 postfix/qmgr[20508]: E70392A76: from=<>, size=5507, nrcpt=1 (queue active)
Aug 18 00:02:48 acmemail1 postfix/smtpd[5821]: disconnect from nwg-scan-a-002.fiz.acme.gov[10.0.77.246]
Aug 18 00:02:48 acmemail1 postfix/smtpd[5828]: connect from localhost.localdomain[127.0.0.1]
Aug 18 00:02:48 acmemail1 postfix/smtpd[5828]: F2A982A8F: client=localhost.localdomain[127.0.0.1]
Aug 18 00:02:49 acmemail1 postfix/cleanup[5624]: F2A982A8F: message-id=<20080818040247.DB3547FBB@acmemail2.acme.gov>
Aug 18 00:02:49 acmemail1 postfix/smtp[5825]: DB4F82A64: to=<00000118@pp650n29.fiz.acme.gov>, relay=127.0.0.1[127.0.0.1]:10025, delay=0.14, delays=0.05/0/0/0.1, dsn=2.0.0, status=sent (250 OK, sent 48A8F468_13989_69108_1 F2A982A8F)
Aug 18 00:02:49 acmemail1 postfix/smtpd[5828]: disconnect from localhost.localdomain[127.0.0.1]
Aug 18 00:02:49 acmemail1 postfix/qmgr[20508]: F2A982A8F: from=<>, size=5697, nrcpt=1 (queue active)
Aug 18 00:02:49 acmemail1 postfix/qmgr[20508]: DB4F82A64: removed
Aug 18 00:02:49 acmemail1 postfix/smtpd[5747]: connect from localhost.localdomain[127.0.0.1]
Aug 18 00:02:49 acmemail1 postfix/smtpd[5747]: 0AC382A64: client=localhost.localdomain[127.0.0.1]
Aug 18 00:02:49 acmemail1 postfix/smtp[5775]: F2A982A8F: to=<00000118@pp650n29.fiz.acme.gov>, relay=10.0.0.1[10.0.0.1]:1025, delay=0.08, delays=0.04/0/0/0.04, dsn=2.0.0, status=sent (250 Message received and queued)
Aug 18 00:02:49 acmemail1 postfix/qmgr[20508]: F2A982A8F: removed
Aug 18 00:02:49 acmemail1 postfix/cleanup[5840]: 0AC382A64: message-id=<20080818040247.DAC9F815E@acmemail2.acme.gov>
Aug 18 00:02:49 acmemail1 postfix/smtp[5841]: E70392A76: to=<00000118@pp650n29.fiz.acme.gov>, relay=127.0.0.1[127.0.0.1]:10025, delay=0.15, delays=0.05/0/0/0.1, dsn=2.0.0, status=sent (250 OK, sent 48A8F468_13987_12172_1 0AC382A64)
Aug 18 00:02:49 acmemail1 postfix/smtpd[5747]: disconnect from localhost.localdomain[127.0.0.1]
Aug 18 00:02:49 acmemail1 postfix/qmgr[20508]: 0AC382A64: from=<>, size=5697, nrcpt=1 (queue active)
Aug 18 00:02:49 acmemail1 postfix/qmgr[20508]: E70392A76: removed
Aug 18 00:02:49 acmemail1 postfix/smtp[5772]: 0AC382A64: to=<00000118@pp650n29.fiz.acme.gov>, relay=10.0.0.1[10.0.0.1]:1025, delay=0.08, delays=0.04/0/0/0.04, dsn=2.0.0, status=sent (250 Message received and queued)
Aug 18 00:02:49 acmemail1 postfix/qmgr[20508]: 0AC382A64: removed
Aug 18 00:02:49 acmemail1 postfix/smtpd[5819]: connect from nwg-scan-a-002.fiz.acme.gov[10.0.77.246]
Aug 18 00:02:49 acmemail1 postfix/smtpd[5819]: 33ACC2A64: client=nwg-scan-a-002.fiz.acme.gov[10.0.77.246]
Aug 18 00:02:49 acmemail1 postfix/cleanup[5838]: 33ACC2A64: message-id=<20080818040247.DB3547FBB@acmemail2.acme.gov>
Aug 18 00:02:49 acmemail1 postfix/qmgr[20508]: 33ACC2A64: from=<>, size=6244, nrcpt=1 (queue active)
Aug 18 00:02:49 acmemail1 postfix/smtpd[5090]: connect from nwg-scan-a-002.fiz.acme.gov[10.0.77.246]
Aug 18 00:02:49 acmemail1 postfix/smtpd[5819]: disconnect from nwg-scan-a-002.fiz.acme.gov[10.0.77.246]
Aug 18 00:02:49 acmemail1 postfix/smtpd[5090]: 4605D29DA: client=nwg-scan-a-002.fiz.acme.gov[10.0.77.246]
Aug 18 00:02:49 acmemail1 postfix/smtpd[5834]: connect from localhost.localdomain[127.0.0.1]
Aug 18 00:02:49 acmemail1 postfix/smtpd[5834]: 4A42B214B: client=localhost.localdomain[127.0.0.1]
Aug 18 00:02:49 acmemail1 postfix/cleanup[5624]: 4605D29DA: message-id=<20080818040247.DAC9F815E@acmemail2.acme.gov>
Aug 18 00:02:49 acmemail1 postfix/qmgr[20508]: 4605D29DA: from=<>, size=6244, nrcpt=1 (queue active)
Aug 18 00:02:49 acmemail1 postfix/smtpd[5090]: disconnect from nwg-scan-a-002.fiz.acme.gov[10.0.77.246]
Aug 18 00:02:49 acmemail1 postfix/cleanup[5836]: 4A42B214B: message-id=<20080818040247.DB3547FBB@acmemail2.acme.gov>
Aug 18 00:02:49 acmemail1 postfix/smtp[5826]: 33ACC2A64: to=<00000118@pp650n29.fiz.acme.gov>, relay=127.0.0.1[127.0.0.1]:10025, delay=0.14, delays=0.05/0/0/0.09, dsn=2.0.0, status=sent (250 OK, sent 48A8F469_13989_69109_1 4A42B214B)
Aug 18 00:02:49 acmemail1 postfix/smtpd[5834]: disconnect from localhost.localdomain[127.0.0.1]
Aug 18 00:02:49 acmemail1 postfix/qmgr[20508]: 4A42B214B: from=<>, size=6434, nrcpt=1 (queue active)
Aug 18 00:02:49 acmemail1 postfix/qmgr[20508]: 33ACC2A64: removed
Aug 18 00:02:49 acmemail1 postfix/smtpd[5828]: connect from localhost.localdomain[127.0.0.1]
Aug 18 00:02:49 acmemail1 postfix/smtp[5626]: 4A42B214B: to=<00000118@pp650n29.fiz.acme.gov>, relay=10.0.0.1[10.0.0.1]:1025, delay=0.08, delays=0.04/0/0/0.04, dsn=2.0.0, status=sent (250 Message received and queued)
Aug 18 00:02:49 acmemail1 postfix/qmgr[20508]: 4A42B214B: removed
Aug 18 00:02:49 acmemail1 postfix/smtpd[5828]: 5DA902259: client=localhost.localdomain[127.0.0.1]
Aug 18 00:02:49 acmemail1 postfix/cleanup[5840]: 5DA902259: message-id=<20080818040247.DAC9F815E@acmemail2.acme.gov>
Aug 18 00:02:49 acmemail1 postfix/smtp[5824]: 4605D29DA: to=<00000118@pp650n29.fiz.acme.gov>, relay=127.0.0.1[127.0.0.1]:10025, delay=0.15, delays=0.05/0/0/0.1, dsn=2.0.0, status=sent (250 OK, sent 48A8F469_13987_12173_1 5DA902259)
Aug 18 00:02:49 acmemail1 postfix/smtpd[5828]: disconnect from localhost.localdomain[127.0.0.1]
Aug 18 00:02:49 acmemail1 postfix/qmgr[20508]: 5DA902259: from=<>, size=6434, nrcpt=1 (queue active)
Aug 18 00:02:49 acmemail1 postfix/qmgr[20508]: 4605D29DA: removed
Aug 18 00:02:49 acmemail1 postfix/smtp[5776]: 5DA902259: to=<00000118@pp650n29.fiz.acme.gov>, relay=10.0.0.1[10.0.0.1]:1025, delay=0.08, delays=0.04/0/0/0.04, dsn=2.0.0, status=sent (250 Message received and queued)
Aug 18 00:02:49 acmemail1 postfix/qmgr[20508]: 5DA902259: removed
Aug 18 00:02:50 acmemail1 postfix/smtpd[5823]: connect from unknown[10.0.81.60]
Aug 18 00:02:50 acmemail1 postfix/smtpd[5823]: 05DD12259: client=unknown[10.0.81.60]
Aug 18 00:02:50 acmemail1 postfix/cleanup[5838]: 05DD12259: message-id=<78395FB1FAD34245BA25F80B2DE252CDE2DD83@K021MB101.network.ad.baz.gov>
Aug 18 00:02:50 acmemail1 postfix/qmgr[20508]: 05DD12259: from=<00000120@baz.acme.gov>, size=3607, nrcpt=2 (queue active)
Aug 18 00:02:50 acmemail1 postfix/smtpd[5823]: disconnect from unknown[10.0.81.60]
Aug 18 00:02:50 acmemail1 postfix/smtpd[5625]: connect from localhost.localdomain[127.0.0.1]
Aug 18 00:02:50 acmemail1 postfix/smtpd[5625]: 11549214B: client=localhost.localdomain[127.0.0.1]
Aug 18 00:02:50 acmemail1 postfix/cleanup[5624]: 11549214B: message-id=<78395FB1FAD34245BA25F80B2DE252CDE2DD83@K021MB101.network.ad.baz.gov>
Aug 18 00:02:50 acmemail1 postfix/smtp[5841]: 05DD12259: to=<00000121@gmail.com>, relay=127.0.0.1[127.0.0.1]:10025, delay=0.1, delays=0.04/0/0/0.07, dsn=2.0.0, status=sent (250 OK, sent 48A8F46A_13989_69110_1 11549214B)
Aug 18 00:02:50 acmemail1 postfix/smtp[5841]: 05DD12259: to=<00000122@gmail.com>, relay=127.0.0.1[127.0.0.1]:10025, delay=0.1, delays=0.04/0/0/0.07, dsn=2.0.0, status=sent (250 OK, sent 48A8F46A_13989_69110_1 11549214B)
Aug 18 00:02:50 acmemail1 postfix/smtpd[5625]: disconnect from localhost.localdomain[127.0.0.1]
Aug 18 00:02:50 acmemail1 postfix/qmgr[20508]: 11549214B: from=<00000120@baz.acme.gov>, size=3765, nrcpt=2 (queue active)
Aug 18 00:02:50 acmemail1 postfix/qmgr[20508]: 05DD12259: removed
Aug 18 00:02:50 acmemail1 postfix/smtp[5830]: 11549214B: to=<00000121@gmail.com>, relay=10.0.0.1[10.0.0.1]:1025, delay=0.1, delays=0.06/0/0/0.04, dsn=2.0.0, status=sent (250 Message received and queued)
Aug 18 00:02:50 acmemail1 postfix/smtp[5830]: 11549214B: to=<00000122@gmail.com>, relay=10.0.0.1[10.0.0.1]:1025, delay=0.1, delays=0.06/0/0/0.04, dsn=2.0.0, status=sent (250 Message received and queued)
Aug 18 00:02:50 acmemail1 postfix/qmgr[20508]: 11549214B: removed
Aug 18 00:02:50 acmemail1 postfix/smtpd[5839]: connect from nwg-scan-a-002.fiz.acme.gov[10.0.77.246]
Aug 18 00:02:50 acmemail1 postfix/smtpd[5839]: 860BB214B: client=nwg-scan-a-002.fiz.acme.gov[10.0.77.246]
Aug 18 00:02:50 acmemail1 postfix/cleanup[5840]: 860BB214B: message-id=<20080818040247.DB3547FBB@acmemail2.acme.gov>
Aug 18 00:02:50 acmemail1 postfix/qmgr[20508]: 860BB214B: from=<>, size=9192, nrcpt=1 (queue active)
Aug 18 00:02:50 acmemail1 postfix/smtpd[5839]: disconnect from nwg-scan-a-002.fiz.acme.gov[10.0.77.246]
Aug 18 00:02:50 acmemail1 postfix/smtpd[5747]: connect from localhost.localdomain[127.0.0.1]
Aug 18 00:02:50 acmemail1 postfix/smtpd[5747]: A06322259: client=localhost.localdomain[127.0.0.1]
Aug 18 00:02:50 acmemail1 postfix/cleanup[5836]: A06322259: message-id=<20080818040247.DB3547FBB@acmemail2.acme.gov>
Aug 18 00:02:50 acmemail1 postfix/smtp[5825]: 860BB214B: to=<00000118@pp650n29.fiz.acme.gov>, relay=127.0.0.1[127.0.0.1]:10025, delay=0.16, delays=0.06/0/0/0.1, dsn=2.0.0, status=sent (250 OK, sent 48A8F46A_13989_69111_1 A06322259)
Aug 18 00:02:50 acmemail1 postfix/smtpd[5747]: disconnect from localhost.localdomain[127.0.0.1]
Aug 18 00:02:50 acmemail1 postfix/qmgr[20508]: A06322259: from=<>, size=9382, nrcpt=1 (queue active)
Aug 18 00:02:50 acmemail1 postfix/qmgr[20508]: 860BB214B: removed
