192.168.192.149 - - [31/Mar/2010:00:00:00 +0800] "GET /cgi-bin/john/logoutjohn.fcgi HTTP/1.0" 200 7599 125.79.143.144
192.168.192.149 - - [31/Mar/2010:00:00:00 +0800] "GET /john/job_sy.html? HTTP/1.0" 200 10763 125.79.143.144
192.168.208.93 - - [31/Mar/2010:00:00:00 +0800] "GET /cgi-bin/john/index.fcgi HTTP/1.0" 200 7151 61.138.125.11
192.168.208.92 - - [31/Mar/2010:00:00:02 +0800] "GET /bill/job_sy.html? HTTP/1.0" 200 10603 219.229.173.58
192.168.192.149 - - [31/Mar/2010:00:00:02 +0800] "GET /cgi-bin/john/flowjohn.fcgi?tm=3 HTTP/1.0" 200 1483 120.68.47.26
192.168.208.93 - - [31/Mar/2010:00:00:03 +0800] "GET /cgi-bin/john/index.fcgi HTTP/1.0" 200 7149 60.28.129.250
192.168.208.93 - - [31/Mar/2010:00:00:04 +0800] "GET /john/job_gz_2010.html? HTTP/1.0" 200 16738 61.138.125.11
192.168.208.92 - - [31/Mar/2010:00:00:05 +0800] "GET /bill/job_yjhd.html?dselkn8 HTTP/1.0" 200 16742 58.251.166.6
192.168.192.150 - - [31/Mar/2010:00:00:05 +0800] "GET /cgi-bin/bill/newusr.fcgi HTTP/1.0" 200 1587 58.51.82.14
192.168.192.149 - - [31/Mar/2010:00:00:05 +0800] "GET /cgi-bin/john/index.fcgi HTTP/1.0" 200 7147 125.79.143.144
192.168.192.149 - - [31/Mar/2010:00:00:05 +0800] "GET /cgi-bin/bill/flow.fcgi?tm=3 HTTP/1.0" 200 1481 222.76.51.189
192.168.192.150 - - [31/Mar/2010:00:00:07 +0800] "GET /cgi-bin/bill/logoutbill.fcgi HTTP/1.0" 200 9191 218.80.214.142
192.168.192.150 - - [31/Mar/2010:00:00:07 +0800] "GET /bill/job_sy.html? HTTP/1.0" 200 10603 218.80.214.142
192.168.208.93 - - [31/Mar/2010:00:00:08 +0800] "GET /cgi-bin/bill/flow.fcgi?tm=3 HTTP/1.0" 200 1485 112.93.87.177
192.168.208.92 - - [31/Mar/2010:00:00:08 +0800] "GET /cgi-bin/john/index.fcgi HTTP/1.0" 200 7142 110.243.49.79
192.168.192.150 - - [31/Mar/2010:00:00:08 +0800] "GET /cgi-bin/bill/newusr.fcgi HTTP/1.0" 200 1598 58.51.82.14
192.168.208.93 - - [31/Mar/2010:00:00:10 +0800] "GET /cgi-bin/bill/flow.fcgi?tm=3 HTTP/1.0" 200 1484 119.97.202.145
192.168.192.149 - - [31/Mar/2010:00:00:10 +0800] "GET /cgi-bin/john/flowjohn.fcgi?tm=0 HTTP/1.0" 200 1197 125.79.143.144
192.168.208.92 - - [31/Mar/2010:00:00:10 +0800] "GET /cgi-bin/bill/index.fcgi HTTP/1.0" 200 8805 60.23.181.42
192.168.192.150 - - [31/Mar/2010:00:00:11 +0800] "GET /cgi-bin/bill/index.fcgi HTTP/1.0" 200 8803 116.226.80.131
192.168.208.93 - - [31/Mar/2010:00:00:12 +0800] "GET /cgi-bin/bill/flow.fcgi?tm=2 HTTP/1.0" 200 1485 119.97.202.145
192.168.192.148 - - [31/Mar/2010:00:00:12 +0800] "GET /cgi-bin/bill/index.fcgi HTTP/1.0" 200 8803 59.39.159.221
192.168.208.93 - - [31/Mar/2010:00:00:13 +0800] "GET /cgi-bin/bill/flow.fcgi?tm=0 HTTP/1.0" 200 1195 119.5.51.215
192.168.208.93 - - [31/Mar/2010:00:00:13 +0800] "GET /cgi-bin/bill/flow.fcgi?tm=0 HTTP/1.0" 200 1197 112.93.87.177
192.168.192.150 - - [31/Mar/2010:00:00:13 +0800] "GET /cgi-bin/bill/index.fcgi HTTP/1.0" 200 8797 218.80.214.142
192.168.208.92 - - [31/Mar/2010:00:00:14 +0800] "GET /cgi-bin/bill/index.fcgi HTTP/1.0" 200 8802 124.160.46.39
192.168.192.148 - - [31/Mar/2010:00:00:14 +0800] "GET /cgi-bin/bill/index.fcgi HTTP/1.0" 200 9191 113.15.27.49
192.168.208.92 - - [31/Mar/2010:00:00:14 +0800] "GET /john/job_gz_2010.html? HTTP/1.0" 200 16738 119.109.23.248
192.168.192.149 - - [31/Mar/2010:00:00:14 +0800] "GET /bill/job_sy.html?sdf2n0 HTTP/1.0" 200 10603 222.76.51.189
192.168.192.149 - - [31/Mar/2010:00:00:15 +0800] "GET /cgi-bin/john/index.fcgi HTTP/1.0" 200 7152 116.52.145.132
192.168.192.148 - - [31/Mar/2010:00:00:15 +0800] "GET /bill/job_sy.html? HTTP/1.0" 200 10603 113.15.27.49
192.168.208.93 - - [31/Mar/2010:00:00:15 +0800] "GET /cgi-bin/bill/flow.fcgi?tm=1 HTTP/1.0" 200 398 119.97.202.145
192.168.192.150 - - [31/Mar/2010:00:00:16 +0800] "GET /cgi-bin/bill/index.fcgi HTTP/1.0" 200 8810 113.140.9.242
192.168.208.93 - - [31/Mar/2010:00:00:16 +0800] "GET /cgi-bin/bill/index.fcgi HTTP/1.0" 200 8795 58.20.153.180
192.168.192.150 - - [31/Mar/2010:00:00:19 +0800] "GET /cgi-bin/bill/index.fcgi HTTP/1.0" 200 8807 122.231.3.44
192.168.208.93 - - [31/Mar/2010:00:00:19 +0800] "GET /cgi-bin/bill/flow.fcgi?tm=1 HTTP/1.0" 200 1484 119.97.202.145
192.168.208.93 - - [31/Mar/2010:00:00:19 +0800] "GET /cgi-bin/bill/flow.fcgi?tm=1 HTTP/1.0" 200 1481 119.5.51.215
192.168.208.92 - - [31/Mar/2010:00:00:20 +0800] "GET /cgi-bin/bill/gift.fcgi?type=2 HTTP/1.0" 302 235 112.240.bill.63
192.168.192.149 - - [31/Mar/2010:00:00:21 +0800] "GET /cgi-bin/bill/index.fcgi HTTP/1.0" 200 8801 116.232.143.236
192.168.192.148 - - [31/Mar/2010:00:00:21 +0800] "GET /cgi-bin/john/index.fcgi HTTP/1.0" 200 7152 113.89.210.81
192.168.208.93 - - [31/Mar/2010:00:00:21 +0800] "GET /cgi-bin/john/index.fcgi HTTP/1.0" 200 7153 221.216.165.92
192.168.208.93 - - [31/Mar/2010:00:00:21 +0800] "GET /cgi-bin/bill/flow.fcgi?tm=2 HTTP/1.0" 200 1481 119.5.51.215
192.168.208.93 - - [31/Mar/2010:00:00:22 +0800] "GET /cgi-bin/bill/logoutbill.fcgi HTTP/1.0" 200 9191 112.93.87.177
192.168.208.93 - - [31/Mar/2010:00:00:22 +0800] "GET /bill/job_sy.html? HTTP/1.0" 304 - 112.93.87.177
192.168.208.93 - - [31/Mar/2010:00:00:22 +0800] "GET /cgi-bin/bill/flow.fcgi?tm=0 HTTP/1.0" 200 1197 119.97.202.145
192.168.192.149 - - [31/Mar/2010:00:00:24 +0800] "GET /cgi-bin/bill/index.fcgi HTTP/1.0" 200 8799 121.12.58.95
192.168.208.93 - - [31/Mar/2010:00:00:24 +0800] "GET /cgi-bin/bill/flow.fcgi?tm=3 HTTP/1.0" 200 1483 119.5.51.215
192.168.192.149 - - [31/Mar/2010:00:00:26 +0800] "GET /cgi-bin/john/index.fcgi HTTP/1.0" 200 7147 59.62.10.131
192.168.208.92 - - [31/Mar/2010:00:00:27 +0800] "GET /cgi-bin/bill/index.fcgi HTTP/1.0" 200 8803 117.136.9.58
192.168.192.148 - - [31/Mar/2010:00:00:27 +0800] "GET /cgi-bin/bill/index.fcgi HTTP/1.0" 200 8804 218.80.212.186
192.168.192.148 - - [31/Mar/2010:00:00:29 +0800] "GET /cgi-bin/bill/index.fcgi HTTP/1.0" 200 8809 117.39.184.151
192.168.208.92 - - [31/Mar/2010:00:00:30 +0800] "GET /cgi-bin/bill/index.fcgi HTTP/1.0" 200 8798 222.35.87.158
192.168.192.148 - - [31/Mar/2010:00:00:30 +0800] "GET /cgi-bin/bill/index.fcgi HTTP/1.0" 200 8802 117.34.216.122
192.168.192.150 - - [31/Mar/2010:00:00:30 +0800] "GET /bill/job_yjhd.html?dselkn8 HTTP/1.0" 304 - 124.40.191.61
192.168.192.150 - - [31/Mar/2010:00:00:31 +0800] "GET /cgi-bin/john/index.fcgi HTTP/1.0" 200 7148 117.26.154.97
192.168.192.150 - - [31/Mar/2010:00:00:31 +0800] "GET /cgi-bin/bill/index.fcgi HTTP/1.0" 200 8800 113.88.187.61
192.168.192.149 - - [31/Mar/2010:00:00:31 +0800] "GET /cgi-bin/john/flowjohn.fcgi?tm=0 HTTP/1.0" 200 1197 59.62.10.131
192.168.192.148 - - [31/Mar/2010:00:00:32 +0800] "GET /cgi-bin/bill/gift.fcgi?type=1 HTTP/1.0" 302 235 222.84.234.13
192.168.192.148 - - [31/Mar/2010:00:00:32 +0800] "GET /cgi-bin/bill/index.fcgi HTTP/1.0" 200 8802 220.189.245.194
192.168.208.93 - - [31/Mar/2010:00:00:33 +0800] "GET /cgi-bin/bill/index.fcgi HTTP/1.0" 200 8803 121.138.98.19
192.168.208.93 - - [31/Mar/2010:00:00:33 +0800] "GET /cgi-bin/bill/index.fcgi HTTP/1.0" 200 8803 61.158.169.253
192.168.192.148 - - [31/Mar/2010:00:00:34 +0800] "GET /cgi-bin/bill/index.fcgi HTTP/1.0" 200 8804 218.86.103.165
192.168.192.150 - - [31/Mar/2010:00:00:34 +0800] "GET /cgi-bin/john/index.fcgi HTTP/1.0" 200 7145 218.5.227.106
192.168.192.148 - - [31/Mar/2010:00:00:34 +0800] "GET /cgi-bin/bill/index.fcgi HTTP/1.0" 200 8803 220.169.14.112
192.168.208.93 - - [31/Mar/2010:00:00:35 +0800] "GET /cgi-bin/bill/index.fcgi HTTP/1.0" 200 8800 58.19.198.7
192.168.192.148 - - [31/Mar/2010:00:00:35 +0800] "GET /cgi-bin/bill/logoutbill.fcgi HTTP/1.0" 200 9191 122.243.245.135
192.168.192.148 - - [31/Mar/2010:00:00:36 +0800] "GET /bill/job_sy.html? HTTP/1.0" 200 10603 122.243.245.135
192.168.192.150 - - [31/Mar/2010:00:00:36 +0800] "GET /cgi-bin/bill/index.fcgi HTTP/1.0" 200 8800 113.88.187.61
192.168.208.92 - - [31/Mar/2010:00:00:38 +0800] "GET /bill/job_yjhd.html?dselkn8 HTTP/1.0" 200 16742 58.251.242.52
192.168.192.150 - - [31/Mar/2010:00:00:38 +0800] "GET /cgi-bin/bill/index.fcgi HTTP/1.0" 200 8804 118.116.23.8
192.168.192.149 - - [31/Mar/2010:00:00:38 +0800] "GET /cgi-bin/bill/index.fcgi HTTP/1.0" 200 8805 222.216.69.87
192.168.208.92 - - [31/Mar/2010:00:00:38 +0800] "GET /cgi-bin/bill/index.fcgi HTTP/1.0" 200 8805 119.4.120.117
192.168.208.93 - - [31/Mar/2010:00:00:39 +0800] "GET /cgi-bin/bill/flow.fcgi?tm=0 HTTP/1.0" 200 1197 58.19.198.7
192.168.208.93 - - [31/Mar/2010:00:00:40 +0800] "GET /bill/job_sy.html?sdf2n0 HTTP/1.0" 200 10603 119.5.51.215
192.168.192.148 - - [31/Mar/2010:00:00:40 +0800] "GET /cgi-bin/john/index.fcgi HTTP/1.0" 200 7149 117.36.32.175
192.168.192.150 - - [31/Mar/2010:00:00:41 +0800] "GET /cgi-bin/bill/index.fcgi HTTP/1.0" 200 8802 59.37.241.218
192.168.208.92 - - [31/Mar/2010:00:00:42 +0800] "GET /cgi-bin/bill/flow.fcgi?tm=0 HTTP/1.0" 200 1197 119.4.120.117
192.168.192.149 - - [31/Mar/2010:00:00:42 +0800] "GET /cgi-bin/bill/index.fcgi HTTP/1.0" 200 8803 116.28.234.73
192.168.192.150 - - [31/Mar/2010:00:00:43 +0800] "GET /cgi-bin/bill/index.fcgi HTTP/1.0" 200 8801 121.32.2.188
192.168.192.149 - - [31/Mar/2010:00:00:43 +0800] "GET /cgi-bin/bill/gift.fcgi?type=4 HTTP/1.0" 302 235 113.106.209.100
192.168.208.93 - - [31/Mar/2010:00:00:44 +0800] "GET /cgi-bin/bill/flow.fcgi?tm=0 HTTP/1.0" 200 1197 121.138.98.19
192.168.208.93 - - [31/Mar/2010:00:00:45 +0800] "GET /bill/job_yjhd.html?dselkn8 HTTP/1.0" 200 16742 61.158.169.253
192.168.208.92 - - [31/Mar/2010:00:00:45 +0800] "GET /cgi-bin/bill/logoutbill.fcgi HTTP/1.0" 200 9191 222.35.87.158
192.168.208.92 - - [31/Mar/2010:00:00:45 +0800] "GET /bill/job_sy.html? HTTP/1.0" 200 10603 222.35.87.158
192.168.208.93 - - [31/Mar/2010:00:00:45 +0800] "GET /cgi-bin/bill/gift.fcgi?type=1 HTTP/1.0" 302 235 124.160.98.2
192.168.208.93 - - [31/Mar/2010:00:00:46 +0800] "GET /john/job_sy.html?ckjx9ca HTTP/1.0" 200 10763 60.243.172.211
192.168.192.149 - - [31/Mar/2010:00:00:47 +0800] "GET /cgi-bin/bill/index.fcgi HTTP/1.0" 200 8802 125.75.232.87
192.168.192.150 - - [31/Mar/2010:00:00:47 +0800] "GET /bill/job_sy.html?sdf2n0 HTTP/1.0" 304 - 113.88.187.61
192.168.208.93 - - [31/Mar/2010:00:00:47 +0800] "GET /cgi-bin/john/index.fcgi HTTP/1.0" 200 7151 119.182.155.56
192.168.192.148 - - [31/Mar/2010:00:00:47 +0800] "GET /cgi-bin/bill/index.fcgi HTTP/1.0" 200 8805 113.106.209.99
192.168.208.92 - - [31/Mar/2010:00:00:48 +0800] "GET /cgi-bin/bill/newusr.fcgi HTTP/1.0" 200 1587 60.29.168.46
192.168.192.148 - - [31/Mar/2010:00:00:48 +0800] "GET /cgi-bin/bill/index.fcgi HTTP/1.0" 200 8804 222.213.206.72
192.168.192.148 - - [31/Mar/2010:00:00:49 +0800] "GET /john/job_gz_2010.html? HTTP/1.0" 200 16738 117.36.32.175
192.168.192.148 - - [31/Mar/2010:00:00:49 +0800] "GET /bill/job_gz_2010.html? HTTP/1.0" 200 17987 117.34.216.122
192.168.208.92 - - [31/Mar/2010:00:00:50 +0800] "GET /cgi-bin/bill/index.fcgi HTTP/1.0" 200 8802 119.183.42.3
192.168.192.148 - - [31/Mar/2010:00:00:50 +0800] "GET /cgi-bin/bill/gift.fcgi?type=1 HTTP/1.0" 302 235 222.84.234.13
192.168.192.148 - - [31/Mar/2010:00:00:50 +0800] "GET /john/job_sy.html?ckjx9ca HTTP/1.0" 200 10763 125.72.139.34
192.168.208.92 - - [31/Mar/2010:00:00:50 +0800] "GET /cgi-bin/bill/index.fcgi HTTP/1.0" 200 8801 60.29.168.46
192.168.192.148 - - [31/Mar/2010:00:00:52 +0800] "GET /bill/job_yjhd.html?dselkn8 HTTP/1.0" 200 16742 183.5.5.50
192.168.192.148 - - [31/Mar/2010:00:00:52 +0800] "GET /cgi-bin/bill/index.fcgi HTTP/1.0" 200 8801 222.84.234.13
192.168.192.150 - - [31/Mar/2010:00:00:52 +0800] "GET /cgi-bin/bill/index.fcgi HTTP/1.0" 200 8807 116.53.69.133
192.168.208.93 - - [31/Mar/2010:00:00:53 +0800] "GET /john/job_yjhd.html?sdkj989 HTTP/1.0" 200 14065 60.243.172.211
192.168.208.93 - - [31/Mar/2010:00:00:53 +0800] "GET /cgi-bin/bill/gift.fcgi?type=1 HTTP/1.0" 302 235 110.251.143.243
192.168.208.92 - - [31/Mar/2010:00:00:53 +0800] "GET /cgi-bin/bill/flow.fcgi?tm=0 HTTP/1.0" 200 1195 61.149.133.120
192.168.208.93 - - [31/Mar/2010:00:00:54 +0800] "GET /cgi-bin/bill/index.fcgi HTTP/1.0" 200 8799 116.117.57.99
192.168.192.148 - - [31/Mar/2010:00:00:54 +0800] "GET /cgi-bin/bill/loginbill.fcgi?type=3&username=chengling201314 HTTP/1.0" 200 8802 113.15.27.49
192.168.192.150 - - [31/Mar/2010:00:00:54 +0800] "GET /cgi-bin/bill/index.fcgi HTTP/1.0" 200 8802 114.138.22.48
192.168.192.148 - - [31/Mar/2010:00:00:54 +0800] "GET /cgi-bin/bill/flow.fcgi?tm=3 HTTP/1.0" 200 1483 218.86.103.165
192.168.192.149 - - [31/Mar/2010:00:00:55 +0800] "GET /cgi-bin/bill/flow.fcgi?tm=0 HTTP/1.0" 200 1197 222.216.69.87
192.168.192.148 - - [31/Mar/2010:00:00:56 +0800] "GET /cgi-bin/bill/index.fcgi HTTP/1.0" 200 8801 113.133.74.135
192.168.208.93 - - [31/Mar/2010:00:00:56 +0800] "GET /cgi-bin/bill/index.fcgi HTTP/1.0" 200 8801 202.108.50.70
192.168.208.93 - - [31/Mar/2010:00:00:56 +0800] "GET /cgi-bin/bill/index.fcgi HTTP/1.0" 200 8800 124.160.98.2
192.168.192.148 - - [31/Mar/2010:00:00:58 +0800] "GET /cgi-bin/john/index.fcgi HTTP/1.0" 200 7146 61.152.251.88
192.168.192.150 - - [31/Mar/2010:00:00:58 +0800] "GET /cgi-bin/john/index.fcgi HTTP/1.0" 200 7145 222.208.224.113
192.168.192.148 - - [31/Mar/2010:00:01:00 +0800] "GET /cgi-bin/bill/logoutbill.fcgi HTTP/1.0" 200 9191 113.15.27.49
192.168.208.93 - - [31/Mar/2010:00:01:00 +0800] "GET /cgi-bin/bill/index.fcgi HTTP/1.0" 200 8803 121.138.98.19
192.168.208.92 - - [31/Mar/2010:00:01:01 +0800] "GET /cgi-bin/bill/index.fcgi HTTP/1.0" 200 8800 113.229.91.227
192.168.192.150 - - [31/Mar/2010:00:01:01 +0800] "GET /cgi-bin/john/index.fcgi HTTP/1.0" 200 7149 121.35.115.74
192.168.192.148 - - [31/Mar/2010:00:01:01 +0800] "GET /cgi-bin/bill/flow.fcgi?tm=2 HTTP/1.0" 200 1485 218.86.103.165
192.168.208.92 - - [31/Mar/2010:00:01:01 +0800] "GET /cgi-bin/bill/bill.fcgi?tm=2 HTTP/1.0" 200 890 117.136.9.58
192.168.208.92 - - [31/Mar/2010:00:01:02 +0800] "GET /cgi-bin/bill/newusr.fcgi HTTP/1.0" 200 1598 60.29.168.46
192.168.192.148 - - [31/Mar/2010:00:01:02 +0800] "GET /cgi-bin/bill/flow.fcgi?tm=0 HTTP/1.0" 200 1197 113.133.74.135
192.168.208.92 - - [31/Mar/2010:00:01:03 +0800] "GET /cgi-bin/bill/index.fcgi HTTP/1.0" 200 8801 60.29.168.46
192.168.192.150 - - [31/Mar/2010:00:01:03 +0800] "GET /cgi-bin/bill/index.fcgi HTTP/1.0" 200 8800 113.88.187.61
192.168.208.92 - - [31/Mar/2010:00:01:04 +0800] "GET /cgi-bin/bill/bill.fcgi?tm=1 HTTP/1.0" 200 890 117.136.9.58
192.168.208.92 - - [31/Mar/2010:00:01:05 +0800] "GET /cgi-bin/bill/index.fcgi HTTP/1.0" 200 8798 222.35.87.158
192.168.192.148 - - [31/Mar/2010:00:01:05 +0800] "GET /cgi-bin/bill/flow.fcgi?tm=1 HTTP/1.0" 200 1481 218.86.103.165
192.168.192.148 - - [31/Mar/2010:00:01:06 +0800] "GET /cgi-bin/bill/index.fcgi HTTP/1.0" 200 8796 59.40.132.41
192.168.192.149 - - [31/Mar/2010:00:01:06 +0800] "GET /cgi-bin/bill/index.fcgi HTTP/1.0" 200 8798 117.95.37.227
192.168.192.149 - - [31/Mar/2010:00:01:06 +0800] "GET /cgi-bin/john/billjohn.fcgi?tm=2 HTTP/1.0" 200 890 116.52.145.132
192.168.208.92 - - [31/Mar/2010:00:01:07 +0800] "GET /cgi-bin/bill/index.fcgi HTTP/1.0" 200 8798 123.15.45.242
192.168.192.148 - - [31/Mar/2010:00:01:07 +0800] "GET /bill/job_yjhd.html?dselkn8 HTTP/1.0" 200 16742 117.39.184.151
192.168.208.93 - - [31/Mar/2010:00:01:08 +0800] "GET /cgi-bin/bill/index.fcgi HTTP/1.0" 200 8808 221.4.154.10
192.168.192.149 - - [31/Mar/2010:00:01:08 +0800] "GET /cgi-bin/john/billjohn.fcgi?tm=1 HTTP/1.0" 200 890 116.52.145.132
192.168.208.92 - - [31/Mar/2010:00:01:10 +0800] "GET /cgi-bin/bill/bill.fcgi?tm=0 HTTP/1.0" 200 890 117.136.9.58
192.168.192.149 - - [31/Mar/2010:00:01:10 +0800] "GET /cgi-bin/john/billjohn.fcgi?tm=0 HTTP/1.0" 200 890 116.52.145.132
192.168.192.149 - - [31/Mar/2010:00:01:10 +0800] "GET /cgi-bin/bill/flow.fcgi?tm=3 HTTP/1.0" 200 1486 219.133.179.203
192.168.208.92 - - [31/Mar/2010:00:01:10 +0800] "GET /bill/job_sy.html?sdf2n0 HTTP/1.0" 200 10603 60.29.168.46
192.168.192.148 - - [31/Mar/2010:00:01:11 +0800] "GET /cgi-bin/bill/flow.fcgi?tm=0 HTTP/1.0" 200 1193 218.86.103.165
192.168.192.148 - - [31/Mar/2010:00:01:12 +0800] "GET /bill/job_yjhd.html?dselkn8 HTTP/1.0" 200 16742 113.106.209.99
192.168.192.149 - - [31/Mar/2010:00:01:12 +0800] "GET /cgi-bin/john/index.fcgi HTTP/1.0" 200 7150 58.34.84.149
192.168.208.92 - - [31/Mar/2010:00:01:12 +0800] "GET /cgi-bin/bill/bill.fcgi?tm=1 HTTP/1.0" 200 890 117.136.9.58
192.168.192.149 - - [31/Mar/2010:00:01:12 +0800] "GET /cgi-bin/john/flowjohn.fcgi?tm=3 HTTP/1.0" 200 1481 116.52.145.132
192.168.192.148 - - [31/Mar/2010:00:01:12 +0800] "GET /cgi-bin/bill/index.fcgi HTTP/1.0" 200 8805 119.john.197.17
192.168.192.148 - - [31/Mar/2010:00:01:13 +0800] "GET /cgi-bin/bill/index.fcgi HTTP/1.0" 200 8805 116.23.13.232
192.168.208.92 - - [31/Mar/2010:00:01:13 +0800] "GET /_vti_bin/owssvr.dll?UL=1&ACT=4&BUILD=8164&STRMVER=4&CAPREQ=0 HTTP/1.0" 404 217 58.255.32.1
192.168.208.92 - - [31/Mar/2010:00:01:14 +0800] "GET /cgi-bin/john/index.fcgi HTTP/1.0" 200 7145 58.255.32.1
192.168.208.92 - - [31/Mar/2010:00:01:14 +0800] "GET /bill/job_gz_2010.html? HTTP/1.0" 200 17987 60.29.168.46
192.168.192.149 - - [31/Mar/2010:00:01:15 +0800] "GET /cgi-bin/bill/index.fcgi HTTP/1.0" 200 8803 113.115.183.77
192.168.208.92 - - [31/Mar/2010:00:01:15 +0800] "GET /MSOffice/cltreq.asp?UL=1&ACT=4&BUILD=8164&STRMVER=4&CAPREQ=0 HTTP/1.0" 404 217 58.255.32.1
192.168.192.149 - - [31/Mar/2010:00:01:15 +0800] "GET /cgi-bin/john/flowjohn.fcgi?tm=2 HTTP/1.0" 200 1483 116.52.145.132
192.168.192.148 - - [31/Mar/2010:00:01:15 +0800] "GET /cgi-bin/bill/index.fcgi HTTP/1.0" 200 8809 58.214.34.75
192.168.208.93 - - [31/Mar/2010:00:01:16 +0800] "GET /cgi-bin/bill/logoutbill.fcgi HTTP/1.0" 200 9191 218.200.118.202
192.168.208.93 - - [31/Mar/2010:00:01:16 +0800] "GET /bill/job_sy.html? HTTP/1.0" 200 10603 218.200.118.202
192.168.208.93 - - [31/Mar/2010:00:01:18 +0800] "GET /cgi-bin/bill/flow.fcgi?tm=0 HTTP/1.0" 200 1196 221.4.154.10
192.168.192.149 - - [31/Mar/2010:00:01:18 +0800] "GET /cgi-bin/bill/bill.fcgi?tm=2 HTTP/1.0" 200 890 219.133.179.203
192.168.192.148 - - [31/Mar/2010:00:01:19 +0800] "GET /cgi-bin/bill/index.fcgi HTTP/1.0" 200 8800 113.92.116.64
192.168.192.149 - - [31/Mar/2010:00:01:19 +0800] "GET /cgi-bin/bill/bill.fcgi?tm=1 HTTP/1.0" 200 890 219.133.179.203
192.168.192.148 - - [31/Mar/2010:00:01:19 +0800] "GET /cgi-bin/john/index.fcgi HTTP/1.0" 200 7149 118.249.118.101
192.168.208.92 - - [31/Mar/2010:00:01:20 +0800] "GET /cgi-bin/bill/flow.fcgi?tm=3 HTTP/1.0" 200 1486 117.136.9.58
192.168.192.149 - - [31/Mar/2010:00:01:20 +0800] "GET /cgi-bin/bill/index.fcgi HTTP/1.0" 200 8805 117.22.14.167
192.168.192.149 - - [31/Mar/2010:00:01:21 +0800] "GET /cgi-bin/bill/bill.fcgi?tm=0 HTTP/1.0" 200 890 219.133.179.203
192.168.192.148 - - [31/Mar/2010:00:01:21 +0800] "GET /cgi-bin/john/index.fcgi HTTP/1.0" 200 7146 114.106.204.183
192.168.192.149 - - [31/Mar/2010:00:01:22 +0800] "GET /cgi-bin/bill/index.fcgi HTTP/1.0" 200 8805 222.242.106.86
192.168.192.149 - - [31/Mar/2010:00:01:24 +0800] "GET /cgi-bin/john/index.fcgi HTTP/1.0" 200 7147 125.79.143.144
192.168.192.148 - - [31/Mar/2010:00:01:24 +0800] "GET /cgi-bin/john/flowjohn.fcgi?tm=0 HTTP/1.0" 200 1197 118.249.118.101
192.168.208.93 - - [31/Mar/2010:00:01:24 +0800] "GET /cgi-bin/john/flowjohn.fcgi?tm=3 HTTP/1.0" 200 447 58.255.141.58
192.168.192.149 - - [31/Mar/2010:00:01:25 +0800] "GET /cgi-bin/john/flowjohn.fcgi?tm=1 HTTP/1.0" 200 1483 116.52.145.132
192.168.208.92 - - [31/Mar/2010:00:01:25 +0800] "GET /cgi-bin/bill/flow.fcgi?tm=2 HTTP/1.0" 200 1485 117.136.9.58
192.168.208.93 - - [31/Mar/2010:00:01:27 +0800] "GET /john/job_yjhd.html?sdkj989 HTTP/1.0" 200 14065 60.28.129.250
192.168.192.149 - - [31/Mar/2010:00:01:27 +0800] "GET /cgi-bin/john/logoutjohn.fcgi HTTP/1.0" 200 7599 125.79.143.144
192.168.208.92 - - [31/Mar/2010:00:01:27 +0800] "GET /bill/job_sy.html?sdf2n0 HTTP/1.0" 200 10603 123.128.64.131
192.168.192.149 - - [31/Mar/2010:00:01:27 +0800] "GET /john/job_sy.html? HTTP/1.0" 304 - 125.79.143.144
192.168.192.150 - - [31/Mar/2010:00:01:28 +0800] "GET /bill/job_yjhd.html?dselkn8 HTTP/1.0" 200 16742 121.32.2.188
192.168.192.148 - - [31/Mar/2010:00:01:28 +0800] "GET /bill/job_yjhd.html?dselkn8 HTTP/1.0" 200 16742 218.86.103.165
192.168.192.148 - - [31/Mar/2010:00:01:28 +0800] "GET /cgi-bin/bill/index.fcgi HTTP/1.0" 200 8809 218.85.148.22
192.168.208.93 - - [31/Mar/2010:00:01:28 +0800] "GET /cgi-bin/bill/gift.fcgi?type=3 HTTP/1.0" 302 235 124.160.98.2
192.168.192.149 - - [31/Mar/2010:00:01:28 +0800] "GET /cgi-bin/john/flowjohn.fcgi?tm=0 HTTP/1.0" 200 1193 116.52.145.132
192.168.208.92 - - [31/Mar/2010:00:01:29 +0800] "GET /cgi-bin/bill/flow.fcgi?tm=1 HTTP/1.0" 200 1485 117.136.9.58
192.168.192.148 - - [31/Mar/2010:00:01:29 +0800] "GET /cgi-bin/john/index.fcgi HTTP/1.0" 200 7149 218.78.209.20
192.168.208.92 - - [31/Mar/2010:00:01:30 +0800] "GET /bill/job_yjhd.html?dselkn8 HTTP/1.0" 200 16742 119.183.42.3
192.168.208.92 - - [31/Mar/2010:00:01:32 +0800] "GET /cgi-bin/bill/flow.fcgi?tm=0 HTTP/1.0" 200 1196 117.136.9.58
192.168.208.93 - - [31/Mar/2010:00:01:33 +0800] "GET /cgi-bin/bill/index.fcgi HTTP/1.0" 200 8798 117.136.9.65
192.168.208.92 - - [31/Mar/2010:00:01:33 +0800] "GET /bill/job_yjhd.html?dselkn8 HTTP/1.0" 200 16742 60.29.168.46
192.168.192.148 - - [31/Mar/2010:00:01:34 +0800] "GET /john/notice_newrule.html? HTTP/1.0" 200 3277 61.152.251.88
192.168.192.149 - - [31/Mar/2010:00:01:34 +0800] "GET /cgi-bin/bill/index.fcgi HTTP/1.0" 200 8804 113.15.23.197
192.168.192.148 - - [31/Mar/2010:00:01:34 +0800] "GET /cgi-bin/bill/gift.fcgi?type=1 HTTP/1.0" 302 235 118.122.85.157
192.168.192.149 - - [31/Mar/2010:00:01:35 +0800] "GET /cgi-bin/bill/index.fcgi HTTP/1.0" 200 8803 113.90.184.254
192.168.192.149 - - [31/Mar/2010:00:01:35 +0800] "GET /cgi-bin/john/index.fcgi HTTP/1.0" 200 7150 119.60.199.119
192.168.192.148 - - [31/Mar/2010:00:01:35 +0800] "GET /cgi-bin/bill/index.fcgi HTTP/1.0" 200 8799 113.104.0.85
192.168.192.148 - - [31/Mar/2010:00:01:36 +0800] "GET /cgi-bin/bill/index.fcgi HTTP/1.0" 200 8810 59.62.83.174
192.168.208.92 - - [31/Mar/2010:00:01:38 +0800] "GET /cgi-bin/bill/index.fcgi HTTP/1.0" 200 8806 122.95.114.63
192.168.208.93 - - [31/Mar/2010:00:01:38 +0800] "GET /john/job_sy.html?ckjx9ca HTTP/1.0" 200 10763 60.28.129.250
192.168.192.148 - - [31/Mar/2010:00:01:38 +0800] "GET /cgi-bin/john/index.fcgi?index=rule HTTP/1.0" 200 7151 61.152.251.88
192.168.208.92 - - [31/Mar/2010:00:01:39 +0800] "GET /cgi-bin/bill/index.fcgi HTTP/1.0" 200 8804 116.77.229.25
192.168.192.148 - - [31/Mar/2010:00:01:40 +0800] "GET /cgi-bin/bill/index.fcgi HTTP/1.0" 200 8804 218.17.234.92
192.168.208.92 - - [31/Mar/2010:00:01:41 +0800] "GET /cgi-bin/john/flowjohn.fcgi?tm=3 HTTP/1.0" 200 1481 119.109.23.248
192.168.192.150 - - [31/Mar/2010:00:01:42 +0800] "GET /cgi-bin/bill/index.fcgi HTTP/1.0" 200 8798 117.36.88.27
192.168.192.150 - - [31/Mar/2010:00:01:42 +0800] "GET /cgi-bin/john/index.fcgi HTTP/1.0" 200 7145 119.144.233.182
192.168.192.148 - - [31/Mar/2010:00:01:42 +0800] "GET /john/job_gz_2010.html? HTTP/1.0" 200 16738 218.78.209.20
192.168.208.92 - - [31/Mar/2010:00:01:42 +0800] "GET /cgi-bin/bill/index.fcgi HTTP/1.0" 200 8798 222.35.87.158
192.168.192.149 - - [31/Mar/2010:00:01:42 +0800] "GET /cgi-bin/bill/index.fcgi HTTP/1.0" 200 8793 219.133.114.244
192.168.192.150 - - [31/Mar/2010:00:01:42 +0800] "GET /cgi-bin/bill/index.fcgi HTTP/1.0" 200 8800 123.97.143.102
192.168.208.92 - - [31/Mar/2010:00:01:43 +0800] "GET /cgi-bin/john/flowjohn.fcgi?tm=2 HTTP/1.0" 200 1483 119.109.23.248
192.168.192.148 - - [31/Mar/2010:00:01:44 +0800] "GET /cgi-bin/bill/index.fcgi HTTP/1.0" 200 8803 113.142.17.64
192.168.208.92 - - [31/Mar/2010:00:01:46 +0800] "GET /cgi-bin/john/index.fcgi HTTP/1.0" 200 7146 119.6.16.114
192.168.192.148 - - [31/Mar/2010:00:01:46 +0800] "GET /cgi-bin/bill/index.fcgi HTTP/1.0" 200 8802 119.41.200.143
192.168.192.149 - - [31/Mar/2010:00:01:46 +0800] "GET /bill/job_yjhd.html?dselkn8 HTTP/1.0" 304 - 219.133.179.203
192.168.192.150 - - [31/Mar/2010:00:01:49 +0800] "GET /john/job_sy.html?ckjx9ca HTTP/1.0" 200 10763 121.35.115.74
192.168.192.150 - - [31/Mar/2010:00:01:50 +0800] "GET /cgi-bin/john/index.fcgi HTTP/1.0" 200 7147 58.49.233.156
192.168.208.93 - - [31/Mar/2010:00:01:50 +0800] "GET /cgi-bin/john/index.fcgi HTTP/1.0" 200 7149 219.150.john.218
192.168.192.148 - - [31/Mar/2010:00:01:51 +0800] "GET /cgi-bin/bill/index.fcgi HTTP/1.0" 200 8800 221.224.131.210
192.168.192.148 - - [31/Mar/2010:00:01:51 +0800] "GET /cgi-bin/bill/index.fcgi HTTP/1.0" 200 8801 118.122.85.157
192.168.192.149 - - [31/Mar/2010:00:01:51 +0800] "GET /cgi-bin/john/index.fcgi HTTP/1.0" 200 7152 117.25.176.98
192.168.208.92 - - [31/Mar/2010:00:01:51 +0800] "GET /cgi-bin/john/flowjohn.fcgi?tm=1 HTTP/1.0" 200 1481 119.109.23.248
192.168.208.92 - - [31/Mar/2010:00:01:52 +0800] "GET /cgi-bin/bill/gift.fcgi?type=2 HTTP/1.0" 302 235 110.252.199.206
192.168.192.149 - - [31/Mar/2010:00:01:53 +0800] "GET /cgi-bin/bill/index.fcgi HTTP/1.0" 200 8803 116.52.48.183
192.168.208.92 - - [31/Mar/2010:00:01:54 +0800] "GET /cgi-bin/john/flowjohn.fcgi?tm=0 HTTP/1.0" 200 1195 119.109.23.248
192.168.192.149 - - [31/Mar/2010:00:01:55 +0800] "GET /cgi-bin/bill/index.fcgi HTTP/1.0" 200 8803 122.4.32.188
192.168.192.150 - - [31/Mar/2010:00:01:56 +0800] "GET /cgi-bin/john/index.fcgi HTTP/1.0" 200 7150 219.150.142.227
192.168.192.149 - - [31/Mar/2010:00:01:56 +0800] "GET /cgi-bin/bill/index.fcgi HTTP/1.0" 200 9191 119.144.58.33
192.168.192.148 - - [31/Mar/2010:00:01:56 +0800] "GET /cgi-bin/john/index.fcgi HTTP/1.0" 200 7147 123.54.174.131
192.168.192.149 - - [31/Mar/2010:00:01:57 +0800] "GET /bill/job_sy.html? HTTP/1.0" 304 - 119.144.58.33
192.168.192.149 - - [31/Mar/2010:00:01:57 +0800] "GET /cgi-bin/john/index.fcgi HTTP/1.0" 200 7144 218.22.151.227
192.168.192.148 - - [31/Mar/2010:00:01:57 +0800] "GET /cgi-bin/bill/logoutbill.fcgi HTTP/1.0" 200 9191 117.34.216.122
192.168.192.148 - - [31/Mar/2010:00:01:58 +0800] "GET /bill/job_sy.html? HTTP/1.0" 200 10603 117.34.216.122
192.168.192.149 - - [31/Mar/2010:00:01:58 +0800] "GET /cgi-bin/john/index.fcgi HTTP/1.0" 200 7144 117.40.28.107
192.168.192.148 - - [31/Mar/2010:00:01:59 +0800] "GET /cgi-bin/bill/index.fcgi HTTP/1.0" 200 8801 116.228.153.94
192.168.208.93 - - [31/Mar/2010:00:01:59 +0800] "GET /cgi-bin/bill/index.fcgi HTTP/1.0" 200 8802 124.165.230.222
192.168.192.149 - - [31/Mar/2010:00:02:00 +0800] "GET /cgi-bin/bill/index.fcgi HTTP/1.0" 200 8798 183.1.23.206
192.168.208.92 - - [31/Mar/2010:00:02:00 +0800] "GET /cgi-bin/bill/flow.fcgi?tm=3 HTTP/1.0" 200 1486 117.136.9.58
192.168.208.92 - - [31/Mar/2010:00:02:01 +0800] "GET /cgi-bin/john/index.fcgi HTTP/1.0" 200 7148 58.248.149.114
192.168.192.149 - - [31/Mar/2010:00:02:00 +0800] "GET /cgi-bin/bill/flow.fcgi?tm=3 HTTP/1.0" 200 1481 116.28.234.73
192.168.192.150 - - [31/Mar/2010:00:02:01 +0800] "GET /cgi-bin/bill/index.fcgi HTTP/1.0" 200 8801 222.77.19.219
192.168.192.149 - - [31/Mar/2010:00:02:01 +0800] "GET /cgi-bin/bill/index.fcgi HTTP/1.0" 200 8804 118.116.137.72
192.168.208.93 - - [31/Mar/2010:00:02:01 +0800] "GET /cgi-bin/bill/index.fcgi HTTP/1.0" 200 8796 119.112.191.63
192.168.208.92 - - [31/Mar/2010:00:02:02 +0800] "GET /cgi-bin/bill/newusr.fcgi HTTP/1.0" 200 1598 60.29.168.46
192.168.192.148 - - [31/Mar/2010:00:02:02 +0800] "GET /bill/job_sy.html?sdf2n0 HTTP/1.0" 200 10603 113.92.116.64
192.168.208.92 - - [31/Mar/2010:00:02:04 +0800] "GET /cgi-bin/bill/index.fcgi HTTP/1.0" 200 8801 60.29.168.46
192.168.192.149 - - [31/Mar/2010:00:02:04 +0800] "GET /cgi-bin/bill/flow.fcgi?tm=2 HTTP/1.0" 200 1481 116.28.234.73
192.168.192.150 - - [31/Mar/2010:00:02:05 +0800] "GET /cgi-bin/bill/index.fcgi HTTP/1.0" 200 8801 114.229.232.27
192.168.208.93 - - [31/Mar/2010:00:02:05 +0800] "GET /cgi-bin/bill/index.fcgi HTTP/1.0" 200 8799 119.248.110.130
192.168.192.149 - - [31/Mar/2010:00:02:06 +0800] "GET /cgi-bin/bill/flow.fcgi?tm=1 HTTP/1.0" 200 1481 116.28.234.73
192.168.208.92 - - [31/Mar/2010:00:02:06 +0800] "GET /cgi-bin/bill/index.fcgi HTTP/1.0" 200 8799 219.238.42.200
192.168.208.92 - - [31/Mar/2010:00:02:06 +0800] "GET /john/job_sy.html?ckjx9ca HTTP/1.0" 200 10763 119.109.23.248
192.168.208.92 - - [31/Mar/2010:00:02:07 +0800] "GET /cgi-bin/bill/index.fcgi HTTP/1.0" 200 8805 222.175.165.26
192.168.208.93 - - [31/Mar/2010:00:02:07 +0800] "GET /cgi-bin/bill/index.fcgi HTTP/1.0" 200 8799 119.248.110.130
192.168.192.149 - - [31/Mar/2010:00:02:08 +0800] "GET /cgi-bin/bill/flow.fcgi?tm=0 HTTP/1.0" 200 1195 116.28.234.73
192.168.192.149 - - [31/Mar/2010:00:02:08 +0800] "GET /cgi-bin/john/index.fcgi HTTP/1.0" 200 7152 59.37.162.249
192.168.208.93 - - [31/Mar/2010:00:02:08 +0800] "GET /cgi-bin/bill/index.fcgi HTTP/1.0" 200 8799 119.248.110.130
192.168.208.93 - - [31/Mar/2010:00:02:08 +0800] "GET /cgi-bin/bill/index.fcgi HTTP/1.0" 200 8799 119.248.110.130
192.168.208.92 - - [31/Mar/2010:00:02:09 +0800] "GET /cgi-bin/john/index.fcgi HTTP/1.0" 200 7145 58.255.32.1
192.168.208.92 - - [31/Mar/2010:00:02:09 +0800] "GET /cgi-bin/bill/index.fcgi HTTP/1.0" 200 8801 113.1.87.189
192.168.208.93 - - [31/Mar/2010:00:02:09 +0800] "GET /cgi-bin/bill/index.fcgi HTTP/1.0" 200 8799 119.248.110.130
192.168.208.93 - - [31/Mar/2010:00:02:10 +0800] "GET /cgi-bin/bill/index.fcgi HTTP/1.0" 200 8809 119.51.190.50
192.168.208.92 - - [31/Mar/2010:00:02:10 +0800] "GET /cgi-bin/bill/index.fcgi HTTP/1.0" 200 8797 123.15.45.242
192.168.208.93 - - [31/Mar/2010:00:02:11 +0800] "GET /cgi-bin/bill/index.fcgi HTTP/1.0" 200 8799 119.248.110.130
192.168.192.150 - - [31/Mar/2010:00:02:12 +0800] "GET /bill/job_sy.html?sdf2n0 HTTP/1.0" 200 10603 121.32.2.188
192.168.208.93 - - [31/Mar/2010:00:02:12 +0800] "GET /cgi-bin/bill/index.fcgi HTTP/1.0" 200 8799 119.248.110.130
192.168.208.93 - - [31/Mar/2010:00:02:12 +0800] "GET /cgi-bin/bill/index.fcgi HTTP/1.0" 200 8799 119.248.110.130
192.168.192.148 - - [31/Mar/2010:00:02:13 +0800] "GET /cgi-bin/bill/index.fcgi HTTP/1.0" 200 8810 61.178.131.103
192.168.208.92 - - [31/Mar/2010:00:02:13 +0800] "GET /cgi-bin/bill/index.fcgi HTTP/1.0" 200 8807 123.123.106.93
192.168.208.93 - - [31/Mar/2010:00:02:13 +0800] "GET /cgi-bin/bill/index.fcgi HTTP/1.0" 200 8810 61.49.64.204
192.168.192.149 - - [31/Mar/2010:00:02:13 +0800] "GET /cgi-bin/bill/index.fcgi HTTP/1.0" 200 8803 183.2.137.136
192.168.192.150 - - [31/Mar/2010:00:02:13 +0800] "GET /cgi-bin/john/logoutjohn.fcgi HTTP/1.0" 200 7599 121.35.115.74
192.168.192.150 - - [31/Mar/2010:00:02:14 +0800] "GET /john/job_sy.html? HTTP/1.0" 200 10763 121.35.115.74
192.168.192.150 - - [31/Mar/2010:00:02:14 +0800] "GET /bill/job_yjhd.html?dselkn8 HTTP/1.0" 304 - 121.32.2.188
192.168.192.149 - - [31/Mar/2010:00:02:15 +0800] "GET /bill/job_yjhd.html?dselkn8 HTTP/1.0" 200 16742 116.28.234.73
192.168.208.93 - - [31/Mar/2010:00:02:15 +0800] "GET /cgi-bin/bill/flow.fcgi?tm=0 HTTP/1.0" 200 1197 119.51.190.50
192.168.208.92 - - [31/Mar/2010:00:02:15 +0800] "GET /cgi-bin/bill/index.fcgi HTTP/1.0" 200 8799 124.134.190.107
192.168.192.148 - - [31/Mar/2010:00:02:17 +0800] "GET /cgi-bin/bill/index.fcgi HTTP/1.0" 200 8807 116.207.94.1
192.168.208.92 - - [31/Mar/2010:00:02:18 +0800] "GET /cgi-bin/bill/flow.fcgi?tm=0 HTTP/1.0" 200 1195 124.134.190.107
192.168.192.150 - - [31/Mar/2010:00:02:18 +0800] "GET /cgi-bin/bill/flow.fcgi?tm=3 HTTP/1.0" 200 1483 59.40.134.15
192.168.208.93 - - [31/Mar/2010:00:02:19 +0800] "GET /cgi-bin/bill/index.fcgi HTTP/1.0" 200 8808 219.221.108.157
192.168.192.150 - - [31/Mar/2010:00:02:20 +0800] "GET /cgi-bin/bill/flow.fcgi?tm=2 HTTP/1.0" 200 1481 59.40.134.15
192.168.192.149 - - [31/Mar/2010:00:02:20 +0800] "GET /cgi-bin/bill/logoutbill.fcgi HTTP/1.0" 200 9191 117.95.37.227
192.168.192.149 - - [31/Mar/2010:00:02:21 +0800] "GET /bill/job_sy.html? HTTP/1.0" 200 10603 117.95.37.227
192.168.192.150 - - [31/Mar/2010:00:02:21 +0800] "GET /cgi-bin/bill/flow.fcgi?tm=1 HTTP/1.0" 200 1481 113.90.84.3
192.168.192.148 - - [31/Mar/2010:00:02:22 +0800] "GET /cgi-bin/bill/index.fcgi HTTP/1.0" 200 8804 113.89.75.233
192.168.208.93 - - [31/Mar/2010:00:02:22 +0800] "GET /cgi-bin/john/index.fcgi HTTP/1.0" 200 7153 123.115.149.124
192.168.192.150 - - [31/Mar/2010:00:02:22 +0800] "GET /cgi-bin/bill/index.fcgi HTTP/1.0" 200 8800 219.133.249.56
192.168.208.93 - - [31/Mar/2010:00:02:22 +0800] "GET /cgi-bin/bill/index.fcgi HTTP/1.0" 200 8802 218.28.96.17
192.168.192.150 - - [31/Mar/2010:00:02:22 +0800] "GET /cgi-bin/bill/flow.fcgi?tm=0 HTTP/1.0" 200 1193 113.90.84.3
192.168.208.93 - - [31/Mar/2010:00:02:23 +0800] "GET /cgi-bin/john/index.fcgi HTTP/1.0" 200 7153 218.29.88.62
192.168.208.92 - - [31/Mar/2010:00:02:24 +0800] "GET /cgi-bin/john/index.fcgi HTTP/1.0" 200 7150 221.207.145.180
192.168.192.149 - - [31/Mar/2010:00:02:25 +0800] "GET /bill/job_yjhd.html?dselkn8 HTTP/1.0" 200 16742 122.4.32.188
192.168.192.150 - - [31/Mar/2010:00:02:26 +0800] "GET /cgi-bin/bill/index.fcgi HTTP/1.0" 200 8798 59.57.157.182
192.168.208.92 - - [31/Mar/2010:00:02:26 +0800] "GET /cgi-bin/bill/index.fcgi HTTP/1.0" 200 9191 114.241.187.229
192.168.192.149 - - [31/Mar/2010:00:02:26 +0800] "GET /cgi-bin/bill/index.fcgi HTTP/1.0" 200 8798 117.95.37.227
192.168.208.92 - - [31/Mar/2010:00:02:26 +0800] "GET /cgi-bin/bill/flow.fcgi?tm=3 HTTP/1.0" 200 1481 113.229.91.227
192.168.208.92 - - [31/Mar/2010:00:02:27 +0800] "GET /bill/job_sy.html? HTTP/1.0" 200 10603 114.241.187.229
192.168.192.149 - - [31/Mar/2010:00:02:27 +0800] "GET /cgi-bin/bill/flow.fcgi?tm=3 HTTP/1.0" 200 1483 222.242.106.86
192.168.192.150 - - [31/Mar/2010:00:02:28 +0800] "GET /bill/job_yjhd.html?dselkn8 HTTP/1.0" 200 16742 219.133.249.56
192.168.208.92 - - [31/Mar/2010:00:02:28 +0800] "GET /cgi-bin/bill/flow.fcgi?tm=2 HTTP/1.0" 200 1481 113.229.91.227
192.168.192.148 - - [31/Mar/2010:00:02:29 +0800] "GET /cgi-bin/bill/index.fcgi HTTP/1.0" 200 8807 117.35.91.238
192.168.208.92 - - [31/Mar/2010:00:02:29 +0800] "GET /cgi-bin/bill/flow.fcgi?tm=1 HTTP/1.0" 200 1481 113.229.91.227
192.168.192.149 - - [31/Mar/2010:00:02:29 +0800] "GET /cgi-bin/bill/flow.fcgi?tm=0 HTTP/1.0" 200 1195 222.242.106.86
192.168.192.148 - - [31/Mar/2010:00:02:29 +0800] "GET /cgi-bin/bill/index.fcgi HTTP/1.0" 200 8807 116.207.94.1
192.168.208.93 - - [31/Mar/2010:00:02:30 +0800] "GET /cgi-bin/bill/index.fcgi HTTP/1.0" 200 8803 121.138.98.19
192.168.208.92 - - [31/Mar/2010:00:02:30 +0800] "GET /cgi-bin/bill/flow.fcgi?tm=0 HTTP/1.0" 200 1193 113.229.91.227
