.......P............................#...
...................................#@#..
.....##.##..............................
.....#AAA#..............................
P.....A.A.........P.....................
.....#AAA#..............................
.....##.##..............................
........................................
........................................
........................................
.......P................................
........................................
.........................###............
........................#...#...........
........................#...#...........
........................#...#...........
.........................###............
........................................
........................................
........................................
........................................
........................................
........................................
...................................#@#..
....................................#...
