
<!DOCTYPE HTML PUBLIC "-//W3C//DTD HTML 4.0 Transitional//EN">

<!-- ZOOMSTOP -->

<HTML>

<!-- *** Created by pp2html, build 1.21 from PerlPoint-Converters 1.0202  -->

<HEAD>

  <meta http-equiv="Content-Type" content="text/html; charset=iso-8859-1">
  <meta http-equiv="Content-Script-Type" content="text/javascript">

<!-- ZOOMRESTART -->



<TITLE>Lists</TITLE>
</HEAD>

<!-- ************************************************************** -->
<BODY bgcolor="#FFFFFF" text="#000000" link="#0000CC" vlink="#AAAAAA" alink="#FF0000">
<a name="Lists"></a>

<H1>Lists
</H1>


<P>
Lists
</P>

<OL>
<LI VALUE=1>first point</LI>
</OL>


<TABLE CELLPADDING=5><TR><TD bgcolor="#E5E5E5"><PRE>
<B><FONT COLOR="#000000">
 code example</FONT></B></PRE></TD></TR></TABLE>

<OL>
<LI VALUE=2>follow-up (2)</LI>
<LI>follow-up2 (3)</LI>
</OL>


<P>
Text
</P>

<OL>
<LI VALUE=1>first of new list</LI>
<LI>second of new list</LI>
<LI>third of new list</LI>
</OL>


<P>
gg
</P>

<OL>
<LI VALUE=4>4-th of new list</LI>
<LI>last of new</LI>
</OL>
</BODY>
</HTML>
