ONE TWO THREE	/male/0001/0001.wav
TWO THREE FOUR	/male/0001/0002.wav
THREE FOUR FIVE	/male/0001/0003.wav
ONE TWO THREE	/male/0002/0001.wav
TWO THREE FOUR	/male/0002/0002.wav
THREE FOUR FIVE	/male/0002/0003.wav
ONE TWO THREE	/male/0003/0001.wav
TWO THREE FOUR	/male/0003/0002.wav
THREE FOUR FIVE	/male/0003/0003.wav
ONE TWO THREE	/female/0001/0001.wav
TWO THREE FOUR	/female/0001/0002.wav
THREE FOUR FIVE	/female/0001/0003.wav
ONE TWO THREE	/female/0002/0001.wav
TWO THREE FOUR	/female/0002/0002.wav
THREE FOUR FIVE	/female/0002/0003.wav
ONE TWO THREE	/female/0003/0001.wav
TWO THREE FOUR	/female/0003/0002.wav
THREE FOUR FIVE	/female/0003/0003.wav