Test 18: 200 words with indent of 1
12345678901234567890123456789012345678901234567890123456789012345678901234567890
 0                  affects            find               primarily          
 1                  affirmed           first              prior              
 10                 affirms            fixed              private            
 11                 after              flow               problems           
 12                 against            follow             procedures         
 13                 aggregate          following          procuring          
 14                 agree              for                produce            
 15                 agreement          forbid             product            
 16                 aim                force              products           
 17                 all                form               program            
 1996               alleging           format             program's          
 2                  allow              found              program--to        
 20                 allowed            free               programmer         
 2007               along              freedom            programming        
 28                 already            freedoms           programs           
 29                 also               from               prohibit           
 3                  alternative        fulfilling         prohibiting        
 30                 although           full               prohibits          
 4                  among              functioning        prominent          
 5                  an                 fundamentally      prominently        
 6                  and                further            propagate          
 60                 and/or             future             propagating        
 6b                 any                general            propagation        
 6d                 anyone             general-purpose    property           
 7                  anything           generally          proprietary        
 8                  applicable         generate           protect            
 9                  applications       get                protecting         
 A                  applied            give               protection         
 ABOVE              applies            given              protocols          
 ABSOLUTELY         apply              gives              provide            
 ADVISED            appropriate        giving             provided           
 AGREED             appropriately      governed           provision          
 ALL                approximates       grant              provisionally      
 AND                are                granted            proxy              
 AND/OR             area               grants             proxy's            
 ANY                arise              gratis             public             
 APPLICABLE         arrange            greatest           publicity          
 ARISING            arrangement        guarantee          publicly           
 AS                 article            had                publish            
 ASSUME             as                 has                published          
 Acceptance         asking             have               purpose            
 Access             assert             having             purposes           
 Additional         assets             hereafter          pursuant           
 Affero             associated         holder             qualify            
 All                assumption         holders            read               
 Also               assumptions        hope               readily            
 An                 assures            hosts              reading            
 Ancillary          at                 household          ready              
 And                attach             how                reason             
 Anti-Circumvention attempt            however            reasonable         
 Any                attributed         hypothetical       receipt            
 Apply              attributions       idea               receive            
 Appropriate        author             identifiable       received           
 Automatic          authorization      if                 receives           
 BE                 authorized         implement          receiving          
 BEEN               authorizes         implementation     recipient          
 BEING              authorizing        implied            recipient's        
 BUT                authors            import             recipients         
 BY                 automatically      importing          recognized         
 Basic              available          impose             redistribute       
 But                avoid              imposed            referring          
 By                 away               in                 refers             
 C                  b                  include            refrain            
 CONDITIONS         based              included           regard             
 CONSEQUENTIAL      be                 includes           regardless         
 CONVEYS            because            including          regenerate         
 COPYRIGHT          been               incompatible       reinstated         
 CORRECTION         behalf             incorporating      relationship       
 COST               being              incorporation      released           
 Code               believe            indemnification    relevant           
 Component          below              independent        relicensing        
 Convey             benefit            indicate           relying            
 Conveying          best               indicating         remain             
 Copies             between            individual         remains            
 Copyright          beyond             individuals        removal            
 Corresponding      body               industrial         remove             
 DAMAGES            both               inform             render             
 DATA               box                information        represent          
 DEFECTIVE          brief              infringe           require            
 December           business           infringed          required           
 Declining          but                infringement       requirement        
 Definitions        by                 initiate           requirements       
 Developers         c                  inside             requires           
 Disclaimer         called             install            requiring          
 Disclaiming        can                installed          resolved           
 Downstream         cannot             instead            respect            
 EITHER             carry              intact             responsibilities   
 END                case               intended           responsible        
 ENTIRE             cases              intention          restrict           
 EVEN               cause              interaction        restricting        
 EVENT              cease              interactive        restriction        
 EXCEPT             certain            interchange        restrictions       
 EXPRESSED          cessation          interest           result             
 EXTENT             change             interface          resulting          
 Each               changed            interfaces         results            
 Everyone           changing           interfered         retains            
 FAILURE            characterized      interpreter        return             
 FITNESS            charge             intimate           reviewing          
 FOR                choose             into               revised            
 Finally            choosing           invalidate         right              
 For                circumstances      irrevocable        rights             
 Forms              circumvention      is                 royalty            
 Foundation         civil              it                 royalty-free       
 Free               claim              item               rules              
 Freedom            claims             its                run                
 From               class              itself             running            
 GENERAL            clear              keep               runs               
 GNU                clearly            kernel             safest             
 GPL                closely            key                sake               
 GPL-3.0            code               keys               sale               
 GUI                collect            kind               same               
 General            combination        kinds              satisfy            
 HAS                combine            know               saying             
 HOLDER             combined           knowingly          school             
 HOLDERS            comes              knowledge          scope              
 Having             commands           language           scripts            
 How                commercial         larger             secondarily        
 However            commitment         later              section            
 IF                 common             law                sections           
 IMPLIED            communication      laws               see                
 IN                 compilation        lawsuit            sell               
 INABILITY          compilation's      least              selling            
 INACCURATE         compilations       legal              semiconductor      
 INCIDENTAL         compiler           liability          separable          
 INCLUDING          compliance         liable             separate           
 IS                 comply             libraries          separately         
 If                 component          library            server             
 In                 computer           license            serves             
 Inc                computers          licensed           service            
 Inclusion          concerning         licensee           shall              
 Information        concerns           licensees          share              
 Installation       conditioned        licenses           shared             
 Interface          conditions         licensors          short              
 Interpretation     connection         like               should             
 It                 consequence        likewise           show               
 June               consider           limit              sign               
 KIND               considered         limitation         significant        
 Knowingly          consistent         limiting           similar            
 LAW                conspicuously      line               simultaneously     
 LIABLE             constantly         link               single             
 LICENSE            constitutes        linked             so                 
 LIMITED            construed          linking            software           
 LOSS               consumer           list               sold               
 LOSSES             contact            litigation         sole               
 Later              contain            local              solely             
 Law                containing         long               some               
 Legal              contains           machine-readable   source             
 Lesser             content            made               spare              
 Liability          contents           mail               speak              
 Libraries          context            maintain           special            
 Library            continue           major              specific           
 License            continued          make               specifically       
 Licensees          contractual        makes              specified          
 Licenses           contradict         making             specifies          
 Licensing          contrast           manner             specify            
 Limitation         contributor        manufacturer       spirit             
 Limiting           contributor's      marked             stand              
 MERCHANTABILITY    control            marks              standard           
 MODIFIES           controlled         masks              standards          
 Major              convenient         material           start              
 March              convey             materially         starts             
 Mere               conveyance         may                state              
 Modified           conveyed           meaning            stated             
 Moreover           conveying          means              statement          
 NECESSARY          conveys            measure            stating            
 NO                 copies             measures           status             
 NOT                copy               medium             steps              
 New                copying            meet               storage            
 No                 copyleft           meets              subdividing        
 Non-Source         copyright          menu               subject            
 Not                copyright-like     merging            sublicenses        
 Nothing            copyrightable      met                subprograms        
 Notices            copyrighted        methods            subroutine         
 Notwithstanding    cost               might              subsection         
 OF                 could              misrepresentation  substantial        
 OPERATE            counterclaim       mode               substantially      
 OR                 countries          model              such               
 OTHER              country            modification       sue                
 OTHERWISE          course             modifications      suffice            
 OUT                court              modified           supplement         
 Object             courts             modifies           support            
 Of                 covenant           modify             supports           
 Others             coverage           modifying          sure               
 Our                covered            more               surrender          
 PARTICULAR         criterion          most               survive            
 PARTIES            cross-claim        must               system             
 PARTY              cure               name               systematic         
 PERFORMANCE        customarily        names              take               
 PERMITTED          customer           nature             tangible           
 POSSIBILITY        d                  necessary          technological      
 PROGRAM            danger             need               tells              
 PROGRAMS           data               needed             term               
 PROVE              date               neither            terminal           
 PROVIDE            days               network            terminate          
 PUBLIC             decide             new                terminated         
 PURPOSE            deemed             next               terminates         
 Patents            defenses           no                 terms              
 Permissions        defined            non-consumer       than               
 Preamble           definition         non-exclusive      that               
 Product            denied             non-exercise       the                
 Program            denominated        non-free           their              
 Program's          deny               non-permissive     them               
 Programs           denying            non-source         then               
 Prohibiting        deprive            noncommercially    there              
 Propagation        designated         nor                therefore          
 Protecting         designed           normal             these              
 Public             detail             normally           they               
 QUALITY            details            not                things             
 RENDERED           determining        nothing            third              
 REPAIR             develop            notice             this               
 REQUIRED           developers         notices            those              
 RISK               development        notifies           though             
 ROM                devices            notify             threatened         
 Recipients         differ             number             three              
 Regardless         different          numbered           through            
 Required           differently        object             thus               
 Requiring          direction          obligate           time               
 Revised            directions         obligated          to                 
 Rights             directly           obligations        too                
 SERVICING          disclaim           occasionally       tools              
 SHOULD             disclaimer         occurring          trade              
 SPECIAL            discriminatory     occurs             trademark          
 STATED             display            of                 trademarks         
 SUCH               displayed          offer              transaction        
 SUSTAINED          displays           offered            transfer           
 Sections           distinguishing     offering           transferred        
 See                distribute         official           transferring       
 Software           distributed        on                 transmission       
 Some               distributing       one                treated            
 Source             distribution       only               treaty             
 Standard           do                 operated           two                
 States             document           operating          type               
 Sublicensing       documented         operation          typical            
 Such               does               option             unacceptable       
 Surrender          domains            options            under              
 System             doubtful           or                 unless             
 TERMS              downstream         order              unlimited          
 THE                durable            organization       unmodified         
 THERE              dwelling           organizations      unnecessary        
 THIRD              dynamically        origin             unpacking          
 TO                 e                  original           until              
 Termination        each               other              updates            
 Terms              earlier            others             use                
 The                effect             otherwise          used               
 Therefore          effected           our                useful             
 These              effective          output             user               
 This               effectively        outside            users              
 Those              efforts            own                uses               
 To                 either             owned              using              
 UNLESS             electronic         packaged           valid              
 USE                embodied           packaging          verbatim           
 Use                employer           paper              version            
 User               enable             paragraph          versions           
 Users              enables            paragraphs         view               
 Verbatim           enforce            part               violates           
 Version            enforcing          particular         violation          
 Versions           ensure             parties            visible            
 WARRANTIES         entered            parts              void               
 WARRANTY           entire             party              volume             
 WHEN               entirely           party's            w                  
 WHO                entity             pass               waive              
 WILL               equivalent         password           waiver             
 WIPO               erroneously        patent             want               
 WITH               essential          patents            warranties         
 WITHOUT            even               pattern            warranty           
 WRITING            ever               payment            was                
 Warranty           every              peer-to-peer       way                
 We                 everyone           peers              ways               
 When               exact              performing         we                 
 YOU                example            permanently        welcome            
 You                except             permission         well               
 Your               exceptions         permissions        were               
 a                  excluded           permissive         what               
 ability            excluding          permit             whatever           
 about              exclusion          permits            when               
 above              exclusively        permitted          where              
 absence            excuse             perpetuity         whether            
 absolute           executable         personal           which              
 abuse              execute            pertinent          who                
 accept             executing          physical           whole              
 acceptance         exercise           physically         whom               
 access             exercising         pieces             whose              
 accessible         expected           place              widely             
 accompanied        expects            please             will               
 accompanies        explains           plus               window             
 accord             explicitly         pointer            wish               
 according          express            portion            with               
 achieve            expressly          possesses          within             
 acknowledges       extend             possession         without            
 acquired           extended           possible           work               
 across             extensions         power              work's             
 actions            extent             practical          working            
 activities         f                  practice           works              
 activity           facilities         precise            worldwide          
 actual             fails              precisely          would              
 actually           fair               predecessor        written            
 adapt              family             preferred          year               
 add                fashion            present            years              
 added              favor              presents           you                
 additional         feature            preservation       your               
 address            fee                prevent            yourself           
 addressed          file               prevented          
 adopted            files              previous           
 adversely          finally            price              
12345678901234567890123456789012345678901234567890123456789012345678901234567890
