
<!DOCTYPE HTML PUBLIC "-//W3C//DTD HTML 4.0 Transitional//EN">

<!-- ZOOMSTOP -->

<HTML>

<!-- *** Created by pp2html, build 1.21 from PerlPoint-Converters 1.0204  -->

<HEAD>

  <meta http-equiv="Content-Type" content="text/html; charset=iso-8859-1">
  <meta http-equiv="Content-Script-Type" content="text/javascript">

<!-- ZOOMRESTART -->



<TITLE>Overview</TITLE>
</HEAD>

<!-- ************************************************************** -->
<BODY bgcolor="#FFFFFF" text="#000000" link="#0000CC" vlink="#AAAAAA" alink="#FF0000">
<a name="Overview"></a>

<H1>Overview
</H1>


<P>
overview in Chapter Tree
</P>
</BODY>
</HTML>
