
<!DOCTYPE HTML PUBLIC "-//W3C//DTD HTML 4.0 Transitional//EN">

<!-- ZOOMSTOP -->

<HTML>

<!-- *** Created by pp2html, build 1.21 from PerlPoint-Converters 1.0204  -->

<HEAD>

  <meta http-equiv="Content-Type" content="text/html; charset=iso-8859-1">
  <meta http-equiv="Content-Script-Type" content="text/javascript">

<!-- ZOOMRESTART -->



<TITLE>Chapter One</TITLE>
</HEAD>

<!-- ************************************************************** -->
<BODY bgcolor="#FFFFFF" text="#000000" link="#0000CC" vlink="#AAAAAA" alink="#FF0000">
<a name="Chapter One"></a>

<H1>Chapter One
</H1>


<UL>
  <li>  <A HREF="localtoc_0002.htm#Chapter One|Overview">Overview</A>  </li>   <li>  <A HREF="localtoc_0003.htm#Chapter One|Introduction">Introduction</A>  </li> 
</UL>

</BODY>
</HTML>
