#!perl

use strict;
use warnings;
use Test::More tests => 3;

BEGIN {
    use_ok( 'Parse::AccessLog' ) || print "Bail out!\n";
}

my $p = new_ok('Parse::AccessLog');
chomp(my @lines = <DATA>);

# parse as a list
my @recs = $p->parse(@lines);
is( @recs, 1593, 'Parsed 1593 entries (lines) from file' );

__END__
208.115.113.86 - - [13/Jan/2013:00:29:20 -0600] "GET /robots.txt HTTP/1.1" 200 272 "-" "Mozilla/5.0 (compatible; Ezooms/1.0; ezooms.bot@gmail.com)"
24.229.44.237 - - [13/Jan/2013:01:04:32 -0600] "GET /favicon.ico HTTP/1.1" 302 467 "-" "Mozilla/5.0 (compatible; MSIE 10.0; Windows NT 6.2; Win64; x64; Trident/6.0)"
24.229.44.237 - - [13/Jan/2013:01:04:33 -0600] "GET /blog/ HTTP/1.1" 200 11692 "-" "Mozilla/5.0 (compatible; MSIE 10.0; Windows NT 6.2; Win64; x64; Trident/6.0)"
24.229.44.237 - - [13/Jan/2013:01:04:53 -0600] "-" 408 0 "-" "-"
119.63.193.196 - - [13/Jan/2013:01:14:42 -0600] "GET / HTTP/1.1" 302 429 "-" "Mozilla/4.0 (compatible; MSIE 7.0; Windows NT 6.0)"
68.47.129.55 - - [13/Jan/2013:01:27:32 -0600] "GET /robots.txt HTTP/1.1" 200 272 "-" "Mozilla/5.0 (compatible; CompSpyBot/1.0; +http://www.compspy.com/spider.html)"
78.129.149.17 - - [13/Jan/2013:01:31:04 -0600] "GET http://37.28.156.211/sprawdza.php HTTP/1.1" 404 434 "-" "Mozilla/5.0 (compatible; MSIE 9.0; Windows NT 6.1; Trident/5.0)"
208.80.194.29 - - [13/Jan/2013:01:46:50 -0600] "GET /blog HTTP/1.0" 301 465 "-" "Mozilla/4.0 (compatible; MSIE 7.0; Windows NT 5.1)"
208.80.194.29 - - [13/Jan/2013:01:54:38 -0600] "GET /blog/ HTTP/1.0" 200 40441 "-" "Mozilla/5.0 (X11; U; Linux x86_64; en-US) AppleWebKit/533.4 (KHTML, like Gecko) Chrome/5.0.375.53 Safari/533.4"
119.247.227.238 - - [13/Jan/2013:02:01:15 -0600] "GET /blog/ HTTP/1.1" 200 40506 "-" "Mozilla/4.0 (compatible; MSIE 5.5; Windows NT)"
119.247.227.238 - - [13/Jan/2013:02:05:53 -0600] "GET /blog/ HTTP/1.1" 200 40506 "-" "Mozilla/4.0 (compatible; MSIE 5.5; Windows NT)"
91.223.75.118 - - [13/Jan/2013:02:08:04 -0600] "GET /blog/about/ HTTP/1.1" 200 6865 "http://confused-peter-mck.ru/" "Mozilla/4.0 (compatible; MSIE 6.0; Windows NT 5.2; SV1; .NET CLR 1.1.4322; .NET CLR 2.0.50727)"
91.223.75.118 - - [13/Jan/2013:02:08:04 -0600] "GET /blog/about/ HTTP/1.1" 200 6865 "http://cheapdrugsshop.webstarts.com/" "Mozilla/4.0 (compatible; MSIE 6.0; Windows NT 5.2; SV1; .NET CLR 1.1.4322; .NET CLR 2.0.50727)"
91.223.75.118 - - [13/Jan/2013:02:08:06 -0600] "GET /blog/about/ HTTP/1.1" 200 6865 "http://confused-peter-mck.ru/" "Mozilla/4.0 (compatible; MSIE 6.0; Windows NT 5.2; SV1; .NET CLR 1.1.4322; .NET CLR 2.0.50727)"
91.223.75.118 - - [13/Jan/2013:02:08:06 -0600] "GET /blog/about/ HTTP/1.1" 200 6865 "http://cheapdrugsshop.webstarts.com/" "Mozilla/4.0 (compatible; MSIE 6.0; Windows NT 5.2; SV1; .NET CLR 1.1.4322; .NET CLR 2.0.50727)"
178.154.163.29 - - [13/Jan/2013:02:12:13 -0600] "GET /scripts/twitter-who2follow.user.js HTTP/1.1" 302 467 "-" "Mozilla/5.0 (compatible; YandexBot/3.0; +http://yandex.com/bots)"
178.154.163.29 - - [13/Jan/2013:02:12:15 -0600] "GET /blog/ HTTP/1.1" 200 11692 "-" "Mozilla/5.0 (compatible; YandexBot/3.0; +http://yandex.com/bots)"
208.115.111.70 - - [13/Jan/2013:02:30:54 -0600] "GET /robots.txt HTTP/1.1" 200 272 "-" "Mozilla/5.0 (compatible; Ezooms/1.0; ezooms.bot@gmail.com)"
123.125.71.78 - - [13/Jan/2013:02:37:54 -0600] "GET / HTTP/1.1" 302 429 "-" "Mozilla/5.0 (compatible; Baiduspider/2.0; +http://www.baidu.com/search/spider.html)"
220.181.108.163 - - [13/Jan/2013:02:38:45 -0600] "GET / HTTP/1.1" 302 429 "-" "Mozilla/5.0 (compatible; Baiduspider/2.0; +http://www.baidu.com/search/spider.html)"
119.63.193.132 - - [13/Jan/2013:02:39:16 -0600] "GET / HTTP/1.1" 302 429 "-" "Mozilla/4.0 (compatible; MSIE 7.0; Windows NT 6.0)"
61.135.248.202 - - [13/Jan/2013:02:43:35 -0600] "GET / HTTP/1.1" 302 411 "-" "Mozilla/5.0 (compatible; YodaoBot/1.0; http://www.yodao.com/help/webmaster/spider/; )"
61.135.248.202 - - [13/Jan/2013:02:43:35 -0600] "GET /robots.txt HTTP/1.1" 200 272 "-" "Mozilla/5.0 (compatible; YodaoBot/1.0; http://www.yodao.com/help/webmaster/spider/; )"
61.135.248.202 - - [13/Jan/2013:02:43:36 -0600] "GET /blog/ HTTP/1.1" 200 11637 "-" "Mozilla/5.0 (compatible; YodaoBot/1.0; http://www.yodao.com/help/webmaster/spider/; )"
66.249.74.38 - - [13/Jan/2013:02:45:14 -0600] "GET /blog/life-list HTTP/1.1" 301 317 "-" "Mozilla/5.0 (compatible; Googlebot/2.1; +http://www.google.com/bot.html)"
5.9.140.209 - - [13/Jan/2013:03:11:35 -0600] "GET / HTTP/1.1" 403 389 "-" "Python-urllib/2.7"
208.115.111.70 - - [13/Jan/2013:03:28:30 -0600] "GET /blog/tag/cpan/ HTTP/1.1" 200 20268 "-" "Mozilla/5.0 (compatible; Ezooms/1.0; ezooms.bot@gmail.com)"
123.125.71.81 - - [13/Jan/2013:03:44:06 -0600] "GET / HTTP/1.1" 302 429 "-" "Mozilla/5.0 (compatible; Baiduspider/2.0; +http://www.baidu.com/search/spider.html)"
220.181.108.140 - - [13/Jan/2013:03:45:00 -0600] "GET / HTTP/1.1" 302 429 "-" "Mozilla/5.0 (compatible; Baiduspider/2.0; +http://www.baidu.com/search/spider.html)"
123.151.148.207 - - [13/Jan/2013:03:57:56 -0600] "GET / HTTP/1.1" 302 467 "-" "Sosospider+(+http://help.soso.com/webspider.htm)"
123.151.148.207 - - [13/Jan/2013:03:57:56 -0600] "GET /blog/ HTTP/1.1" 200 11693 "-" "Sosospider+(+http://help.soso.com/webspider.htm)"
106.187.97.211 - - [13/Jan/2013:03:58:06 -0600] "POST /blog/wp-cron.php?doing_wp_cron=1358071086.2621769905090332031250 HTTP/1.0" 200 203 "-" "WordPress/3.5; http://mysite.com/blog"
123.151.148.207 - - [13/Jan/2013:03:58:06 -0600] "GET /blog/wp-content/themes/koi-improved/yellow.css HTTP/1.1" 404 11837 "http://mysite.com/" "Sosospider+(+http://help.soso.com/webspider.htm)"
173.199.117.235 - - [13/Jan/2013:04:04:00 -0600] "GET /blog/category/tech/linux/ HTTP/1.1" 200 5121 "-" "Mozilla/5.0 (compatible; AhrefsBot/4.0; +http://ahrefs.com/robot/)"
76.73.3.18 - - [13/Jan/2013:04:04:04 -0600] "GET /blog/ HTTP/1.1" 200 40487 "-" "Mozilla/5.0 (compatible; CompSpyBot/1.0; +http://www.compspy.com/spider.html)"
217.69.133.67 - - [13/Jan/2013:04:10:40 -0600] "GET /blog/sailing/ HTTP/1.0" 200 10612 "-" "Mozilla/5.0 (compatible; Mail.RU_Bot/2.0; +http://go.mail.ru/help/robots)"
217.69.133.67 - - [13/Jan/2013:04:10:44 -0600] "GET /blog/about/ HTTP/1.0" 200 6884 "-" "Mozilla/5.0 (compatible; Mail.RU_Bot/2.0; +http://go.mail.ru/help/robots)"
217.69.133.67 - - [13/Jan/2013:04:10:46 -0600] "GET /blog/life-list/ HTTP/1.0" 200 6172 "-" "Mozilla/5.0 (compatible; Mail.RU_Bot/2.0; +http://go.mail.ru/help/robots)"
217.69.133.67 - - [13/Jan/2013:04:10:49 -0600] "GET /blog/black-carrots/ HTTP/1.0" 200 8873 "-" "Mozilla/5.0 (compatible; Mail.RU_Bot/2.0; +http://go.mail.ru/help/robots)"
217.69.133.67 - - [13/Jan/2013:04:10:52 -0600] "GET /blog/category/travel/ HTTP/1.0" 200 44205 "-" "Mozilla/5.0 (compatible; Mail.RU_Bot/2.0; +http://go.mail.ru/help/robots)"
217.69.133.67 - - [13/Jan/2013:04:10:55 -0600] "GET /blog/page/2/ HTTP/1.0" 200 72797 "-" "Mozilla/5.0 (compatible; Mail.RU_Bot/2.0; +http://go.mail.ru/help/robots)"
217.69.133.67 - - [13/Jan/2013:04:10:58 -0600] "GET /blog/purple-carrot/ HTTP/1.0" 200 10294 "-" "Mozilla/5.0 (compatible; Mail.RU_Bot/2.0; +http://go.mail.ru/help/robots)"
173.199.117.235 - - [13/Jan/2013:04:24:30 -0600] "GET /blog/tag/new-zealand/ HTTP/1.1" 200 4527 "-" "Mozilla/5.0 (compatible; AhrefsBot/4.0; +http://ahrefs.com/robot/)"
66.249.74.38 - - [13/Jan/2013:04:30:33 -0600] "GET /blog/category/warriorism/parkour/ HTTP/1.1" 200 3921 "-" "Mozilla/5.0 (compatible; Googlebot/2.1; +http://www.google.com/bot.html)"
66.249.74.38 - - [13/Jan/2013:05:02:24 -0600] "GET /blog/tag/purple-potatoes/ HTTP/1.1" 200 2671 "-" "Mozilla/5.0 (compatible; Googlebot/2.1; +http://www.google.com/bot.html)"
66.249.74.38 - - [13/Jan/2013:05:10:09 -0600] "GET /blog/wp-content/themes/koi-improved/style.css HTTP/1.1" 200 4123 "http://mysite.com/blog/tag/purple-potatoes/" "Mozilla/5.0 (compatible; Googlebot/2.1; +http://www.google.com/bot.html)"
66.249.74.38 - - [13/Jan/2013:05:10:10 -0600] "GET /blog/wp-content/plugins/codecolorer/codecolorer.css?ver=0.9.9 HTTP/1.1" 200 2393 "http://mysite.com/blog/tag/purple-potatoes/" "Mozilla/5.0 (compatible; Googlebot/2.1; +http://www.google.com/bot.html)"
119.63.193.195 - - [13/Jan/2013:05:14:06 -0600] "GET / HTTP/1.1" 302 429 "-" "Mozilla/4.0 (compatible; MSIE 7.0; Windows NT 6.0)"
173.199.117.235 - - [13/Jan/2013:05:33:12 -0600] "GET /blog/analysis-chinese-phishing-scam/ HTTP/1.1" 200 4077 "-" "Mozilla/5.0 (compatible; AhrefsBot/4.0; +http://ahrefs.com/robot/)"
173.199.117.235 - - [13/Jan/2013:05:33:39 -0600] "GET /blog/category/uncategorized/ HTTP/1.1" 200 3573 "-" "Mozilla/5.0 (compatible; AhrefsBot/4.0; +http://ahrefs.com/robot/)"
123.125.71.71 - - [13/Jan/2013:05:37:28 -0600] "GET / HTTP/1.1" 302 429 "-" "Mozilla/5.0 (compatible; Baiduspider/2.0; +http://www.baidu.com/search/spider.html)"
220.181.108.169 - - [13/Jan/2013:05:38:17 -0600] "GET / HTTP/1.1" 302 429 "-" "Mozilla/5.0 (compatible; Baiduspider/2.0; +http://www.baidu.com/search/spider.html)"
61.135.249.233 - - [13/Jan/2013:05:41:08 -0600] "GET / HTTP/1.1" 302 411 "-" "Mozilla/5.0 (compatible; YodaoBot/1.0; http://www.yodao.com/help/webmaster/spider/; )"
61.135.249.233 - - [13/Jan/2013:05:41:08 -0600] "GET /robots.txt HTTP/1.1" 200 272 "-" "Mozilla/5.0 (compatible; YodaoBot/1.0; http://www.yodao.com/help/webmaster/spider/; )"
61.135.249.233 - - [13/Jan/2013:05:41:08 -0600] "GET /blog/ HTTP/1.1" 200 11637 "-" "Mozilla/5.0 (compatible; YodaoBot/1.0; http://www.yodao.com/help/webmaster/spider/; )"
5.135.182.148 - - [13/Jan/2013:05:44:55 -0600] "POST /wp-login.php HTTP/1.0" 302 492 "http://ninjavegan.com/wp-login.php" "Opera/9.80 (Windows NT 6.1; U; ru) Presto/2.8.131 Version/11.10"
180.76.5.56 - - [13/Jan/2013:06:11:44 -0600] "GET /blog/added-life-list/ HTTP/1.1" 200 3349 "-" "Mozilla/5.0 (compatible; Baiduspider/2.0; +http://www.baidu.com/search/spider.html)"
124.115.6.15 - - [13/Jan/2013:06:33:09 -0600] "GET /robots.txt HTTP/1.1" 200 372 "-" "Mozilla/5.0(compatible; Sosospider/2.0; +http://help.soso.com/webspider.htm)"
123.125.71.108 - - [13/Jan/2013:06:38:28 -0600] "GET / HTTP/1.1" 302 429 "-" "Mozilla/5.0 (compatible; Baiduspider/2.0; +http://www.baidu.com/search/spider.html)"
220.181.108.170 - - [13/Jan/2013:06:39:18 -0600] "GET / HTTP/1.1" 302 429 "-" "Mozilla/5.0 (compatible; Baiduspider/2.0; +http://www.baidu.com/search/spider.html)"
119.63.193.195 - - [13/Jan/2013:06:40:38 -0600] "GET / HTTP/1.1" 302 429 "-" "Mozilla/4.0 (compatible; MSIE 7.0; Windows NT 6.0)"
5.39.86.195 - - [13/Jan/2013:06:42:22 -0600] "POST /wp-login.php HTTP/1.0" 302 492 "http://ninjavegan.com/wp-login.php" "Opera/9.80 (Windows NT 6.1; U; ru) Presto/2.8.131 Version/11.10"
65.55.213.67 - - [13/Jan/2013:06:58:14 -0600] "GET / HTTP/1.1" 302 430 "-" "msnbot/2.0b (+http://search.msn.com/msnbot.htm)"
65.55.213.67 - - [13/Jan/2013:06:58:16 -0600] "GET /blog/ HTTP/1.1" 200 11656 "-" "msnbot/2.0b (+http://search.msn.com/msnbot.htm)"
66.249.74.38 - - [13/Jan/2013:07:02:22 -0600] "GET /blog/thailand-september-2012/ HTTP/1.1" 200 4567 "-" "SAMSUNG-SGH-E250/1.0 Profile/MIDP-2.0 Configuration/CLDC-1.1 UP.Browser/6.2.3.3.c.1.101 (GUI) MMP/2.0 (compatible; Googlebot-Mobile/2.1; +http://www.google.com/bot.html)"
219.234.82.61 - - [13/Jan/2013:07:10:21 -0600] "GET /blog/convert-m4a-files-to-mp3-format-with-tags/ HTTP/1.0" 200 4283 "http://mysite.com/" "Mozilla/4.0 (compatible; MSIE 6.0; Windows NT 5.1; SV1; MRA 5.8 (build 4157); .NET CLR 2.0.50727; AskTbPTV/5.11.3.15590)"
219.234.82.61 - - [13/Jan/2013:07:10:25 -0600] "GET /blog/spicnspan/ HTTP/1.0" 200 4758 "http://mysite.com/" "Mozilla/4.0 (compatible; MSIE 6.0; Windows NT 5.1; SV1; MRA 5.8 (build 4157); .NET CLR 2.0.50727; AskTbPTV/5.11.3.15590)"
66.249.74.38 - - [13/Jan/2013:07:24:01 -0600] "GET /blog/tag/osx-2/ HTTP/1.1" 200 6287 "-" "Mozilla/5.0 (compatible; Googlebot/2.1; +http://www.google.com/bot.html)"
37.1.207.22 - - [13/Jan/2013:07:27:56 -0600] "GET /blog/wp-content/themes/boldnews/timthumb.php HTTP/1.1" 404 40644 "-" "Mozilla/5.0 (Macintosh; Intel Mac OS X 10_6_8) AppleWebKit/535.7 (KHTML, like Gecko) Chrome/16.0.912.77 Safari/535.7"
61.135.248.219 - - [13/Jan/2013:07:40:26 -0600] "GET / HTTP/1.1" 302 411 "-" "Mozilla/5.0 (compatible; YodaoBot/1.0; http://www.yodao.com/help/webmaster/spider/; )"
61.135.248.219 - - [13/Jan/2013:07:40:26 -0600] "GET /robots.txt HTTP/1.1" 200 272 "-" "Mozilla/5.0 (compatible; YodaoBot/1.0; http://www.yodao.com/help/webmaster/spider/; )"
61.135.248.219 - - [13/Jan/2013:07:40:26 -0600] "GET /blog/ HTTP/1.1" 200 11637 "-" "Mozilla/5.0 (compatible; YodaoBot/1.0; http://www.yodao.com/help/webmaster/spider/; )"
91.229.78.16 - - [13/Jan/2013:07:51:10 -0600] "POST /wp-login.php HTTP/1.0" 302 492 "-" "Mozilla/3.0 (compatible; Indy Library)"
91.229.78.16 - - [13/Jan/2013:07:51:11 -0600] "POST /blog/ HTTP/1.0" 200 40441 "-" "Mozilla/3.0 (compatible; Indy Library)"
91.229.78.16 - - [13/Jan/2013:07:51:13 -0600] "POST /wp-login.php HTTP/1.0" 302 492 "-" "Mozilla/3.0 (compatible; Indy Library)"
91.229.78.16 - - [13/Jan/2013:07:51:14 -0600] "POST /blog/ HTTP/1.0" 200 40441 "-" "Mozilla/3.0 (compatible; Indy Library)"
91.229.78.16 - - [13/Jan/2013:07:51:16 -0600] "POST /wp-login.php HTTP/1.0" 302 492 "-" "Mozilla/3.0 (compatible; Indy Library)"
91.229.78.16 - - [13/Jan/2013:07:51:18 -0600] "POST /blog/ HTTP/1.0" 200 40441 "-" "Mozilla/3.0 (compatible; Indy Library)"
91.229.78.16 - - [13/Jan/2013:07:51:21 -0600] "POST /wp-login.php HTTP/1.0" 302 492 "-" "Mozilla/3.0 (compatible; Indy Library)"
91.229.78.16 - - [13/Jan/2013:07:51:22 -0600] "POST /blog/ HTTP/1.0" 200 40441 "-" "Mozilla/3.0 (compatible; Indy Library)"
91.229.78.16 - - [13/Jan/2013:07:51:25 -0600] "POST /wp-login.php HTTP/1.0" 302 492 "-" "Mozilla/3.0 (compatible; Indy Library)"
91.229.78.16 - - [13/Jan/2013:07:51:26 -0600] "POST /blog/ HTTP/1.0" 200 40441 "-" "Mozilla/3.0 (compatible; Indy Library)"
91.229.78.16 - - [13/Jan/2013:07:51:28 -0600] "POST /wp-login.php HTTP/1.0" 302 492 "-" "Mozilla/3.0 (compatible; Indy Library)"
91.229.78.16 - - [13/Jan/2013:07:51:30 -0600] "POST /blog/ HTTP/1.0" 200 40441 "-" "Mozilla/3.0 (compatible; Indy Library)"
173.45.104.226 - - [13/Jan/2013:08:01:37 -0600] "GET / HTTP/1.1" 302 411 "-" "Mozilla/5.0 (Windows NT 6.1; rv:16.0) Gecko/20100101 Firefox/16.0"
173.45.104.226 - - [13/Jan/2013:08:01:37 -0600] "GET /blog/ HTTP/1.1" 200 11637 "-" "Mozilla/5.0 (Windows NT 6.1; rv:16.0) Gecko/20100101 Firefox/16.0"
91.229.78.16 - - [13/Jan/2013:08:20:36 -0600] "POST /wp-login.php HTTP/1.0" 302 492 "-" "Mozilla/3.0 (compatible; Indy Library)"
91.229.78.16 - - [13/Jan/2013:08:20:37 -0600] "POST /blog/ HTTP/1.0" 200 40441 "-" "Mozilla/3.0 (compatible; Indy Library)"
91.229.78.16 - - [13/Jan/2013:08:20:40 -0600] "POST /wp-login.php HTTP/1.0" 302 492 "-" "Mozilla/3.0 (compatible; Indy Library)"
91.229.78.16 - - [13/Jan/2013:08:20:42 -0600] "POST /blog/ HTTP/1.0" 200 40441 "-" "Mozilla/3.0 (compatible; Indy Library)"
91.229.78.16 - - [13/Jan/2013:08:20:45 -0600] "POST /wp-login.php HTTP/1.0" 302 492 "-" "Mozilla/3.0 (compatible; Indy Library)"
91.229.78.16 - - [13/Jan/2013:08:20:47 -0600] "POST /blog/ HTTP/1.0" 200 40441 "-" "Mozilla/3.0 (compatible; Indy Library)"
91.229.78.16 - - [13/Jan/2013:08:20:50 -0600] "POST /wp-login.php HTTP/1.0" 302 492 "-" "Mozilla/3.0 (compatible; Indy Library)"
91.229.78.16 - - [13/Jan/2013:08:20:52 -0600] "POST /blog/ HTTP/1.0" 200 40441 "-" "Mozilla/3.0 (compatible; Indy Library)"
91.229.78.16 - - [13/Jan/2013:08:20:54 -0600] "POST /wp-login.php HTTP/1.0" 302 492 "-" "Mozilla/3.0 (compatible; Indy Library)"
91.229.78.16 - - [13/Jan/2013:08:20:56 -0600] "POST /blog/ HTTP/1.0" 200 40441 "-" "Mozilla/3.0 (compatible; Indy Library)"
91.229.78.16 - - [13/Jan/2013:08:20:58 -0600] "POST /wp-login.php HTTP/1.0" 302 492 "-" "Mozilla/3.0 (compatible; Indy Library)"
91.229.78.16 - - [13/Jan/2013:08:20:59 -0600] "POST /blog/ HTTP/1.0" 200 40441 "-" "Mozilla/3.0 (compatible; Indy Library)"
119.247.227.238 - - [13/Jan/2013:08:27:24 -0600] "GET /blog/ HTTP/1.1" 200 40506 "-" "Mozilla/4.0 (compatible; MSIE 5.5; Windows NT)"
208.115.113.86 - - [13/Jan/2013:08:30:17 -0600] "GET /robots.txt HTTP/1.1" 200 272 "-" "Mozilla/5.0 (compatible; Ezooms/1.0; ezooms.bot@gmail.com)"
173.199.117.235 - - [13/Jan/2013:08:30:45 -0600] "GET /blog/tag/no-tabs/ HTTP/1.1" 200 4043 "-" "Mozilla/5.0 (compatible; AhrefsBot/4.0; +http://ahrefs.com/robot/)"
199.19.111.34 - - [13/Jan/2013:08:30:53 -0600] "GET http://myproxylists.com/my-http-headers HTTP/1.1" 404 376 "-" "Mozilla/5.0 (Windows; U; Windows NT 6.1; en-US; rv:1.9.2.28) Gecko/20120306 Firefox/3.6.28 (.NET CLR 3.5.30729)"
46.22.211.11 - - [13/Jan/2013:08:31:39 -0600] "POST /wp-login.php HTTP/1.0" 302 492 "http://ninjavegan.com/wp-login.php" "Opera/9.80 (Windows NT 6.1; U; ru) Presto/2.8.131 Version/11.10"
123.125.71.76 - - [13/Jan/2013:08:39:25 -0600] "GET / HTTP/1.1" 302 429 "-" "Mozilla/5.0 (compatible; Baiduspider/2.0; +http://www.baidu.com/search/spider.html)"
220.181.108.177 - - [13/Jan/2013:08:40:18 -0600] "GET / HTTP/1.1" 302 429 "-" "Mozilla/5.0 (compatible; Baiduspider/2.0; +http://www.baidu.com/search/spider.html)"
209.85.238.38 - - [13/Jan/2013:08:41:32 -0600] "GET / HTTP/1.1" 302 467 "-" "DoCoMo/2.0 N905i(c100;TB;W24H16) (compatible; Googlebot-Mobile/2.1; +http://www.google.com/bot.html)"
209.85.238.38 - - [13/Jan/2013:08:41:33 -0600] "GET /blog/ HTTP/1.1" 200 11692 "-" "DoCoMo/2.0 N905i(c100;TB;W24H16) (compatible; Googlebot-Mobile/2.1; +http://www.google.com/bot.html)"
173.199.117.235 - - [13/Jan/2013:08:55:59 -0600] "GET /blog/medellin-colombia/ HTTP/1.1" 200 3056 "-" "Mozilla/5.0 (compatible; AhrefsBot/4.0; +http://ahrefs.com/robot/)"
202.46.61.108 - - [13/Jan/2013:09:11:38 -0600] "GET / HTTP/1.1" 302 429 "-" "Mozilla/4.0 (compatible; MSIE 7.0; Windows NT 6.0)"
119.63.193.131 - - [13/Jan/2013:09:12:53 -0600] "GET / HTTP/1.1" 302 429 "-" "Mozilla/4.0 (compatible; MSIE 7.0; Windows NT 6.0)"
180.76.5.99 - - [13/Jan/2013:09:15:37 -0600] "GET /blog/category/horticulture/ HTTP/1.1" 200 6302 "-" "Mozilla/5.0 (compatible; Baiduspider/2.0; +http://www.baidu.com/search/spider.html)"
173.199.117.235 - - [13/Jan/2013:09:18:26 -0600] "GET /blog/category/warriorism/parkour/ HTTP/1.1" 200 3865 "-" "Mozilla/5.0 (compatible; AhrefsBot/4.0; +http://ahrefs.com/robot/)"
208.115.113.86 - - [13/Jan/2013:09:30:19 -0600] "GET /blog/tag/command-line/feed/ HTTP/1.1" 200 11985 "-" "Mozilla/5.0 (compatible; Ezooms/1.0; ezooms.bot@gmail.com)"
123.125.71.41 - - [13/Jan/2013:09:34:04 -0600] "GET /robots.txt HTTP/1.1" 200 335 "-" "Mozilla/5.0 (Windows NT 5.1; rv:6.0.2) Gecko/20100101 Firefox/6.0.2"
123.125.71.43 - - [13/Jan/2013:09:34:04 -0600] "GET /robots.txt HTTP/1.1" 200 335 "-" "Mozilla/5.0 (Windows NT 5.1; rv:6.0.2) Gecko/20100101 Firefox/6.0.2"
213.174.154.106 - - [13/Jan/2013:09:42:13 -0600] "GET / HTTP/1.1" 302 410 "http://www.google.com" "Mozilla/5.0 (Windows NT 6.1; WOW64; rv:2.0b7) Gecko/20101111 Firefox/4.0b7"
213.174.154.106 - - [13/Jan/2013:09:42:14 -0600] "GET /blog/ HTTP/1.1" 200 40487 "http://www.google.com" "Mozilla/5.0 (Windows NT 6.1; WOW64; rv:2.0b7) Gecko/20101111 Firefox/4.0b7"
66.249.74.38 - - [13/Jan/2013:09:52:36 -0600] "GET /robots.txt HTTP/1.1" 200 372 "-" "Mozilla/5.0 (compatible; Googlebot/2.1; +http://www.google.com/bot.html)"
66.249.74.38 - - [13/Jan/2013:09:52:36 -0600] "GET /blog/tag/carrot-soup/ HTTP/1.1" 200 2781 "-" "Mozilla/5.0 (compatible; Googlebot/2.1; +http://www.google.com/bot.html)"
180.96.16.70 - - [13/Jan/2013:10:04:50 -0600] "GET /blog/ HTTP/1.0" 200 11656 "http://mysite.com/" "Mozilla/4.0 (compatible; MSIE 6.0; Windows NT 5.1; SV1; FunWebProducts; .NET CLR 1.1.4322; PeoplePal 6.2)"
180.96.16.70 - - [13/Jan/2013:10:04:52 -0600] "GET /blog/spicnspan/ HTTP/1.0" 200 4758 "http://mysite.com/" "Mozilla/4.0 (compatible; MSIE 6.0; Windows NT 5.1; SV1; FunWebProducts; .NET CLR 1.1.4322; PeoplePal 6.2)"
178.154.163.29 - - [13/Jan/2013:10:13:42 -0600] "GET /robots.txt HTTP/1.1" 200 328 "-" "Mozilla/5.0 (compatible; YandexBot/3.0; +http://yandex.com/bots)"
216.244.78.146 - - [13/Jan/2013:10:20:53 -0600] "GET /blog/almost-christmas/ HTTP/1.1" 200 14916 "-" "Mozilla/4.0 (compatible; MSIE 6.0; Windows NT 5.1; SV1; TencentTraveler)"
106.187.97.211 - - [13/Jan/2013:10:20:53 -0600] "POST /blog/wp-cron.php?doing_wp_cron=1358094053.4931340217590332031250 HTTP/1.0" 200 203 "-" "WordPress/3.5; http://mysite.com/blog"
208.115.111.70 - - [13/Jan/2013:10:31:29 -0600] "GET /robots.txt HTTP/1.1" 200 272 "-" "Mozilla/5.0 (compatible; Ezooms/1.0; ezooms.bot@gmail.com)"
61.135.249.155 - - [13/Jan/2013:10:37:40 -0600] "GET / HTTP/1.1" 302 411 "-" "Mozilla/5.0 (compatible; YodaoBot/1.0; http://www.yodao.com/help/webmaster/spider/; )"
61.135.249.155 - - [13/Jan/2013:10:37:40 -0600] "GET /robots.txt HTTP/1.1" 200 272 "-" "Mozilla/5.0 (compatible; YodaoBot/1.0; http://www.yodao.com/help/webmaster/spider/; )"
61.135.249.155 - - [13/Jan/2013:10:37:40 -0600] "GET /blog/ HTTP/1.1" 200 11637 "-" "Mozilla/5.0 (compatible; YodaoBot/1.0; http://www.yodao.com/help/webmaster/spider/; )"
119.63.193.132 - - [13/Jan/2013:10:40:43 -0600] "GET / HTTP/1.1" 302 429 "-" "Mozilla/4.0 (compatible; MSIE 7.0; Windows NT 6.0)"
65.52.111.39 - - [13/Jan/2013:11:11:48 -0600] "GET / HTTP/1.1" 302 467 "-" "Mozilla/4.0 (compatible; MSIE 7.0; Windows NT 5.2;  SV1;  .NET CLR 1.1.4325;  .NET CLR 2.0.40607;  .NET CLR 3.0.30729;  .NET CLR 3.5.30729)"
65.111.177.188 - - [13/Jan/2013:11:11:54 -0600] "GET / HTTP/1.1" 403 426 "-" "Mozilla/5.0 (Windows NT 5.1) AppleWebKit/535.11 (KHTML, like Gecko) Chrome/17.0.963.56 Safari/535.11"
65.111.177.188 - - [13/Jan/2013:11:11:54 -0600] "GET / HTTP/1.1" 403 370 "-" "Mozilla/5.0 (Windows NT 5.1) AppleWebKit/535.11 (KHTML, like Gecko) Chrome/17.0.963.56 Safari/535.11"
65.111.177.188 - - [13/Jan/2013:11:11:54 -0600] "GET / HTTP/1.1" 403 370 "-" "Mozilla/5.0 (Windows NT 5.1) AppleWebKit/535.11 (KHTML, like Gecko) Chrome/17.0.963.56 Safari/535.11"
65.111.177.188 - - [13/Jan/2013:11:11:54 -0600] "GET / HTTP/1.1" 403 370 "-" "Mozilla/5.0 (Windows NT 5.1) AppleWebKit/535.11 (KHTML, like Gecko) Chrome/17.0.963.56 Safari/535.11"
65.52.111.39 - - [13/Jan/2013:11:11:56 -0600] "GET /blog/ HTTP/1.1" 200 11693 "-" "Mozilla/4.0 (compatible; MSIE 7.0; Windows NT 5.2;  SV1;  .NET CLR 1.1.4325;  .NET CLR 2.0.40607;  .NET CLR 3.0.30729;  .NET CLR 3.5.30729)"
65.52.111.39 - - [13/Jan/2013:11:12:00 -0600] "GET /blog/wp-content/themes/koi-improved/style.css HTTP/1.1" 200 4122 "http://mysite.com/blog/" "Mozilla/4.0 (compatible; MSIE 7.0; Windows NT 5.2;  SV1;  .NET CLR 1.1.4325;  .NET CLR 2.0.40607;  .NET CLR 3.0.30729;  .NET CLR 3.5.30729)"
65.52.111.39 - - [13/Jan/2013:11:12:08 -0600] "GET /blog/wp-content/plugins/codecolorer/codecolorer.css?ver=0.9.9 HTTP/1.1" 200 2393 "http://mysite.com/blog/" "Mozilla/4.0 (compatible; MSIE 7.0; Windows NT 5.2;  SV1;  .NET CLR 1.1.4325;  .NET CLR 2.0.40607;  .NET CLR 3.0.30729;  .NET CLR 3.5.30729)"
65.52.111.39 - - [13/Jan/2013:11:12:11 -0600] "GET /blog/wp-content/themes/koi-improved/yellow.css HTTP/1.1" 404 11837 "http://mysite.com/blog/" "Mozilla/4.0 (compatible; MSIE 7.0; Windows NT 5.2;  SV1;  .NET CLR 1.1.4325;  .NET CLR 2.0.40607;  .NET CLR 3.0.30729;  .NET CLR 3.5.30729)"
178.154.163.29 - - [13/Jan/2013:11:23:04 -0600] "GET /blog/ HTTP/1.1" 200 11693 "-" "Mozilla/5.0 (compatible; YandexBot/3.0; +http://yandex.com/bots)"
208.115.111.70 - - [13/Jan/2013:11:27:49 -0600] "GET /blog/os-x-madplay/ HTTP/1.1" 200 14000 "-" "Mozilla/5.0 (compatible; Ezooms/1.0; ezooms.bot@gmail.com)"
208.115.111.70 - - [13/Jan/2013:11:27:52 -0600] "GET /blog/tag/japan/feed/ HTTP/1.1" 200 4101 "-" "Mozilla/5.0 (compatible; Ezooms/1.0; ezooms.bot@gmail.com)"
208.115.111.70 - - [13/Jan/2013:11:27:57 -0600] "GET /blog/tag/terminal/ HTTP/1.1" 200 8373 "-" "Mozilla/5.0 (compatible; Ezooms/1.0; ezooms.bot@gmail.com)"
178.137.129.249 - - [13/Jan/2013:11:35:06 -0600] "GET /blog/about/ HTTP/1.1" 200 6865 "http://www.forexbusinessman.net/" "Mozilla/4.0 (compatible; MSIE 6.0; Windows NT 5.1; SV1; .NET CLR 1.1.4322; .NET CLR 2.0.50727)"
178.137.129.249 - - [13/Jan/2013:11:35:08 -0600] "GET /blog/about/ HTTP/1.1" 200 6865 "http://www.forexbusinessman.net/" "Mozilla/4.0 (compatible; MSIE 6.0; Windows NT 5.1; SV1; .NET CLR 1.1.4322; .NET CLR 2.0.50727)"
108.4.184.231 - - [13/Jan/2013:11:42:38 -0600] "GET /blog/osx-change-root-shell/ HTTP/1.1" 200 3490 "http://www.google.com/url?sa=t&rct=j&q=osx%20change%20user%20shell&source=web&cd=7&ved=0CFkQFjAG&url=http%3A%2F%2Fmysite.com%2Fblog%2Fosx-change-root-shell%2F&ei=4_HyUKmGHuzK0AHcsYCoAQ&usg=AFQjCNEtdT_TK4aA_LgmaTsGgaFHKRsDlg&bvm=bv.1357700187,d.dmQ" "Mozilla/5.0 (X11; Ubuntu; Linux x86_64; rv:18.0) Gecko/20100101 Firefox/18.0"
108.4.184.231 - - [13/Jan/2013:11:42:39 -0600] "GET /blog/wp-content/themes/koi-improved/style.css HTTP/1.1" 200 4122 "http://mysite.com/blog/osx-change-root-shell/" "Mozilla/5.0 (X11; Ubuntu; Linux x86_64; rv:18.0) Gecko/20100101 Firefox/18.0"
108.4.184.231 - - [13/Jan/2013:11:42:39 -0600] "GET /blog/wp-content/plugins/codecolorer/codecolorer.css?ver=0.9.9 HTTP/1.1" 200 2393 "http://mysite.com/blog/osx-change-root-shell/" "Mozilla/5.0 (X11; Ubuntu; Linux x86_64; rv:18.0) Gecko/20100101 Firefox/18.0"
108.4.184.231 - - [13/Jan/2013:11:42:39 -0600] "GET /blog/wp-includes/js/comment-reply.min.js?ver=3.5 HTTP/1.1" 200 747 "http://mysite.com/blog/osx-change-root-shell/" "Mozilla/5.0 (X11; Ubuntu; Linux x86_64; rv:18.0) Gecko/20100101 Firefox/18.0"
108.4.184.231 - - [13/Jan/2013:11:42:39 -0600] "GET /blog/wp-content/themes/koi-improved/img/socialmedia/rss.png HTTP/1.1" 200 1760 "http://mysite.com/blog/osx-change-root-shell/" "Mozilla/5.0 (X11; Ubuntu; Linux x86_64; rv:18.0) Gecko/20100101 Firefox/18.0"
108.4.184.231 - - [13/Jan/2013:11:42:39 -0600] "GET /blog/wp-content/themes/koi-improved/yellow.css HTTP/1.1" 404 11836 "http://mysite.com/blog/osx-change-root-shell/" "Mozilla/5.0 (X11; Ubuntu; Linux x86_64; rv:18.0) Gecko/20100101 Firefox/18.0"
108.4.184.231 - - [13/Jan/2013:11:42:40 -0600] "GET /blog/wp-content/themes/koi-improved/img/paper-bg.jpg HTTP/1.1" 200 15311 "http://mysite.com/blog/wp-content/themes/koi-improved/style.css" "Mozilla/5.0 (X11; Ubuntu; Linux x86_64; rv:18.0) Gecko/20100101 Firefox/18.0"
108.4.184.231 - - [13/Jan/2013:11:42:40 -0600] "GET /blog/wp-content/themes/koi-improved/img/post-nav-rule.png HTTP/1.1" 200 530 "http://mysite.com/blog/wp-content/themes/koi-improved/style.css" "Mozilla/5.0 (X11; Ubuntu; Linux x86_64; rv:18.0) Gecko/20100101 Firefox/18.0"
108.4.184.231 - - [13/Jan/2013:11:42:40 -0600] "GET /blog/wp-content/themes/koi-improved/img/post-nav-bg.png HTTP/1.1" 200 2232 "http://mysite.com/blog/wp-content/themes/koi-improved/style.css" "Mozilla/5.0 (X11; Ubuntu; Linux x86_64; rv:18.0) Gecko/20100101 Firefox/18.0"
108.4.184.231 - - [13/Jan/2013:11:42:40 -0600] "GET /blog/wp-content/themes/koi-improved/img/submit-btn.png HTTP/1.1" 200 1388 "http://mysite.com/blog/wp-content/themes/koi-improved/style.css" "Mozilla/5.0 (X11; Ubuntu; Linux x86_64; rv:18.0) Gecko/20100101 Firefox/18.0"
108.4.184.231 - - [13/Jan/2013:11:42:40 -0600] "GET /blog/wp-content/themes/koi-improved/img/footer.gif HTTP/1.1" 200 44308 "http://mysite.com/blog/wp-content/themes/koi-improved/style.css" "Mozilla/5.0 (X11; Ubuntu; Linux x86_64; rv:18.0) Gecko/20100101 Firefox/18.0"
108.4.184.231 - - [13/Jan/2013:11:42:40 -0600] "GET /blog/wp-content/themes/koi-improved/img/top-illustration.gif HTTP/1.1" 200 73677 "http://mysite.com/blog/wp-content/themes/koi-improved/style.css" "Mozilla/5.0 (X11; Ubuntu; Linux x86_64; rv:18.0) Gecko/20100101 Firefox/18.0"
108.4.184.231 - - [13/Jan/2013:11:42:40 -0600] "GET /blog/wp-content/themes/koi-improved/img/header.gif HTTP/1.1" 200 61485 "http://mysite.com/blog/wp-content/themes/koi-improved/style.css" "Mozilla/5.0 (X11; Ubuntu; Linux x86_64; rv:18.0) Gecko/20100101 Firefox/18.0"
108.4.184.231 - - [13/Jan/2013:11:42:41 -0600] "GET /favicon.ico HTTP/1.1" 302 466 "-" "Mozilla/5.0 (X11; Ubuntu; Linux x86_64; rv:18.0) Gecko/20100101 Firefox/18.0"
108.4.184.231 - - [13/Jan/2013:11:42:41 -0600] "GET /favicon.ico HTTP/1.1" 302 466 "-" "Mozilla/5.0 (X11; Ubuntu; Linux x86_64; rv:18.0) Gecko/20100101 Firefox/18.0"
108.4.184.231 - - [13/Jan/2013:11:42:41 -0600] "GET /blog/disable-speed-dial-feature-in-firefox-13/ HTTP/1.1" 200 3791 "http://mysite.com/blog/osx-change-root-shell/" "Mozilla/5.0 (X11; Ubuntu; Linux x86_64; rv:18.0) Gecko/20100101 Firefox/18.0"
108.4.184.231 - - [13/Jan/2013:11:42:42 -0600] "GET /blog/ HTTP/1.1" 200 11692 "-" "Mozilla/5.0 (X11; Ubuntu; Linux x86_64; rv:18.0) Gecko/20100101 Firefox/18.0"
108.4.184.231 - - [13/Jan/2013:11:42:42 -0600] "GET /blog/ HTTP/1.1" 200 11692 "-" "Mozilla/5.0 (X11; Ubuntu; Linux x86_64; rv:18.0) Gecko/20100101 Firefox/18.0"
91.135.244.15 - - [13/Jan/2013:12:07:49 -0600] "GET /user/soapCaller.bs HTTP/1.1" 404 397 "-" "Morfeus Fucking Scanner"
217.69.133.67 - - [13/Jan/2013:12:09:37 -0600] "GET /sitemap.xml HTTP/1.0" 302 429 "-" "Mozilla/5.0 (compatible; Mail.RU_Bot/2.0; +http://go.mail.ru/help/robots)"
1.202.218.21 - - [13/Jan/2013:12:32:50 -0600] "GET /robots.txt HTTP/1.1" 200 335 "-" "Mozilla/5.0 (compatible; JikeSpider; +http://shoulu.jike.com/spider.html)"
86.174.170.191 - - [13/Jan/2013:12:36:34 -0600] "GET /blog/almost-christmas/ HTTP/1.1" 200 5670 "http://www.google.co.uk/search?hl=en&safe=strict&tbo=d&site=webhp&q=inurl%3AALMOST++EVERYONE++SPEAKS++ENGLISH+iin+malaysia&oq=inurl%3AALMOST++EVERYONE++SPEAKS++ENGLISH+iin+malaysia&gs_l=serp.3...17038.22338.0.22874.13.13.0.0.0.0.801.4365.2j2j0j1j0j5j1.11.0.les%3B..0.0...1c.1.hIcneduDGOY" "Mozilla/5.0 (Windows NT 6.0) AppleWebKit/537.17 (KHTML, like Gecko) Chrome/24.0.1312.52 Safari/537.17"
86.174.170.191 - - [13/Jan/2013:12:36:36 -0600] "GET /blog/wp-content/themes/koi-improved/style.css HTTP/1.1" 200 4122 "http://mysite.com/blog/almost-christmas/" "Mozilla/5.0 (Windows NT 6.0) AppleWebKit/537.17 (KHTML, like Gecko) Chrome/24.0.1312.52 Safari/537.17"
86.174.170.191 - - [13/Jan/2013:12:36:36 -0600] "GET /blog/wp-content/plugins/codecolorer/codecolorer.css?ver=0.9.9 HTTP/1.1" 200 2393 "http://mysite.com/blog/almost-christmas/" "Mozilla/5.0 (Windows NT 6.0) AppleWebKit/537.17 (KHTML, like Gecko) Chrome/24.0.1312.52 Safari/537.17"
86.174.170.191 - - [13/Jan/2013:12:36:36 -0600] "GET /blog/wp-includes/js/comment-reply.min.js?ver=3.5 HTTP/1.1" 200 746 "http://mysite.com/blog/almost-christmas/" "Mozilla/5.0 (Windows NT 6.0) AppleWebKit/537.17 (KHTML, like Gecko) Chrome/24.0.1312.52 Safari/537.17"
86.174.170.191 - - [13/Jan/2013:12:36:36 -0600] "GET /blog/wp-content/themes/koi-improved/img/paper-bg.jpg HTTP/1.1" 200 15311 "http://mysite.com/blog/almost-christmas/" "Mozilla/5.0 (Windows NT 6.0) AppleWebKit/537.17 (KHTML, like Gecko) Chrome/24.0.1312.52 Safari/537.17"
86.174.170.191 - - [13/Jan/2013:12:36:36 -0600] "GET /blog/wp-content/themes/koi-improved/yellow.css HTTP/1.1" 404 11837 "http://mysite.com/blog/almost-christmas/" "Mozilla/5.0 (Windows NT 6.0) AppleWebKit/537.17 (KHTML, like Gecko) Chrome/24.0.1312.52 Safari/537.17"
86.174.170.191 - - [13/Jan/2013:12:36:37 -0600] "GET /blog/wp-content/themes/koi-improved/img/socialmedia/rss.png HTTP/1.1" 200 1759 "http://mysite.com/blog/almost-christmas/" "Mozilla/5.0 (Windows NT 6.0) AppleWebKit/537.17 (KHTML, like Gecko) Chrome/24.0.1312.52 Safari/537.17"
86.174.170.191 - - [13/Jan/2013:12:36:37 -0600] "GET /blog/wp-content/themes/koi-improved/img/post-nav-bg.png HTTP/1.1" 200 2232 "http://mysite.com/blog/almost-christmas/" "Mozilla/5.0 (Windows NT 6.0) AppleWebKit/537.17 (KHTML, like Gecko) Chrome/24.0.1312.52 Safari/537.17"
86.174.170.191 - - [13/Jan/2013:12:36:37 -0600] "GET /blog/wp-content/themes/koi-improved/img/post-nav-rule.png HTTP/1.1" 200 530 "http://mysite.com/blog/almost-christmas/" "Mozilla/5.0 (Windows NT 6.0) AppleWebKit/537.17 (KHTML, like Gecko) Chrome/24.0.1312.52 Safari/537.17"
86.174.170.191 - - [13/Jan/2013:12:36:37 -0600] "GET /blog/wp-content/themes/koi-improved/img/top-illustration.gif HTTP/1.1" 200 73678 "http://mysite.com/blog/almost-christmas/" "Mozilla/5.0 (Windows NT 6.0) AppleWebKit/537.17 (KHTML, like Gecko) Chrome/24.0.1312.52 Safari/537.17"
86.174.170.191 - - [13/Jan/2013:12:36:37 -0600] "GET /blog/wp-content/themes/koi-improved/img/cancel-reply.png HTTP/1.1" 200 588 "http://mysite.com/blog/almost-christmas/" "Mozilla/5.0 (Windows NT 6.0) AppleWebKit/537.17 (KHTML, like Gecko) Chrome/24.0.1312.52 Safari/537.17"
86.174.170.191 - - [13/Jan/2013:12:36:37 -0600] "GET /blog/wp-content/themes/koi-improved/img/header.gif HTTP/1.1" 200 61485 "http://mysite.com/blog/almost-christmas/" "Mozilla/5.0 (Windows NT 6.0) AppleWebKit/537.17 (KHTML, like Gecko) Chrome/24.0.1312.52 Safari/537.17"
86.174.170.191 - - [13/Jan/2013:12:36:37 -0600] "GET /blog/wp-content/themes/koi-improved/img/submit-btn.png HTTP/1.1" 200 1388 "http://mysite.com/blog/almost-christmas/" "Mozilla/5.0 (Windows NT 6.0) AppleWebKit/537.17 (KHTML, like Gecko) Chrome/24.0.1312.52 Safari/537.17"
86.174.170.191 - - [13/Jan/2013:12:36:37 -0600] "GET /blog/wp-content/themes/koi-improved/img/footer.gif HTTP/1.1" 200 44307 "http://mysite.com/blog/almost-christmas/" "Mozilla/5.0 (Windows NT 6.0) AppleWebKit/537.17 (KHTML, like Gecko) Chrome/24.0.1312.52 Safari/537.17"
180.76.5.148 - - [13/Jan/2013:12:37:39 -0600] "GET /blog/?p=1250 HTTP/1.1" 301 284 "-" "Mozilla/5.0 (compatible; Baiduspider/2.0; +http://www.baidu.com/search/spider.html)"
180.76.5.164 - - [13/Jan/2013:12:37:40 -0600] "GET /blog/purple-carrot/ HTTP/1.1" 200 3032 "-" "Mozilla/5.0 (compatible; Baiduspider/2.0; +http://www.baidu.com/search/spider.html)"
61.135.249.159 - - [13/Jan/2013:12:43:58 -0600] "GET / HTTP/1.1" 302 411 "-" "Mozilla/5.0 (compatible; YodaoBot/1.0; http://www.yodao.com/help/webmaster/spider/; )"
61.135.249.159 - - [13/Jan/2013:12:43:58 -0600] "GET /robots.txt HTTP/1.1" 200 272 "-" "Mozilla/5.0 (compatible; YodaoBot/1.0; http://www.yodao.com/help/webmaster/spider/; )"
61.135.249.159 - - [13/Jan/2013:12:43:58 -0600] "GET /blog/ HTTP/1.1" 200 11637 "-" "Mozilla/5.0 (compatible; YodaoBot/1.0; http://www.yodao.com/help/webmaster/spider/; )"
124.115.6.13 - - [13/Jan/2013:13:04:43 -0600] "GET /robots.txt HTTP/1.1" 200 372 "-" "Mozilla/5.0(compatible; Sosospider/2.0; +http://help.soso.com/webspider.htm)"
173.199.117.235 - - [13/Jan/2013:13:07:54 -0600] "GET /blog/traveling-vs-living/ HTTP/1.1" 200 5756 "-" "Mozilla/5.0 (compatible; AhrefsBot/4.0; +http://ahrefs.com/robot/)"
202.46.62.145 - - [13/Jan/2013:13:13:24 -0600] "GET / HTTP/1.1" 302 429 "-" "Mozilla/4.0 (compatible; MSIE 7.0; Windows NT 6.0)"
119.63.193.131 - - [13/Jan/2013:13:14:43 -0600] "GET / HTTP/1.1" 302 429 "-" "Mozilla/4.0 (compatible; MSIE 7.0; Windows NT 6.0)"
209.250.21.129 - - [13/Jan/2013:13:15:16 -0600] "GET /blog/page/2/?view=month&cal_d=1&cal_m=2&cal_y=2029&course=1 HTTP/1.0" 200 15314 "http://mysite.com/" "Mozilla/4.0 (compatible; MSIE 6.0; Windows NT 5.1; SV1; FunWebProducts; .NET CLR 1.1.4322; PeoplePal 6.2)"
209.250.21.129 - - [13/Jan/2013:13:15:17 -0600] "GET /blog/spicnspan/ HTTP/1.0" 200 4758 "http://mysite.com/" "Mozilla/4.0 (compatible; MSIE 6.0; Windows NT 5.1; SV1; FunWebProducts; .NET CLR 1.1.4322; PeoplePal 6.2)"
180.76.5.99 - - [13/Jan/2013:13:25:18 -0600] "GET /robots.txt HTTP/1.1" 200 335 "-" "Mozilla/5.0 (Windows NT 5.1; rv:6.0.2) Gecko/20100101 Firefox/6.0.2"
180.76.5.63 - - [13/Jan/2013:13:25:18 -0600] "GET /robots.txt HTTP/1.1" 200 335 "-" "Mozilla/5.0 (Windows NT 5.1; rv:6.0.2) Gecko/20100101 Firefox/6.0.2"
180.76.6.222 - - [13/Jan/2013:13:25:18 -0600] "GET /robots.txt HTTP/1.1" 200 335 "-" "Mozilla/5.0 (Windows NT 5.1; rv:6.0.2) Gecko/20100101 Firefox/6.0.2"
180.76.6.20 - - [13/Jan/2013:13:25:18 -0600] "GET /robots.txt HTTP/1.1" 302 430 "-" "Mozilla/5.0 (Windows NT 5.1; rv:6.0.2) Gecko/20100101 Firefox/6.0.2"
180.76.5.141 - - [13/Jan/2013:13:25:19 -0600] "GET /blog/ HTTP/1.1" 200 11656 "-" "Mozilla/5.0 (Windows NT 5.1; rv:6.0.2) Gecko/20100101 Firefox/6.0.2"
119.247.227.238 - - [13/Jan/2013:13:27:18 -0600] "GET /blog/ HTTP/1.1" 200 40506 "-" "Mozilla/4.0 (compatible; MSIE 5.5; Windows NT)"
96.254.171.2 - - [13/Jan/2013:13:30:41 -0600] "GET http://gameframe.net/headers HTTP/1.1" 404 369 "-" "Mozilla/5.0 (Windows; U; Windows NT 6.1; en-US; rv:1.9.2.28) Gecko/20120306 Firefox/3.6.28 (.NET CLR 3.5.30729)"
123.151.148.207 - - [13/Jan/2013:13:44:06 -0600] "GET / HTTP/1.1" 302 467 "-" "Sosospider+(+http://help.soso.com/webspider.htm)"
123.151.148.207 - - [13/Jan/2013:13:44:06 -0600] "GET /blog/ HTTP/1.1" 200 11693 "-" "Sosospider+(+http://help.soso.com/webspider.htm)"
123.151.148.207 - - [13/Jan/2013:13:44:16 -0600] "GET /blog/wp-content/themes/koi-improved/yellow.css HTTP/1.1" 404 11837 "http://mysite.com/" "Sosospider+(+http://help.soso.com/webspider.htm)"
178.154.163.29 - - [13/Jan/2013:13:46:29 -0600] "GET /blog/linux-shared-library-error/ HTTP/1.1" 200 3717 "-" "Mozilla/5.0 (compatible; YandexBot/3.0; +http://yandex.com/bots)"
173.199.117.235 - - [13/Jan/2013:14:00:15 -0600] "GET /blog/osx-universal-binary/ HTTP/1.1" 200 3504 "-" "Mozilla/5.0 (compatible; AhrefsBot/4.0; +http://ahrefs.com/robot/)"
157.55.17.77 - - [13/Jan/2013:14:02:04 -0600] "GET /blog/analysis-chinese-phishing-scam/ HTTP/1.1" 200 4133 "-" "Mozilla/4.0 (compatible; MSIE 7.0; Windows NT 5.2;  SLCC1;  .NET CLR 1.1.4325;  .NET CLR 2.0.50727;  .NET CLR 3.0.30729;  .NET CLR 3.5.30729)"
157.55.17.77 - - [13/Jan/2013:14:02:13 -0600] "GET /blog/wp-content/themes/koi-improved/style.css HTTP/1.1" 200 4123 "http://mysite.com/blog/analysis-chinese-phishing-scam/" "Mozilla/4.0 (compatible; MSIE 7.0; Windows NT 5.2;  SLCC1;  .NET CLR 1.1.4325;  .NET CLR 2.0.50727;  .NET CLR 3.0.30729;  .NET CLR 3.5.30729)"
157.55.17.77 - - [13/Jan/2013:14:02:13 -0600] "GET /blog/wp-content/plugins/codecolorer/codecolorer.css?ver=0.9.9 HTTP/1.1" 200 2393 "http://mysite.com/blog/analysis-chinese-phishing-scam/" "Mozilla/4.0 (compatible; MSIE 7.0; Windows NT 5.2;  SLCC1;  .NET CLR 1.1.4325;  .NET CLR 2.0.50727;  .NET CLR 3.0.30729;  .NET CLR 3.5.30729)"
157.55.17.77 - - [13/Jan/2013:14:02:14 -0600] "GET /blog/wp-includes/js/comment-reply.min.js?ver=3.5 HTTP/1.1" 200 746 "http://mysite.com/blog/analysis-chinese-phishing-scam/" "Mozilla/4.0 (compatible; MSIE 7.0; Windows NT 5.2;  SLCC1;  .NET CLR 1.1.4325;  .NET CLR 2.0.50727;  .NET CLR 3.0.30729;  .NET CLR 3.5.30729)"
157.55.17.77 - - [13/Jan/2013:14:02:17 -0600] "GET /blog/wp-content/themes/koi-improved/yellow.css HTTP/1.1" 404 11836 "http://mysite.com/blog/analysis-chinese-phishing-scam/" "Mozilla/4.0 (compatible; MSIE 7.0; Windows NT 5.2;  SLCC1;  .NET CLR 1.1.4325;  .NET CLR 2.0.50727;  .NET CLR 3.0.30729;  .NET CLR 3.5.30729)"
70.75.177.99 - - [13/Jan/2013:14:24:44 -0600] "GET /scripts/twitter-who2follow.user.js HTTP/1.1" 302 467 "-" "Mozilla/5.0 (Windows NT 6.1; WOW64; rv:17.0) Gecko/20100101 Firefox/17.0"
70.75.177.99 - - [13/Jan/2013:14:24:44 -0600] "GET /blog/ HTTP/1.1" 200 11692 "-" "Mozilla/5.0 (Windows NT 6.1; WOW64; rv:17.0) Gecko/20100101 Firefox/17.0"
123.125.71.116 - - [13/Jan/2013:14:38:36 -0600] "GET / HTTP/1.1" 302 429 "-" "Mozilla/5.0 (compatible; Baiduspider/2.0; +http://www.baidu.com/search/spider.html)"
202.46.52.129 - - [13/Jan/2013:14:39:28 -0600] "GET / HTTP/1.1" 302 429 "-" "Mozilla/4.0 (compatible; MSIE 7.0; Windows NT 6.0)"
220.181.108.154 - - [13/Jan/2013:14:39:29 -0600] "GET / HTTP/1.1" 302 429 "-" "Mozilla/5.0 (compatible; Baiduspider/2.0; +http://www.baidu.com/search/spider.html)"
119.63.193.195 - - [13/Jan/2013:14:39:33 -0600] "GET / HTTP/1.1" 302 429 "-" "Mozilla/4.0 (compatible; MSIE 7.0; Windows NT 6.0)"
66.249.74.92 - - [13/Jan/2013:14:51:25 -0600] "GET /robots.txt HTTP/1.1" 200 372 "-" "Mozilla/5.0 (compatible; Googlebot/2.1; +http://www.google.com/bot.html)"
66.249.74.92 - - [13/Jan/2013:14:51:25 -0600] "GET / HTTP/1.1" 302 466 "-" "Mozilla/5.0 (compatible; Googlebot/2.1; +http://www.google.com/bot.html)"
95.108.150.235 - - [13/Jan/2013:14:55:45 -0600] "GET /robots.txt HTTP/1.1" 200 328 "-" "Mozilla/5.0 (compatible; YandexBot/3.0; +http://yandex.com/bots)"
95.108.150.235 - - [13/Jan/2013:14:55:46 -0600] "GET / HTTP/1.1" 302 466 "-" "Mozilla/5.0 (compatible; YandexBot/3.0; +http://yandex.com/bots)"
95.108.150.235 - - [13/Jan/2013:14:55:47 -0600] "GET /robots.txt HTTP/1.1" 200 328 "-" "Mozilla/5.0 (compatible; YandexBot/3.0; +http://yandex.com/bots)"
95.108.150.235 - - [13/Jan/2013:14:55:47 -0600] "GET / HTTP/1.1" 302 466 "-" "Mozilla/5.0 (compatible; YandexBot/3.0; +http://yandex.com/bots)"
95.108.150.235 - - [13/Jan/2013:14:55:47 -0600] "GET /blog/ HTTP/1.1" 200 11692 "-" "Mozilla/5.0 (compatible; YandexBot/3.0; +http://yandex.com/bots)"
95.108.150.235 - - [13/Jan/2013:14:55:48 -0600] "GET /blog/ HTTP/1.1" 200 11692 "-" "Mozilla/5.0 (compatible; YandexBot/3.0; +http://yandex.com/bots)"
89.43.142.149 - - [13/Jan/2013:15:32:16 -0600] "GET /blog/linux-shared-library-error/ HTTP/1.1" 200 3717 "http://www.google.ro/url?sa=t&rct=j&q=error+while+loading+shared+libraries%3A+libcrypto.so.1.0.0%3A+cannot+open+shared+object+file%3A+No+such+file+or+directory&source=web&cd=3&ved=0CEcQFjAC&url=http%3A%2F%2Fmysite.com%2Fblog%2Flinux-shared-library-error%2F&ei=zCfzUJ2kJ4HL4AS1tICgAg&usg=AFQjCNEqOGaw6N0t-o1fgvyTViwCNRQQzA&bvm=bv.1357700187,d.bGE" "Mozilla/5.0 (Windows NT 6.1; WOW64) AppleWebKit/537.17 (KHTML, like Gecko) Chrome/24.0.1312.52 Safari/537.17"
89.43.142.149 - - [13/Jan/2013:15:32:16 -0600] "GET /blog/wp-content/themes/koi-improved/style.css HTTP/1.1" 200 4122 "http://mysite.com/blog/linux-shared-library-error/" "Mozilla/5.0 (Windows NT 6.1; WOW64) AppleWebKit/537.17 (KHTML, like Gecko) Chrome/24.0.1312.52 Safari/537.17"
89.43.142.149 - - [13/Jan/2013:15:32:17 -0600] "GET /blog/wp-content/plugins/codecolorer/codecolorer.css?ver=0.9.9 HTTP/1.1" 200 2393 "http://mysite.com/blog/linux-shared-library-error/" "Mozilla/5.0 (Windows NT 6.1; WOW64) AppleWebKit/537.17 (KHTML, like Gecko) Chrome/24.0.1312.52 Safari/537.17"
89.43.142.149 - - [13/Jan/2013:15:32:17 -0600] "GET /blog/wp-includes/js/comment-reply.min.js?ver=3.5 HTTP/1.1" 200 747 "http://mysite.com/blog/linux-shared-library-error/" "Mozilla/5.0 (Windows NT 6.1; WOW64) AppleWebKit/537.17 (KHTML, like Gecko) Chrome/24.0.1312.52 Safari/537.17"
89.43.142.149 - - [13/Jan/2013:15:32:17 -0600] "GET /blog/wp-content/themes/koi-improved/img/paper-bg.jpg HTTP/1.1" 200 15311 "http://mysite.com/blog/linux-shared-library-error/" "Mozilla/5.0 (Windows NT 6.1; WOW64) AppleWebKit/537.17 (KHTML, like Gecko) Chrome/24.0.1312.52 Safari/537.17"
89.43.142.149 - - [13/Jan/2013:15:32:17 -0600] "GET /blog/wp-content/themes/koi-improved/img/socialmedia/rss.png HTTP/1.1" 200 1759 "http://mysite.com/blog/linux-shared-library-error/" "Mozilla/5.0 (Windows NT 6.1; WOW64) AppleWebKit/537.17 (KHTML, like Gecko) Chrome/24.0.1312.52 Safari/537.17"
89.43.142.149 - - [13/Jan/2013:15:32:17 -0600] "GET /blog/wp-content/themes/koi-improved/yellow.css HTTP/1.1" 404 11837 "http://mysite.com/blog/linux-shared-library-error/" "Mozilla/5.0 (Windows NT 6.1; WOW64) AppleWebKit/537.17 (KHTML, like Gecko) Chrome/24.0.1312.52 Safari/537.17"
89.43.142.149 - - [13/Jan/2013:15:32:17 -0600] "GET /blog/wp-content/themes/koi-improved/img/top-illustration.gif HTTP/1.1" 200 73677 "http://mysite.com/blog/linux-shared-library-error/" "Mozilla/5.0 (Windows NT 6.1; WOW64) AppleWebKit/537.17 (KHTML, like Gecko) Chrome/24.0.1312.52 Safari/537.17"
89.43.142.149 - - [13/Jan/2013:15:32:17 -0600] "GET /blog/wp-content/themes/koi-improved/img/header.gif HTTP/1.1" 200 61485 "http://mysite.com/blog/linux-shared-library-error/" "Mozilla/5.0 (Windows NT 6.1; WOW64) AppleWebKit/537.17 (KHTML, like Gecko) Chrome/24.0.1312.52 Safari/537.17"
89.43.142.149 - - [13/Jan/2013:15:32:18 -0600] "GET /blog/wp-content/themes/koi-improved/img/post-nav-bg.png HTTP/1.1" 200 2232 "http://mysite.com/blog/linux-shared-library-error/" "Mozilla/5.0 (Windows NT 6.1; WOW64) AppleWebKit/537.17 (KHTML, like Gecko) Chrome/24.0.1312.52 Safari/537.17"
89.43.142.149 - - [13/Jan/2013:15:32:18 -0600] "GET /blog/wp-content/themes/koi-improved/img/post-nav-rule.png HTTP/1.1" 200 531 "http://mysite.com/blog/linux-shared-library-error/" "Mozilla/5.0 (Windows NT 6.1; WOW64) AppleWebKit/537.17 (KHTML, like Gecko) Chrome/24.0.1312.52 Safari/537.17"
89.43.142.149 - - [13/Jan/2013:15:32:18 -0600] "GET /blog/wp-content/themes/koi-improved/img/footer.gif HTTP/1.1" 200 44308 "http://mysite.com/blog/linux-shared-library-error/" "Mozilla/5.0 (Windows NT 6.1; WOW64) AppleWebKit/537.17 (KHTML, like Gecko) Chrome/24.0.1312.52 Safari/537.17"
89.43.142.149 - - [13/Jan/2013:15:32:19 -0600] "GET /favicon.ico HTTP/1.1" 302 466 "-" "Mozilla/5.0 (Windows NT 6.1; WOW64) AppleWebKit/537.17 (KHTML, like Gecko) Chrome/24.0.1312.52 Safari/537.17"
89.43.142.149 - - [13/Jan/2013:15:32:19 -0600] "GET /blog/ HTTP/1.1" 200 11692 "-" "Mozilla/5.0 (Windows NT 6.1; WOW64) AppleWebKit/537.17 (KHTML, like Gecko) Chrome/24.0.1312.52 Safari/537.17"
66.249.74.38 - - [13/Jan/2013:15:36:25 -0600] "GET /blog/thailand-september-2012/ HTTP/1.1" 200 4567 "-" "Mozilla/5.0 (iPhone; U; CPU iPhone OS 4_1 like Mac OS X; en-us) AppleWebKit/532.9 (KHTML, like Gecko) Version/4.0.5 Mobile/8B117 Safari/6531.22.7 (compatible; Googlebot-Mobile/2.1; +http://www.google.com/bot.html)"
123.125.71.103 - - [13/Jan/2013:15:39:05 -0600] "GET / HTTP/1.1" 302 429 "-" "Mozilla/5.0 (compatible; Baiduspider/2.0; +http://www.baidu.com/search/spider.html)"
220.181.108.152 - - [13/Jan/2013:15:39:59 -0600] "GET / HTTP/1.1" 302 429 "-" "Mozilla/5.0 (compatible; Baiduspider/2.0; +http://www.baidu.com/search/spider.html)"
66.249.74.38 - - [13/Jan/2013:15:45:57 -0600] "GET /blog/wp-content/themes/thesis_185/custom/custom.css HTTP/1.1" 200 1057 "-" "Mozilla/5.0 (compatible; Googlebot/2.1; +http://www.google.com/bot.html)"
66.249.74.38 - - [13/Jan/2013:15:45:58 -0600] "GET /blog/wp-content/themes/thesis_185/custom/layout.css HTTP/1.1" 200 7009 "-" "Mozilla/5.0 (compatible; Googlebot/2.1; +http://www.google.com/bot.html)"
66.249.74.38 - - [13/Jan/2013:15:53:53 -0600] "GET /blog/tag/osx-lion/ HTTP/1.1" 200 2721 "-" "Mozilla/5.0 (compatible; Googlebot/2.1; +http://www.google.com/bot.html)"
66.249.74.38 - - [13/Jan/2013:15:54:59 -0600] "GET /blog/category/uncategorized/ HTTP/1.1" 200 3629 "-" "Mozilla/5.0 (compatible; Googlebot/2.1; +http://www.google.com/bot.html)"
119.247.227.238 - - [13/Jan/2013:15:57:15 -0600] "GET /blog/ HTTP/1.1" 200 40506 "-" "Mozilla/4.0 (compatible; MSIE 5.5; Windows NT)"
180.76.5.93 - - [13/Jan/2013:15:58:04 -0600] "GET /blog/tag/cpan/ HTTP/1.1" 200 4036 "-" "Mozilla/5.0 (compatible; Baiduspider/2.0; +http://www.baidu.com/search/spider.html)"
66.249.74.38 - - [13/Jan/2013:15:58:32 -0600] "GET /blog/page/2/?view=month&course=1&cal_d=1&cal_m=3&cal_y=2136 HTTP/1.1" 200 15349 "-" "Mozilla/5.0 (compatible; Googlebot/2.1; +http://www.google.com/bot.html)"
66.249.74.38 - - [13/Jan/2013:16:09:02 -0600] "GET /blog/tag/japan/ HTTP/1.1" 200 3284 "-" "Mozilla/5.0 (compatible; Googlebot/2.1; +http://www.google.com/bot.html)"
66.249.74.38 - - [13/Jan/2013:16:09:18 -0600] "GET /blog/tag/tokyo/ HTTP/1.1" 200 3285 "-" "Mozilla/5.0 (compatible; Googlebot/2.1; +http://www.google.com/bot.html)"
66.249.74.38 - - [13/Jan/2013:16:09:24 -0600] "GET /blog/tag/travel/ HTTP/1.1" 200 11856 "-" "Mozilla/5.0 (compatible; Googlebot/2.1; +http://www.google.com/bot.html)"
66.249.74.38 - - [13/Jan/2013:16:09:31 -0600] "GET /blog/tag/spanish/ HTTP/1.1" 200 4319 "-" "Mozilla/5.0 (compatible; Googlebot/2.1; +http://www.google.com/bot.html)"
66.249.74.38 - - [13/Jan/2013:16:09:42 -0600] "GET /blog/tag/firefox/ HTTP/1.1" 200 2794 "-" "Mozilla/5.0 (compatible; Googlebot/2.1; +http://www.google.com/bot.html)"
66.249.74.38 - - [13/Jan/2013:16:09:55 -0600] "GET /blog/tag/language/ HTTP/1.1" 200 4802 "-" "Mozilla/5.0 (compatible; Googlebot/2.1; +http://www.google.com/bot.html)"
66.249.74.38 - - [13/Jan/2013:16:10:09 -0600] "GET /blog/tag/japanese/ HTTP/1.1" 200 3287 "-" "Mozilla/5.0 (compatible; Googlebot/2.1; +http://www.google.com/bot.html)"
66.249.74.38 - - [13/Jan/2013:16:10:22 -0600] "GET /blog/tag/krav-maga/ HTTP/1.1" 200 3500 "-" "Mozilla/5.0 (compatible; Googlebot/2.1; +http://www.google.com/bot.html)"
66.249.74.38 - - [13/Jan/2013:16:10:35 -0600] "GET /blog/tag/date-trees/ HTTP/1.1" 200 3239 "-" "Mozilla/5.0 (compatible; Googlebot/2.1; +http://www.google.com/bot.html)"
66.249.74.38 - - [13/Jan/2013:16:10:49 -0600] "GET /blog/tag/date-palms/ HTTP/1.1" 200 3235 "-" "Mozilla/5.0 (compatible; Googlebot/2.1; +http://www.google.com/bot.html)"
66.249.74.38 - - [13/Jan/2013:16:11:02 -0600] "GET /blog/tag/annoyances/ HTTP/1.1" 200 2794 "-" "Mozilla/5.0 (compatible; Googlebot/2.1; +http://www.google.com/bot.html)"
66.249.74.38 - - [13/Jan/2013:16:11:16 -0600] "GET /blog/tag/exit-popups/ HTTP/1.1" 200 2798 "-" "Mozilla/5.0 (compatible; Googlebot/2.1; +http://www.google.com/bot.html)"
66.249.74.38 - - [13/Jan/2013:16:11:29 -0600] "GET /blog/tag/goal-setting/ HTTP/1.1" 200 4809 "-" "Mozilla/5.0 (compatible; Googlebot/2.1; +http://www.google.com/bot.html)"
66.249.74.38 - - [13/Jan/2013:16:11:42 -0600] "GET /blog/tag/horticulture/ HTTP/1.1" 200 3237 "-" "Mozilla/5.0 (compatible; Googlebot/2.1; +http://www.google.com/bot.html)"
66.249.74.38 - - [13/Jan/2013:16:11:56 -0600] "GET /blog/tag/sweet-skills/ HTTP/1.1" 200 4802 "-" "Mozilla/5.0 (compatible; Googlebot/2.1; +http://www.google.com/bot.html)"
66.249.74.38 - - [13/Jan/2013:16:12:09 -0600] "GET /blog/tag/learn-spanish/ HTTP/1.1" 200 3411 "-" "Mozilla/5.0 (compatible; Googlebot/2.1; +http://www.google.com/bot.html)"
66.249.74.38 - - [13/Jan/2013:16:12:23 -0600] "GET /blog/tag/spanish-resources/ HTTP/1.1" 200 3411 "-" "Mozilla/5.0 (compatible; Googlebot/2.1; +http://www.google.com/bot.html)"
66.249.74.38 - - [13/Jan/2013:16:12:37 -0600] "GET /blog/tag/personal-development/ HTTP/1.1" 200 3502 "-" "Mozilla/5.0 (compatible; Googlebot/2.1; +http://www.google.com/bot.html)"
