199.2.205.141 - - [14/Jan/2013:13:08:15 -0600] "GET /blog/wp-content/themes/koi-improved/img/footer.gif HTTP/1.1" 200 44307 "http://mysite.com/blog/basic-perl-log-function/" "Mozilla/4.0 (compatible; MSIE 8.0; Windows NT 6.1; Trident/4.0; SLCC2; .NET CLR 2.0.50727; .NET CLR 3.5.30729; .NET CLR 3.0.30729; .NET4.0C; .NET4.0E; MS-RTC LM 8; SFIEAUTH1)"
199.2.205.141 - - [14/Jan/2013:13:08:15 -0600] "GET /blog/wp-content/themes/koi-improved/img/post-nav-rule.png HTTP/1.1" 200 530 "http://mysite.com/blog/basic-perl-log-function/" "Mozilla/4.0 (compatible; MSIE 8.0; Windows NT 6.1; Trident/4.0; SLCC2; .NET CLR 2.0.50727; .NET CLR 3.5.30729; .NET CLR 3.0.30729; .NET4.0C; .NET4.0E; MS-RTC LM 8; SFIEAUTH1)"
199.2.205.141 - - [14/Jan/2013:13:08:15 -0600] "GET /blog/wp-content/themes/koi-improved/img/top-illustration.gif HTTP/1.1" 200 73677 "http://mysite.com/blog/basic-perl-log-function/" "Mozilla/4.0 (compatible; MSIE 8.0; Windows NT 6.1; Trident/4.0; SLCC2; .NET CLR 2.0.50727; .NET CLR 3.5.30729; .NET CLR 3.0.30729; .NET4.0C; .NET4.0E; MS-RTC LM 8; SFIEAUTH1)"
199.2.205.141 - - [14/Jan/2013:13:08:15 -0600] "GET /blog/wp-content/themes/koi-improved/img/header.gif HTTP/1.1" 200 61485 "http://mysite.com/blog/basic-perl-log-function/" "Mozilla/4.0 (compatible; MSIE 8.0; Windows NT 6.1; Trident/4.0; SLCC2; .NET CLR 2.0.50727; .NET CLR 3.5.30729; .NET CLR 3.0.30729; .NET4.0C; .NET4.0E; MS-RTC LM 8; SFIEAUTH1)"
199.2.205.141 - - [14/Jan/2013:13:08:15 -0600] "GET /blog/wp-content/themes/koi-improved/img/post-nav-bg.png HTTP/1.1" 200 2232 "http://mysite.com/blog/basic-perl-log-function/" "Mozilla/4.0 (compatible; MSIE 8.0; Windows NT 6.1; Trident/4.0; SLCC2; .NET CLR 2.0.50727; .NET CLR 3.5.30729; .NET CLR 3.0.30729; .NET4.0C; .NET4.0E; MS-RTC LM 8; SFIEAUTH1)"
199.2.205.141 - - [14/Jan/2013:13:08:16 -0600] "GET /favicon.ico HTTP/1.1" 302 466 "-" "Mozilla/4.0 (compatible; MSIE 8.0; Windows NT 6.1; Trident/4.0; SLCC2; .NET CLR 2.0.50727; .NET CLR 3.5.30729; .NET CLR 3.0.30729; .NET4.0C; .NET4.0E; MS-RTC LM 8; SFIEAUTH1)"
8.28.16.254 - - [14/Jan/2013:13:08:16 -0600] "GET /blog HTTP/1.1" 301 502 "-" "Mozilla/4.0 (compatible; MSIE 7.0; Windows NT 5.1; InfoPath.1; .NET CLR 2.0.50727; .NET CLR 1.1.4322; MS-RTC LM 8; .NET CLR 3.0.4506.2152; .NET CLR 3.5.30729)"
8.28.16.254 - - [14/Jan/2013:13:08:17 -0600] "GET /blog/ HTTP/1.1" 200 40543 "-" "Mozilla/4.0 (compatible; MSIE 7.0; Windows NT 5.1; InfoPath.1; .NET CLR 2.0.50727; .NET CLR 1.1.4322; MS-RTC LM 8; .NET CLR 3.0.4506.2152; .NET CLR 3.5.30729)"
199.2.205.141 - - [14/Jan/2013:13:08:17 -0600] "GET /blog/ HTTP/1.1" 200 11692 "-" "Mozilla/4.0 (compatible; MSIE 8.0; Windows NT 6.1; Trident/4.0; SLCC2; .NET CLR 2.0.50727; .NET CLR 3.5.30729; .NET CLR 3.0.30729; .NET4.0C; .NET4.0E; MS-RTC LM 8; SFIEAUTH1)"
46.195.153.175 - - [14/Jan/2013:13:25:25 -0600] "GET /blog/remove-ubuntudebian-version-from-sshd-server-string/ HTTP/1.1" 200 3344 "http://www.google.se/url?sa=t&rct=j&q=&esrc=s&source=web&cd=1&ved=0CC4QFjAA&url=http%3A%2F%2Fmysite.com%2Fblog%2Fremove-ubuntudebian-version-from-sshd-server-string%2F&ei=mFv0UK_VLYeL4gSQ7YDQDA&usg=AFQjCNFVLqs2M9KTRAUzfsZT7VRQ5IaaFA&sig2=GKXEca6G1-d162k1Tj6nDA&bvm=bv.1357700187,d.bGE" "Mozilla/5.0 (X11; FreeBSD amd64; rv:7.0) Gecko/20100101 Firefox/7.0"
46.195.153.175 - - [14/Jan/2013:13:25:26 -0600] "GET /blog/wp-content/themes/koi-improved/style.css HTTP/1.1" 200 4122 "http://mysite.com/blog/remove-ubuntudebian-version-from-sshd-server-string/" "Mozilla/5.0 (X11; FreeBSD amd64; rv:7.0) Gecko/20100101 Firefox/7.0"
46.195.153.175 - - [14/Jan/2013:13:25:26 -0600] "GET /blog/wp-content/plugins/codecolorer/codecolorer.css?ver=0.9.9 HTTP/1.1" 200 2393 "http://mysite.com/blog/remove-ubuntudebian-version-from-sshd-server-string/" "Mozilla/5.0 (X11; FreeBSD amd64; rv:7.0) Gecko/20100101 Firefox/7.0"
46.195.153.175 - - [14/Jan/2013:13:25:26 -0600] "GET /blog/wp-content/themes/koi-improved/img/socialmedia/rss.png HTTP/1.1" 200 1760 "http://mysite.com/blog/remove-ubuntudebian-version-from-sshd-server-string/" "Mozilla/5.0 (X11; FreeBSD amd64; rv:7.0) Gecko/20100101 Firefox/7.0"
46.195.153.175 - - [14/Jan/2013:13:25:26 -0600] "GET /blog/wp-includes/js/comment-reply.min.js?ver=3.5 HTTP/1.1" 200 746 "http://mysite.com/blog/remove-ubuntudebian-version-from-sshd-server-string/" "Mozilla/5.0 (X11; FreeBSD amd64; rv:7.0) Gecko/20100101 Firefox/7.0"
46.195.153.175 - - [14/Jan/2013:13:25:26 -0600] "GET /blog/wp-content/themes/koi-improved/yellow.css HTTP/1.1" 404 11837 "http://mysite.com/blog/remove-ubuntudebian-version-from-sshd-server-string/" "Mozilla/5.0 (X11; FreeBSD amd64; rv:7.0) Gecko/20100101 Firefox/7.0"
46.195.153.175 - - [14/Jan/2013:13:25:27 -0600] "GET /blog/wp-content/themes/koi-improved/img/paper-bg.jpg HTTP/1.1" 200 15311 "http://mysite.com/blog/wp-content/themes/koi-improved/style.css" "Mozilla/5.0 (X11; FreeBSD amd64; rv:7.0) Gecko/20100101 Firefox/7.0"
46.195.153.175 - - [14/Jan/2013:13:25:27 -0600] "GET /blog/wp-content/themes/koi-improved/img/post-nav-rule.png HTTP/1.1" 200 530 "http://mysite.com/blog/wp-content/themes/koi-improved/style.css" "Mozilla/5.0 (X11; FreeBSD amd64; rv:7.0) Gecko/20100101 Firefox/7.0"
46.195.153.175 - - [14/Jan/2013:13:25:27 -0600] "GET /blog/wp-content/themes/koi-improved/img/post-nav-bg.png HTTP/1.1" 200 2232 "http://mysite.com/blog/wp-content/themes/koi-improved/style.css" "Mozilla/5.0 (X11; FreeBSD amd64; rv:7.0) Gecko/20100101 Firefox/7.0"
46.195.153.175 - - [14/Jan/2013:13:25:27 -0600] "GET /blog/wp-content/themes/koi-improved/img/footer.gif HTTP/1.1" 200 44308 "http://mysite.com/blog/wp-content/themes/koi-improved/style.css" "Mozilla/5.0 (X11; FreeBSD amd64; rv:7.0) Gecko/20100101 Firefox/7.0"
46.195.153.175 - - [14/Jan/2013:13:25:27 -0600] "GET /blog/wp-content/themes/koi-improved/img/submit-btn.png HTTP/1.1" 200 1388 "http://mysite.com/blog/wp-content/themes/koi-improved/style.css" "Mozilla/5.0 (X11; FreeBSD amd64; rv:7.0) Gecko/20100101 Firefox/7.0"
46.195.153.175 - - [14/Jan/2013:13:25:27 -0600] "GET /blog/wp-content/themes/koi-improved/img/top-illustration.gif HTTP/1.1" 200 73677 "http://mysite.com/blog/wp-content/themes/koi-improved/style.css" "Mozilla/5.0 (X11; FreeBSD amd64; rv:7.0) Gecko/20100101 Firefox/7.0"
46.195.153.175 - - [14/Jan/2013:13:25:27 -0600] "GET /blog/wp-content/themes/koi-improved/img/header.gif HTTP/1.1" 200 61485 "http://mysite.com/blog/wp-content/themes/koi-improved/style.css" "Mozilla/5.0 (X11; FreeBSD amd64; rv:7.0) Gecko/20100101 Firefox/7.0"
46.195.153.175 - - [14/Jan/2013:13:25:29 -0600] "GET /favicon.ico HTTP/1.1" 302 466 "-" "Mozilla/5.0 (X11; FreeBSD amd64; rv:7.0) Gecko/20100101 Firefox/7.0"
46.195.153.175 - - [14/Jan/2013:13:25:29 -0600] "GET /favicon.ico HTTP/1.1" 302 466 "-" "Mozilla/5.0 (X11; FreeBSD amd64; rv:7.0) Gecko/20100101 Firefox/7.0"
46.195.153.175 - - [14/Jan/2013:13:25:29 -0600] "GET /blog/ HTTP/1.1" 200 11692 "-" "Mozilla/5.0 (X11; FreeBSD amd64; rv:7.0) Gecko/20100101 Firefox/7.0"
46.195.153.175 - - [14/Jan/2013:13:25:30 -0600] "GET /blog/ HTTP/1.1" 200 11692 "-" "Mozilla/5.0 (X11; FreeBSD amd64; rv:7.0) Gecko/20100101 Firefox/7.0"
208.115.113.86 - - [14/Jan/2013:13:28:10 -0600] "GET /blog/category/travel/ HTTP/1.1" 200 44258 "-" "Mozilla/5.0 (compatible; Ezooms/1.0; ezooms.bot@gmail.com)"
208.115.113.86 - - [14/Jan/2013:13:28:14 -0600] "GET /blog/tag/machine-translation/ HTTP/1.1" 200 8377 "-" "Mozilla/5.0 (compatible; Ezooms/1.0; ezooms.bot@gmail.com)"
206.253.226.23 - - [14/Jan/2013:13:35:46 -0600] "GET / HTTP/1.1" 302 410 "-" "Mozilla/5.0 (compatible; oBot/2.3.1; +http://filterdb.iss.net/crawler/)"
206.253.226.23 - - [14/Jan/2013:13:35:46 -0600] "GET /blog/ HTTP/1.1" 200 40542 "-" "Mozilla/5.0 (compatible; oBot/2.3.1; +http://filterdb.iss.net/crawler/)"
206.253.226.23 - - [14/Jan/2013:13:35:50 -0600] "HEAD / HTTP/1.1" 403 147 "-" "Mozilla/5.0 (compatible; oBot/2.3.1; +http://filterdb.iss.net/crawler/)"
180.76.5.56 - - [14/Jan/2013:13:36:18 -0600] "GET /blog/?p=1436 HTTP/1.1" 301 322 "-" "Mozilla/5.0 (compatible; Baiduspider/2.0; +http://www.baidu.com/search/spider.html)"
180.76.5.99 - - [14/Jan/2013:13:36:19 -0600] "GET /blog/remove-ubuntudebian-version-from-sshd-server-string/ HTTP/1.1" 200 3333 "-" "Mozilla/5.0 (compatible; Baiduspider/2.0; +http://www.baidu.com/search/spider.html)"
46.195.153.175 - - [14/Jan/2013:13:36:36 -0600] "GET /blog/remove-ubuntudebian-version-from-sshd-server-string/ HTTP/1.1" 200 3344 "http://www.google.se/url?sa=t&rct=j&q=&esrc=s&source=web&cd=1&ved=0CC4QFjAA&url=http%3A%2F%2Fmysite.com%2Fblog%2Fremove-ubuntudebian-version-from-sshd-server-string%2F&ei=mFv0UK_VLYeL4gSQ7YDQDA&usg=AFQjCNFVLqs2M9KTRAUzfsZT7VRQ5IaaFA&sig2=GKXEca6G1-d162k1Tj6nDA&bvm=bv.1357700187,d.bGE" "Mozilla/5.0 (X11; FreeBSD amd64; rv:7.0) Gecko/20100101 Firefox/7.0"
46.195.153.175 - - [14/Jan/2013:13:36:36 -0600] "GET /blog/wp-content/plugins/codecolorer/codecolorer.css?ver=0.9.9 HTTP/1.1" 304 195 "http://mysite.com/blog/remove-ubuntudebian-version-from-sshd-server-string/" "Mozilla/5.0 (X11; FreeBSD amd64; rv:7.0) Gecko/20100101 Firefox/7.0"
46.195.153.175 - - [14/Jan/2013:13:36:36 -0600] "GET /blog/wp-includes/js/comment-reply.min.js?ver=3.5 HTTP/1.1" 304 193 "http://mysite.com/blog/remove-ubuntudebian-version-from-sshd-server-string/" "Mozilla/5.0 (X11; FreeBSD amd64; rv:7.0) Gecko/20100101 Firefox/7.0"
46.195.153.175 - - [14/Jan/2013:13:36:37 -0600] "GET /blog/wp-content/themes/koi-improved/yellow.css HTTP/1.1" 404 11836 "http://mysite.com/blog/remove-ubuntudebian-version-from-sshd-server-string/" "Mozilla/5.0 (X11; FreeBSD amd64; rv:7.0) Gecko/20100101 Firefox/7.0"
61.135.248.172 - - [14/Jan/2013:13:43:06 -0600] "GET / HTTP/1.1" 302 411 "-" "Mozilla/5.0 (compatible; YodaoBot/1.0; http://www.yodao.com/help/webmaster/spider/; )"
61.135.248.172 - - [14/Jan/2013:13:43:06 -0600] "GET /robots.txt HTTP/1.1" 200 272 "-" "Mozilla/5.0 (compatible; YodaoBot/1.0; http://www.yodao.com/help/webmaster/spider/; )"
61.135.248.172 - - [14/Jan/2013:13:43:06 -0600] "GET /blog/ HTTP/1.1" 200 11637 "-" "Mozilla/5.0 (compatible; YodaoBot/1.0; http://www.yodao.com/help/webmaster/spider/; )"
66.249.74.38 - - [14/Jan/2013:14:00:38 -0600] "GET /blog/tag/firefox-13/ HTTP/1.1" 200 2604 "-" "Mozilla/5.0 (compatible; Googlebot/2.1; +http://www.google.com/bot.html)"
193.106.136.33 - - [14/Jan/2013:14:05:29 -0600] "GET /blog/about/ HTTP/1.1" 200 6865 "http://taxitoday.ru/" "Mozilla/4.0 (compatible; MSIE 6.0; Windows 98; Win 9x 4.90)"
193.106.136.33 - - [14/Jan/2013:14:05:30 -0600] "GET /blog/about/ HTTP/1.1" 200 6865 "http://taxitoday.ru/" "Mozilla/4.0 (compatible; MSIE 6.0; Windows 98; Win 9x 4.90)"
124.115.6.15 - - [14/Jan/2013:14:12:09 -0600] "GET /robots.txt HTTP/1.1" 200 372 "-" "Mozilla/5.0(compatible; Sosospider/2.0; +http://help.soso.com/webspider.htm)"
66.249.74.38 - - [14/Jan/2013:14:15:11 -0600] "GET /blog/page/2/?view=month&cal_d=1&cal_m=3&cal_y=1980&course=1 HTTP/1.1" 200 15350 "-" "Mozilla/5.0 (compatible; Googlebot/2.1; +http://www.google.com/bot.html)"
178.154.163.29 - - [14/Jan/2013:14:24:38 -0600] "GET /blog/tag/ubuntu-sshd/ HTTP/1.1" 200 2633 "-" "Mozilla/5.0 (compatible; YandexBot/3.0; +http://yandex.com/bots)"
70.75.177.99 - - [14/Jan/2013:14:24:45 -0600] "GET /scripts/twitter-who2follow.user.js HTTP/1.1" 302 467 "-" "Mozilla/5.0 (Windows NT 6.1; WOW64; rv:17.0) Gecko/20100101 Firefox/17.0"
70.75.177.99 - - [14/Jan/2013:14:24:45 -0600] "GET /blog/ HTTP/1.1" 200 11692 "-" "Mozilla/5.0 (Windows NT 6.1; WOW64; rv:17.0) Gecko/20100101 Firefox/17.0"
124.115.6.13 - - [14/Jan/2013:14:28:07 -0600] "GET /robots.txt HTTP/1.1" 200 372 "-" "Mozilla/5.0(compatible; Sosospider/2.0; +http://help.soso.com/webspider.htm)"
208.115.111.70 - - [14/Jan/2013:14:30:25 -0600] "GET /robots.txt HTTP/1.1" 200 272 "-" "Mozilla/5.0 (compatible; Ezooms/1.0; ezooms.bot@gmail.com)"
187.5.177.142 - - [14/Jan/2013:14:31:31 -0600] "GET /blog/disable-speed-dial-feature-in-firefox-13/ HTTP/1.1" 200 11844 "-" "Mozilla/5.0 (compatible; Googlebot/2.1; +http://www.google.com/bot.html)"
187.5.177.142 - - [14/Jan/2013:14:31:34 -0600] "POST /blog/wp-comments-post.php HTTP/1.0" 500 4437 "-" "Mozilla/5.0 (compatible; Googlebot/2.1; +http://www.google.com/bot.html)"
128.68.197.137 - - [14/Jan/2013:14:34:31 -0600] "GET /blog/remove-ubuntudebian-version-from-sshd-server-string/ HTTP/1.1" 200 3344 "http://www.google.com/url?sa=t&rct=j&q=&esrc=s&source=web&cd=4&ved=0CFUQFjAD&url=http%3A%2F%2Fmysite.com%2Fblog%2Fremove-ubuntudebian-version-from-sshd-server-string%2F&ei=tGv0UJKsJYqm0AWi6ICABg&usg=AFQjCNFVLqs2M9KTRAUzfsZT7VRQ5IaaFA&bvm=bv.1357700187,d.ZG4&cad=rja" "Mozilla/5.0 (Windows NT 6.1; WOW64; rv:17.0) Gecko/20100101 Firefox/17.0 SeaMonkey/2.14.1"
128.68.197.137 - - [14/Jan/2013:14:34:32 -0600] "GET /blog/wp-content/themes/koi-improved/style.css HTTP/1.1" 200 4122 "http://mysite.com/blog/remove-ubuntudebian-version-from-sshd-server-string/" "Mozilla/5.0 (Windows NT 6.1; WOW64; rv:17.0) Gecko/20100101 Firefox/17.0 SeaMonkey/2.14.1"
128.68.197.137 - - [14/Jan/2013:14:34:32 -0600] "GET /blog/wp-content/plugins/codecolorer/codecolorer.css?ver=0.9.9 HTTP/1.1" 200 2393 "http://mysite.com/blog/remove-ubuntudebian-version-from-sshd-server-string/" "Mozilla/5.0 (Windows NT 6.1; WOW64; rv:17.0) Gecko/20100101 Firefox/17.0 SeaMonkey/2.14.1"
128.68.197.137 - - [14/Jan/2013:14:34:32 -0600] "GET /blog/wp-includes/js/comment-reply.min.js?ver=3.5 HTTP/1.1" 200 746 "http://mysite.com/blog/remove-ubuntudebian-version-from-sshd-server-string/" "Mozilla/5.0 (Windows NT 6.1; WOW64; rv:17.0) Gecko/20100101 Firefox/17.0 SeaMonkey/2.14.1"
128.68.197.137 - - [14/Jan/2013:14:34:32 -0600] "GET /blog/wp-content/themes/koi-improved/img/socialmedia/rss.png HTTP/1.1" 200 1760 "http://mysite.com/blog/remove-ubuntudebian-version-from-sshd-server-string/" "Mozilla/5.0 (Windows NT 6.1; WOW64; rv:17.0) Gecko/20100101 Firefox/17.0 SeaMonkey/2.14.1"
128.68.197.137 - - [14/Jan/2013:14:34:32 -0600] "GET /blog/wp-content/themes/koi-improved/yellow.css HTTP/1.1" 404 11836 "http://mysite.com/blog/remove-ubuntudebian-version-from-sshd-server-string/" "Mozilla/5.0 (Windows NT 6.1; WOW64; rv:17.0) Gecko/20100101 Firefox/17.0 SeaMonkey/2.14.1"
128.68.197.137 - - [14/Jan/2013:14:34:33 -0600] "GET /blog/wp-content/themes/koi-improved/img/paper-bg.jpg HTTP/1.1" 200 15311 "http://mysite.com/blog/wp-content/themes/koi-improved/style.css" "Mozilla/5.0 (Windows NT 6.1; WOW64; rv:17.0) Gecko/20100101 Firefox/17.0 SeaMonkey/2.14.1"
128.68.197.137 - - [14/Jan/2013:14:34:33 -0600] "GET /blog/wp-content/themes/koi-improved/img/submit-btn.png HTTP/1.1" 200 1388 "http://mysite.com/blog/wp-content/themes/koi-improved/style.css" "Mozilla/5.0 (Windows NT 6.1; WOW64; rv:17.0) Gecko/20100101 Firefox/17.0 SeaMonkey/2.14.1"
128.68.197.137 - - [14/Jan/2013:14:34:33 -0600] "GET /blog/wp-content/themes/koi-improved/img/footer.gif HTTP/1.1" 200 44308 "http://mysite.com/blog/wp-content/themes/koi-improved/style.css" "Mozilla/5.0 (Windows NT 6.1; WOW64; rv:17.0) Gecko/20100101 Firefox/17.0 SeaMonkey/2.14.1"
128.68.197.137 - - [14/Jan/2013:14:34:33 -0600] "GET /blog/wp-content/themes/koi-improved/img/post-nav-bg.png HTTP/1.1" 200 2232 "http://mysite.com/blog/wp-content/themes/koi-improved/style.css" "Mozilla/5.0 (Windows NT 6.1; WOW64; rv:17.0) Gecko/20100101 Firefox/17.0 SeaMonkey/2.14.1"
128.68.197.137 - - [14/Jan/2013:14:34:33 -0600] "GET /blog/wp-content/themes/koi-improved/img/post-nav-rule.png HTTP/1.1" 200 531 "http://mysite.com/blog/wp-content/themes/koi-improved/style.css" "Mozilla/5.0 (Windows NT 6.1; WOW64; rv:17.0) Gecko/20100101 Firefox/17.0 SeaMonkey/2.14.1"
128.68.197.137 - - [14/Jan/2013:14:34:33 -0600] "GET /blog/wp-content/themes/koi-improved/img/top-illustration.gif HTTP/1.1" 200 73677 "http://mysite.com/blog/wp-content/themes/koi-improved/style.css" "Mozilla/5.0 (Windows NT 6.1; WOW64; rv:17.0) Gecko/20100101 Firefox/17.0 SeaMonkey/2.14.1"
128.68.197.137 - - [14/Jan/2013:14:34:33 -0600] "GET /blog/wp-content/themes/koi-improved/img/header.gif HTTP/1.1" 200 61485 "http://mysite.com/blog/wp-content/themes/koi-improved/style.css" "Mozilla/5.0 (Windows NT 6.1; WOW64; rv:17.0) Gecko/20100101 Firefox/17.0 SeaMonkey/2.14.1"
123.125.71.97 - - [14/Jan/2013:14:38:30 -0600] "GET / HTTP/1.1" 302 429 "-" "Mozilla/5.0 (compatible; Baiduspider/2.0; +http://www.baidu.com/search/spider.html)"
220.181.108.159 - - [14/Jan/2013:14:39:20 -0600] "GET / HTTP/1.1" 302 429 "-" "Mozilla/5.0 (compatible; Baiduspider/2.0; +http://www.baidu.com/search/spider.html)"
157.82.156.165 - - [14/Jan/2013:14:41:42 -0600] "GET /robots.txt HTTP/1.1" 200 335 "-" "Mozilla/5.0 (compatible; Steeler/3.5; http://www.tkl.iis.u-tokyo.ac.jp/~crawler/)"
157.82.156.165 - - [14/Jan/2013:14:41:47 -0600] "GET /blog/ HTTP/1.1" 200 11656 "http://mysite.com/blog" "Mozilla/5.0 (compatible; Steeler/3.5; http://www.tkl.iis.u-tokyo.ac.jp/~crawler/)"
71.176.66.73 - - [14/Jan/2013:14:45:43 -0600] "GET /robots.txt HTTP/1.0" 200 291 "-" "Mozilla/5.0 (compatible; MJ12bot/v1.4.3; http://www.majestic12.co.uk/bot.php?+)"
71.176.66.73 - - [14/Jan/2013:14:45:47 -0600] "GET / HTTP/1.1" 302 410 "-" "Mozilla/5.0 (compatible; MJ12bot/v1.4.3; http://www.majestic12.co.uk/bot.php?+)"
71.176.66.73 - - [14/Jan/2013:14:45:49 -0600] "GET /blog/ HTTP/1.1" 200 40487 "-" "Mozilla/5.0 (compatible; MJ12bot/v1.4.3; http://www.majestic12.co.uk/bot.php?+)"
178.154.163.29 - - [14/Jan/2013:14:46:26 -0600] "GET /blog/for-better-or-for-awesome/ HTTP/1.1" 200 3964 "-" "Mozilla/5.0 (compatible; YandexBot/3.0; +http://yandex.com/bots)"
201.78.113.155 - - [14/Jan/2013:15:04:31 -0600] "GET /blog/arrival-at-quebec-city/ HTTP/1.1" 200 9329 "-" "Mozilla/5.0 (compatible; Googlebot/2.1; +http://www.google.com/bot.html)"
178.154.163.29 - - [14/Jan/2013:15:11:20 -0600] "GET /blog/dreaming-of-andalusia-oklahoma/ HTTP/1.1" 200 3247 "-" "Mozilla/5.0 (compatible; YandexBot/3.0; +http://yandex.com/bots)"
119.63.193.195 - - [14/Jan/2013:15:16:40 -0600] "GET / HTTP/1.1" 302 429 "-" "Mozilla/4.0 (compatible; MSIE 7.0; Windows NT 6.0)"
208.115.111.70 - - [14/Jan/2013:15:28:57 -0600] "GET /blog/day-in-the-life/ HTTP/1.1" 200 8766 "-" "Mozilla/5.0 (compatible; Ezooms/1.0; ezooms.bot@gmail.com)"
66.249.74.38 - - [14/Jan/2013:15:38:00 -0600] "GET /blog/os-x-madplay/ HTTP/1.1" 200 4329 "-" "Mozilla/5.0 (iPhone; U; CPU iPhone OS 4_1 like Mac OS X; en-us) AppleWebKit/532.9 (KHTML, like Gecko) Version/4.0.5 Mobile/8B117 Safari/6531.22.7 (compatible; Googlebot-Mobile/2.1; +http://www.google.com/bot.html)"
66.249.74.38 - - [14/Jan/2013:15:44:18 -0600] "GET /blog/page/2/?view=month&course=1&cal_d=1&cal_m=3&cal_y=1964 HTTP/1.1" 200 15349 "-" "Mozilla/5.0 (compatible; Googlebot/2.1; +http://www.google.com/bot.html)"
66.249.74.38 - - [14/Jan/2013:15:46:10 -0600] "GET /blog/wp-content/uploads/2010/07/network_m.jpg HTTP/1.1" 200 16126 "-" "Mozilla/5.0 (compatible; Googlebot/2.1; +http://www.google.com/bot.html)"
61.135.248.194 - - [14/Jan/2013:16:26:43 -0600] "GET / HTTP/1.1" 302 411 "-" "Mozilla/5.0 (compatible; YodaoBot/1.0; http://www.yodao.com/help/webmaster/spider/; )"
61.135.248.194 - - [14/Jan/2013:16:26:43 -0600] "GET /robots.txt HTTP/1.1" 200 272 "-" "Mozilla/5.0 (compatible; YodaoBot/1.0; http://www.yodao.com/help/webmaster/spider/; )"
61.135.248.194 - - [14/Jan/2013:16:26:43 -0600] "GET /blog/ HTTP/1.1" 200 11637 "-" "Mozilla/5.0 (compatible; YodaoBot/1.0; http://www.yodao.com/help/webmaster/spider/; )"
180.76.6.35 - - [14/Jan/2013:16:27:54 -0600] "GET /blog/change-is-good/ HTTP/1.1" 200 3542 "-" "Mozilla/5.0 (compatible; Baiduspider/2.0; +http://www.baidu.com/search/spider.html)"
208.115.113.86 - - [14/Jan/2013:16:34:01 -0600] "GET /robots.txt HTTP/1.1" 200 272 "-" "Mozilla/5.0 (compatible; Ezooms/1.0; ezooms.bot@gmail.com)"
123.125.71.95 - - [14/Jan/2013:16:38:52 -0600] "GET / HTTP/1.1" 302 429 "-" "Mozilla/5.0 (compatible; Baiduspider/2.0; +http://www.baidu.com/search/spider.html)"
202.46.61.23 - - [14/Jan/2013:16:39:39 -0600] "GET / HTTP/1.1" 302 429 "-" "Mozilla/4.0 (compatible; MSIE 7.0; Windows NT 6.0)"
119.63.193.196 - - [14/Jan/2013:16:39:43 -0600] "GET / HTTP/1.1" 302 429 "-" "Mozilla/4.0 (compatible; MSIE 7.0; Windows NT 6.0)"
220.181.108.144 - - [14/Jan/2013:16:39:44 -0600] "GET / HTTP/1.1" 302 429 "-" "Mozilla/5.0 (compatible; Baiduspider/2.0; +http://www.baidu.com/search/spider.html)"
66.249.74.38 - - [14/Jan/2013:17:10:54 -0600] "GET /blog/disable-speed-dial-feature-in-firefox-13/ HTTP/1.1" 200 3792 "-" "Mozilla/5.0 (compatible; Googlebot/2.1; +http://www.google.com/bot.html)"
208.115.113.86 - - [14/Jan/2013:17:23:41 -0600] "GET /blog/medellin-colombia/ HTTP/1.1" 200 8448 "-" "Mozilla/5.0 (compatible; Ezooms/1.0; ezooms.bot@gmail.com)"
208.115.113.86 - - [14/Jan/2013:17:23:47 -0600] "GET /blog/osx-change-root-shell/feed/ HTTP/1.1" 200 1106 "-" "Mozilla/5.0 (compatible; Ezooms/1.0; ezooms.bot@gmail.com)"
96.254.171.2 - - [14/Jan/2013:17:33:10 -0600] "GET http://gameframe.net/headers HTTP/1.1" 404 369 "-" "Mozilla/5.0 (Windows; U; Windows NT 6.1; en-US; rv:1.9.2.28) Gecko/20120306 Firefox/3.6.28 (.NET CLR 3.5.30729)"
37.1.207.22 - - [14/Jan/2013:17:37:07 -0600] "GET /blog/wp-content/themes/kaboodle/timthumb.php HTTP/1.1" 404 40644 "-" "Mozilla/5.0 (Macintosh; Intel Mac OS X 10_6_8) AppleWebKit/535.7 (KHTML, like Gecko) Chrome/16.0.912.77 Safari/535.7"
180.76.5.194 - - [14/Jan/2013:17:39:16 -0600] "GET /blog/tag/file-permissions/feed/ HTTP/1.1" 200 3092 "-" "Mozilla/5.0 (compatible; Baiduspider/2.0; +http://www.baidu.com/search/spider.html)"
123.125.71.102 - - [14/Jan/2013:17:40:25 -0600] "GET / HTTP/1.1" 302 429 "-" "Mozilla/5.0 (compatible; Baiduspider/2.0; +http://www.baidu.com/search/spider.html)"
220.181.108.161 - - [14/Jan/2013:17:40:54 -0600] "GET / HTTP/1.1" 302 429 "-" "Mozilla/5.0 (compatible; Baiduspider/2.0; +http://www.baidu.com/search/spider.html)"
92.66.127.86 - - [14/Jan/2013:18:08:38 -0600] "GET /blog/ HTTP/1.1" 200 40487 "-" "curl/7.21.4 (universal-apple-darwin11.0) libcurl/7.21.4 OpenSSL/0.9.8r zlib/1.2.5"
83.84.118.205 - - [14/Jan/2013:18:08:47 -0600] "GET /blog/linux-shared-library-error/ HTTP/1.1" 200 3717 "https://www.google.nl/" "Mozilla/5.0 (Windows NT 6.1; WOW64) AppleWebKit/537.17 (KHTML, like Gecko) Chrome/24.0.1312.52 Safari/537.17"
83.84.118.205 - - [14/Jan/2013:18:08:48 -0600] "GET /blog/wp-content/themes/koi-improved/style.css HTTP/1.1" 200 4122 "http://mysite.com/blog/linux-shared-library-error/" "Mozilla/5.0 (Windows NT 6.1; WOW64) AppleWebKit/537.17 (KHTML, like Gecko) Chrome/24.0.1312.52 Safari/537.17"
83.84.118.205 - - [14/Jan/2013:18:08:48 -0600] "GET /blog/wp-content/plugins/codecolorer/codecolorer.css?ver=0.9.9 HTTP/1.1" 200 2393 "http://mysite.com/blog/linux-shared-library-error/" "Mozilla/5.0 (Windows NT 6.1; WOW64) AppleWebKit/537.17 (KHTML, like Gecko) Chrome/24.0.1312.52 Safari/537.17"
83.84.118.205 - - [14/Jan/2013:18:08:48 -0600] "GET /blog/wp-includes/js/comment-reply.min.js?ver=3.5 HTTP/1.1" 200 746 "http://mysite.com/blog/linux-shared-library-error/" "Mozilla/5.0 (Windows NT 6.1; WOW64) AppleWebKit/537.17 (KHTML, like Gecko) Chrome/24.0.1312.52 Safari/537.17"
83.84.118.205 - - [14/Jan/2013:18:08:48 -0600] "GET /blog/wp-content/themes/koi-improved/img/paper-bg.jpg HTTP/1.1" 200 15312 "http://mysite.com/blog/linux-shared-library-error/" "Mozilla/5.0 (Windows NT 6.1; WOW64) AppleWebKit/537.17 (KHTML, like Gecko) Chrome/24.0.1312.52 Safari/537.17"
83.84.118.205 - - [14/Jan/2013:18:08:48 -0600] "GET /blog/wp-content/themes/koi-improved/img/socialmedia/rss.png HTTP/1.1" 200 1759 "http://mysite.com/blog/linux-shared-library-error/" "Mozilla/5.0 (Windows NT 6.1; WOW64) AppleWebKit/537.17 (KHTML, like Gecko) Chrome/24.0.1312.52 Safari/537.17"
83.84.118.205 - - [14/Jan/2013:18:08:48 -0600] "GET /blog/wp-content/themes/koi-improved/yellow.css HTTP/1.1" 404 11836 "http://mysite.com/blog/linux-shared-library-error/" "Mozilla/5.0 (Windows NT 6.1; WOW64) AppleWebKit/537.17 (KHTML, like Gecko) Chrome/24.0.1312.52 Safari/537.17"
83.84.118.205 - - [14/Jan/2013:18:08:49 -0600] "GET /blog/wp-content/themes/koi-improved/img/post-nav-rule.png HTTP/1.1" 200 530 "http://mysite.com/blog/linux-shared-library-error/" "Mozilla/5.0 (Windows NT 6.1; WOW64) AppleWebKit/537.17 (KHTML, like Gecko) Chrome/24.0.1312.52 Safari/537.17"
83.84.118.205 - - [14/Jan/2013:18:08:49 -0600] "GET /blog/wp-content/themes/koi-improved/img/post-nav-bg.png HTTP/1.1" 200 2232 "http://mysite.com/blog/linux-shared-library-error/" "Mozilla/5.0 (Windows NT 6.1; WOW64) AppleWebKit/537.17 (KHTML, like Gecko) Chrome/24.0.1312.52 Safari/537.17"
92.66.127.86 - - [14/Jan/2013:18:08:48 -0600] "GET /blog/ HTTP/1.1" 200 40487 "-" "curl/7.21.4 (universal-apple-darwin11.0) libcurl/7.21.4 OpenSSL/0.9.8r zlib/1.2.5"
83.84.118.205 - - [14/Jan/2013:18:08:49 -0600] "GET /blog/wp-content/themes/koi-improved/img/header.gif HTTP/1.1" 200 61485 "http://mysite.com/blog/linux-shared-library-error/" "Mozilla/5.0 (Windows NT 6.1; WOW64) AppleWebKit/537.17 (KHTML, like Gecko) Chrome/24.0.1312.52 Safari/537.17"
83.84.118.205 - - [14/Jan/2013:18:08:49 -0600] "GET /blog/wp-content/themes/koi-improved/img/top-illustration.gif HTTP/1.1" 200 73677 "http://mysite.com/blog/linux-shared-library-error/" "Mozilla/5.0 (Windows NT 6.1; WOW64) AppleWebKit/537.17 (KHTML, like Gecko) Chrome/24.0.1312.52 Safari/537.17"
83.84.118.205 - - [14/Jan/2013:18:08:49 -0600] "GET /blog/wp-content/themes/koi-improved/img/footer.gif HTTP/1.1" 200 44307 "http://mysite.com/blog/linux-shared-library-error/" "Mozilla/5.0 (Windows NT 6.1; WOW64) AppleWebKit/537.17 (KHTML, like Gecko) Chrome/24.0.1312.52 Safari/537.17"
83.84.118.205 - - [14/Jan/2013:18:08:50 -0600] "GET /favicon.ico HTTP/1.1" 302 466 "-" "Mozilla/5.0 (Windows NT 6.1; WOW64) AppleWebKit/537.17 (KHTML, like Gecko) Chrome/24.0.1312.52 Safari/537.17"
83.84.118.205 - - [14/Jan/2013:18:08:50 -0600] "GET /blog/ HTTP/1.1" 200 11692 "-" "Mozilla/5.0 (Windows NT 6.1; WOW64) AppleWebKit/537.17 (KHTML, like Gecko) Chrome/24.0.1312.52 Safari/537.17"
92.66.127.86 - - [14/Jan/2013:18:08:53 -0600] "GET /blog/ HTTP/1.1" 200 40487 "-" "curl/7.21.4 (universal-apple-darwin11.0) libcurl/7.21.4 OpenSSL/0.9.8r zlib/1.2.5"
69.58.178.59 - - [14/Jan/2013:18:12:59 -0600] "GET /robots.txt HTTP/1.1" 200 272 "-" "BlackBerry9000/4.6.0.167 Profile/MIDP-2.0 Configuration/CLDC-1.1 VendorID/102 ips-agent"
69.58.178.59 - - [14/Jan/2013:18:13:00 -0600] "GET / HTTP/1.1" 403 370 "-" "BlackBerry9000/4.6.0.167 Profile/MIDP-2.0 Configuration/CLDC-1.1 VendorID/102 ips-agent"
69.58.178.59 - - [14/Jan/2013:18:13:01 -0600] "GET / HTTP/1.1" 403 370 "-" "Mozilla/5.0 (X11; Ubuntu; Linux i686; rv:14.0; ips-agent) Gecko/20100101 Firefox/14.0.1"
173.255.106.146 - - [14/Jan/2013:18:19:07 -0600] "GET /blog/cpan-changing-permissions-on-osx/ HTTP/1.1" 200 4308 "http://www.google.com/url?sa=t&rct=j&q=&esrc=s&source=web&cd=1&ved=0CDIQFjAA&url=http%3A%2F%2Fmysite.com%2Fblog%2Fcpan-changing-permissions-on-osx%2F&ei=eKD0UJnIHKr8igKVuYDYDQ&usg=AFQjCNE06zD3u0X0IbpLUs0dTCCnv34RXQ&bvm=bv.41018144,d.cGE" "Mozilla/5.0 (Macintosh; Intel Mac OS X 10.6; rv:18.0) Gecko/20100101 Firefox/18.0"
173.255.106.146 - - [14/Jan/2013:18:19:08 -0600] "GET /blog/wp-content/themes/koi-improved/style.css HTTP/1.1" 200 4122 "http://mysite.com/blog/cpan-changing-permissions-on-osx/" "Mozilla/5.0 (Macintosh; Intel Mac OS X 10.6; rv:18.0) Gecko/20100101 Firefox/18.0"
173.255.106.146 - - [14/Jan/2013:18:19:08 -0600] "GET /blog/wp-content/plugins/codecolorer/codecolorer.css?ver=0.9.9 HTTP/1.1" 200 2393 "http://mysite.com/blog/cpan-changing-permissions-on-osx/" "Mozilla/5.0 (Macintosh; Intel Mac OS X 10.6; rv:18.0) Gecko/20100101 Firefox/18.0"
173.255.106.146 - - [14/Jan/2013:18:19:08 -0600] "GET /blog/wp-includes/js/comment-reply.min.js?ver=3.5 HTTP/1.1" 200 747 "http://mysite.com/blog/cpan-changing-permissions-on-osx/" "Mozilla/5.0 (Macintosh; Intel Mac OS X 10.6; rv:18.0) Gecko/20100101 Firefox/18.0"
173.255.106.146 - - [14/Jan/2013:18:19:08 -0600] "GET /blog/wp-content/themes/koi-improved/img/socialmedia/rss.png HTTP/1.1" 200 1760 "http://mysite.com/blog/cpan-changing-permissions-on-osx/" "Mozilla/5.0 (Macintosh; Intel Mac OS X 10.6; rv:18.0) Gecko/20100101 Firefox/18.0"
173.255.106.146 - - [14/Jan/2013:18:19:08 -0600] "GET /blog/wp-content/themes/koi-improved/yellow.css HTTP/1.1" 404 11837 "http://mysite.com/blog/cpan-changing-permissions-on-osx/" "Mozilla/5.0 (Macintosh; Intel Mac OS X 10.6; rv:18.0) Gecko/20100101 Firefox/18.0"
173.255.106.146 - - [14/Jan/2013:18:19:09 -0600] "GET /blog/wp-content/uploads/2010/06/code5.jpg HTTP/1.1" 200 31149 "http://mysite.com/blog/cpan-changing-permissions-on-osx/" "Mozilla/5.0 (Macintosh; Intel Mac OS X 10.6; rv:18.0) Gecko/20100101 Firefox/18.0"
173.255.106.146 - - [14/Jan/2013:18:19:09 -0600] "GET /blog/wp-content/themes/koi-improved/img/post-nav-rule.png HTTP/1.1" 200 530 "http://mysite.com/blog/wp-content/themes/koi-improved/style.css" "Mozilla/5.0 (Macintosh; Intel Mac OS X 10.6; rv:18.0) Gecko/20100101 Firefox/18.0"
173.255.106.146 - - [14/Jan/2013:18:19:09 -0600] "GET /blog/wp-content/themes/koi-improved/img/paper-bg.jpg HTTP/1.1" 200 15311 "http://mysite.com/blog/wp-content/themes/koi-improved/style.css" "Mozilla/5.0 (Macintosh; Intel Mac OS X 10.6; rv:18.0) Gecko/20100101 Firefox/18.0"
173.255.106.146 - - [14/Jan/2013:18:19:09 -0600] "GET /blog/wp-content/themes/koi-improved/img/post-nav-bg.png HTTP/1.1" 200 2231 "http://mysite.com/blog/wp-content/themes/koi-improved/style.css" "Mozilla/5.0 (Macintosh; Intel Mac OS X 10.6; rv:18.0) Gecko/20100101 Firefox/18.0"
173.255.106.146 - - [14/Jan/2013:18:19:09 -0600] "GET /blog/wp-content/themes/koi-improved/img/footer.gif HTTP/1.1" 200 44307 "http://mysite.com/blog/wp-content/themes/koi-improved/style.css" "Mozilla/5.0 (Macintosh; Intel Mac OS X 10.6; rv:18.0) Gecko/20100101 Firefox/18.0"
173.255.106.146 - - [14/Jan/2013:18:19:09 -0600] "GET /blog/wp-content/themes/koi-improved/img/header.gif HTTP/1.1" 200 61485 "http://mysite.com/blog/wp-content/themes/koi-improved/style.css" "Mozilla/5.0 (Macintosh; Intel Mac OS X 10.6; rv:18.0) Gecko/20100101 Firefox/18.0"
173.255.106.146 - - [14/Jan/2013:18:19:09 -0600] "GET /blog/wp-content/themes/koi-improved/img/top-illustration.gif HTTP/1.1" 200 73677 "http://mysite.com/blog/wp-content/themes/koi-improved/style.css" "Mozilla/5.0 (Macintosh; Intel Mac OS X 10.6; rv:18.0) Gecko/20100101 Firefox/18.0"
173.255.106.146 - - [14/Jan/2013:18:19:10 -0600] "GET /favicon.ico HTTP/1.1" 302 466 "-" "Mozilla/5.0 (Macintosh; Intel Mac OS X 10.6; rv:18.0) Gecko/20100101 Firefox/18.0"
173.255.106.146 - - [14/Jan/2013:18:19:10 -0600] "GET /blog/take-action-now/ HTTP/1.1" 200 3774 "http://mysite.com/blog/cpan-changing-permissions-on-osx/" "Mozilla/5.0 (Macintosh; Intel Mac OS X 10.6; rv:18.0) Gecko/20100101 Firefox/18.0"
173.255.106.146 - - [14/Jan/2013:18:19:10 -0600] "GET /blog/ HTTP/1.1" 200 11692 "-" "Mozilla/5.0 (Macintosh; Intel Mac OS X 10.6; rv:18.0) Gecko/20100101 Firefox/18.0"
92.66.127.86 - - [14/Jan/2013:18:30:46 -0600] "GET /BoggleGame-Dancer HTTP/1.1" 301 507 "-" "Mozilla/5.0 (Macintosh; Intel Mac OS X 10.7; rv:18.0) Gecko/20100101 Firefox/18.0"
92.66.127.86 - - [14/Jan/2013:18:30:46 -0600] "GET /BoggleGame-Dancer/ HTTP/1.1" 403 439 "-" "Mozilla/5.0 (Macintosh; Intel Mac OS X 10.7; rv:18.0) Gecko/20100101 Firefox/18.0"
92.66.127.86 - - [14/Jan/2013:18:30:47 -0600] "GET /favicon.ico HTTP/1.1" 302 466 "-" "Mozilla/5.0 (Macintosh; Intel Mac OS X 10.7; rv:18.0) Gecko/20100101 Firefox/18.0"
92.66.127.86 - - [14/Jan/2013:18:30:47 -0600] "GET /blog/ HTTP/1.1" 200 11692 "-" "Mozilla/5.0 (Macintosh; Intel Mac OS X 10.7; rv:18.0) Gecko/20100101 Firefox/18.0"
92.66.127.86 - - [14/Jan/2013:18:30:53 -0600] "GET / HTTP/1.1" 302 467 "-" "Mozilla/5.0 (Macintosh; Intel Mac OS X 10.7; rv:18.0) Gecko/20100101 Firefox/18.0"
92.66.127.86 - - [14/Jan/2013:18:30:54 -0600] "GET /blog/ HTTP/1.1" 200 11692 "-" "Mozilla/5.0 (Macintosh; Intel Mac OS X 10.7; rv:18.0) Gecko/20100101 Firefox/18.0"
92.66.127.86 - - [14/Jan/2013:18:30:55 -0600] "GET /blog/wp-content/plugins/codecolorer/codecolorer.css?ver=0.9.9 HTTP/1.1" 200 2393 "http://mysite.com/blog/" "Mozilla/5.0 (Macintosh; Intel Mac OS X 10.7; rv:18.0) Gecko/20100101 Firefox/18.0"
92.66.127.86 - - [14/Jan/2013:18:30:55 -0600] "GET /blog/wp-content/themes/koi-improved/style.css HTTP/1.1" 200 4122 "http://mysite.com/blog/" "Mozilla/5.0 (Macintosh; Intel Mac OS X 10.7; rv:18.0) Gecko/20100101 Firefox/18.0"
92.66.127.86 - - [14/Jan/2013:18:30:55 -0600] "GET /blog/wp-content/themes/koi-improved/img/socialmedia/rss.png HTTP/1.1" 200 1759 "http://mysite.com/blog/" "Mozilla/5.0 (Macintosh; Intel Mac OS X 10.7; rv:18.0) Gecko/20100101 Firefox/18.0"
92.66.127.86 - - [14/Jan/2013:18:30:55 -0600] "GET /blog/wp-content/themes/koi-improved/yellow.css HTTP/1.1" 404 11836 "http://mysite.com/blog/" "Mozilla/5.0 (Macintosh; Intel Mac OS X 10.7; rv:18.0) Gecko/20100101 Firefox/18.0"
92.66.127.86 - - [14/Jan/2013:18:30:56 -0600] "GET /blog/wp-content/themes/koi-improved/img/top-illustration.gif HTTP/1.1" 200 73677 "http://mysite.com/blog/wp-content/themes/koi-improved/style.css" "Mozilla/5.0 (Macintosh; Intel Mac OS X 10.7; rv:18.0) Gecko/20100101 Firefox/18.0"
92.66.127.86 - - [14/Jan/2013:18:30:56 -0600] "GET /blog/wp-content/themes/koi-improved/img/paper-bg.jpg HTTP/1.1" 200 15311 "http://mysite.com/blog/wp-content/themes/koi-improved/style.css" "Mozilla/5.0 (Macintosh; Intel Mac OS X 10.7; rv:18.0) Gecko/20100101 Firefox/18.0"
92.66.127.86 - - [14/Jan/2013:18:30:56 -0600] "GET /blog/wp-content/themes/koi-improved/img/header.gif HTTP/1.1" 200 61486 "http://mysite.com/blog/wp-content/themes/koi-improved/style.css" "Mozilla/5.0 (Macintosh; Intel Mac OS X 10.7; rv:18.0) Gecko/20100101 Firefox/18.0"
92.66.127.86 - - [14/Jan/2013:18:30:56 -0600] "GET /blog/wp-content/themes/koi-improved/img/post-nav-bg.png HTTP/1.1" 200 2232 "http://mysite.com/blog/wp-content/themes/koi-improved/style.css" "Mozilla/5.0 (Macintosh; Intel Mac OS X 10.7; rv:18.0) Gecko/20100101 Firefox/18.0"
92.66.127.86 - - [14/Jan/2013:18:30:56 -0600] "GET /blog/wp-content/themes/koi-improved/img/post-nav-rule.png HTTP/1.1" 200 531 "http://mysite.com/blog/wp-content/themes/koi-improved/style.css" "Mozilla/5.0 (Macintosh; Intel Mac OS X 10.7; rv:18.0) Gecko/20100101 Firefox/18.0"
92.66.127.86 - - [14/Jan/2013:18:30:56 -0600] "GET /blog/wp-content/themes/koi-improved/img/footer.gif HTTP/1.1" 200 44308 "http://mysite.com/blog/wp-content/themes/koi-improved/style.css" "Mozilla/5.0 (Macintosh; Intel Mac OS X 10.7; rv:18.0) Gecko/20100101 Firefox/18.0"
81.64.42.154 - - [14/Jan/2013:18:34:28 -0600] "GET /blog/wp-content/uploads/2010/06/code5.jpg HTTP/1.1" 200 31149 "http://www.google.co.uk/imgres?q=perl+code&um=1&hl=en&sa=N&tbo=d&rlz=1C1DVCL_enFR429FR429&biw=1280&bih=863&tbm=isch&tbnid=SRrsAJ-qab5SDM:&imgrefurl=http://mysite.com/blog/cpan-changing-permissions-on-osx/&docid=8n0nmbfryz2oMM&imgurl=http://mysite.com/blog/wp-content/uploads/2010/06/code5.jpg&w=240&h=180&ei=46P0UJKQHpKzhAeUmoH4DQ&zoom=1&iact=rc&dur=6&sig=114759389314555926759&page=1&tbnh=144&tbnw=192&start=0&ndsp=31&ved=1t:429,r:18,s:0,i:136&tx=135&ty=109" "Mozilla/5.0 (Windows NT 5.1) AppleWebKit/537.17 (KHTML, like Gecko) Chrome/24.0.1312.52 Safari/537.17"
81.64.42.154 - - [14/Jan/2013:18:34:28 -0600] "GET /blog/cpan-changing-permissions-on-osx/ HTTP/1.1" 200 4308 "http://www.google.co.uk/imgres?q=perl+code&um=1&hl=en&sa=N&tbo=d&rlz=1C1DVCL_enFR429FR429&biw=1280&bih=863&tbm=isch&tbnid=SRrsAJ-qab5SDM:&imgrefurl=http://mysite.com/blog/cpan-changing-permissions-on-osx/&docid=8n0nmbfryz2oMM&imgurl=http://mysite.com/blog/wp-content/uploads/2010/06/code5.jpg&w=240&h=180&ei=46P0UJKQHpKzhAeUmoH4DQ&zoom=1&iact=rc&dur=6&sig=114759389314555926759&page=1&tbnh=144&tbnw=192&start=0&ndsp=31&ved=1t:429,r:18,s:0,i:136&tx=135&ty=109" "Mozilla/5.0 (Windows NT 5.1) AppleWebKit/537.17 (KHTML, like Gecko) Chrome/24.0.1312.52 Safari/537.17"
81.64.42.154 - - [14/Jan/2013:18:34:29 -0600] "GET /blog/wp-content/themes/koi-improved/style.css HTTP/1.1" 200 4122 "http://mysite.com/blog/cpan-changing-permissions-on-osx/" "Mozilla/5.0 (Windows NT 5.1) AppleWebKit/537.17 (KHTML, like Gecko) Chrome/24.0.1312.52 Safari/537.17"
81.64.42.154 - - [14/Jan/2013:18:34:29 -0600] "GET /blog/wp-content/plugins/codecolorer/codecolorer.css?ver=0.9.9 HTTP/1.1" 200 2392 "http://mysite.com/blog/cpan-changing-permissions-on-osx/" "Mozilla/5.0 (Windows NT 5.1) AppleWebKit/537.17 (KHTML, like Gecko) Chrome/24.0.1312.52 Safari/537.17"
92.66.127.86 - - [14/Jan/2013:18:34:29 -0600] "GET /blog/ HTTP/1.1" 200 11693 "-" "Mozilla/5.0 (Macintosh; Intel Mac OS X 10.7; rv:18.0) Gecko/20100101 Firefox/18.0"
81.64.42.154 - - [14/Jan/2013:18:34:29 -0600] "GET /blog/wp-includes/js/comment-reply.min.js?ver=3.5 HTTP/1.1" 200 746 "http://mysite.com/blog/cpan-changing-permissions-on-osx/" "Mozilla/5.0 (Windows NT 5.1) AppleWebKit/537.17 (KHTML, like Gecko) Chrome/24.0.1312.52 Safari/537.17"
81.64.42.154 - - [14/Jan/2013:18:34:29 -0600] "GET /blog/wp-content/themes/koi-improved/img/paper-bg.jpg HTTP/1.1" 200 15312 "http://mysite.com/blog/cpan-changing-permissions-on-osx/" "Mozilla/5.0 (Windows NT 5.1) AppleWebKit/537.17 (KHTML, like Gecko) Chrome/24.0.1312.52 Safari/537.17"
92.66.127.86 - - [14/Jan/2013:18:34:29 -0600] "GET /blog/wp-content/plugins/codecolorer/codecolorer.css?ver=0.9.9 HTTP/1.1" 304 194 "http://mysite.com/blog/" "Mozilla/5.0 (Macintosh; Intel Mac OS X 10.7; rv:18.0) Gecko/20100101 Firefox/18.0"
81.64.42.154 - - [14/Jan/2013:18:34:29 -0600] "GET /blog/wp-content/themes/koi-improved/yellow.css HTTP/1.1" 404 11836 "http://mysite.com/blog/cpan-changing-permissions-on-osx/" "Mozilla/5.0 (Windows NT 5.1) AppleWebKit/537.17 (KHTML, like Gecko) Chrome/24.0.1312.52 Safari/537.17"
81.64.42.154 - - [14/Jan/2013:18:34:30 -0600] "GET /blog/wp-content/themes/koi-improved/img/socialmedia/rss.png HTTP/1.1" 200 1759 "http://mysite.com/blog/cpan-changing-permissions-on-osx/" "Mozilla/5.0 (Windows NT 5.1) AppleWebKit/537.17 (KHTML, like Gecko) Chrome/24.0.1312.52 Safari/537.17"
92.66.127.86 - - [14/Jan/2013:18:34:29 -0600] "GET /blog/wp-content/themes/koi-improved/yellow.css HTTP/1.1" 404 11837 "http://mysite.com/blog/" "Mozilla/5.0 (Macintosh; Intel Mac OS X 10.7; rv:18.0) Gecko/20100101 Firefox/18.0"
81.64.42.154 - - [14/Jan/2013:18:34:30 -0600] "GET /blog/wp-content/themes/koi-improved/img/post-nav-rule.png HTTP/1.1" 200 530 "http://mysite.com/blog/cpan-changing-permissions-on-osx/" "Mozilla/5.0 (Windows NT 5.1) AppleWebKit/537.17 (KHTML, like Gecko) Chrome/24.0.1312.52 Safari/537.17"
81.64.42.154 - - [14/Jan/2013:18:34:30 -0600] "GET /blog/wp-content/themes/koi-improved/img/post-nav-bg.png HTTP/1.1" 200 2232 "http://mysite.com/blog/cpan-changing-permissions-on-osx/" "Mozilla/5.0 (Windows NT 5.1) AppleWebKit/537.17 (KHTML, like Gecko) Chrome/24.0.1312.52 Safari/537.17"
81.64.42.154 - - [14/Jan/2013:18:34:30 -0600] "GET /blog/wp-content/themes/koi-improved/img/top-illustration.gif HTTP/1.1" 200 73677 "http://mysite.com/blog/cpan-changing-permissions-on-osx/" "Mozilla/5.0 (Windows NT 5.1) AppleWebKit/537.17 (KHTML, like Gecko) Chrome/24.0.1312.52 Safari/537.17"
81.64.42.154 - - [14/Jan/2013:18:34:30 -0600] "GET /blog/wp-content/themes/koi-improved/img/header.gif HTTP/1.1" 200 61485 "http://mysite.com/blog/cpan-changing-permissions-on-osx/" "Mozilla/5.0 (Windows NT 5.1) AppleWebKit/537.17 (KHTML, like Gecko) Chrome/24.0.1312.52 Safari/537.17"
81.64.42.154 - - [14/Jan/2013:18:34:31 -0600] "GET /blog/wp-content/themes/koi-improved/img/footer.gif HTTP/1.1" 200 44307 "http://mysite.com/blog/cpan-changing-permissions-on-osx/" "Mozilla/5.0 (Windows NT 5.1) AppleWebKit/537.17 (KHTML, like Gecko) Chrome/24.0.1312.52 Safari/537.17"
123.125.71.117 - - [14/Jan/2013:18:38:32 -0600] "GET / HTTP/1.1" 302 429 "-" "Mozilla/5.0 (compatible; Baiduspider/2.0; +http://www.baidu.com/search/spider.html)"
220.181.108.170 - - [14/Jan/2013:18:39:23 -0600] "GET / HTTP/1.1" 302 429 "-" "Mozilla/5.0 (compatible; Baiduspider/2.0; +http://www.baidu.com/search/spider.html)"
66.249.74.38 - - [14/Jan/2013:18:42:45 -0600] "GET /robots.txt HTTP/1.1" 200 355 "-" "Mozilla/5.0 (compatible; Googlebot/2.1; +http://www.google.com/bot.html)"
66.249.74.38 - - [14/Jan/2013:18:42:46 -0600] "GET /blog/basic-perl-log-function/ HTTP/1.1" 200 3733 "-" "Mozilla/5.0 (compatible; Googlebot/2.1; +http://www.google.com/bot.html)"
108.174.194.111 - - [14/Jan/2013:18:43:10 -0600] "GET /blog/spanish-resources/ HTTP/1.1" 200 3721 "http://mysite.com/" "Mozilla/5.0 (Windows NT 6.1; WOW64) AppleWebKit/535.1 (KHTML, like Gecko) Chrome/13.0.782.112 Safari/535.1"
108.174.194.111 - - [14/Jan/2013:18:43:11 -0600] "GET /blog/remove-ubuntudebian-version-from-sshd-server-string/ HTTP/1.1" 200 3333 "http://mysite.com/" "Mozilla/5.0 (Windows NT 6.1; WOW64) AppleWebKit/535.1 (KHTML, like Gecko) Chrome/13.0.782.112 Safari/535.1"
108.174.194.111 - - [14/Jan/2013:18:43:11 -0600] "POST /blog/wp-comments-post.php HTTP/1.1" 500 4437 "http://mysite.com/blog/remove-ubuntudebian-version-from-sshd-server-string/" "Mozilla/5.0 (Windows NT 6.1; WOW64) AppleWebKit/535.1 (KHTML, like Gecko) Chrome/13.0.782.112 Safari/535.1"
119.63.193.131 - - [14/Jan/2013:18:51:20 -0600] "GET / HTTP/1.1" 302 429 "-" "Mozilla/4.0 (compatible; MSIE 7.0; Windows NT 6.0)"
180.76.5.64 - - [14/Jan/2013:19:06:51 -0600] "GET /blog/tag/belgium/feed/ HTTP/1.1" 200 2364 "-" "Mozilla/5.0 (compatible; Baiduspider/2.0; +http://www.baidu.com/search/spider.html)"
61.135.249.131 - - [14/Jan/2013:19:20:13 -0600] "GET / HTTP/1.1" 302 411 "-" "Mozilla/5.0 (compatible; YodaoBot/1.0; http://www.yodao.com/help/webmaster/spider/; )"
61.135.249.131 - - [14/Jan/2013:19:20:13 -0600] "GET /robots.txt HTTP/1.1" 200 255 "-" "Mozilla/5.0 (compatible; YodaoBot/1.0; http://www.yodao.com/help/webmaster/spider/; )"
61.135.249.131 - - [14/Jan/2013:19:20:13 -0600] "GET /blog/ HTTP/1.1" 200 11637 "-" "Mozilla/5.0 (compatible; YodaoBot/1.0; http://www.yodao.com/help/webmaster/spider/; )"
123.151.148.207 - - [14/Jan/2013:19:37:54 -0600] "GET / HTTP/1.1" 302 467 "-" "Sosospider+(+http://help.soso.com/webspider.htm)"
123.151.148.207 - - [14/Jan/2013:19:37:54 -0600] "GET /blog/ HTTP/1.1" 200 11693 "-" "Sosospider+(+http://help.soso.com/webspider.htm)"
123.151.148.207 - - [14/Jan/2013:19:38:04 -0600] "GET /blog/wp-content/themes/koi-improved/yellow.css HTTP/1.1" 404 11837 "http://mysite.com/" "Sosospider+(+http://help.soso.com/webspider.htm)"
119.247.227.238 - - [14/Jan/2013:19:39:16 -0600] "GET /blog/ HTTP/1.1" 200 40506 "-" "Mozilla/4.0 (compatible; MSIE 5.5; Windows NT)"
66.249.74.38 - - [14/Jan/2013:20:15:37 -0600] "GET /robots.txt HTTP/1.1" 200 355 "-" "Mozilla/5.0 (compatible; Googlebot/2.1; +http://www.google.com/bot.html)"
66.249.74.38 - - [14/Jan/2013:20:15:37 -0600] "GET /blog/page/3/ HTTP/1.1" 200 28368 "-" "Mozilla/5.0 (compatible; Googlebot/2.1; +http://www.google.com/bot.html)"
180.76.5.110 - - [14/Jan/2013:20:29:46 -0600] "GET /blog/tag/carrot-soup/ HTTP/1.1" 200 2744 "-" "Mozilla/5.0 (compatible; Baiduspider/2.0; +http://www.baidu.com/search/spider.html)"
66.249.74.38 - - [14/Jan/2013:20:39:36 -0600] "GET /blog/wp-includes/images/smilies/icon_wink.gif HTTP/1.1" 200 444 "http://mysite.com/blog/page/3/" "Mozilla/5.0 (compatible; Googlebot/2.1; +http://www.google.com/bot.html)"
123.125.71.85 - - [14/Jan/2013:20:40:48 -0600] "GET / HTTP/1.1" 302 429 "-" "Mozilla/5.0 (compatible; Baiduspider/2.0; +http://www.baidu.com/search/spider.html)"
220.181.108.146 - - [14/Jan/2013:20:41:17 -0600] "GET / HTTP/1.1" 302 429 "-" "Mozilla/5.0 (compatible; Baiduspider/2.0; +http://www.baidu.com/search/spider.html)"
172.10.181.105 - - [14/Jan/2013:20:47:22 -0600] "GET /blog/linux-shared-library-error/ HTTP/1.1" 200 3717 "http://www.google.com/url?sa=t&rct=j&q=&esrc=s&source=web&cd=4&ved=0CEkQFjAD&url=http%3A%2F%2Fmysite.com%2Fblog%2Flinux-shared-library-error%2F&ei=-pv0ULjPIojE2gW1_YDADQ&usg=AFQjCNEqOGaw6N0t-o1fgvyTViwCNRQQzA&bvm=bv.1357700187,d.b2I&kb=1" "Mozilla/5.0 (X11; Linux i686; rv:17.0) Gecko/20100101 Firefox/17.0 SeaMonkey/2.14.1"
172.10.181.105 - - [14/Jan/2013:20:47:22 -0600] "GET /blog/wp-content/themes/koi-improved/style.css HTTP/1.1" 200 4122 "http://mysite.com/blog/linux-shared-library-error/" "Mozilla/5.0 (X11; Linux i686; rv:17.0) Gecko/20100101 Firefox/17.0 SeaMonkey/2.14.1"
172.10.181.105 - - [14/Jan/2013:20:47:23 -0600] "GET /blog/wp-includes/js/comment-reply.min.js?ver=3.5 HTTP/1.1" 200 747 "http://mysite.com/blog/linux-shared-library-error/" "Mozilla/5.0 (X11; Linux i686; rv:17.0) Gecko/20100101 Firefox/17.0 SeaMonkey/2.14.1"
172.10.181.105 - - [14/Jan/2013:20:47:23 -0600] "GET /blog/wp-content/themes/koi-improved/img/socialmedia/rss.png HTTP/1.1" 200 1760 "http://mysite.com/blog/linux-shared-library-error/" "Mozilla/5.0 (X11; Linux i686; rv:17.0) Gecko/20100101 Firefox/17.0 SeaMonkey/2.14.1"
172.10.181.105 - - [14/Jan/2013:20:47:23 -0600] "GET /blog/wp-content/plugins/codecolorer/codecolorer.css?ver=0.9.9 HTTP/1.1" 200 2393 "http://mysite.com/blog/linux-shared-library-error/" "Mozilla/5.0 (X11; Linux i686; rv:17.0) Gecko/20100101 Firefox/17.0 SeaMonkey/2.14.1"
172.10.181.105 - - [14/Jan/2013:20:47:23 -0600] "GET /blog/wp-content/themes/koi-improved/yellow.css HTTP/1.1" 404 11837 "http://mysite.com/blog/linux-shared-library-error/" "Mozilla/5.0 (X11; Linux i686; rv:17.0) Gecko/20100101 Firefox/17.0 SeaMonkey/2.14.1"
172.10.181.105 - - [14/Jan/2013:20:47:24 -0600] "GET /blog/wp-content/themes/koi-improved/img/paper-bg.jpg HTTP/1.1" 200 15311 "http://mysite.com/blog/wp-content/themes/koi-improved/style.css" "Mozilla/5.0 (X11; Linux i686; rv:17.0) Gecko/20100101 Firefox/17.0 SeaMonkey/2.14.1"
172.10.181.105 - - [14/Jan/2013:20:47:24 -0600] "GET /blog/wp-content/themes/koi-improved/img/post-nav-rule.png HTTP/1.1" 200 530 "http://mysite.com/blog/wp-content/themes/koi-improved/style.css" "Mozilla/5.0 (X11; Linux i686; rv:17.0) Gecko/20100101 Firefox/17.0 SeaMonkey/2.14.1"
172.10.181.105 - - [14/Jan/2013:20:47:24 -0600] "GET /blog/wp-content/themes/koi-improved/img/post-nav-bg.png HTTP/1.1" 200 2231 "http://mysite.com/blog/wp-content/themes/koi-improved/style.css" "Mozilla/5.0 (X11; Linux i686; rv:17.0) Gecko/20100101 Firefox/17.0 SeaMonkey/2.14.1"
172.10.181.105 - - [14/Jan/2013:20:47:24 -0600] "GET /blog/wp-content/themes/koi-improved/img/footer.gif HTTP/1.1" 200 44307 "http://mysite.com/blog/wp-content/themes/koi-improved/style.css" "Mozilla/5.0 (X11; Linux i686; rv:17.0) Gecko/20100101 Firefox/17.0 SeaMonkey/2.14.1"
172.10.181.105 - - [14/Jan/2013:20:47:24 -0600] "GET /blog/wp-content/themes/koi-improved/img/header.gif HTTP/1.1" 200 61485 "http://mysite.com/blog/wp-content/themes/koi-improved/style.css" "Mozilla/5.0 (X11; Linux i686; rv:17.0) Gecko/20100101 Firefox/17.0 SeaMonkey/2.14.1"
172.10.181.105 - - [14/Jan/2013:20:47:24 -0600] "GET /blog/wp-content/themes/koi-improved/img/top-illustration.gif HTTP/1.1" 200 73677 "http://mysite.com/blog/wp-content/themes/koi-improved/style.css" "Mozilla/5.0 (X11; Linux i686; rv:17.0) Gecko/20100101 Firefox/17.0 SeaMonkey/2.14.1"
172.10.181.105 - - [14/Jan/2013:20:47:24 -0600] "GET /blog/dreaming-of-andalusia-oklahoma/ HTTP/1.1" 200 3246 "http://mysite.com/blog/linux-shared-library-error/" "Mozilla/5.0 (X11; Linux i686; rv:17.0) Gecko/20100101 Firefox/17.0 SeaMonkey/2.14.1"
66.249.74.38 - - [14/Jan/2013:20:53:21 -0600] "GET /blog/tag/firefox-speed-dial/ HTTP/1.1" 200 2602 "-" "Mozilla/5.0 (compatible; Googlebot/2.1; +http://www.google.com/bot.html)"
202.46.52.149 - - [14/Jan/2013:21:15:02 -0600] "GET / HTTP/1.1" 302 429 "-" "Mozilla/4.0 (compatible; MSIE 7.0; Windows NT 6.0)"
119.63.193.131 - - [14/Jan/2013:21:16:21 -0600] "GET / HTTP/1.1" 302 429 "-" "Mozilla/4.0 (compatible; MSIE 7.0; Windows NT 6.0)"
123.125.71.75 - - [14/Jan/2013:21:16:36 -0600] "GET /robots.txt HTTP/1.1" 200 318 "-" "Mozilla/5.0 (Windows NT 5.1; rv:6.0.2) Gecko/20100101 Firefox/6.0.2"
65.55.212.174 - - [14/Jan/2013:21:30:21 -0600] "GET /robots.txt HTTP/1.1" 200 318 "-" "msnbot-media/1.1 (+http://search.msn.com/msnbot.htm)"
65.55.212.174 - - [14/Jan/2013:21:30:22 -0600] "GET /blog/wp-includes/images/smilies/icon_smile.gif HTTP/1.1" 200 411 "-" "msnbot-media/1.1 (+http://search.msn.com/msnbot.htm)"
61.135.249.64 - - [14/Jan/2013:21:39:09 -0600] "GET / HTTP/1.1" 302 411 "-" "Mozilla/5.0 (compatible; YodaoBot/1.0; http://www.yodao.com/help/webmaster/spider/; )"
61.135.249.64 - - [14/Jan/2013:21:39:09 -0600] "GET /robots.txt HTTP/1.1" 200 255 "-" "Mozilla/5.0 (compatible; YodaoBot/1.0; http://www.yodao.com/help/webmaster/spider/; )"
61.135.249.64 - - [14/Jan/2013:21:39:10 -0600] "GET /blog/ HTTP/1.1" 200 11637 "-" "Mozilla/5.0 (compatible; YodaoBot/1.0; http://www.yodao.com/help/webmaster/spider/; )"
5.34.242.184 - - [14/Jan/2013:21:41:02 -0600] "GET http://www.yahoo.com/ HTTP/1.1" 403 370 "-" "Internet Explorer 4.01"
180.76.5.62 - - [14/Jan/2013:21:45:26 -0600] "GET /blog/facebook-account-deletion-link/ HTTP/1.1" 200 2732 "-" "Mozilla/5.0 (compatible; Baiduspider/2.0; +http://www.baidu.com/search/spider.html)"
123.125.71.26 - - [14/Jan/2013:22:00:48 -0600] "GET /robots.txt HTTP/1.1" 200 318 "-" "Mozilla/5.0 (Windows NT 5.1; rv:6.0.2) Gecko/20100101 Firefox/6.0.2"
5.104.241.175 - - [14/Jan/2013:22:18:57 -0600] "GET /blog/feed/ HTTP/1.1" 304 203 "-" "Mozilla/5.0 (Macintosh; U; PPC Mac OS X; en) AppleWebKit/162 (KHTML, like Gecko) Safari/162"
106.187.97.211 - - [14/Jan/2013:22:18:58 -0600] "POST /blog/wp-cron.php?doing_wp_cron=1358223537.8330841064453125000000 HTTP/1.0" 200 203 "-" "WordPress/3.5; http://mysite.com/blog"
108.174.194.111 - - [14/Jan/2013:22:28:14 -0600] "GET /blog/page/2/?cal_m=9&cal_y=1999 HTTP/1.1" 200 15295 "http://mysite.com/" "Mozilla/4.0 (compatible; MSIE 8.0; Windows NT 6.0; Trident/4.0; Mozilla/4.0 (compatible; MSIE 6.0; Windows NT 5.1; SV1) ; .NET CLR 3.5.30729)"
