66.249.74.38 - - [13/Jan/2013:16:12:51 -0600] "GET /blog/tag/grow-dates-from-seed/ HTTP/1.1" 200 3238 "-" "Mozilla/5.0 (compatible; Googlebot/2.1; +http://www.google.com/bot.html)"
66.249.74.38 - - [13/Jan/2013:16:13:07 -0600] "GET /blog/tag/grow-plants-from-seeds/ HTTP/1.1" 200 3241 "-" "Mozilla/5.0 (compatible; Googlebot/2.1; +http://www.google.com/bot.html)"
66.249.74.38 - - [13/Jan/2013:16:18:45 -0600] "GET /blog/tag/texas/ HTTP/1.1" 200 4580 "-" "Mozilla/5.0 (compatible; Googlebot/2.1; +http://www.google.com/bot.html)"
66.249.74.38 - - [13/Jan/2013:16:18:53 -0600] "GET /blog/tag/life/ HTTP/1.1" 200 4579 "-" "Mozilla/5.0 (compatible; Googlebot/2.1; +http://www.google.com/bot.html)"
66.249.74.38 - - [13/Jan/2013:16:19:03 -0600] "GET /blog/tag/belief/ HTTP/1.1" 200 3545 "-" "Mozilla/5.0 (compatible; Googlebot/2.1; +http://www.google.com/bot.html)"
66.249.74.38 - - [13/Jan/2013:16:19:11 -0600] "GET /blog/tag/panama/ HTTP/1.1" 200 3003 "-" "Mozilla/5.0 (compatible; Googlebot/2.1; +http://www.google.com/bot.html)"
66.249.74.38 - - [13/Jan/2013:16:19:20 -0600] "GET /blog/tag/castle/ HTTP/1.1" 200 3546 "-" "Mozilla/5.0 (compatible; Googlebot/2.1; +http://www.google.com/bot.html)"
66.249.74.38 - - [13/Jan/2013:16:19:28 -0600] "GET /blog/tag/bicycle/ HTTP/1.1" 200 4579 "-" "Mozilla/5.0 (compatible; Googlebot/2.1; +http://www.google.com/bot.html)"
66.249.74.38 - - [13/Jan/2013:16:19:36 -0600] "GET /blog/tag/belgium/ HTTP/1.1" 200 3542 "-" "Mozilla/5.0 (compatible; Googlebot/2.1; +http://www.google.com/bot.html)"
66.249.74.38 - - [13/Jan/2013:16:19:45 -0600] "GET /blog/tag/medellin/ HTTP/1.1" 200 3617 "-" "Mozilla/5.0 (compatible; Googlebot/2.1; +http://www.google.com/bot.html)"
66.249.74.38 - - [13/Jan/2013:16:19:53 -0600] "GET /blog/tag/colombia/ HTTP/1.1" 200 3614 "-" "Mozilla/5.0 (compatible; Googlebot/2.1; +http://www.google.com/bot.html)"
66.249.74.38 - - [13/Jan/2013:16:20:01 -0600] "GET /blog/tag/wandering/ HTTP/1.1" 200 4584 "-" "Mozilla/5.0 (compatible; Googlebot/2.1; +http://www.google.com/bot.html)"
192.114.71.13 - - [13/Jan/2013:16:20:03 -0600] "GET / HTTP/1.1" 302 467 "-" "Mozilla/5.0 (Windows NT 6.0; WOW64) AppleWebKit/534.30 (KHTML, like Gecko) Chrome/12.0.742.91 Safari/534.30"
192.114.71.13 - - [13/Jan/2013:16:20:04 -0600] "GET /blog/ HTTP/1.1" 200 11693 "-" "Mozilla/5.0 (Windows NT 6.0; WOW64) AppleWebKit/534.30 (KHTML, like Gecko) Chrome/12.0.742.91 Safari/534.30"
66.249.74.38 - - [13/Jan/2013:16:20:09 -0600] "GET /blog/tag/costa-rica/ HTTP/1.1" 200 3498 "-" "Mozilla/5.0 (compatible; Googlebot/2.1; +http://www.google.com/bot.html)"
192.114.71.13 - - [13/Jan/2013:16:20:15 -0600] "GET /blog/ HTTP/1.1" 200 11693 "http://www.mysite.com/" "Mozilla/5.0 (compatible)"
66.249.74.38 - - [13/Jan/2013:16:20:18 -0600] "GET /blog/tag/new-zealand/ HTTP/1.1" 200 4583 "-" "Mozilla/5.0 (compatible; Googlebot/2.1; +http://www.google.com/bot.html)"
192.114.71.13 - - [13/Jan/2013:16:20:24 -0600] "GET /blog/wp-content/themes/koi-improved/style.css HTTP/1.1" 200 4123 "http://mysite.com/blog/" "Mozilla/5.0 (Windows NT 6.0; WOW64) AppleWebKit/534.30 (KHTML, like Gecko) Chrome/12.0.742.91 Safari/534.30"
192.114.71.13 - - [13/Jan/2013:16:20:24 -0600] "GET /blog/wp-content/plugins/codecolorer/codecolorer.css?ver=0.9.9 HTTP/1.1" 200 2393 "http://mysite.com/blog/" "Mozilla/5.0 (compatible)"
192.114.71.13 - - [13/Jan/2013:16:20:24 -0600] "GET /blog HTTP/1.1" 301 485 "http://mysite.com/blog/" "Mozilla/4.0 (compatible; MSIE 7.0; Windows NT 5.1)"
192.114.71.13 - - [13/Jan/2013:16:20:24 -0600] "GET /blog/about/ HTTP/1.1" 200 2678 "http://mysite.com/blog/" "Mozilla/5.0 (compatible)"
192.114.71.13 - - [13/Jan/2013:16:20:24 -0600] "GET /blog/wp-content/themes/koi-improved/yellow.css HTTP/1.1" 404 11837 "http://mysite.com/blog/" "Mozilla/5.0 (Windows NT 6.0; WOW64) AppleWebKit/534.30 (KHTML, like Gecko) Chrome/12.0.742.91 Safari/534.30"
192.114.71.13 - - [13/Jan/2013:16:20:24 -0600] "GET /blog/life-list/ HTTP/1.1" 200 2211 "http://mysite.com/blog/" "Mozilla/5.0 (Windows NT 6.0; WOW64) AppleWebKit/534.30 (KHTML, like Gecko) Chrome/12.0.742.91 Safari/534.30"
192.114.71.13 - - [13/Jan/2013:16:20:24 -0600] "GET /blog/remove-ubuntudebian-version-from-sshd-server-string/ HTTP/1.1" 200 3344 "http://mysite.com/blog/" "Mozilla/4.0 (compatible; MSIE 7.0; Windows NT 5.1)"
192.114.71.13 - - [13/Jan/2013:16:20:24 -0600] "GET /blog/feed/ HTTP/1.1" 200 10927 "http://mysite.com/blog/" "Mozilla/5.0 (compatible)"
192.114.71.13 - - [13/Jan/2013:16:20:24 -0600] "GET /blog/category/tech/linux/ HTTP/1.1" 200 5177 "http://mysite.com/blog/" "Mozilla/4.0 (compatible; MSIE 7.0; Windows NT 5.1)"
192.114.71.13 - - [13/Jan/2013:16:20:24 -0600] "GET /blog/tag/ubuntu-sshd/ HTTP/1.1" 200 2633 "http://mysite.com/blog/" "Mozilla/5.0 (Windows NT 6.0; WOW64) AppleWebKit/534.30 (KHTML, like Gecko) Chrome/12.0.742.91 Safari/534.30"
192.114.71.13 - - [13/Jan/2013:16:20:24 -0600] "GET /blog/ HTTP/1.1" 200 11637 "http://mysite.com/blog/" "Mozilla/4.0 (compatible; MSIE 7.0; Windows NT 5.1)"
192.114.71.13 - - [13/Jan/2013:16:20:24 -0600] "GET /blog/category/tech/ HTTP/1.1" 200 27505 "http://mysite.com/blog/" "Mozilla/5.0 (Windows NT 6.0; WOW64) AppleWebKit/534.30 (KHTML, like Gecko) Chrome/12.0.742.91 Safari/534.30"
192.114.71.13 - - [13/Jan/2013:16:20:25 -0600] "GET /blog/almost-christmas/ HTTP/1.1" 200 5670 "http://mysite.com/blog/" "Mozilla/5.0 (compatible)"
192.114.71.13 - - [13/Jan/2013:16:20:25 -0600] "GET /blog/category/food/ HTTP/1.1" 200 5921 "http://mysite.com/blog/" "Mozilla/5.0 (Windows NT 6.0; WOW64) AppleWebKit/534.30 (KHTML, like Gecko) Chrome/12.0.742.91 Safari/534.30"
192.114.71.13 - - [13/Jan/2013:16:20:25 -0600] "GET /blog/category/travel/ HTTP/1.1" 200 14866 "http://mysite.com/blog/" "Mozilla/4.0 (compatible; MSIE 7.0; Windows NT 5.1)"
192.114.71.13 - - [13/Jan/2013:16:20:26 -0600] "GET /blog/sailing/ HTTP/1.1" 200 3764 "http://mysite.com/blog/" "Mozilla/6.0 (compatible)"
192.114.71.13 - - [13/Jan/2013:16:20:26 -0600] "GET /blog/thailand-september-2012/ HTTP/1.1" 200 4567 "http://mysite.com/blog/" "Mozilla/5.0 (Windows NT 6.0; WOW64) AppleWebKit/534.30 (KHTML, like Gecko) Chrome/12.0.742.91 Safari/534.30"
192.114.71.13 - - [13/Jan/2013:16:20:26 -0600] "GET /blog/category/horticulture/ HTTP/1.1" 200 6339 "http://mysite.com/blog/" "Mozilla/6.0 (compatible)"
192.114.71.13 - - [13/Jan/2013:16:20:26 -0600] "GET /blog/category/adventuring/ HTTP/1.1" 200 7670 "http://mysite.com/blog/" "Mozilla/6.0 (compatible)"
192.114.71.13 - - [13/Jan/2013:16:20:27 -0600] "GET /blog/category/freedom/ HTTP/1.1" 200 21391 "http://mysite.com/blog/" "Mozilla/5.0 (compatible)"
66.249.74.38 - - [13/Jan/2013:16:20:27 -0600] "GET /blog/tag/buenos-aires/ HTTP/1.1" 200 3407 "-" "Mozilla/5.0 (compatible; Googlebot/2.1; +http://www.google.com/bot.html)"
192.114.71.13 - - [13/Jan/2013:16:20:35 -0600] "GET /blog/tag/purple-potatoes/ HTTP/1.1" 200 2615 "http://mysite.com/blog/" "Mozilla/5.0 (compatible)"
192.114.71.13 - - [13/Jan/2013:16:20:35 -0600] "GET /blog/tag/osx-lion/ HTTP/1.1" 200 2721 "http://mysite.com/blog/" "Mozilla/5.0 (Windows NT 6.0; WOW64) AppleWebKit/534.30 (KHTML, like Gecko) Chrome/12.0.742.91 Safari/534.30"
192.114.71.13 - - [13/Jan/2013:16:20:35 -0600] "GET /blog/tag/purple-carrots/ HTTP/1.1" 200 2788 "http://mysite.com/blog/" "Mozilla/6.0 (compatible)"
192.114.71.13 - - [13/Jan/2013:16:20:35 -0600] "GET /blog/tag/yellow-carrots/ HTTP/1.1" 200 2790 "http://mysite.com/blog/" "Mozilla/5.0 (compatible)"
192.114.71.13 - - [13/Jan/2013:16:20:35 -0600] "GET /blog/tag/beet-soup/ HTTP/1.1" 200 2667 "http://mysite.com/blog/" "Mozilla/5.0 (Windows NT 6.0; WOW64) AppleWebKit/534.30 (KHTML, like Gecko) Chrome/12.0.742.91 Safari/534.30"
192.114.71.13 - - [13/Jan/2013:16:20:36 -0600] "GET /blog/tag/terminal/ HTTP/1.1" 200 2720 "http://mysite.com/blog/" "Mozilla/6.0 (compatible)"
192.114.71.13 - - [13/Jan/2013:16:20:35 -0600] "GET /blog/rare-ish-foods/ HTTP/1.1" 200 2970 "http://mysite.com/blog/" "Mozilla/4.0 (compatible; MSIE 7.0; Windows NT 5.1)"
192.114.71.13 - - [13/Jan/2013:16:20:35 -0600] "GET /blog/tag/carrot-soup/ HTTP/1.1" 200 2781 "http://mysite.com/blog/" "Mozilla/5.0 (Windows NT 6.0; WOW64) AppleWebKit/534.30 (KHTML, like Gecko) Chrome/12.0.742.91 Safari/534.30"
192.114.71.13 - - [13/Jan/2013:16:20:35 -0600] "GET /blog/tag/osx-terminal/ HTTP/1.1" 200 2720 "http://mysite.com/blog/" "Mozilla/4.0 (compatible; MSIE 7.0; Windows NT 5.1)"
192.114.71.13 - - [13/Jan/2013:16:20:35 -0600] "GET /blog/purple-carrot/ HTTP/1.1" 200 3043 "http://mysite.com/blog/" "Mozilla/5.0 (compatible)"
192.114.71.13 - - [13/Jan/2013:16:20:34 -0600] "GET /blog/tag/disable-firefox-speed-dial/ HTTP/1.1" 200 2602 "http://mysite.com/blog/" "Mozilla/5.0 (compatible)"
66.249.74.38 - - [13/Jan/2013:16:20:34 -0600] "GET /blog/tag/cheap-airfare/ HTTP/1.1" 200 3526 "-" "Mozilla/5.0 (compatible; Googlebot/2.1; +http://www.google.com/bot.html)"
192.114.71.13 - - [13/Jan/2013:16:20:34 -0600] "GET /blog/disable-speed-dial-feature-in-firefox-13/ HTTP/1.1" 200 3736 "http://mysite.com/blog/" "Mozilla/5.0 (compatible)"
192.114.71.13 - - [13/Jan/2013:16:20:35 -0600] "GET /blog/tag/firefox-13-speed-dial/ HTTP/1.1" 200 2607 "http://mysite.com/blog/" "Mozilla/6.0 (compatible)"
192.114.71.13 - - [13/Jan/2013:16:20:35 -0600] "GET /blog/category/tech/osx/ HTTP/1.1" 200 7287 "http://mysite.com/blog/" "Mozilla/5.0 (Windows NT 6.0; WOW64) AppleWebKit/534.30 (KHTML, like Gecko) Chrome/12.0.742.91 Safari/534.30"
192.114.71.13 - - [13/Jan/2013:16:20:35 -0600] "GET /blog/osx-change-root-shell/ HTTP/1.1" 200 3490 "http://mysite.com/blog/" "Mozilla/5.0 (Windows NT 6.0; WOW64) AppleWebKit/534.30 (KHTML, like Gecko) Chrome/12.0.742.91 Safari/534.30"
192.114.71.13 - - [13/Jan/2013:16:20:35 -0600] "GET /blog/tag/firefox-speed-dial/ HTTP/1.1" 200 2546 "http://mysite.com/blog/" "Mozilla/4.0 (compatible; MSIE 7.0; Windows NT 5.1)"
192.114.71.13 - - [13/Jan/2013:16:20:35 -0600] "GET /blog/tag/osx-command-line/ HTTP/1.1" 200 2719 "http://mysite.com/blog/" "Mozilla/6.0 (compatible)"
192.114.71.13 - - [13/Jan/2013:16:20:35 -0600] "GET /blog/tag/firefox-13/ HTTP/1.1" 200 2604 "http://mysite.com/blog/" "Mozilla/5.0 (Windows NT 6.0; WOW64) AppleWebKit/534.30 (KHTML, like Gecko) Chrome/12.0.742.91 Safari/534.30"
192.114.71.13 - - [13/Jan/2013:16:20:49 -0600] "GET /blog/wp-content/uploads/2010/06/code5.jpg HTTP/1.1" 200 31149 "http://mysite.com/blog/category/tech/" "Mozilla/5.0 (compatible)"
192.114.71.13 - - [13/Jan/2013:16:20:51 -0600] "GET /blog/wp-content/uploads/2011/01/exitpop2.png HTTP/1.1" 200 46720 "http://mysite.com/blog/category/tech/" "Mozilla/5.0 (compatible)"
192.114.71.13 - - [13/Jan/2013:16:20:51 -0600] "GET /blog/wp-content/uploads/2011/01/prefs31.png HTTP/1.1" 200 46720 "http://mysite.com/blog/category/tech/" "Mozilla/4.0 (compatible; MSIE 7.0; Windows NT 5.1)"
66.249.74.38 - - [13/Jan/2013:16:20:42 -0600] "GET /blog/tag/internet-cafe/ HTTP/1.1" 200 3409 "-" "Mozilla/5.0 (compatible; Googlebot/2.1; +http://www.google.com/bot.html)"
192.114.71.13 - - [13/Jan/2013:16:20:52 -0600] "GET /blog/category/tech/page/2/ HTTP/1.1" 500 529 "http://mysite.com/blog/category/tech/" "Mozilla/6.0 (compatible)"
192.114.71.13 - - [13/Jan/2013:16:20:48 -0600] "GET /blog/category/tech/perl/ HTTP/1.1" 302 263 "http://mysite.com/blog/category/tech/linux/" "Mozilla/5.0 (compatible)"
192.114.71.13 - - [13/Jan/2013:16:20:55 -0600] "GET /blog/tag/tokyo/ HTTP/1.1" 500 529 "http://mysite.com/blog/category/travel/" "Mozilla/5.0 (compatible)"
192.114.71.13 - - [13/Jan/2013:16:20:55 -0600] "GET /blog/the-skills/ HTTP/1.1" 500 529 "http://mysite.com/blog/category/travel/" "Mozilla/5.0 (compatible)"
192.114.71.13 - - [13/Jan/2013:16:20:56 -0600] "GET /blog/category/language/ HTTP/1.1" 500 529 "http://mysite.com/blog/category/travel/" "Mozilla/5.0 (Windows NT 6.0; WOW64) AppleWebKit/534.30 (KHTML, like Gecko) Chrome/12.0.742.91 Safari/534.30"
192.114.71.13 - - [13/Jan/2013:16:20:55 -0600] "GET /blog/tag/travel/ HTTP/1.1" 500 529 "http://mysite.com/blog/category/travel/" "Mozilla/5.0 (Windows NT 6.0; WOW64) AppleWebKit/534.30 (KHTML, like Gecko) Chrome/12.0.742.91 Safari/534.30"
192.114.71.13 - - [13/Jan/2013:16:20:49 -0600] "GET /blog/convert-m4a-files-to-mp3-format-with-tags/ HTTP/1.1" 302 342 "http://mysite.com/blog/category/tech/" "Mozilla/5.0 (Windows NT 6.0; WOW64) AppleWebKit/534.30 (KHTML, like Gecko) Chrome/12.0.742.91 Safari/534.30"
192.114.71.13 - - [13/Jan/2013:16:20:49 -0600] "GET /blog/tag/file-permissions/ HTTP/1.1" 500 529 "http://mysite.com/blog/category/tech/" "Mozilla/4.0 (compatible; MSIE 7.0; Windows NT 5.1)"
192.114.71.13 - - [13/Jan/2013:16:20:55 -0600] "GET /blog/tag/japanese/ HTTP/1.1" 500 529 "http://mysite.com/blog/category/travel/" "Mozilla/5.0 (compatible)"
192.114.71.13 - - [13/Jan/2013:16:20:52 -0600] "GET /blog/hdcp-master-key/ HTTP/1.1" 500 529 "http://mysite.com/blog/category/tech/" "Mozilla/6.0 (compatible)"
192.114.71.13 - - [13/Jan/2013:16:20:35 -0600] "GET /blog/tag/osx-2/ HTTP/1.1" 200 6287 "http://mysite.com/blog/" "Mozilla/5.0 (Windows NT 6.0; WOW64) AppleWebKit/534.30 (KHTML, like Gecko) Chrome/12.0.742.91 Safari/534.30"
192.114.71.13 - - [13/Jan/2013:16:20:56 -0600] "GET /blog/tag/language/ HTTP/1.1" 500 529 "http://mysite.com/blog/category/travel/" "Mozilla/6.0 (compatible)"
192.114.71.13 - - [13/Jan/2013:16:20:51 -0600] "GET /blog/tag/firefox/ HTTP/1.1" 500 529 "http://mysite.com/blog/category/tech/" "Mozilla/5.0 (Windows NT 6.0; WOW64) AppleWebKit/534.30 (KHTML, like Gecko) Chrome/12.0.742.91 Safari/534.30"
192.114.71.13 - - [13/Jan/2013:16:21:05 -0600] "GET /blog/category/tech/perl/wp-admin/install.php HTTP/1.1" 500 529 "http://mysite.com/blog/category/tech/linux/" "Mozilla/5.0 (compatible)"
192.114.71.13 - - [13/Jan/2013:16:20:53 -0600] "GET /blog/tag/japan/ HTTP/1.1" 500 529 "http://mysite.com/blog/category/travel/" "Mozilla/6.0 (compatible)"
192.114.71.13 - - [13/Jan/2013:16:21:06 -0600] "GET /blog/convert-m4a-files-to-mp3-format-with-tags/wp-admin/install.php HTTP/1.1" 500 529 "http://mysite.com/blog/category/tech/" "Mozilla/5.0 (Windows NT 6.0; WOW64) AppleWebKit/534.30 (KHTML, like Gecko) Chrome/12.0.742.91 Safari/534.30"
192.114.71.13 - - [13/Jan/2013:16:21:02 -0600] "GET /blog/things-every-internet-cafe-should-do-to-improve-service/ HTTP/1.1" 500 529 "http://mysite.com/blog/category/travel/" "Mozilla/5.0 (compatible)"
66.249.74.38 - - [13/Jan/2013:16:20:59 -0600] "GET /blog/tag/japan/feed/ HTTP/1.1" 500 529 "-" "Mozilla/5.0 (compatible; Googlebot/2.1; +http://www.google.com/bot.html)"
192.114.71.13 - - [13/Jan/2013:16:20:58 -0600] "GET /blog/tag/sweet-skills/ HTTP/1.1" 500 529 "http://mysite.com/blog/category/travel/" "Mozilla/4.0 (compatible; MSIE 7.0; Windows NT 5.1)"
192.114.71.13 - - [13/Jan/2013:16:20:59 -0600] "GET /blog/inexpensive-airfare/ HTTP/1.1" 500 529 "http://mysite.com/blog/category/travel/" "Mozilla/6.0 (compatible)"
192.114.71.13 - - [13/Jan/2013:16:20:58 -0600] "GET /blog/arrival-at-quebec-city/ HTTP/1.1" 500 529 "http://mysite.com/blog/category/travel/" "Mozilla/4.0 (compatible; MSIE 7.0; Windows NT 5.1)"
192.114.71.13 - - [13/Jan/2013:16:21:04 -0600] "GET /blog/tag/buenos-aires/ HTTP/1.1" 500 529 "http://mysite.com/blog/category/travel/" "Mozilla/6.0 (compatible)"
192.114.71.13 - - [13/Jan/2013:16:20:50 -0600] "GET /blog/how-to-break-out-of-an-exit-popup-in-firefox/ HTTP/1.1" 500 529 "http://mysite.com/blog/category/tech/" "Mozilla/5.0 (Windows NT 6.0; WOW64) AppleWebKit/534.30 (KHTML, like Gecko) Chrome/12.0.742.91 Safari/534.30"
192.114.71.13 - - [13/Jan/2013:16:21:02 -0600] "GET /blog/tag/cheap-airfare/ HTTP/1.1" 500 529 "http://mysite.com/blog/category/travel/" "Mozilla/4.0 (compatible; MSIE 7.0; Windows NT 5.1)"
192.114.71.13 - - [13/Jan/2013:16:20:46 -0600] "GET /blog/black-carrots/ HTTP/1.1" 404 1393 "http://mysite.com/blog/" "Mozilla/5.0 (Windows NT 6.0; WOW64) AppleWebKit/534.30 (KHTML, like Gecko) Chrome/12.0.742.91 Safari/534.30"
192.114.71.13 - - [13/Jan/2013:16:21:04 -0600] "GET /blog/tag/internet-cafe/ HTTP/1.1" 500 529 "http://mysite.com/blog/category/travel/" "Mozilla/4.0 (compatible; MSIE 7.0; Windows NT 5.1)"
192.114.71.13 - - [13/Jan/2013:16:21:18 -0600] "GET /blog/tag/the-most-beautiful-women-in-the-world/ HTTP/1.1" 500 529 "http://mysite.com/blog/category/travel/" "Mozilla/6.0 (compatible)"
192.114.71.13 - - [13/Jan/2013:16:21:18 -0600] "GET /blog/tag/spanish/ HTTP/1.1" 500 529 "http://mysite.com/blog/category/travel/" "Mozilla/5.0 (compatible)"
192.114.71.13 - - [13/Jan/2013:16:20:49 -0600] "GET /blog/tag/cpan/ HTTP/1.1" 302 309 "http://mysite.com/blog/category/tech/" "Mozilla/4.0 (compatible; MSIE 7.0; Windows NT 5.1)"
192.114.71.13 - - [13/Jan/2013:16:21:18 -0600] "GET /blog/como-me-le-va/ HTTP/1.1" 500 529 "http://mysite.com/blog/category/travel/" "Mozilla/6.0 (compatible)"
192.114.71.13 - - [13/Jan/2013:16:21:18 -0600] "GET /blog/tag/costa-rica/ HTTP/1.1" 500 529 "http://mysite.com/blog/category/travel/" "Mozilla/4.0 (compatible; MSIE 7.0; Windows NT 5.1)"
192.114.71.13 - - [13/Jan/2013:16:20:49 -0600] "GET /blog/tag/amazon-s3-perl-module/ HTTP/1.1" 500 529 "http://mysite.com/blog/category/tech/" "Mozilla/5.0 (compatible)"
192.114.71.13 - - [13/Jan/2013:16:21:18 -0600] "GET /blog/medellin-colombia/ HTTP/1.1" 500 529 "http://mysite.com/blog/category/travel/" "Mozilla/6.0 (compatible)"
192.114.71.13 - - [13/Jan/2013:16:21:18 -0600] "GET /blog/panama/ HTTP/1.1" 500 529 "http://mysite.com/blog/category/travel/" "Mozilla/5.0 (Windows NT 6.0; WOW64) AppleWebKit/534.30 (KHTML, like Gecko) Chrome/12.0.742.91 Safari/534.30"
192.114.71.13 - - [13/Jan/2013:16:21:18 -0600] "GET /blog/tag/colombia/ HTTP/1.1" 500 529 "http://mysite.com/blog/category/travel/" "Mozilla/5.0 (compatible)"
66.249.74.38 - - [13/Jan/2013:16:21:30 -0600] "GET /blog/tag/tokyo/feed/ HTTP/1.1" 500 529 "-" "Mozilla/5.0 (compatible; Googlebot/2.1; +http://www.google.com/bot.html)"
192.114.71.13 - - [13/Jan/2013:16:20:53 -0600] "GET /blog/japan-initial-experiences/ HTTP/1.1" 500 529 "http://mysite.com/blog/category/travel/" "Mozilla/5.0 (compatible)"
192.114.71.13 - - [13/Jan/2013:16:20:46 -0600] "GET /blog/analysis-chinese-phishing-scam/ HTTP/1.1" 404 1393 "http://mysite.com/blog/" "Mozilla/4.0 (compatible; MSIE 7.0; Windows NT 5.1)"
192.114.71.13 - - [13/Jan/2013:16:20:49 -0600] "GET /blog/basic-perl-log-function/ HTTP/1.1" 404 1449 "http://mysite.com/blog/category/tech/linux/" "Mozilla/4.0 (compatible; MSIE 7.0; Windows NT 5.1)"
192.114.71.13 - - [13/Jan/2013:16:20:49 -0600] "GET /blog/category/portfolio/ HTTP/1.1" 404 1449 "http://mysite.com/blog/category/tech/" "Mozilla/6.0 (compatible)"
192.114.71.13 - - [13/Jan/2013:16:20:49 -0600] "GET /blog/tag/superfluous-whitespace/ HTTP/1.1" 200 3549 "http://mysite.com/blog/category/tech/" "Mozilla/5.0 (compatible)"
192.114.71.13 - - [13/Jan/2013:16:20:49 -0600] "GET /blog/linux-shared-library-error/ HTTP/1.1" 404 1449 "http://mysite.com/blog/category/tech/linux/" "Mozilla/5.0 (compatible)"
192.114.71.13 - - [13/Jan/2013:16:20:49 -0600] "GET /blog/cpan-changing-permissions-on-osx/ HTTP/1.1" 404 1449 "http://mysite.com/blog/category/tech/" "Mozilla/4.0 (compatible; MSIE 7.0; Windows NT 5.1)"
192.114.71.13 - - [13/Jan/2013:16:20:49 -0600] "GET /blog/tag/free-your-music/ HTTP/1.1" 404 1449 "http://mysite.com/blog/category/tech/" "Mozilla/6.0 (compatible)"
192.114.71.13 - - [13/Jan/2013:16:20:50 -0600] "GET /blog/tag/annoyances/ HTTP/1.1" 500 529 "http://mysite.com/blog/category/tech/" "Mozilla/4.0 (compatible; MSIE 7.0; Windows NT 5.1)"
192.114.71.13 - - [13/Jan/2013:16:20:46 -0600] "GET /blog/category/tech/information-security/ HTTP/1.1" 404 1449 "http://mysite.com/blog/" "Mozilla/4.0 (compatible; MSIE 7.0; Windows NT 5.1)"
192.114.71.13 - - [13/Jan/2013:16:20:45 -0600] "GET /blog/page/2/ HTTP/1.1" 200 14736 "http://mysite.com/blog/" "Mozilla/6.0 (compatible)"
192.114.71.13 - - [13/Jan/2013:16:20:49 -0600] "GET /blog/tag/perl-2/ HTTP/1.1" 404 1449 "http://mysite.com/blog/category/tech/" "Mozilla/5.0 (compatible)"
192.114.71.13 - - [13/Jan/2013:16:21:18 -0600] "GET /blog/tag/medellin/ HTTP/1.1" 500 529 "http://mysite.com/blog/category/travel/" "Mozilla/5.0 (compatible)"
192.114.71.13 - - [13/Jan/2013:16:20:34 -0600] "GET /blog/tag/ff13/ HTTP/1.1" 200 2117 "http://mysite.com/blog/" "Mozilla/5.0 (Windows NT 6.0; WOW64) AppleWebKit/534.30 (KHTML, like Gecko) Chrome/12.0.742.91 Safari/534.30"
192.114.71.13 - - [13/Jan/2013:16:21:41 -0600] "GET /blog/category/travel/page/2/ HTTP/1.1" 500 529 "http://mysite.com/blog/category/travel/" "Mozilla/4.0 (compatible; MSIE 7.0; Windows NT 5.1)"
192.114.71.13 - - [13/Jan/2013:16:21:41 -0600] "GET /blog/date-palms-p1/ HTTP/1.1" 500 529 "http://mysite.com/blog/category/horticulture/" "Mozilla/6.0 (compatible)"
192.114.71.13 - - [13/Jan/2013:16:20:46 -0600] "GET /blog/spicnspan/ HTTP/1.1" 404 1393 "http://mysite.com/blog/" "Mozilla/4.0 (compatible; MSIE 7.0; Windows NT 5.1)"
192.114.71.13 - - [13/Jan/2013:16:20:49 -0600] "GET /blog/facebook-account-deletion-link/ HTTP/1.1" 404 1449 "http://mysite.com/blog/category/tech/" "Mozilla/5.0 (Windows NT 6.0; WOW64) AppleWebKit/534.30 (KHTML, like Gecko) Chrome/12.0.742.91 Safari/534.30"
192.114.71.13 - - [13/Jan/2013:16:21:41 -0600] "GET /blog/tag/panama/ HTTP/1.1" 500 529 "http://mysite.com/blog/category/travel/" "Mozilla/6.0 (compatible)"
192.114.71.13 - - [13/Jan/2013:16:20:49 -0600] "GET /blog/category/rants/ HTTP/1.1" 404 1449 "http://mysite.com/blog/category/tech/" "Mozilla/4.0 (compatible; MSIE 7.0; Windows NT 5.1)"
192.114.71.13 - - [13/Jan/2013:16:21:41 -0600] "GET /blog/tag/date-palms/ HTTP/1.1" 500 529 "http://mysite.com/blog/category/horticulture/" "Mozilla/6.0 (compatible)"
192.114.71.13 - - [13/Jan/2013:16:20:49 -0600] "GET /blog/tag/no-tabs/ HTTP/1.1" 404 1449 "http://mysite.com/blog/category/tech/" "Mozilla/5.0 (Windows NT 6.0; WOW64) AppleWebKit/534.30 (KHTML, like Gecko) Chrome/12.0.742.91 Safari/534.30"
192.114.71.13 - - [13/Jan/2013:16:20:51 -0600] "GET /blog/tag/exit-popups/ HTTP/1.1" 404 1449 "http://mysite.com/blog/category/tech/" "Mozilla/6.0 (compatible)"
66.249.74.38 - - [13/Jan/2013:16:21:44 -0600] "GET /blog/tag/travel/feed/ HTTP/1.1" 200 10981 "-" "Mozilla/5.0 (compatible; Googlebot/2.1; +http://www.google.com/bot.html)"
66.249.74.38 - - [13/Jan/2013:16:21:46 -0600] "GET /blog/tag/the-most-beautiful-women-in-the-world/ HTTP/1.1" 200 2893 "-" "Mozilla/5.0 (compatible; Googlebot/2.1; +http://www.google.com/bot.html)"
66.249.74.38 - - [13/Jan/2013:16:21:46 -0600] "GET /blog/tag/spanish/feed/ HTTP/1.1" 200 3221 "-" "Mozilla/5.0 (compatible; Googlebot/2.1; +http://www.google.com/bot.html)"
66.249.74.38 - - [13/Jan/2013:16:21:50 -0600] "GET /blog/tag/firefox/feed/ HTTP/1.1" 200 1698 "-" "Mozilla/5.0 (compatible; Googlebot/2.1; +http://www.google.com/bot.html)"
192.114.71.13 - - [13/Jan/2013:16:21:51 -0600] "GET /blog/tag/horticulture/ HTTP/1.1" 200 3181 "http://mysite.com/blog/category/horticulture/" "Mozilla/5.0 (compatible)"
192.114.71.13 - - [13/Jan/2013:16:21:51 -0600] "GET /blog/tag/date-trees/ HTTP/1.1" 200 3183 "http://mysite.com/blog/category/horticulture/" "Mozilla/5.0 (compatible)"
192.114.71.13 - - [13/Jan/2013:16:21:52 -0600] "GET /blog/tag/grow-dates-from-seed/ HTTP/1.1" 200 3238 "http://mysite.com/blog/category/horticulture/" "Mozilla/5.0 (compatible)"
192.114.71.13 - - [13/Jan/2013:16:21:52 -0600] "GET /blog/tag/grow-plants-from-seeds/ HTTP/1.1" 200 3241 "http://mysite.com/blog/category/horticulture/" "Mozilla/6.0 (compatible)"
66.249.74.38 - - [13/Jan/2013:16:21:53 -0600] "GET /blog/tag/japanese/feed/ HTTP/1.1" 200 2141 "-" "Mozilla/5.0 (compatible; Googlebot/2.1; +http://www.google.com/bot.html)"
66.249.74.38 - - [13/Jan/2013:16:21:57 -0600] "GET /blog/tag/language/feed/ HTTP/1.1" 200 3672 "-" "Mozilla/5.0 (compatible; Googlebot/2.1; +http://www.google.com/bot.html)"
66.249.74.38 - - [13/Jan/2013:16:22:01 -0600] "GET /blog/tag/krav-maga/feed/ HTTP/1.1" 200 2418 "-" "Mozilla/5.0 (compatible; Googlebot/2.1; +http://www.google.com/bot.html)"
192.114.71.13 - - [13/Jan/2013:16:22:03 -0600] "GET /blog/tag/belgium/ HTTP/1.1" 200 3542 "http://mysite.com/blog/category/adventuring/" "Mozilla/4.0 (compatible; MSIE 7.0; Windows NT 5.1)"
192.114.71.13 - - [13/Jan/2013:16:22:03 -0600] "GET /blog/life-update-castles-belgium/ HTTP/1.1" 200 3831 "http://mysite.com/blog/category/adventuring/" "Mozilla/5.0 (compatible)"
66.249.74.38 - - [13/Jan/2013:16:22:06 -0600] "GET /blog/tag/date-palms/feed/ HTTP/1.1" 200 2135 "-" "Mozilla/5.0 (compatible; Googlebot/2.1; +http://www.google.com/bot.html)"
66.249.74.38 - - [13/Jan/2013:16:22:13 -0600] "GET /blog/tag/date-trees/feed/ HTTP/1.1" 200 2137 "-" "Mozilla/5.0 (compatible; Googlebot/2.1; +http://www.google.com/bot.html)"
192.114.71.13 - - [13/Jan/2013:16:22:15 -0600] "GET /blog/tag/belief/ HTTP/1.1" 200 3489 "http://mysite.com/blog/category/adventuring/" "Mozilla/4.0 (compatible; MSIE 7.0; Windows NT 5.1)"
192.114.71.13 - - [13/Jan/2013:16:22:15 -0600] "GET /blog/tag/goal-setting/ HTTP/1.1" 200 4809 "http://mysite.com/blog/category/adventuring/" "Mozilla/6.0 (compatible)"
192.114.71.13 - - [13/Jan/2013:16:22:15 -0600] "GET /blog/tag/castle/ HTTP/1.1" 200 3490 "http://mysite.com/blog/category/adventuring/" "Mozilla/6.0 (compatible)"
192.114.71.13 - - [13/Jan/2013:16:22:15 -0600] "GET /blog/traveling-vs-living/ HTTP/1.1" 200 5812 "http://mysite.com/blog/category/adventuring/" "Mozilla/4.0 (compatible; MSIE 7.0; Windows NT 5.1)"
192.114.71.13 - - [13/Jan/2013:16:22:15 -0600] "GET /blog/tag/bicycle/ HTTP/1.1" 200 4579 "http://mysite.com/blog/category/adventuring/" "Mozilla/6.0 (compatible)"
66.249.74.38 - - [13/Jan/2013:16:22:22 -0600] "GET /blog/tag/annoyances/feed/ HTTP/1.1" 200 1700 "-" "Mozilla/5.0 (compatible; Googlebot/2.1; +http://www.google.com/bot.html)"
192.114.71.13 - - [13/Jan/2013:16:22:25 -0600] "GET /blog/tag/life/ HTTP/1.1" 200 4579 "http://mysite.com/blog/category/adventuring/" "Mozilla/5.0 (compatible)"
192.114.71.13 - - [13/Jan/2013:16:22:25 -0600] "GET /blog/tag/wandering/ HTTP/1.1" 200 4584 "http://mysite.com/blog/category/adventuring/" "Mozilla/5.0 (Windows NT 6.0; WOW64) AppleWebKit/534.30 (KHTML, like Gecko) Chrome/12.0.742.91 Safari/534.30"
192.114.71.13 - - [13/Jan/2013:16:22:25 -0600] "GET /blog/tag/new-zealand/ HTTP/1.1" 200 4583 "http://mysite.com/blog/category/adventuring/" "Mozilla/4.0 (compatible; MSIE 7.0; Windows NT 5.1)"
192.114.71.13 - - [13/Jan/2013:16:22:25 -0600] "GET /blog/tag/texas/ HTTP/1.1" 200 4580 "http://mysite.com/blog/category/adventuring/" "Mozilla/6.0 (compatible)"
192.114.71.13 - - [13/Jan/2013:16:22:25 -0600] "GET /blog/change-is-good/ HTTP/1.1" 200 3579 "http://mysite.com/blog/category/freedom/" "Mozilla/6.0 (compatible)"
192.114.71.13 - - [13/Jan/2013:16:22:25 -0600] "GET /blog/category/health/ HTTP/1.1" 200 5304 "http://mysite.com/blog/category/freedom/" "Mozilla/6.0 (compatible)"
66.249.74.38 - - [13/Jan/2013:16:22:30 -0600] "GET /blog/tag/exit-popups/feed/ HTTP/1.1" 200 1701 "-" "Mozilla/5.0 (compatible; Googlebot/2.1; +http://www.google.com/bot.html)"
192.114.71.13 - - [13/Jan/2013:16:22:36 -0600] "GET /blog/category/warriorism/parkour/ HTTP/1.1" 200 3921 "http://mysite.com/blog/category/freedom/" "Mozilla/5.0 (Windows NT 6.0; WOW64) AppleWebKit/534.30 (KHTML, like Gecko) Chrome/12.0.742.91 Safari/534.30"
192.114.71.13 - - [13/Jan/2013:16:22:36 -0600] "GET /blog/disable-speed-dial-feature-in-firefox-13/?replytocom=8741 HTTP/1.1" 200 3811 "http://mysite.com/blog/disable-speed-dial-feature-in-firefox-13/" "Mozilla/4.0 (compatible; MSIE 7.0; Windows NT 5.1)"
192.114.71.13 - - [13/Jan/2013:16:22:36 -0600] "GET /blog/os-x-madplay/ HTTP/1.1" 200 4329 "http://mysite.com/blog/category/tech/osx/" "Mozilla/5.0 (Windows NT 6.0; WOW64) AppleWebKit/534.30 (KHTML, like Gecko) Chrome/12.0.742.91 Safari/534.30"
192.114.71.13 - - [13/Jan/2013:16:22:36 -0600] "GET /blog/tag/itunes/ HTTP/1.1" 200 4084 "http://mysite.com/blog/category/tech/osx/" "Mozilla/5.0 (Windows NT 6.0; WOW64) AppleWebKit/534.30 (KHTML, like Gecko) Chrome/12.0.742.91 Safari/534.30"
192.114.71.13 - - [13/Jan/2013:16:22:36 -0600] "GET /blog/disable-speed-dial-feature-in-firefox-13/?replytocom=8742 HTTP/1.1" 200 3753 "http://mysite.com/blog/disable-speed-dial-feature-in-firefox-13/" "Mozilla/5.0 (Windows NT 6.0; WOW64) AppleWebKit/534.30 (KHTML, like Gecko) Chrome/12.0.742.91 Safari/534.30"
192.114.71.13 - - [13/Jan/2013:16:22:36 -0600] "GET /blog/tag/command-line/ HTTP/1.1" 200 4083 "http://mysite.com/blog/category/tech/osx/" "Mozilla/5.0 (Windows NT 6.0; WOW64) AppleWebKit/534.30 (KHTML, like Gecko) Chrome/12.0.742.91 Safari/534.30"
192.114.71.13 - - [13/Jan/2013:16:22:36 -0600] "GET /blog/category/warriorism/ HTTP/1.1" 200 6259 "http://mysite.com/blog/category/freedom/" "Mozilla/5.0 (Windows NT 6.0; WOW64) AppleWebKit/534.30 (KHTML, like Gecko) Chrome/12.0.742.91 Safari/534.30"
66.249.74.38 - - [13/Jan/2013:16:22:38 -0600] "GET /blog/tag/horticulture/feed/ HTTP/1.1" 200 2136 "-" "Mozilla/5.0 (compatible; Googlebot/2.1; +http://www.google.com/bot.html)"
192.114.71.13 - - [13/Jan/2013:16:22:46 -0600] "GET /blog/tag/ff13/ HTTP/1.1" 200 2603 "http://mysite.com/blog/" "Mozilla/6.0 (compatible)"
192.114.71.13 - - [13/Jan/2013:16:22:46 -0600] "GET /blog/category/tech/information-security/ HTTP/1.1" 200 3848 "http://mysite.com/blog/" "Mozilla/5.0 (Windows NT 6.0; WOW64) AppleWebKit/534.30 (KHTML, like Gecko) Chrome/12.0.742.91 Safari/534.30"
192.114.71.13 - - [13/Jan/2013:16:22:46 -0600] "GET /blog/black-carrots/ HTTP/1.1" 200 3205 "http://mysite.com/blog/" "Mozilla/4.0 (compatible; MSIE 7.0; Windows NT 5.1)"
192.114.71.13 - - [13/Jan/2013:16:22:46 -0600] "GET /blog/analysis-chinese-phishing-scam/ HTTP/1.1" 200 4133 "http://mysite.com/blog/" "Mozilla/5.0 (compatible)"
192.114.71.13 - - [13/Jan/2013:16:22:46 -0600] "GET /blog/tag/madplay/ HTTP/1.1" 200 4085 "http://mysite.com/blog/category/tech/osx/" "Mozilla/5.0 (compatible)"
192.114.71.13 - - [13/Jan/2013:16:22:46 -0600] "GET /blog/tag/osx-2/ HTTP/1.1" 200 6287 "http://mysite.com/blog/" "Mozilla/5.0 (compatible)"
192.114.71.13 - - [13/Jan/2013:16:22:46 -0600] "GET /blog/osx-universal-binary/ HTTP/1.1" 200 3560 "http://mysite.com/blog/category/tech/osx/" "Mozilla/5.0 (compatible)"
66.249.74.38 - - [13/Jan/2013:16:22:47 -0600] "GET /blog/tag/sweet-skills/feed/ HTTP/1.1" 200 3670 "-" "Mozilla/5.0 (compatible; Googlebot/2.1; +http://www.google.com/bot.html)"
192.114.71.13 - - [13/Jan/2013:16:22:46 -0600] "GET /blog/page/2/ HTTP/1.1" 200 15257 "http://mysite.com/blog/" "Mozilla/5.0 (Windows NT 6.0; WOW64) AppleWebKit/534.30 (KHTML, like Gecko) Chrome/12.0.742.91 Safari/534.30"
66.249.74.38 - - [13/Jan/2013:16:22:55 -0600] "GET /blog/tag/goal-setting/feed/ HTTP/1.1" 200 3731 "-" "Mozilla/5.0 (compatible; Googlebot/2.1; +http://www.google.com/bot.html)"
192.114.71.13 - - [13/Jan/2013:16:22:57 -0600] "GET /blog/basic-perl-log-function/ HTTP/1.1" 200 3733 "http://mysite.com/blog/category/tech/linux/" "Mozilla/6.0 (compatible)"
192.114.71.13 - - [13/Jan/2013:16:22:57 -0600] "GET /blog/spicnspan/ HTTP/1.1" 200 4795 "http://mysite.com/blog/" "Mozilla/6.0 (compatible)"
192.114.71.13 - - [13/Jan/2013:16:22:57 -0600] "GET /blog/linux-shared-library-error/ HTTP/1.1" 200 3661 "http://mysite.com/blog/category/tech/linux/" "Mozilla/5.0 (Windows NT 6.0; WOW64) AppleWebKit/534.30 (KHTML, like Gecko) Chrome/12.0.742.91 Safari/534.30"
192.114.71.13 - - [13/Jan/2013:16:22:57 -0600] "GET /blog/tag/free-your-music/ HTTP/1.1" 200 3975 "http://mysite.com/blog/category/tech/" "Mozilla/4.0 (compatible; MSIE 7.0; Windows NT 5.1)"
192.114.71.13 - - [13/Jan/2013:16:22:57 -0600] "GET /blog/facebook-account-deletion-link/ HTTP/1.1" 200 2743 "http://mysite.com/blog/category/tech/" "Mozilla/6.0 (compatible)"
192.114.71.13 - - [13/Jan/2013:16:22:57 -0600] "GET /blog/tag/no-tabs/ HTTP/1.1" 200 4099 "http://mysite.com/blog/category/tech/" "Mozilla/5.0 (compatible)"
192.114.71.13 - - [13/Jan/2013:16:22:57 -0600] "GET /blog/category/portfolio/ HTTP/1.1" 200 5600 "http://mysite.com/blog/category/tech/" "Mozilla/6.0 (compatible)"
192.114.71.13 - - [13/Jan/2013:16:22:57 -0600] "GET /blog/tag/amazon-s3-perl-module/ HTTP/1.1" 200 4072 "http://mysite.com/blog/category/tech/" "Mozilla/5.0 (compatible)"
192.114.71.13 - - [13/Jan/2013:16:22:57 -0600] "GET /blog/tag/perl-2/ HTTP/1.1" 200 7408 "http://mysite.com/blog/category/tech/" "Mozilla/4.0 (compatible; MSIE 7.0; Windows NT 5.1)"
192.114.71.13 - - [13/Jan/2013:16:22:57 -0600] "GET /blog/category/rants/ HTTP/1.1" 200 5409 "http://mysite.com/blog/category/tech/" "Mozilla/4.0 (compatible; MSIE 7.0; Windows NT 5.1)"
66.249.74.38 - - [13/Jan/2013:16:23:03 -0600] "GET /blog/tag/learn-spanish/feed/ HTTP/1.1" 200 2265 "-" "Mozilla/5.0 (compatible; Googlebot/2.1; +http://www.google.com/bot.html)"
192.114.71.13 - - [13/Jan/2013:16:23:08 -0600] "GET /blog/how-to-break-out-of-an-exit-popup-in-firefox/ HTTP/1.1" 200 3046 "http://mysite.com/blog/category/tech/" "Mozilla/4.0 (compatible; MSIE 7.0; Windows NT 5.1)"
192.114.71.13 - - [13/Jan/2013:16:23:09 -0600] "GET /blog/tag/annoyances/ HTTP/1.1" 200 2794 "http://mysite.com/blog/category/tech/" "Mozilla/4.0 (compatible; MSIE 7.0; Windows NT 5.1)"
192.114.71.13 - - [13/Jan/2013:16:23:08 -0600] "GET /blog/tag/cpan/ HTTP/1.1" 200 4073 "http://mysite.com/blog/category/tech/" "Mozilla/4.0 (compatible; MSIE 7.0; Windows NT 5.1)"
192.114.71.13 - - [13/Jan/2013:16:23:08 -0600] "GET /blog/tag/exit-popups/ HTTP/1.1" 200 2742 "http://mysite.com/blog/category/tech/" "Mozilla/5.0 (compatible)"
192.114.71.13 - - [13/Jan/2013:16:23:09 -0600] "GET /blog/japan-initial-experiences/ HTTP/1.1" 200 4163 "http://mysite.com/blog/category/travel/" "Mozilla/5.0 (Windows NT 6.0; WOW64) AppleWebKit/534.30 (KHTML, like Gecko) Chrome/12.0.742.91 Safari/534.30"
192.114.71.13 - - [13/Jan/2013:16:23:08 -0600] "GET /blog/cpan-changing-permissions-on-osx/ HTTP/1.1" 200 4252 "http://mysite.com/blog/category/tech/" "Mozilla/5.0 (compatible)"
192.114.71.13 - - [13/Jan/2013:16:23:09 -0600] "GET /blog/take-action-now/ HTTP/1.1" 200 3775 "http://mysite.com/blog/tag/goal-setting/" "Mozilla/5.0 (compatible)"
192.114.71.13 - - [13/Jan/2013:16:23:09 -0600] "GET /blog/tag/personal-development/ HTTP/1.1" 200 3502 "http://mysite.com/blog/tag/goal-setting/" "Mozilla/5.0 (compatible)"
192.114.71.13 - - [13/Jan/2013:16:23:08 -0600] "GET /blog/tag/superfluous-whitespace/ HTTP/1.1" 200 4103 "http://mysite.com/blog/category/tech/" "Mozilla/5.0 (compatible)"
192.114.71.13 - - [13/Jan/2013:16:23:09 -0600] "GET /blog/tag/medellin/ HTTP/1.1" 200 3617 "http://mysite.com/blog/category/travel/" "Mozilla/5.0 (Windows NT 6.0; WOW64) AppleWebKit/534.30 (KHTML, like Gecko) Chrome/12.0.742.91 Safari/534.30"
192.114.71.13 - - [13/Jan/2013:16:23:09 -0600] "GET /blog/tag/krav-maga/ HTTP/1.1" 200 3500 "http://mysite.com/blog/tag/goal-setting/" "Mozilla/4.0 (compatible; MSIE 7.0; Windows NT 5.1)"
192.114.71.13 - - [13/Jan/2013:16:23:09 -0600] "GET /blog/how-to-be-physically-healthy/ HTTP/1.1" 200 3650 "http://mysite.com/blog/category/health/" "Mozilla/4.0 (compatible; MSIE 7.0; Windows NT 5.1)"
192.114.71.13 - - [13/Jan/2013:16:23:09 -0600] "GET /blog/command-line-gmail/ HTTP/1.1" 200 4135 "http://mysite.com/blog/traveling-vs-living/" "Mozilla/5.0 (Windows NT 6.0; WOW64) AppleWebKit/534.30 (KHTML, like Gecko) Chrome/12.0.742.91 Safari/534.30"
66.249.74.38 - - [13/Jan/2013:16:23:12 -0600] "GET /blog/tag/spanish-resources/feed/ HTTP/1.1" 200 2262 "-" "Mozilla/5.0 (compatible; Googlebot/2.1; +http://www.google.com/bot.html)"
192.114.71.13 - - [13/Jan/2013:16:23:19 -0600] "GET /scripts/php_fixxer.pl HTTP/1.1" 302 467 "http://mysite.com/blog/category/rants/" "Mozilla/4.0 (compatible; MSIE 7.0; Windows NT 5.1)"
192.114.71.13 - - [13/Jan/2013:16:23:19 -0600] "GET /blog/added-life-list/ HTTP/1.1" 200 3330 "http://mysite.com/blog/osx-universal-binary/" "Mozilla/5.0 (Windows NT 6.0; WOW64) AppleWebKit/534.30 (KHTML, like Gecko) Chrome/12.0.742.91 Safari/534.30"
192.114.71.13 - - [13/Jan/2013:16:23:19 -0600] "GET /blog/spanish-resources/ HTTP/1.1" 200 3732 "http://mysite.com/blog/page/2/" "Mozilla/4.0 (compatible; MSIE 7.0; Windows NT 5.1)"
192.114.71.13 - - [13/Jan/2013:16:23:19 -0600] "GET /blog/tag/learn-spanish/ HTTP/1.1" 200 3355 "http://mysite.com/blog/page/2/" "Mozilla/4.0 (compatible; MSIE 7.0; Windows NT 5.1)"
192.114.71.13 - - [13/Jan/2013:16:23:19 -0600] "GET /blog/dreaming-of-andalusia-oklahoma/ HTTP/1.1" 200 3247 "http://mysite.com/blog/linux-shared-library-error/" "Mozilla/6.0 (compatible)"
192.114.71.13 - - [13/Jan/2013:16:23:19 -0600] "GET /blog/tag/spanish-resources/ HTTP/1.1" 200 3411 "http://mysite.com/blog/page/2/" "Mozilla/5.0 (Windows NT 6.0; WOW64) AppleWebKit/534.30 (KHTML, like Gecko) Chrome/12.0.742.91 Safari/534.30"
192.114.71.13 - - [13/Jan/2013:16:23:19 -0600] "GET /blog/american-rendezvous-2k10/ HTTP/1.1" 200 3037 "http://mysite.com/blog/category/warriorism/parkour/" "Mozilla/5.0 (Windows NT 6.0; WOW64) AppleWebKit/534.30 (KHTML, like Gecko) Chrome/12.0.742.91 Safari/534.30"
192.114.71.13 - - [13/Jan/2013:16:23:19 -0600] "GET /blog/fireflies/ HTTP/1.1" 200 2755 "http://mysite.com/blog/osx-universal-binary/" "Mozilla/5.0 (Windows NT 6.0; WOW64) AppleWebKit/534.30 (KHTML, like Gecko) Chrome/12.0.742.91 Safari/534.30"
192.114.71.13 - - [13/Jan/2013:16:23:19 -0600] "GET /blog/category/language/spanish-language/ HTTP/1.1" 200 3414 "http://mysite.com/blog/page/2/" "Mozilla/4.0 (compatible; MSIE 7.0; Windows NT 5.1)"
192.114.71.13 - - [13/Jan/2013:16:23:19 -0600] "GET /blog/costa-rica/ HTTP/1.1" 200 3122 "http://mysite.com/blog/os-x-madplay/" "Mozilla/5.0 (Windows NT 6.0; WOW64) AppleWebKit/534.30 (KHTML, like Gecko) Chrome/12.0.742.91 Safari/534.30"
192.114.71.13 - - [13/Jan/2013:16:23:19 -0600] "GET /blog/under-construction/ HTTP/1.1" 200 2600 "http://mysite.com/blog/basic-perl-log-function/" "Mozilla/5.0 (compatible)"
192.114.71.13 - - [13/Jan/2013:16:23:19 -0600] "GET /blog/tag/snes9x/ HTTP/1.1" 200 4546 "http://mysite.com/blog/category/rants/" "Mozilla/5.0 (Windows NT 6.0; WOW64) AppleWebKit/534.30 (KHTML, like Gecko) Chrome/12.0.742.91 Safari/534.30"
192.114.71.13 - - [13/Jan/2013:16:23:19 -0600] "GET /blog/tag/short-tags/ HTTP/1.1" 200 4487 "http://mysite.com/blog/category/rants/" "Mozilla/4.0 (compatible; MSIE 7.0; Windows NT 5.1)"
192.114.71.13 - - [13/Jan/2013:16:23:19 -0600] "GET /blog/tag/fixyourdamnwebsite/ HTTP/1.1" 200 4543 "http://mysite.com/blog/category/rants/" "Mozilla/5.0 (Windows NT 6.0; WOW64) AppleWebKit/534.30 (KHTML, like Gecko) Chrome/12.0.742.91 Safari/534.30"
192.114.71.13 - - [13/Jan/2013:16:23:19 -0600] "GET /blog/ HTTP/1.1" 200 11637 "http://mysite.com/blog/category/health/" "Mozilla/5.0 (Windows NT 6.0; WOW64) AppleWebKit/534.30 (KHTML, like Gecko) Chrome/12.0.742.91 Safari/534.30"
192.114.71.13 - - [13/Jan/2013:16:23:19 -0600] "GET /blog/ HTTP/1.1" 200 11637 "http://mysite.com/blog/category/rants/" "Mozilla/4.0 (compatible; MSIE 7.0; Windows NT 5.1)"
192.114.71.13 - - [13/Jan/2013:16:23:19 -0600] "GET /blog/page/3/ HTTP/1.1" 200 28313 "http://mysite.com/blog/page/2/" "Mozilla/5.0 (compatible)"
192.114.71.13 - - [13/Jan/2013:16:23:19 -0600] "GET /blog/tag/php/ HTTP/1.1" 200 4543 "http://mysite.com/blog/category/rants/" "Mozilla/5.0 (compatible)"
66.249.74.38 - - [13/Jan/2013:16:23:20 -0600] "GET /blog/tag/personal-development/feed/ HTTP/1.1" 200 2420 "-" "Mozilla/5.0 (compatible; Googlebot/2.1; +http://www.google.com/bot.html)"
192.114.71.13 - - [13/Jan/2013:16:23:30 -0600] "GET /scripts/twitter-who2follow.user.js HTTP/1.1" 302 411 "http://mysite.com/blog/category/rants/" "Mozilla/6.0 (compatible)"
192.114.71.13 - - [13/Jan/2013:16:23:31 -0600] "GET /blog/wp-content/uploads/2010/10/goog-xlate3.png HTTP/1.1" 200 29281 "http://mysite.com/blog/page/3/" "Mozilla/5.0 (compatible)"
192.114.71.13 - - [13/Jan/2013:16:23:31 -0600] "GET /blog/wp-content/uploads/2010/10/mate_art1.png HTTP/1.1" 200 31728 "http://mysite.com/blog/page/3/" "Mozilla/6.0 (compatible)"
192.114.71.13 - - [13/Jan/2013:16:23:30 -0600] "GET /blog/life-list HTTP/1.1" 301 317 "http://mysite.com/blog/added-life-list/" "Mozilla/4.0 (compatible; MSIE 7.0; Windows NT 5.1)"
192.114.71.13 - - [13/Jan/2013:16:23:30 -0600] "GET /blog/tag/twitter/ HTTP/1.1" 200 2757 "http://mysite.com/blog/category/rants/" "Mozilla/5.0 (Windows NT 6.0; WOW64) AppleWebKit/534.30 (KHTML, like Gecko) Chrome/12.0.742.91 Safari/534.30"
192.114.71.13 - - [13/Jan/2013:16:23:30 -0600] "GET /blog/tag/greasemonkey/ HTTP/1.1" 200 2811 "http://mysite.com/blog/category/rants/" "Mozilla/4.0 (compatible; MSIE 7.0; Windows NT 5.1)"
192.114.71.13 - - [13/Jan/2013:16:23:30 -0600] "GET /blog/remove-who-to-follow/ HTTP/1.1" 200 3074 "http://mysite.com/blog/category/rants/" "Mozilla/5.0 (compatible)"
192.114.71.13 - - [13/Jan/2013:16:23:30 -0600] "GET /blog/new-word/ HTTP/1.1" 200 3491 "http://mysite.com/blog/command-line-gmail/" "Mozilla/5.0 (Windows NT 6.0; WOW64) AppleWebKit/534.30 (KHTML, like Gecko) Chrome/12.0.742.91 Safari/534.30"
192.114.71.13 - - [13/Jan/2013:16:23:30 -0600] "GET /blog/for-better-or-for-awesome/ HTTP/1.1" 200 3964 "http://mysite.com/blog/dreaming-of-andalusia-oklahoma/" "Mozilla/5.0 (compatible)"
192.114.71.13 - - [13/Jan/2013:16:23:30 -0600] "GET /blog/tag/jquery/ HTTP/1.1" 200 2812 "http://mysite.com/blog/category/rants/" "Mozilla/4.0 (compatible; MSIE 7.0; Windows NT 5.1)"
192.114.71.13 - - [13/Jan/2013:16:23:30 -0600] "GET /blog/day-in-the-life/ HTTP/1.1" 200 3153 "http://mysite.com/blog/american-rendezvous-2k10/" "Mozilla/4.0 (compatible; MSIE 7.0; Windows NT 5.1)"
192.114.71.13 - - [13/Jan/2013:16:23:30 -0600] "GET /blog/category/uncategorized/ HTTP/1.1" 200 3573 "http://mysite.com/blog/added-life-list/" "Mozilla/5.0 (Windows NT 6.0; WOW64) AppleWebKit/534.30 (KHTML, like Gecko) Chrome/12.0.742.91 Safari/534.30"
192.114.71.13 - - [13/Jan/2013:16:23:30 -0600] "GET /blog/category/randomness/ HTTP/1.1" 200 6704 "http://mysite.com/blog/dreaming-of-andalusia-oklahoma/" "Mozilla/5.0 (Windows NT 6.0; WOW64) AppleWebKit/534.30 (KHTML, like Gecko) Chrome/12.0.742.91 Safari/534.30"
192.114.71.13 - - [13/Jan/2013:16:23:31 -0600] "GET /blog/tag/mate/ HTTP/1.1" 200 2937 "http://mysite.com/blog/page/3/" "Mozilla/6.0 (compatible)"
192.114.71.13 - - [13/Jan/2013:16:23:31 -0600] "GET /blog/tag/machine-translation/ HTTP/1.1" 200 2939 "http://mysite.com/blog/page/3/" "Mozilla/6.0 (compatible)"
192.114.71.13 - - [13/Jan/2013:16:23:31 -0600] "GET /blog/tag/rioplatense-spanish/ HTTP/1.1" 200 2885 "http://mysite.com/blog/page/3/" "Mozilla/5.0 (Windows NT 6.0; WOW64) AppleWebKit/534.30 (KHTML, like Gecko) Chrome/12.0.742.91 Safari/534.30"
192.114.71.13 - - [13/Jan/2013:16:23:31 -0600] "GET /blog/simple-blogging-tips/ HTTP/1.1" 200 3163 "http://mysite.com/blog/page/3/" "Mozilla/6.0 (compatible)"
192.114.71.13 - - [13/Jan/2013:16:23:31 -0600] "GET /blog/tag/blogging/ HTTP/1.1" 200 2838 "http://mysite.com/blog/page/3/" "Mozilla/4.0 (compatible; MSIE 7.0; Windows NT 5.1)"
192.114.71.13 - - [13/Jan/2013:16:23:31 -0600] "GET /blog/life-list/ HTTP/1.1" 200 2155 "http://mysite.com/blog/added-life-list/" "Mozilla/4.0 (compatible; MSIE 7.0; Windows NT 5.1)"
192.114.71.13 - - [13/Jan/2013:16:23:31 -0600] "GET /blog/ HTTP/1.1" 200 11637 "http://mysite.com/blog/category/rants/" "Mozilla/6.0 (compatible)"
192.114.71.13 - - [13/Jan/2013:16:23:31 -0600] "GET /blog/page/4/ HTTP/1.1" 200 11356 "http://mysite.com/blog/page/3/" "Mozilla/6.0 (compatible)"
192.114.71.13 - - [13/Jan/2013:16:23:41 -0600] "GET /blog/wp-content/uploads/2010/07/grruelkananth1.mp3 HTTP/1.1" 200 28029 "http://mysite.com/blog/new-word/" "Mozilla/4.0 (compatible; MSIE 7.0; Windows NT 5.1)"
192.114.71.13 - - [13/Jan/2013:16:23:42 -0600] "GET /blog/page/5/ HTTP/1.1" 200 10576 "http://mysite.com/blog/page/4/" "Mozilla/6.0 (compatible)"
192.114.71.13 - - [13/Jan/2013:16:23:55 -0600] "GET /blog/page/6/ HTTP/1.1" 200 2376 "http://mysite.com/blog/page/5/" "Mozilla/5.0 (compatible)"
66.249.74.38 - - [13/Jan/2013:16:28:15 -0600] "GET /blog/tag/grow-dates-from-seed/feed/ HTTP/1.1" 200 2138 "-" "Mozilla/5.0 (compatible; Googlebot/2.1; +http://www.google.com/bot.html)"
66.249.74.38 - - [13/Jan/2013:16:28:46 -0600] "GET /blog/tag/grow-plants-from-seeds/feed/ HTTP/1.1" 200 2141 "-" "Mozilla/5.0 (compatible; Googlebot/2.1; +http://www.google.com/bot.html)"
66.249.74.38 - - [13/Jan/2013:16:28:55 -0600] "GET /blog/tag/life/feed/ HTTP/1.1" 200 3425 "-" "Mozilla/5.0 (compatible; Googlebot/2.1; +http://www.google.com/bot.html)"
66.249.74.38 - - [13/Jan/2013:16:29:05 -0600] "GET /blog/tag/texas/feed/ HTTP/1.1" 200 3425 "-" "Mozilla/5.0 (compatible; Googlebot/2.1; +http://www.google.com/bot.html)"
66.249.74.38 - - [13/Jan/2013:16:29:14 -0600] "GET /blog/tag/panama/feed/ HTTP/1.1" 200 1885 "-" "Mozilla/5.0 (compatible; Googlebot/2.1; +http://www.google.com/bot.html)"
66.249.74.38 - - [13/Jan/2013:16:29:24 -0600] "GET /blog/tag/castle/feed/ HTTP/1.1" 200 2403 "-" "Mozilla/5.0 (compatible; Googlebot/2.1; +http://www.google.com/bot.html)"
66.249.74.38 - - [13/Jan/2013:16:29:34 -0600] "GET /blog/tag/belief/feed/ HTTP/1.1" 200 2404 "-" "Mozilla/5.0 (compatible; Googlebot/2.1; +http://www.google.com/bot.html)"
66.249.74.38 - - [13/Jan/2013:16:29:44 -0600] "GET /blog/tag/belgium/feed/ HTTP/1.1" 200 2401 "-" "Mozilla/5.0 (compatible; Googlebot/2.1; +http://www.google.com/bot.html)"
66.249.74.38 - - [13/Jan/2013:16:29:55 -0600] "GET /blog/tag/bicycle/feed/ HTTP/1.1" 200 3427 "-" "Mozilla/5.0 (compatible; Googlebot/2.1; +http://www.google.com/bot.html)"
66.249.74.38 - - [13/Jan/2013:16:30:16 -0600] "GET /blog/tag/medellin/feed/ HTTP/1.1" 200 2594 "-" "Mozilla/5.0 (compatible; Googlebot/2.1; +http://www.google.com/bot.html)"
66.249.74.38 - - [13/Jan/2013:16:30:37 -0600] "GET /blog/tag/colombia/feed/ HTTP/1.1" 200 2596 "-" "Mozilla/5.0 (compatible; Googlebot/2.1; +http://www.google.com/bot.html)"
66.249.74.38 - - [13/Jan/2013:16:30:59 -0600] "GET /blog/tag/wandering/feed/ HTTP/1.1" 200 3427 "-" "Mozilla/5.0 (compatible; Googlebot/2.1; +http://www.google.com/bot.html)"
66.249.74.38 - - [13/Jan/2013:16:31:20 -0600] "GET /blog/tag/costa-rica/feed/ HTTP/1.1" 200 2436 "-" "Mozilla/5.0 (compatible; Googlebot/2.1; +http://www.google.com/bot.html)"
66.249.74.38 - - [13/Jan/2013:16:31:41 -0600] "GET /blog/tag/new-zealand/feed/ HTTP/1.1" 200 3430 "-" "Mozilla/5.0 (compatible; Googlebot/2.1; +http://www.google.com/bot.html)"
66.249.74.38 - - [13/Jan/2013:16:32:03 -0600] "GET /blog/tag/buenos-aires/feed/ HTTP/1.1" 200 2302 "-" "Mozilla/5.0 (compatible; Googlebot/2.1; +http://www.google.com/bot.html)"
66.249.74.38 - - [13/Jan/2013:16:32:25 -0600] "GET /blog/tag/cheap-airfare/feed/ HTTP/1.1" 200 2411 "-" "Mozilla/5.0 (compatible; Googlebot/2.1; +http://www.google.com/bot.html)"
66.249.74.38 - - [13/Jan/2013:16:32:47 -0600] "GET /blog/tag/internet-cafe/feed/ HTTP/1.1" 200 2297 "-" "Mozilla/5.0 (compatible; Googlebot/2.1; +http://www.google.com/bot.html)"
66.249.74.38 - - [13/Jan/2013:16:33:13 -0600] "GET /blog/tag/the-most-beautiful-women-in-the-world/feed/ HTTP/1.1" 200 1802 "-" "Mozilla/5.0 (compatible; Googlebot/2.1; +http://www.google.com/bot.html)"
192.114.71.13 - - [13/Jan/2013:16:37:26 -0600] "GET /blog/wp-content/themes/koi-improved/img/socialmedia/rss.png HTTP/1.1" 200 1760 "-" "-"
192.114.71.13 - - [13/Jan/2013:16:37:32 -0600] "GET /blog/wp-content/themes/koi-improved/img/paper-bg.jpg HTTP/1.1" 200 15312 "-" "-"
192.114.71.13 - - [13/Jan/2013:16:37:33 -0600] "GET /blog/wp-content/themes/koi-improved/img/dropdown-bg.png HTTP/1.1" 200 7269 "-" "-"
192.114.71.13 - - [13/Jan/2013:16:37:32 -0600] "GET /blog/wp-content/themes/koi-improved/img/header.gif HTTP/1.1" 200 61486 "-" "-"
192.114.71.13 - - [13/Jan/2013:16:37:32 -0600] "GET /blog/wp-content/themes/koi-improved/img/top-illustration.gif HTTP/1.1" 200 73678 "-" "-"
192.114.71.13 - - [13/Jan/2013:16:37:33 -0600] "GET /blog/wp-content/themes/koi-improved/img/more.png HTTP/1.1" 200 1254 "-" "-"
192.114.71.13 - - [13/Jan/2013:16:37:33 -0600] "GET /blog/wp-content/themes/koi-improved/img/nav-rss.png HTTP/1.1" 200 902 "-" "-"
192.114.71.13 - - [13/Jan/2013:16:37:34 -0600] "GET /blog/wp-content/themes/koi-improved/img/post-nav-rule.png HTTP/1.1" 200 531 "-" "-"
192.114.71.13 - - [13/Jan/2013:16:37:35 -0600] "GET /blog/wp-content/themes/koi-improved/img/reply.png HTTP/1.1" 200 822 "-" "-"
192.114.71.13 - - [13/Jan/2013:16:37:36 -0600] "GET /blog/wp-content/themes/koi-improved/img/cancel-reply.png HTTP/1.1" 200 588 "-" "-"
192.114.71.13 - - [13/Jan/2013:16:37:36 -0600] "GET /blog/wp-content/themes/koi-improved/img/post-nav-bg.png HTTP/1.1" 200 2232 "-" "-"
192.114.71.13 - - [13/Jan/2013:16:37:36 -0600] "GET /blog/wp-content/themes/koi-improved/img/submit-btn.png HTTP/1.1" 200 1388 "-" "-"
192.114.71.13 - - [13/Jan/2013:16:37:36 -0600] "GET /blog/wp-content/themes/koi-improved/img/footer.gif HTTP/1.1" 200 44308 "-" "-"
192.114.71.13 - - [13/Jan/2013:16:37:37 -0600] "GET /blog/wp-content/uploads/2010/10/sbux1.2010oct03.jpg HTTP/1.1" 200 103164 "-" "-"
192.114.71.13 - - [13/Jan/2013:16:37:37 -0600] "GET /blog/wp-content/uploads/2010/10/morn-crescent1.jpg HTTP/1.1" 200 110350 "-" "-"
192.114.71.13 - - [13/Jan/2013:16:37:50 -0600] "GET /blog/wp-content/uploads/2010/06/code5.jpg HTTP/1.1" 200 31149 "-" "-"
192.114.71.13 - - [13/Jan/2013:16:37:51 -0600] "GET /blog/wp-content/uploads/2011/01/prefs31.png HTTP/1.1" 200 85768 "-" "-"
192.114.71.13 - - [13/Jan/2013:16:37:53 -0600] "GET /blog/wp-content/uploads/2011/01/exitpop2.png HTTP/1.1" 200 48818 "-" "-"
192.114.71.13 - - [13/Jan/2013:16:37:55 -0600] "GET /blog/wp-includes/images/smilies/icon_smile.gif HTTP/1.1" 200 448 "-" "-"
192.114.71.13 - - [13/Jan/2013:16:37:56 -0600] "GET /blog/wp-includes/images/smilies/icon_wink.gif HTTP/1.1" 200 444 "-" "-"
