157.55.34.35 - - [14/Jan/2013:04:41:38 -0600] "GET /blog/thailand-september-2012/ HTTP/1.1" 200 4567 "-" "Mozilla/5.0 (compatible; bingbot/2.0; +http://www.bing.com/bingbot.htm)"
157.55.34.35 - - [14/Jan/2013:04:41:44 -0600] "GET /blog/feed HTTP/1.1" 301 385 "-" "Mozilla/5.0 (compatible; bingbot/2.0; +http://www.bing.com/bingbot.htm)"
220.181.108.148 - - [14/Jan/2013:04:42:00 -0600] "GET / HTTP/1.1" 302 429 "-" "Mozilla/5.0 (compatible; Baiduspider/2.0; +http://www.baidu.com/search/spider.html)"
157.55.33.248 - - [14/Jan/2013:04:42:41 -0600] "GET /blog/purple-carrot/ HTTP/1.1" 200 3043 "-" "Mozilla/5.0 (compatible; bingbot/2.0; +http://www.bing.com/bingbot.htm)"
157.55.33.248 - - [14/Jan/2013:04:49:36 -0600] "GET /blog/remove-ubuntudebian-version-from-sshd-server-string/ HTTP/1.1" 200 3344 "-" "Mozilla/5.0 (compatible; bingbot/2.0; +http://www.bing.com/bingbot.htm)"
157.55.33.248 - - [14/Jan/2013:04:59:23 -0600] "GET /blog/sailing/ HTTP/1.1" 200 3764 "-" "Mozilla/5.0 (compatible; bingbot/2.0; +http://www.bing.com/bingbot.htm)"
178.154.163.29 - - [14/Jan/2013:05:01:22 -0600] "GET /blog/remove-ubuntudebian-version-from-sshd-server-string/ HTTP/1.1" 200 3344 "-" "Mozilla/5.0 (compatible; YandexBot/3.0; +http://yandex.com/bots)"
187.6.113.125 - - [14/Jan/2013:05:06:16 -0600] "GET /blog/panama/ HTTP/1.1" 200 8692 "-" "Mozilla/5.0 (compatible; Googlebot/2.1; +http://www.google.com/bot.html)"
176.34.138.250 - - [14/Jan/2013:05:10:14 -0600] "GET / HTTP/1.1" 302 492 "-" "-"
176.34.138.250 - - [14/Jan/2013:05:11:02 -0600] "GET / HTTP/1.1" 302 467 "-" "Mozilla/4.0 (compatible; MSIE 7.0; Windows NT 6.1; WOW64; Trident/5.0; SLCC2; .NET CLR 2.0.50727; .NET CLR 3.5.30729; .NET CLR 3.0.30729; .NET4.0C; .NET4.0E)"
176.34.138.250 - - [14/Jan/2013:05:11:02 -0600] "GET /blog/ HTTP/1.1" 200 11692 "-" "Mozilla/4.0 (compatible; MSIE 7.0; Windows NT 6.1; WOW64; Trident/5.0; SLCC2; .NET CLR 2.0.50727; .NET CLR 3.5.30729; .NET CLR 3.0.30729; .NET4.0C; .NET4.0E)"
176.34.138.250 - - [14/Jan/2013:05:11:03 -0600] "GET /blog/wp-content/themes/koi-improved/style.css HTTP/1.1" 200 4122 "http://mysite.com/blog/" "Mozilla/4.0 (compatible; MSIE 7.0; Windows NT 6.1; WOW64; Trident/5.0; SLCC2; .NET CLR 2.0.50727; .NET CLR 3.5.30729; .NET CLR 3.0.30729; .NET4.0C; .NET4.0E)"
176.34.138.250 - - [14/Jan/2013:05:11:03 -0600] "GET /blog/wp-content/themes/koi-improved/img/socialmedia/rss.png HTTP/1.1" 200 1760 "http://mysite.com/blog/" "Mozilla/4.0 (compatible; MSIE 7.0; Windows NT 6.1; WOW64; Trident/5.0; SLCC2; .NET CLR 2.0.50727; .NET CLR 3.5.30729; .NET CLR 3.0.30729; .NET4.0C; .NET4.0E)"
176.34.138.250 - - [14/Jan/2013:05:11:03 -0600] "GET /blog/wp-content/plugins/codecolorer/codecolorer.css?ver=0.9.9 HTTP/1.1" 200 2393 "http://mysite.com/blog/" "Mozilla/4.0 (compatible; MSIE 7.0; Windows NT 6.1; WOW64; Trident/5.0; SLCC2; .NET CLR 2.0.50727; .NET CLR 3.5.30729; .NET CLR 3.0.30729; .NET4.0C; .NET4.0E)"
176.34.138.250 - - [14/Jan/2013:05:11:03 -0600] "GET /blog/wp-content/themes/koi-improved/yellow.css HTTP/1.1" 404 11837 "http://mysite.com/blog/" "Mozilla/4.0 (compatible; MSIE 7.0; Windows NT 6.1; WOW64; Trident/5.0; SLCC2; .NET CLR 2.0.50727; .NET CLR 3.5.30729; .NET CLR 3.0.30729; .NET4.0C; .NET4.0E)"
176.34.138.250 - - [14/Jan/2013:05:11:04 -0600] "GET /blog/wp-content/themes/koi-improved/img/paper-bg.jpg HTTP/1.1" 200 15311 "http://mysite.com/blog/" "Mozilla/4.0 (compatible; MSIE 7.0; Windows NT 6.1; WOW64; Trident/5.0; SLCC2; .NET CLR 2.0.50727; .NET CLR 3.5.30729; .NET CLR 3.0.30729; .NET4.0C; .NET4.0E)"
176.34.138.250 - - [14/Jan/2013:05:11:04 -0600] "GET /blog/wp-content/themes/koi-improved/img/top-illustration.gif HTTP/1.1" 200 73677 "http://mysite.com/blog/" "Mozilla/4.0 (compatible; MSIE 7.0; Windows NT 6.1; WOW64; Trident/5.0; SLCC2; .NET CLR 2.0.50727; .NET CLR 3.5.30729; .NET CLR 3.0.30729; .NET4.0C; .NET4.0E)"
176.34.138.250 - - [14/Jan/2013:05:11:04 -0600] "GET /blog/wp-content/themes/koi-improved/img/footer.gif HTTP/1.1" 200 44308 "http://mysite.com/blog/" "Mozilla/4.0 (compatible; MSIE 7.0; Windows NT 6.1; WOW64; Trident/5.0; SLCC2; .NET CLR 2.0.50727; .NET CLR 3.5.30729; .NET CLR 3.0.30729; .NET4.0C; .NET4.0E)"
176.34.138.250 - - [14/Jan/2013:05:11:04 -0600] "GET /blog/wp-content/themes/koi-improved/img/header.gif HTTP/1.1" 200 61485 "http://mysite.com/blog/" "Mozilla/4.0 (compatible; MSIE 7.0; Windows NT 6.1; WOW64; Trident/5.0; SLCC2; .NET CLR 2.0.50727; .NET CLR 3.5.30729; .NET CLR 3.0.30729; .NET4.0C; .NET4.0E)"
176.34.138.250 - - [14/Jan/2013:05:11:05 -0600] "GET /blog/wp-content/themes/koi-improved/img/post-nav-rule.png HTTP/1.1" 200 530 "http://mysite.com/blog/" "Mozilla/4.0 (compatible; MSIE 7.0; Windows NT 6.1; WOW64; Trident/5.0; SLCC2; .NET CLR 2.0.50727; .NET CLR 3.5.30729; .NET CLR 3.0.30729; .NET4.0C; .NET4.0E)"
176.34.138.250 - - [14/Jan/2013:05:11:05 -0600] "GET /blog/wp-content/themes/koi-improved/img/post-nav-bg.png HTTP/1.1" 200 2231 "http://mysite.com/blog/" "Mozilla/4.0 (compatible; MSIE 7.0; Windows NT 6.1; WOW64; Trident/5.0; SLCC2; .NET CLR 2.0.50727; .NET CLR 3.5.30729; .NET CLR 3.0.30729; .NET4.0C; .NET4.0E)"
123.125.71.86 - - [14/Jan/2013:05:38:09 -0600] "GET / HTTP/1.1" 302 429 "-" "Mozilla/5.0 (compatible; Baiduspider/2.0; +http://www.baidu.com/search/spider.html)"
66.249.74.38 - - [14/Jan/2013:05:38:54 -0600] "GET /blog/page/2/?view=month&cal_d=1&cal_m=3&cal_y=1987&course=1 HTTP/1.1" 200 15352 "-" "Mozilla/5.0 (compatible; Googlebot/2.1; +http://www.google.com/bot.html)"
220.181.108.180 - - [14/Jan/2013:05:38:59 -0600] "GET / HTTP/1.1" 302 429 "-" "Mozilla/5.0 (compatible; Baiduspider/2.0; +http://www.baidu.com/search/spider.html)"
180.76.6.29 - - [14/Jan/2013:05:39:25 -0600] "GET /blog/lost-in-translation/ HTTP/1.1" 200 3181 "-" "Mozilla/5.0 (compatible; Baiduspider/2.0; +http://www.baidu.com/search/spider.html)"
61.135.248.187 - - [14/Jan/2013:05:44:56 -0600] "GET / HTTP/1.1" 302 411 "-" "Mozilla/5.0 (compatible; YodaoBot/1.0; http://www.yodao.com/help/webmaster/spider/; )"
61.135.248.187 - - [14/Jan/2013:05:44:56 -0600] "GET /robots.txt HTTP/1.1" 200 272 "-" "Mozilla/5.0 (compatible; YodaoBot/1.0; http://www.yodao.com/help/webmaster/spider/; )"
61.135.248.187 - - [14/Jan/2013:05:44:57 -0600] "GET /blog/ HTTP/1.1" 200 11637 "-" "Mozilla/5.0 (compatible; YodaoBot/1.0; http://www.yodao.com/help/webmaster/spider/; )"
119.247.227.238 - - [14/Jan/2013:05:47:57 -0600] "GET /blog/ HTTP/1.1" 200 40506 "-" "Mozilla/4.0 (compatible; MSIE 5.5; Windows NT)"
82.136.233.171 - - [14/Jan/2013:06:07:10 -0600] "GET /blog/black-carrots/ HTTP/1.1" 200 3205 "http://www.google.nl/url?sa=t&rct=j&q=&esrc=s&source=web&cd=3&sqi=2&ved=0CEEQFjAC&url=http%3A%2F%2Fmysite.com%2Fblog%2Fblack-carrots%2F&ei=xvTzUL2FDIGp0QWBsYCwCw&usg=AFQjCNEEQOLEy6aLgJ-dYTCVydcr0EeNkQ&sig2=xHhTvTmvCLPZVTjLCy1m0w&bvm=bv.1357700187,d.d2k" "Mozilla/5.0 (Windows NT 6.1; WOW64; rv:18.0) Gecko/20100101 Firefox/18.0"
82.136.233.171 - - [14/Jan/2013:06:07:11 -0600] "GET /blog/wp-content/themes/koi-improved/style.css HTTP/1.1" 200 4122 "http://mysite.com/blog/black-carrots/" "Mozilla/5.0 (Windows NT 6.1; WOW64; rv:18.0) Gecko/20100101 Firefox/18.0"
82.136.233.171 - - [14/Jan/2013:06:07:11 -0600] "GET /blog/wp-content/themes/koi-improved/img/socialmedia/rss.png HTTP/1.1" 200 1760 "http://mysite.com/blog/black-carrots/" "Mozilla/5.0 (Windows NT 6.1; WOW64; rv:18.0) Gecko/20100101 Firefox/18.0"
82.136.233.171 - - [14/Jan/2013:06:07:11 -0600] "GET /blog/wp-content/plugins/codecolorer/codecolorer.css?ver=0.9.9 HTTP/1.1" 200 2393 "http://mysite.com/blog/black-carrots/" "Mozilla/5.0 (Windows NT 6.1; WOW64; rv:18.0) Gecko/20100101 Firefox/18.0"
82.136.233.171 - - [14/Jan/2013:06:07:11 -0600] "GET /blog/wp-includes/js/comment-reply.min.js?ver=3.5 HTTP/1.1" 200 747 "http://mysite.com/blog/black-carrots/" "Mozilla/5.0 (Windows NT 6.1; WOW64; rv:18.0) Gecko/20100101 Firefox/18.0"
82.136.233.171 - - [14/Jan/2013:06:07:11 -0600] "GET /blog/wp-content/themes/koi-improved/yellow.css HTTP/1.1" 404 11837 "http://mysite.com/blog/black-carrots/" "Mozilla/5.0 (Windows NT 6.1; WOW64; rv:18.0) Gecko/20100101 Firefox/18.0"
82.136.233.171 - - [14/Jan/2013:06:07:12 -0600] "GET /blog/wp-content/themes/koi-improved/img/paper-bg.jpg HTTP/1.1" 200 15311 "http://mysite.com/blog/wp-content/themes/koi-improved/style.css" "Mozilla/5.0 (Windows NT 6.1; WOW64; rv:18.0) Gecko/20100101 Firefox/18.0"
82.136.233.171 - - [14/Jan/2013:06:07:12 -0600] "GET /blog/wp-content/themes/koi-improved/img/post-nav-rule.png HTTP/1.1" 200 530 "http://mysite.com/blog/wp-content/themes/koi-improved/style.css" "Mozilla/5.0 (Windows NT 6.1; WOW64; rv:18.0) Gecko/20100101 Firefox/18.0"
82.136.233.171 - - [14/Jan/2013:06:07:12 -0600] "GET /blog/wp-content/themes/koi-improved/img/post-nav-bg.png HTTP/1.1" 200 2231 "http://mysite.com/blog/wp-content/themes/koi-improved/style.css" "Mozilla/5.0 (Windows NT 6.1; WOW64; rv:18.0) Gecko/20100101 Firefox/18.0"
82.136.233.171 - - [14/Jan/2013:06:07:12 -0600] "GET /blog/wp-content/themes/koi-improved/img/top-illustration.gif HTTP/1.1" 200 73677 "http://mysite.com/blog/wp-content/themes/koi-improved/style.css" "Mozilla/5.0 (Windows NT 6.1; WOW64; rv:18.0) Gecko/20100101 Firefox/18.0"
82.136.233.171 - - [14/Jan/2013:06:07:12 -0600] "GET /blog/wp-content/themes/koi-improved/img/footer.gif HTTP/1.1" 200 44308 "http://mysite.com/blog/wp-content/themes/koi-improved/style.css" "Mozilla/5.0 (Windows NT 6.1; WOW64; rv:18.0) Gecko/20100101 Firefox/18.0"
82.136.233.171 - - [14/Jan/2013:06:07:12 -0600] "GET /blog/wp-content/themes/koi-improved/img/header.gif HTTP/1.1" 200 61485 "http://mysite.com/blog/wp-content/themes/koi-improved/style.css" "Mozilla/5.0 (Windows NT 6.1; WOW64; rv:18.0) Gecko/20100101 Firefox/18.0"
82.136.233.171 - - [14/Jan/2013:06:07:14 -0600] "GET /favicon.ico HTTP/1.1" 302 466 "-" "Mozilla/5.0 (Windows NT 6.1; WOW64; rv:18.0) Gecko/20100101 Firefox/18.0"
82.136.233.171 - - [14/Jan/2013:06:07:14 -0600] "GET /blog/analysis-chinese-phishing-scam/ HTTP/1.1" 200 4132 "http://mysite.com/blog/black-carrots/" "Mozilla/5.0 (Windows NT 6.1; WOW64; rv:18.0) Gecko/20100101 Firefox/18.0"
82.136.233.171 - - [14/Jan/2013:06:07:14 -0600] "GET /blog/ HTTP/1.1" 200 11692 "-" "Mozilla/5.0 (Windows NT 6.1; WOW64; rv:18.0) Gecko/20100101 Firefox/18.0"
173.199.120.155 - - [14/Jan/2013:06:13:40 -0600] "GET /blog/hello-world/ HTTP/1.1" 200 2538 "-" "Mozilla/5.0 (compatible; AhrefsBot/4.0; +http://ahrefs.com/robot/)"
80.112.172.240 - - [14/Jan/2013:06:15:17 -0600] "GET /blog/how-to-break-out-of-an-exit-popup-in-firefox/ HTTP/1.1" 200 3046 "http://www.google.nl/url?sa=t&rct=j&q=&esrc=s&source=web&cd=3&ved=0CEMQFjAC&url=http%3A%2F%2Fmysite.com%2Fblog%2Fhow-to-break-out-of-an-exit-popup-in-firefox%2F&ei=B_bzUKi9K-nD0QXKqYGgDA&usg=AFQjCNHCkIZCsLpLJ9BgnQxRhUqZ7GlqZQ" "Mozilla/5.0 (Windows NT 6.1; WOW64; rv:20.0) Gecko/20130113 Firefox/20.0"
80.112.172.240 - - [14/Jan/2013:06:15:17 -0600] "GET /blog/wp-content/themes/koi-improved/style.css HTTP/1.1" 200 4122 "http://mysite.com/blog/how-to-break-out-of-an-exit-popup-in-firefox/" "Mozilla/5.0 (Windows NT 6.1; WOW64; rv:20.0) Gecko/20130113 Firefox/20.0"
80.112.172.240 - - [14/Jan/2013:06:15:17 -0600] "GET /blog/wp-includes/js/comment-reply.min.js?ver=3.5 HTTP/1.1" 200 747 "http://mysite.com/blog/how-to-break-out-of-an-exit-popup-in-firefox/" "Mozilla/5.0 (Windows NT 6.1; WOW64; rv:20.0) Gecko/20130113 Firefox/20.0"
80.112.172.240 - - [14/Jan/2013:06:15:17 -0600] "GET /blog/wp-content/plugins/codecolorer/codecolorer.css?ver=0.9.9 HTTP/1.1" 200 2393 "http://mysite.com/blog/how-to-break-out-of-an-exit-popup-in-firefox/" "Mozilla/5.0 (Windows NT 6.1; WOW64; rv:20.0) Gecko/20130113 Firefox/20.0"
80.112.172.240 - - [14/Jan/2013:06:15:17 -0600] "GET /blog/wp-content/themes/koi-improved/yellow.css HTTP/1.1" 404 11837 "http://mysite.com/blog/how-to-break-out-of-an-exit-popup-in-firefox/" "Mozilla/5.0 (Windows NT 6.1; WOW64; rv:20.0) Gecko/20130113 Firefox/20.0"
80.112.172.240 - - [14/Jan/2013:06:15:18 -0600] "GET /blog/wp-content/themes/koi-improved/img/socialmedia/rss.png HTTP/1.1" 200 1759 "http://mysite.com/blog/how-to-break-out-of-an-exit-popup-in-firefox/" "Mozilla/5.0 (Windows NT 6.1; WOW64; rv:20.0) Gecko/20130113 Firefox/20.0"
80.112.172.240 - - [14/Jan/2013:06:15:18 -0600] "GET /blog/wp-content/themes/koi-improved/img/paper-bg.jpg HTTP/1.1" 200 15311 "http://mysite.com/blog/wp-content/themes/koi-improved/style.css" "Mozilla/5.0 (Windows NT 6.1; WOW64; rv:20.0) Gecko/20130113 Firefox/20.0"
80.112.172.240 - - [14/Jan/2013:06:15:18 -0600] "GET /blog/wp-content/uploads/2011/01/exitpop2.png HTTP/1.1" 200 48817 "http://mysite.com/blog/how-to-break-out-of-an-exit-popup-in-firefox/" "Mozilla/5.0 (Windows NT 6.1; WOW64; rv:20.0) Gecko/20130113 Firefox/20.0"
80.112.172.240 - - [14/Jan/2013:06:15:19 -0600] "GET /blog/wp-content/themes/koi-improved/img/post-nav-rule.png HTTP/1.1" 200 531 "http://mysite.com/blog/wp-content/themes/koi-improved/style.css" "Mozilla/5.0 (Windows NT 6.1; WOW64; rv:20.0) Gecko/20130113 Firefox/20.0"
80.112.172.240 - - [14/Jan/2013:06:15:19 -0600] "GET /blog/wp-content/themes/koi-improved/img/post-nav-bg.png HTTP/1.1" 200 2231 "http://mysite.com/blog/wp-content/themes/koi-improved/style.css" "Mozilla/5.0 (Windows NT 6.1; WOW64; rv:20.0) Gecko/20130113 Firefox/20.0"
80.112.172.240 - - [14/Jan/2013:06:15:19 -0600] "GET /blog/wp-content/themes/koi-improved/img/top-illustration.gif HTTP/1.1" 200 73677 "http://mysite.com/blog/wp-content/themes/koi-improved/style.css" "Mozilla/5.0 (Windows NT 6.1; WOW64; rv:20.0) Gecko/20130113 Firefox/20.0"
80.112.172.240 - - [14/Jan/2013:06:15:19 -0600] "GET /blog/wp-content/themes/koi-improved/img/header.gif HTTP/1.1" 200 61486 "http://mysite.com/blog/wp-content/themes/koi-improved/style.css" "Mozilla/5.0 (Windows NT 6.1; WOW64; rv:20.0) Gecko/20130113 Firefox/20.0"
80.112.172.240 - - [14/Jan/2013:06:15:18 -0600] "GET /blog/wp-content/uploads/2011/01/prefs31.png HTTP/1.1" 200 85767 "http://mysite.com/blog/how-to-break-out-of-an-exit-popup-in-firefox/" "Mozilla/5.0 (Windows NT 6.1; WOW64; rv:20.0) Gecko/20130113 Firefox/20.0"
80.112.172.240 - - [14/Jan/2013:06:15:19 -0600] "GET /blog/wp-content/themes/koi-improved/img/footer.gif HTTP/1.1" 200 44308 "http://mysite.com/blog/wp-content/themes/koi-improved/style.css" "Mozilla/5.0 (Windows NT 6.1; WOW64; rv:20.0) Gecko/20130113 Firefox/20.0"
80.112.172.240 - - [14/Jan/2013:06:15:20 -0600] "GET /favicon.ico HTTP/1.1" 302 466 "-" "Mozilla/5.0 (Windows NT 6.1; WOW64; rv:20.0) Gecko/20130113 Firefox/20.0"
80.112.172.240 - - [14/Jan/2013:06:15:20 -0600] "GET /blog/the-skills/ HTTP/1.1" 200 6364 "http://mysite.com/blog/how-to-break-out-of-an-exit-popup-in-firefox/" "Mozilla/5.0 (Windows NT 6.1; WOW64; rv:20.0) Gecko/20130113 Firefox/20.0"
80.112.172.240 - - [14/Jan/2013:06:15:20 -0600] "GET /blog/ HTTP/1.1" 200 11692 "-" "Mozilla/5.0 (Windows NT 6.1; WOW64; rv:20.0) Gecko/20130113 Firefox/20.0"
178.154.163.29 - - [14/Jan/2013:06:30:56 -0600] "GET /blog/linux-shared-library-error/ HTTP/1.1" 200 3717 "-" "Mozilla/5.0 (compatible; YandexBot/3.0; +http://yandex.com/bots)"
208.115.111.70 - - [14/Jan/2013:06:33:00 -0600] "GET /robots.txt HTTP/1.1" 200 272 "-" "Mozilla/5.0 (compatible; Ezooms/1.0; ezooms.bot@gmail.com)"
65.111.177.188 - - [14/Jan/2013:06:34:58 -0600] "GET / HTTP/1.1" 403 426 "-" "Mozilla/5.0 (Windows NT 5.1) AppleWebKit/535.11 (KHTML, like Gecko) Chrome/17.0.963.56 Safari/535.11"
65.111.177.188 - - [14/Jan/2013:06:34:58 -0600] "GET / HTTP/1.1" 403 370 "-" "Mozilla/5.0 (Windows NT 5.1) AppleWebKit/535.11 (KHTML, like Gecko) Chrome/17.0.963.56 Safari/535.11"
65.111.177.188 - - [14/Jan/2013:06:34:59 -0600] "GET / HTTP/1.1" 403 370 "-" "Mozilla/5.0 (Windows NT 5.1) AppleWebKit/535.11 (KHTML, like Gecko) Chrome/17.0.963.56 Safari/535.11"
65.111.177.188 - - [14/Jan/2013:06:34:59 -0600] "GET / HTTP/1.1" 403 370 "-" "Mozilla/5.0 (Windows NT 5.1) AppleWebKit/535.11 (KHTML, like Gecko) Chrome/17.0.963.56 Safari/535.11"
119.63.193.132 - - [14/Jan/2013:06:51:04 -0600] "GET / HTTP/1.1" 302 429 "-" "Mozilla/4.0 (compatible; MSIE 7.0; Windows NT 6.0)"
173.199.120.155 - - [14/Jan/2013:06:53:46 -0600] "GET /blog/category/adventuring/ HTTP/1.1" 200 7614 "-" "Mozilla/5.0 (compatible; AhrefsBot/4.0; +http://ahrefs.com/robot/)"
173.199.120.155 - - [14/Jan/2013:07:00:49 -0600] "GET /blog/tag/krav-maga/ HTTP/1.1" 200 3444 "-" "Mozilla/5.0 (compatible; AhrefsBot/4.0; +http://ahrefs.com/robot/)"
66.249.74.38 - - [14/Jan/2013:07:02:28 -0600] "GET /blog/page/2/?cal_m=9&cal_y=1999 HTTP/1.1" 200 15332 "-" "Mozilla/5.0 (compatible; Googlebot/2.1; +http://www.google.com/bot.html)"
208.115.111.70 - - [14/Jan/2013:07:30:20 -0600] "GET /blog/tag/exit-popups/feed/ HTTP/1.1" 200 3431 "-" "Mozilla/5.0 (compatible; Ezooms/1.0; ezooms.bot@gmail.com)"
173.199.120.155 - - [14/Jan/2013:07:42:11 -0600] "GET /blog/thailand-september-2012/ HTTP/1.1" 200 4511 "-" "Mozilla/5.0 (compatible; AhrefsBot/4.0; +http://ahrefs.com/robot/)"
173.199.120.155 - - [14/Jan/2013:07:50:18 -0600] "GET /blog/dreaming-of-andalusia-oklahoma/ HTTP/1.1" 200 3191 "-" "Mozilla/5.0 (compatible; AhrefsBot/4.0; +http://ahrefs.com/robot/)"
74.106.233.83 - - [14/Jan/2013:08:01:15 -0600] "GET /blog/analysis-chinese-phishing-scam/ HTTP/1.1" 200 4133 "http://www.google.com/url?sa=t&rct=j&q=&esrc=s&source=web&cd=6&cad=rja&ved=0CFUQFjAF&url=http%3A%2F%2Fmysite.com%2Fblog%2Fanalysis-chinese-phishing-scam%2F&ei=iQ_0ULfdD4bp0gHQ7YHQCA&usg=AFQjCNFYCLz7-ayPaAOcmhY0gblatVsLWQ&bvm=bv.1357700187,d.dmQ" "Mozilla/5.0 (Macintosh; Intel Mac OS X 10.6; rv:17.0) Gecko/20100101 Firefox/17.0"
74.106.233.83 - - [14/Jan/2013:08:01:16 -0600] "GET /blog/wp-content/themes/koi-improved/style.css HTTP/1.1" 200 4122 "http://mysite.com/blog/analysis-chinese-phishing-scam/" "Mozilla/5.0 (Macintosh; Intel Mac OS X 10.6; rv:17.0) Gecko/20100101 Firefox/17.0"
74.106.233.83 - - [14/Jan/2013:08:01:16 -0600] "GET /blog/wp-content/plugins/codecolorer/codecolorer.css?ver=0.9.9 HTTP/1.1" 200 2392 "http://mysite.com/blog/analysis-chinese-phishing-scam/" "Mozilla/5.0 (Macintosh; Intel Mac OS X 10.6; rv:17.0) Gecko/20100101 Firefox/17.0"
74.106.233.83 - - [14/Jan/2013:08:01:16 -0600] "GET /blog/wp-includes/js/comment-reply.min.js?ver=3.5 HTTP/1.1" 200 747 "http://mysite.com/blog/analysis-chinese-phishing-scam/" "Mozilla/5.0 (Macintosh; Intel Mac OS X 10.6; rv:17.0) Gecko/20100101 Firefox/17.0"
74.106.233.83 - - [14/Jan/2013:08:01:16 -0600] "GET /blog/wp-content/themes/koi-improved/img/socialmedia/rss.png HTTP/1.1" 200 1760 "http://mysite.com/blog/analysis-chinese-phishing-scam/" "Mozilla/5.0 (Macintosh; Intel Mac OS X 10.6; rv:17.0) Gecko/20100101 Firefox/17.0"
74.106.233.83 - - [14/Jan/2013:08:01:16 -0600] "GET /blog/wp-content/themes/koi-improved/yellow.css HTTP/1.1" 404 11837 "http://mysite.com/blog/analysis-chinese-phishing-scam/" "Mozilla/5.0 (Macintosh; Intel Mac OS X 10.6; rv:17.0) Gecko/20100101 Firefox/17.0"
74.106.233.83 - - [14/Jan/2013:08:01:17 -0600] "GET /blog/wp-content/themes/koi-improved/img/post-nav-rule.png HTTP/1.1" 200 530 "http://mysite.com/blog/wp-content/themes/koi-improved/style.css" "Mozilla/5.0 (Macintosh; Intel Mac OS X 10.6; rv:17.0) Gecko/20100101 Firefox/17.0"
74.106.233.83 - - [14/Jan/2013:08:01:17 -0600] "GET /blog/wp-content/themes/koi-improved/img/paper-bg.jpg HTTP/1.1" 200 15311 "http://mysite.com/blog/wp-content/themes/koi-improved/style.css" "Mozilla/5.0 (Macintosh; Intel Mac OS X 10.6; rv:17.0) Gecko/20100101 Firefox/17.0"
74.106.233.83 - - [14/Jan/2013:08:01:17 -0600] "GET /blog/wp-content/themes/koi-improved/img/post-nav-bg.png HTTP/1.1" 200 2232 "http://mysite.com/blog/wp-content/themes/koi-improved/style.css" "Mozilla/5.0 (Macintosh; Intel Mac OS X 10.6; rv:17.0) Gecko/20100101 Firefox/17.0"
74.106.233.83 - - [14/Jan/2013:08:01:17 -0600] "GET /blog/wp-content/themes/koi-improved/img/top-illustration.gif HTTP/1.1" 200 73677 "http://mysite.com/blog/wp-content/themes/koi-improved/style.css" "Mozilla/5.0 (Macintosh; Intel Mac OS X 10.6; rv:17.0) Gecko/20100101 Firefox/17.0"
74.106.233.83 - - [14/Jan/2013:08:01:17 -0600] "GET /blog/wp-content/themes/koi-improved/img/header.gif HTTP/1.1" 200 61485 "http://mysite.com/blog/wp-content/themes/koi-improved/style.css" "Mozilla/5.0 (Macintosh; Intel Mac OS X 10.6; rv:17.0) Gecko/20100101 Firefox/17.0"
74.106.233.83 - - [14/Jan/2013:08:01:17 -0600] "GET /blog/wp-content/themes/koi-improved/img/footer.gif HTTP/1.1" 200 44307 "http://mysite.com/blog/wp-content/themes/koi-improved/style.css" "Mozilla/5.0 (Macintosh; Intel Mac OS X 10.6; rv:17.0) Gecko/20100101 Firefox/17.0"
74.106.233.83 - - [14/Jan/2013:08:01:18 -0600] "GET /favicon.ico HTTP/1.1" 302 466 "-" "Mozilla/5.0 (Macintosh; Intel Mac OS X 10.6; rv:17.0) Gecko/20100101 Firefox/17.0"
74.106.233.83 - - [14/Jan/2013:08:01:18 -0600] "GET /blog/ HTTP/1.1" 200 11692 "-" "Mozilla/5.0 (Macintosh; Intel Mac OS X 10.6; rv:17.0) Gecko/20100101 Firefox/17.0"
173.199.120.155 - - [14/Jan/2013:08:19:01 -0600] "GET /blog/command-line-gmail/ HTTP/1.1" 200 4079 "-" "Mozilla/5.0 (compatible; AhrefsBot/4.0; +http://ahrefs.com/robot/)"
178.154.163.29 - - [14/Jan/2013:08:19:10 -0600] "GET /robots.txt HTTP/1.1" 302 492 "-" "Mozilla/5.0 (compatible; YandexBot/3.0; +http://yandex.com/bots)"
66.249.74.38 - - [14/Jan/2013:08:25:30 -0600] "GET /robots.txt HTTP/1.1" 200 372 "-" "Mozilla/5.0 (compatible; Googlebot/2.1; +http://www.google.com/bot.html)"
66.249.74.38 - - [14/Jan/2013:08:27:10 -0600] "GET /blog/wp-content/themes/koi-improved/style.css HTTP/1.1" 200 4123 "http://mysite.com/blog/remove-ubuntudebian-version-from-sshd-server-string/" "Mozilla/5.0 (compatible; Googlebot/2.1; +http://www.google.com/bot.html)"
66.249.74.38 - - [14/Jan/2013:08:27:10 -0600] "GET /blog/wp-content/plugins/codecolorer/codecolorer.css?ver=0.9.9 HTTP/1.1" 200 2393 "http://mysite.com/blog/remove-ubuntudebian-version-from-sshd-server-string/" "Mozilla/5.0 (compatible; Googlebot/2.1; +http://www.google.com/bot.html)"
61.135.248.221 - - [14/Jan/2013:08:28:43 -0600] "GET / HTTP/1.1" 302 411 "-" "Mozilla/5.0 (compatible; YodaoBot/1.0; http://www.yodao.com/help/webmaster/spider/; )"
61.135.248.221 - - [14/Jan/2013:08:28:44 -0600] "GET /robots.txt HTTP/1.1" 200 272 "-" "Mozilla/5.0 (compatible; YodaoBot/1.0; http://www.yodao.com/help/webmaster/spider/; )"
61.135.248.221 - - [14/Jan/2013:08:28:44 -0600] "GET /blog/ HTTP/1.1" 200 11637 "-" "Mozilla/5.0 (compatible; YodaoBot/1.0; http://www.yodao.com/help/webmaster/spider/; )"
208.115.113.86 - - [14/Jan/2013:08:33:38 -0600] "GET /robots.txt HTTP/1.1" 200 272 "-" "Mozilla/5.0 (compatible; Ezooms/1.0; ezooms.bot@gmail.com)"
208.54.39.186 - - [14/Jan/2013:08:49:03 -0600] "GET /blog/tag/grow-dates-from-seed/ HTTP/1.1" 200 3238 "http://www.google.com/search?hl=en&tbo=d&site=&source=hp&q=germination+of+date+seed&oq=&gs_l=mobile-gws-hp.1.0.41l3.0.0.0.16870.1.0.0.1.1.0.0.0..0.0.les%3B..0.0...1ac.#miuv=2" "Mozilla/5.0 (iPhone; CPU iPhone OS 6_0_1 like Mac OS X) AppleWebKit/536.26 (KHTML, like Gecko) Version/6.0 Mobile/10A523 Safari/8536.25"
208.54.39.186 - - [14/Jan/2013:08:49:05 -0600] "GET /blog/wp-content/themes/koi-improved/style.css HTTP/1.1" 200 4123 "http://mysite.com/blog/tag/grow-dates-from-seed/" "Mozilla/5.0 (iPhone; CPU iPhone OS 6_0_1 like Mac OS X) AppleWebKit/536.26 (KHTML, like Gecko) Version/6.0 Mobile/10A523 Safari/8536.25"
208.54.39.186 - - [14/Jan/2013:08:49:05 -0600] "GET /blog/wp-content/plugins/codecolorer/codecolorer.css?ver=0.9.9 HTTP/1.1" 200 2393 "http://mysite.com/blog/tag/grow-dates-from-seed/" "Mozilla/5.0 (iPhone; CPU iPhone OS 6_0_1 like Mac OS X) AppleWebKit/536.26 (KHTML, like Gecko) Version/6.0 Mobile/10A523 Safari/8536.25"
208.54.39.186 - - [14/Jan/2013:08:49:05 -0600] "GET /blog/wp-content/themes/koi-improved/yellow.css HTTP/1.1" 404 11837 "http://mysite.com/blog/tag/grow-dates-from-seed/" "Mozilla/5.0 (iPhone; CPU iPhone OS 6_0_1 like Mac OS X) AppleWebKit/536.26 (KHTML, like Gecko) Version/6.0 Mobile/10A523 Safari/8536.25"
208.54.39.186 - - [14/Jan/2013:08:49:07 -0600] "GET /blog/wp-content/themes/koi-improved/img/socialmedia/rss.png HTTP/1.1" 200 1759 "http://mysite.com/blog/tag/grow-dates-from-seed/" "Mozilla/5.0 (iPhone; CPU iPhone OS 6_0_1 like Mac OS X) AppleWebKit/536.26 (KHTML, like Gecko) Version/6.0 Mobile/10A523 Safari/8536.25"
208.54.39.186 - - [14/Jan/2013:08:49:07 -0600] "GET /blog/wp-content/themes/koi-improved/img/paper-bg.jpg HTTP/1.1" 200 15311 "http://mysite.com/blog/tag/grow-dates-from-seed/" "Mozilla/5.0 (iPhone; CPU iPhone OS 6_0_1 like Mac OS X) AppleWebKit/536.26 (KHTML, like Gecko) Version/6.0 Mobile/10A523 Safari/8536.25"
208.54.39.186 - - [14/Jan/2013:08:49:07 -0600] "GET /blog/wp-content/themes/koi-improved/img/top-illustration.gif HTTP/1.1" 200 73677 "http://mysite.com/blog/tag/grow-dates-from-seed/" "Mozilla/5.0 (iPhone; CPU iPhone OS 6_0_1 like Mac OS X) AppleWebKit/536.26 (KHTML, like Gecko) Version/6.0 Mobile/10A523 Safari/8536.25"
208.54.39.186 - - [14/Jan/2013:08:49:10 -0600] "GET /blog/wp-content/themes/koi-improved/img/footer.gif HTTP/1.1" 200 44307 "http://mysite.com/blog/tag/grow-dates-from-seed/" "Mozilla/5.0 (iPhone; CPU iPhone OS 6_0_1 like Mac OS X) AppleWebKit/536.26 (KHTML, like Gecko) Version/6.0 Mobile/10A523 Safari/8536.25"
208.54.39.186 - - [14/Jan/2013:08:49:31 -0600] "GET /blog/wp-content/themes/koi-improved/img/post-nav-rule.png HTTP/1.1" 200 531 "http://mysite.com/blog/tag/grow-dates-from-seed/" "Mozilla/5.0 (iPhone; CPU iPhone OS 6_0_1 like Mac OS X) AppleWebKit/536.26 (KHTML, like Gecko) Version/6.0 Mobile/10A523 Safari/8536.25"
208.54.39.186 - - [14/Jan/2013:08:49:31 -0600] "GET /blog/wp-content/themes/koi-improved/img/header.gif HTTP/1.1" 200 61486 "http://mysite.com/blog/tag/grow-dates-from-seed/" "Mozilla/5.0 (iPhone; CPU iPhone OS 6_0_1 like Mac OS X) AppleWebKit/536.26 (KHTML, like Gecko) Version/6.0 Mobile/10A523 Safari/8536.25"
92.249.127.111 - - [14/Jan/2013:08:52:27 -0600] "GET /blog/about/ HTTP/1.1" 200 6865 "http://medselect.ru/" "Mozilla/5.0 (compatible; news bot /2.1)"
92.249.127.111 - - [14/Jan/2013:08:52:28 -0600] "GET /blog/about/ HTTP/1.1" 200 6865 "http://medselect.ru/" "Mozilla/5.0 (compatible; news bot /2.1)"
148.87.19.214 - - [14/Jan/2013:08:52:43 -0600] "GET /blog/osx-change-root-shell/ HTTP/1.1" 200 3490 "https://www.google.com/" "Mozilla/5.0 (Macintosh; Intel Mac OS X 10_8_2) AppleWebKit/537.17 (KHTML, like Gecko) Chrome/24.0.1312.52 Safari/537.17"
148.87.19.214 - - [14/Jan/2013:08:52:43 -0600] "GET /blog/wp-content/themes/koi-improved/style.css HTTP/1.1" 200 4122 "http://mysite.com/blog/osx-change-root-shell/" "Mozilla/5.0 (Macintosh; Intel Mac OS X 10_8_2) AppleWebKit/537.17 (KHTML, like Gecko) Chrome/24.0.1312.52 Safari/537.17"
148.87.19.214 - - [14/Jan/2013:08:52:43 -0600] "GET /blog/wp-includes/js/comment-reply.min.js?ver=3.5 HTTP/1.1" 200 747 "http://mysite.com/blog/osx-change-root-shell/" "Mozilla/5.0 (Macintosh; Intel Mac OS X 10_8_2) AppleWebKit/537.17 (KHTML, like Gecko) Chrome/24.0.1312.52 Safari/537.17"
148.87.19.214 - - [14/Jan/2013:08:52:43 -0600] "GET /blog/wp-content/plugins/codecolorer/codecolorer.css?ver=0.9.9 HTTP/1.1" 200 2393 "http://mysite.com/blog/osx-change-root-shell/" "Mozilla/5.0 (Macintosh; Intel Mac OS X 10_8_2) AppleWebKit/537.17 (KHTML, like Gecko) Chrome/24.0.1312.52 Safari/537.17"
148.87.19.214 - - [14/Jan/2013:08:52:44 -0600] "GET /blog/wp-content/themes/koi-improved/img/socialmedia/rss.png HTTP/1.1" 200 1759 "http://mysite.com/blog/osx-change-root-shell/" "Mozilla/5.0 (Macintosh; Intel Mac OS X 10_8_2) AppleWebKit/537.17 (KHTML, like Gecko) Chrome/24.0.1312.52 Safari/537.17"
148.87.19.214 - - [14/Jan/2013:08:52:44 -0600] "GET /blog/wp-content/themes/koi-improved/img/paper-bg.jpg HTTP/1.1" 200 15311 "http://mysite.com/blog/osx-change-root-shell/" "Mozilla/5.0 (Macintosh; Intel Mac OS X 10_8_2) AppleWebKit/537.17 (KHTML, like Gecko) Chrome/24.0.1312.52 Safari/537.17"
148.87.19.214 - - [14/Jan/2013:08:52:43 -0600] "GET /blog/wp-content/themes/koi-improved/yellow.css HTTP/1.1" 404 11837 "http://mysite.com/blog/osx-change-root-shell/" "Mozilla/5.0 (Macintosh; Intel Mac OS X 10_8_2) AppleWebKit/537.17 (KHTML, like Gecko) Chrome/24.0.1312.52 Safari/537.17"
148.87.19.214 - - [14/Jan/2013:08:52:44 -0600] "GET /blog/wp-content/themes/koi-improved/img/post-nav-rule.png HTTP/1.1" 200 531 "http://mysite.com/blog/osx-change-root-shell/" "Mozilla/5.0 (Macintosh; Intel Mac OS X 10_8_2) AppleWebKit/537.17 (KHTML, like Gecko) Chrome/24.0.1312.52 Safari/537.17"
148.87.19.214 - - [14/Jan/2013:08:52:44 -0600] "GET /blog/wp-content/themes/koi-improved/img/post-nav-bg.png HTTP/1.1" 200 2231 "http://mysite.com/blog/osx-change-root-shell/" "Mozilla/5.0 (Macintosh; Intel Mac OS X 10_8_2) AppleWebKit/537.17 (KHTML, like Gecko) Chrome/24.0.1312.52 Safari/537.17"
148.87.19.214 - - [14/Jan/2013:08:52:44 -0600] "GET /blog/wp-content/themes/koi-improved/img/top-illustration.gif HTTP/1.1" 200 73677 "http://mysite.com/blog/osx-change-root-shell/" "Mozilla/5.0 (Macintosh; Intel Mac OS X 10_8_2) AppleWebKit/537.17 (KHTML, like Gecko) Chrome/24.0.1312.52 Safari/537.17"
148.87.19.214 - - [14/Jan/2013:08:52:44 -0600] "GET /blog/wp-content/themes/koi-improved/img/cancel-reply.png HTTP/1.1" 200 587 "http://mysite.com/blog/osx-change-root-shell/" "Mozilla/5.0 (Macintosh; Intel Mac OS X 10_8_2) AppleWebKit/537.17 (KHTML, like Gecko) Chrome/24.0.1312.52 Safari/537.17"
148.87.19.214 - - [14/Jan/2013:08:52:44 -0600] "GET /blog/wp-content/themes/koi-improved/img/header.gif HTTP/1.1" 200 61486 "http://mysite.com/blog/osx-change-root-shell/" "Mozilla/5.0 (Macintosh; Intel Mac OS X 10_8_2) AppleWebKit/537.17 (KHTML, like Gecko) Chrome/24.0.1312.52 Safari/537.17"
148.87.19.214 - - [14/Jan/2013:08:52:44 -0600] "GET /blog/wp-content/themes/koi-improved/img/submit-btn.png HTTP/1.1" 200 1387 "http://mysite.com/blog/osx-change-root-shell/" "Mozilla/5.0 (Macintosh; Intel Mac OS X 10_8_2) AppleWebKit/537.17 (KHTML, like Gecko) Chrome/24.0.1312.52 Safari/537.17"
148.87.19.214 - - [14/Jan/2013:08:52:44 -0600] "GET /blog/wp-content/themes/koi-improved/img/footer.gif HTTP/1.1" 200 44307 "http://mysite.com/blog/osx-change-root-shell/" "Mozilla/5.0 (Macintosh; Intel Mac OS X 10_8_2) AppleWebKit/537.17 (KHTML, like Gecko) Chrome/24.0.1312.52 Safari/537.17"
148.87.19.214 - - [14/Jan/2013:08:52:45 -0600] "GET /favicon.ico HTTP/1.1" 302 466 "-" "Mozilla/5.0 (Macintosh; Intel Mac OS X 10_8_2) AppleWebKit/537.17 (KHTML, like Gecko) Chrome/24.0.1312.52 Safari/537.17"
148.87.19.214 - - [14/Jan/2013:08:52:45 -0600] "GET /blog/ HTTP/1.1" 200 11692 "-" "Mozilla/5.0 (Macintosh; Intel Mac OS X 10_8_2) AppleWebKit/537.17 (KHTML, like Gecko) Chrome/24.0.1312.52 Safari/537.17"
202.46.59.142 - - [14/Jan/2013:09:15:07 -0600] "GET / HTTP/1.1" 302 429 "-" "Mozilla/4.0 (compatible; MSIE 7.0; Windows NT 6.0)"
119.63.193.131 - - [14/Jan/2013:09:16:27 -0600] "GET / HTTP/1.1" 302 429 "-" "Mozilla/4.0 (compatible; MSIE 7.0; Windows NT 6.0)"
123.125.71.102 - - [14/Jan/2013:09:26:37 -0600] "GET /robots.txt HTTP/1.1" 200 335 "-" "Mozilla/5.0 (Windows NT 5.1; rv:6.0.2) Gecko/20100101 Firefox/6.0.2"
123.125.71.80 - - [14/Jan/2013:09:26:37 -0600] "GET /robots.txt HTTP/1.1" 200 335 "-" "Mozilla/5.0 (Windows NT 5.1; rv:6.0.2) Gecko/20100101 Firefox/6.0.2"
208.115.113.86 - - [14/Jan/2013:09:29:42 -0600] "GET /blog/about/ HTTP/1.1" 200 6865 "-" "Mozilla/5.0 (compatible; Ezooms/1.0; ezooms.bot@gmail.com)"
208.115.113.86 - - [14/Jan/2013:09:29:47 -0600] "GET /blog/tag/belief/feed/ HTTP/1.1" 200 4735 "-" "Mozilla/5.0 (compatible; Ezooms/1.0; ezooms.bot@gmail.com)"
208.115.113.86 - - [14/Jan/2013:09:29:49 -0600] "GET /blog/tag/costa-rica/feed/ HTTP/1.1" 200 5586 "-" "Mozilla/5.0 (compatible; Ezooms/1.0; ezooms.bot@gmail.com)"
208.115.113.86 - - [14/Jan/2013:09:29:55 -0600] "GET /blog/tag/ff13/feed/ HTTP/1.1" 200 3254 "-" "Mozilla/5.0 (compatible; Ezooms/1.0; ezooms.bot@gmail.com)"
66.249.74.38 - - [14/Jan/2013:09:48:35 -0600] "GET /blog/command-line-gmail/ HTTP/1.1" 200 4135 "-" "Mozilla/5.0 (compatible; Googlebot/2.1; +http://www.google.com/bot.html)"
173.199.120.155 - - [14/Jan/2013:09:57:59 -0600] "GET /blog/facebook-account-deletion-link/ HTTP/1.1" 200 2687 "-" "Mozilla/5.0 (compatible; AhrefsBot/4.0; +http://ahrefs.com/robot/)"
208.115.111.70 - - [14/Jan/2013:10:29:22 -0600] "GET /robots.txt HTTP/1.1" 200 272 "-" "Mozilla/5.0 (compatible; Ezooms/1.0; ezooms.bot@gmail.com)"
106.187.97.211 - - [14/Jan/2013:10:35:11 -0600] "POST /blog/wp-cron.php?doing_wp_cron=1358181311.2724490165710449218750 HTTP/1.0" 200 203 "-" "WordPress/3.5; http://mysite.com/blog"
173.199.120.155 - - [14/Jan/2013:10:35:11 -0600] "GET /blog/category/rants/ HTTP/1.1" 200 5353 "-" "Mozilla/5.0 (compatible; AhrefsBot/4.0; +http://ahrefs.com/robot/)"
91.121.156.62 - - [14/Jan/2013:10:37:25 -0600] "POST /wp-login.php HTTP/1.0" 302 492 "http://ninjavegan.com/wp-login.php" "Opera/9.80 (Windows NT 6.1; U; ru) Presto/2.8.131 Version/11.10"
119.63.193.131 - - [14/Jan/2013:10:40:42 -0600] "GET / HTTP/1.1" 302 429 "-" "Mozilla/4.0 (compatible; MSIE 7.0; Windows NT 6.0)"
123.125.71.105 - - [14/Jan/2013:10:54:45 -0600] "GET / HTTP/1.1" 302 429 "-" "Mozilla/5.0 (compatible; Baiduspider/2.0; +http://www.baidu.com/search/spider.html)"
31.202.231.5 - - [14/Jan/2013:10:55:39 -0600] "POST /wp-login.php HTTP/1.0" 302 492 "http:///wp-login.php" "Mozilla/4.0 (compatible; MSIE 6.0; Windows NT 5.1; SV1; EmbeddedWB 14.52 from: http://www.bsalsa.com/ EmbeddedWB 14,52; .NET CLR 1.1.4322; .NET CLR 2.0.50727; .NET CLR 3.0.04506.648; .NET CLR 3.5.21022)"
31.202.231.5 - - [14/Jan/2013:10:55:39 -0600] "GET /blog/ HTTP/1.0" 200 40441 "http:///wp-login.php" "Mozilla/4.0 (compatible; MSIE 6.0; Windows NT 5.1; SV1; EmbeddedWB 14.52 from: http://www.bsalsa.com/ EmbeddedWB 14,52; .NET CLR 1.1.4322; .NET CLR 2.0.50727; .NET CLR 3.0.04506.648; .NET CLR 3.5.21022)"
220.181.108.163 - - [14/Jan/2013:10:55:56 -0600] "GET / HTTP/1.1" 302 429 "-" "Mozilla/5.0 (compatible; Baiduspider/2.0; +http://www.baidu.com/search/spider.html)"
61.135.248.191 - - [14/Jan/2013:10:59:37 -0600] "GET / HTTP/1.1" 302 411 "-" "Mozilla/5.0 (compatible; YodaoBot/1.0; http://www.yodao.com/help/webmaster/spider/; )"
61.135.248.191 - - [14/Jan/2013:10:59:38 -0600] "GET /robots.txt HTTP/1.1" 200 272 "-" "Mozilla/5.0 (compatible; YodaoBot/1.0; http://www.yodao.com/help/webmaster/spider/; )"
61.135.248.191 - - [14/Jan/2013:10:59:38 -0600] "GET /blog/ HTTP/1.1" 200 11637 "-" "Mozilla/5.0 (compatible; YodaoBot/1.0; http://www.yodao.com/help/webmaster/spider/; )"
119.247.227.238 - - [14/Jan/2013:11:06:31 -0600] "GET /blog/ HTTP/1.1" 200 40506 "-" "Mozilla/4.0 (compatible; MSIE 5.5; Windows NT)"
157.55.33.50 - - [14/Jan/2013:11:10:22 -0600] "GET /robots.txt HTTP/1.1" 200 328 "-" "Mozilla/5.0 (compatible; bingbot/2.0; +http://www.bing.com/bingbot.htm)"
66.249.74.38 - - [14/Jan/2013:11:11:55 -0600] "GET /blog/tag/purple-carrots/ HTTP/1.1" 200 2788 "-" "Mozilla/5.0 (compatible; Googlebot/2.1; +http://www.google.com/bot.html)"
157.55.33.50 - - [14/Jan/2013:11:12:06 -0600] "GET / HTTP/1.1" 302 467 "-" "Mozilla/5.0 (compatible; bingbot/2.0; +http://www.bing.com/bingbot.htm)"
157.55.33.50 - - [14/Jan/2013:11:12:10 -0600] "GET /blog/ HTTP/1.1" 200 11693 "-" "Mozilla/5.0 (compatible; bingbot/2.0; +http://www.bing.com/bingbot.htm)"
208.115.111.70 - - [14/Jan/2013:11:28:24 -0600] "GET /blog/tag/purple-potatoes/feed/ HTTP/1.1" 200 4081 "-" "Mozilla/5.0 (compatible; Ezooms/1.0; ezooms.bot@gmail.com)"
5.135.185.89 - - [14/Jan/2013:11:29:17 -0600] "POST /wp-login.php HTTP/1.0" 302 492 "http://ninjavegan.com/wp-login.php" "Opera/9.80 (Windows NT 6.1; U; ru) Presto/2.8.131 Version/11.10"
5.135.182.147 - - [14/Jan/2013:11:29:17 -0600] "POST /wp-login.php HTTP/1.0" 302 492 "http://ninjavegan.com/wp-login.php" "Opera/9.80 (Windows NT 6.1; U; ru) Presto/2.8.131 Version/11.10"
5.39.86.162 - - [14/Jan/2013:11:29:18 -0600] "POST /wp-login.php HTTP/1.0" 302 492 "http://ninjavegan.com/wp-login.php" "Opera/9.80 (Windows NT 6.1; U; ru) Presto/2.8.131 Version/11.10"
91.121.9.21 - - [14/Jan/2013:11:29:20 -0600] "POST /wp-login.php HTTP/1.0" 302 492 "http://ninjavegan.com/wp-login.php" "Opera/9.80 (Windows NT 6.1; U; ru) Presto/2.8.131 Version/11.10"
66.249.74.38 - - [14/Jan/2013:11:36:01 -0600] "GET /blog/tag/jquery/ HTTP/1.1" 200 2812 "-" "Mozilla/5.0 (compatible; Googlebot/2.1; +http://www.google.com/bot.html)"
178.238.235.184 - - [14/Jan/2013:11:56:17 -0600] "GET /blog/page/3/ HTTP/1.1" 200 64442 "-" "Mozilla/5.0 (Windows; U; Windows NT 5.1; en-US; rv:1.9.1.3) Gecko/20090824 Firefox/3.5.3 GTB5"
178.238.235.184 - - [14/Jan/2013:11:56:19 -0600] "GET /blog/page/3/ HTTP/1.1" 200 64442 "-" "Mozilla/5.0 (Windows; U; Windows NT 5.1; en-US; rv:1.9.0.7) Gecko/2009021910 Firefox/3.0.7"
178.238.235.184 - - [14/Jan/2013:11:56:21 -0600] "GET /blog/disable-speed-dial-feature-in-firefox-13/ HTTP/1.1" 200 11807 "-" "Mozilla/5.0 (Windows; U; Windows NT 5.1; en-US; rv:1.9.1.3) Gecko/20090824 Firefox/3.5.3 GTB5"
78.160.185.42 - - [14/Jan/2013:11:59:59 -0600] "GET /blog/black-carrots/ HTTP/1.1" 200 3205 "http://www.google.com.tr/url?sa=t&rct=j&q=black%20carrot%20seed%20turkey&source=web&cd=1&cad=rja&ved=0CCoQFjAA&url=http%3A%2F%2Fmysite.com%2Fblog%2Fblack-carrots%2F&ei=mUf0UK6tG8mB4gT_loCICw&usg=AFQjCNEEQOLEy6aLgJ-dYTCVydcr0EeNkQ&bvm=bv.1357700187,d.d2k" "Mozilla/5.0 (Windows NT 6.0) AppleWebKit/537.11 (KHTML, like Gecko) Chrome/23.0.1271.97 Safari/537.11"
78.160.185.42 - - [14/Jan/2013:12:00:00 -0600] "GET /blog/wp-content/themes/koi-improved/style.css HTTP/1.1" 200 4122 "http://mysite.com/blog/black-carrots/" "Mozilla/5.0 (Windows NT 6.0) AppleWebKit/537.11 (KHTML, like Gecko) Chrome/23.0.1271.97 Safari/537.11"
78.160.185.42 - - [14/Jan/2013:12:00:00 -0600] "GET /blog/wp-content/plugins/codecolorer/codecolorer.css?ver=0.9.9 HTTP/1.1" 200 2393 "http://mysite.com/blog/black-carrots/" "Mozilla/5.0 (Windows NT 6.0) AppleWebKit/537.11 (KHTML, like Gecko) Chrome/23.0.1271.97 Safari/537.11"
78.160.185.42 - - [14/Jan/2013:12:00:00 -0600] "GET /blog/wp-includes/js/comment-reply.min.js?ver=3.5 HTTP/1.1" 200 747 "http://mysite.com/blog/black-carrots/" "Mozilla/5.0 (Windows NT 6.0) AppleWebKit/537.11 (KHTML, like Gecko) Chrome/23.0.1271.97 Safari/537.11"
78.160.185.42 - - [14/Jan/2013:12:00:01 -0600] "GET /blog/wp-content/themes/koi-improved/img/paper-bg.jpg HTTP/1.1" 200 15311 "http://mysite.com/blog/black-carrots/" "Mozilla/5.0 (Windows NT 6.0) AppleWebKit/537.11 (KHTML, like Gecko) Chrome/23.0.1271.97 Safari/537.11"
78.160.185.42 - - [14/Jan/2013:12:00:01 -0600] "GET /blog/wp-content/themes/koi-improved/img/socialmedia/rss.png HTTP/1.1" 200 1759 "http://mysite.com/blog/black-carrots/" "Mozilla/5.0 (Windows NT 6.0) AppleWebKit/537.11 (KHTML, like Gecko) Chrome/23.0.1271.97 Safari/537.11"
78.160.185.42 - - [14/Jan/2013:12:00:00 -0600] "GET /blog/wp-content/themes/koi-improved/yellow.css HTTP/1.1" 404 11837 "http://mysite.com/blog/black-carrots/" "Mozilla/5.0 (Windows NT 6.0) AppleWebKit/537.11 (KHTML, like Gecko) Chrome/23.0.1271.97 Safari/537.11"
78.160.185.42 - - [14/Jan/2013:12:00:01 -0600] "GET /blog/wp-content/themes/koi-improved/img/post-nav-rule.png HTTP/1.1" 200 530 "http://mysite.com/blog/black-carrots/" "Mozilla/5.0 (Windows NT 6.0) AppleWebKit/537.11 (KHTML, like Gecko) Chrome/23.0.1271.97 Safari/537.11"
78.160.185.42 - - [14/Jan/2013:12:00:01 -0600] "GET /blog/wp-content/themes/koi-improved/img/post-nav-bg.png HTTP/1.1" 200 2232 "http://mysite.com/blog/black-carrots/" "Mozilla/5.0 (Windows NT 6.0) AppleWebKit/537.11 (KHTML, like Gecko) Chrome/23.0.1271.97 Safari/537.11"
78.160.185.42 - - [14/Jan/2013:12:00:01 -0600] "GET /blog/wp-content/themes/koi-improved/img/top-illustration.gif HTTP/1.1" 200 73677 "http://mysite.com/blog/black-carrots/" "Mozilla/5.0 (Windows NT 6.0) AppleWebKit/537.11 (KHTML, like Gecko) Chrome/23.0.1271.97 Safari/537.11"
78.160.185.42 - - [14/Jan/2013:12:00:01 -0600] "GET /blog/wp-content/themes/koi-improved/img/header.gif HTTP/1.1" 200 61485 "http://mysite.com/blog/black-carrots/" "Mozilla/5.0 (Windows NT 6.0) AppleWebKit/537.11 (KHTML, like Gecko) Chrome/23.0.1271.97 Safari/537.11"
78.160.185.42 - - [14/Jan/2013:12:00:01 -0600] "GET /blog/wp-content/themes/koi-improved/img/footer.gif HTTP/1.1" 200 44308 "http://mysite.com/blog/black-carrots/" "Mozilla/5.0 (Windows NT 6.0) AppleWebKit/537.11 (KHTML, like Gecko) Chrome/23.0.1271.97 Safari/537.11"
78.160.185.42 - - [14/Jan/2013:12:00:05 -0600] "GET /favicon.ico HTTP/1.1" 302 466 "-" "Mozilla/5.0 (Windows NT 6.0) AppleWebKit/537.11 (KHTML, like Gecko) Chrome/23.0.1271.97 Safari/537.11"
78.160.185.42 - - [14/Jan/2013:12:00:06 -0600] "GET /blog/ HTTP/1.1" 200 11692 "-" "Mozilla/5.0 (Windows NT 6.0) AppleWebKit/537.11 (KHTML, like Gecko) Chrome/23.0.1271.97 Safari/537.11"
202.46.129.15 - - [14/Jan/2013:12:12:16 -0600] "GET /blog/linux-shared-library-error/ HTTP/1.0" 200 3680 "http://www.google.com/url?sa=t&rct=j&q=&esrc=s&source=web&cd=10&cad=rja&ved=0CJoBEBYwCQ&url=http%3A%2F%2Fmysite.com%2Fblog%2Flinux-shared-library-error%2F&ei=bkr0UJGwLKSAiwL-woDoAQ&usg=AFQjCNEqOGaw6N0t-o1fgvyTViwCNRQQzA&sig2=nW0ab3dpyIwJa9Z5pUxvQQ&bvm=bv.1357700187,d.cGE" "Mozilla/5.0 (X11; Ubuntu; Linux x86_64; rv:18.0) Gecko/20100101 Firefox/18.0"
202.46.129.15 - - [14/Jan/2013:12:12:17 -0600] "GET /blog/wp-content/themes/koi-improved/style.css HTTP/1.0" 200 4123 "http://mysite.com/blog/linux-shared-library-error/" "Mozilla/5.0 (X11; Ubuntu; Linux x86_64; rv:18.0) Gecko/20100101 Firefox/18.0"
202.46.129.15 - - [14/Jan/2013:12:12:17 -0600] "GET /blog/wp-content/plugins/codecolorer/codecolorer.css?ver=0.9.9 HTTP/1.0" 200 2393 "http://mysite.com/blog/linux-shared-library-error/" "Mozilla/5.0 (X11; Ubuntu; Linux x86_64; rv:18.0) Gecko/20100101 Firefox/18.0"
202.46.129.15 - - [14/Jan/2013:12:12:17 -0600] "GET /blog/wp-content/themes/koi-improved/img/socialmedia/rss.png HTTP/1.0" 200 1760 "http://mysite.com/blog/linux-shared-library-error/" "Mozilla/5.0 (X11; Ubuntu; Linux x86_64; rv:18.0) Gecko/20100101 Firefox/18.0"
202.46.129.15 - - [14/Jan/2013:12:12:17 -0600] "GET /blog/wp-includes/js/comment-reply.min.js?ver=3.5 HTTP/1.0" 200 747 "http://mysite.com/blog/linux-shared-library-error/" "Mozilla/5.0 (X11; Ubuntu; Linux x86_64; rv:18.0) Gecko/20100101 Firefox/18.0"
202.46.129.15 - - [14/Jan/2013:12:12:17 -0600] "GET /blog/wp-content/themes/koi-improved/yellow.css HTTP/1.0" 404 11800 "http://mysite.com/blog/linux-shared-library-error/" "Mozilla/5.0 (X11; Ubuntu; Linux x86_64; rv:18.0) Gecko/20100101 Firefox/18.0"
202.46.129.15 - - [14/Jan/2013:12:12:18 -0600] "GET /blog/wp-content/themes/koi-improved/img/paper-bg.jpg HTTP/1.0" 200 15311 "http://mysite.com/blog/wp-content/themes/koi-improved/style.css" "Mozilla/5.0 (X11; Ubuntu; Linux x86_64; rv:18.0) Gecko/20100101 Firefox/18.0"
202.46.129.15 - - [14/Jan/2013:12:12:18 -0600] "GET /blog/wp-content/themes/koi-improved/img/post-nav-rule.png HTTP/1.0" 200 530 "http://mysite.com/blog/wp-content/themes/koi-improved/style.css" "Mozilla/5.0 (X11; Ubuntu; Linux x86_64; rv:18.0) Gecko/20100101 Firefox/18.0"
202.46.129.15 - - [14/Jan/2013:12:12:18 -0600] "GET /blog/wp-content/themes/koi-improved/img/top-illustration.gif HTTP/1.0" 200 73677 "http://mysite.com/blog/wp-content/themes/koi-improved/style.css" "Mozilla/5.0 (X11; Ubuntu; Linux x86_64; rv:18.0) Gecko/20100101 Firefox/18.0"
202.46.129.15 - - [14/Jan/2013:12:12:18 -0600] "GET /blog/wp-content/themes/koi-improved/img/post-nav-bg.png HTTP/1.0" 200 2232 "http://mysite.com/blog/wp-content/themes/koi-improved/style.css" "Mozilla/5.0 (X11; Ubuntu; Linux x86_64; rv:18.0) Gecko/20100101 Firefox/18.0"
202.46.129.15 - - [14/Jan/2013:12:12:18 -0600] "GET /blog/wp-content/themes/koi-improved/img/header.gif HTTP/1.0" 200 61485 "http://mysite.com/blog/wp-content/themes/koi-improved/style.css" "Mozilla/5.0 (X11; Ubuntu; Linux x86_64; rv:18.0) Gecko/20100101 Firefox/18.0"
202.46.129.15 - - [14/Jan/2013:12:12:18 -0600] "GET /blog/wp-content/themes/koi-improved/img/footer.gif HTTP/1.0" 200 44308 "http://mysite.com/blog/wp-content/themes/koi-improved/style.css" "Mozilla/5.0 (X11; Ubuntu; Linux x86_64; rv:18.0) Gecko/20100101 Firefox/18.0"
202.46.129.15 - - [14/Jan/2013:12:12:19 -0600] "GET /favicon.ico HTTP/1.0" 302 466 "-" "Mozilla/5.0 (X11; Ubuntu; Linux x86_64; rv:18.0) Gecko/20100101 Firefox/18.0"
202.46.129.15 - - [14/Jan/2013:12:12:19 -0600] "GET /favicon.ico HTTP/1.0" 302 466 "-" "Mozilla/5.0 (X11; Ubuntu; Linux x86_64; rv:18.0) Gecko/20100101 Firefox/18.0"
202.46.129.15 - - [14/Jan/2013:12:12:19 -0600] "GET /blog/dreaming-of-andalusia-oklahoma/ HTTP/1.0" 200 3210 "http://mysite.com/blog/linux-shared-library-error/" "Mozilla/5.0 (X11; Ubuntu; Linux x86_64; rv:18.0) Gecko/20100101 Firefox/18.0"
202.46.129.15 - - [14/Jan/2013:12:12:19 -0600] "GET /blog/ HTTP/1.0" 200 11656 "-" "Mozilla/5.0 (X11; Ubuntu; Linux x86_64; rv:18.0) Gecko/20100101 Firefox/18.0"
202.46.129.15 - - [14/Jan/2013:12:12:19 -0600] "GET /blog/ HTTP/1.0" 200 11656 "-" "Mozilla/5.0 (X11; Ubuntu; Linux x86_64; rv:18.0) Gecko/20100101 Firefox/18.0"
178.154.163.29 - - [14/Jan/2013:12:13:49 -0600] "GET / HTTP/1.1" 302 467 "-" "Mozilla/5.0 (compatible; YandexBot/3.0; +http://yandex.com/bots)"
180.76.5.141 - - [14/Jan/2013:12:18:54 -0600] "GET / HTTP/1.1" 302 430 "-" "Mozilla/5.0 (compatible; Baiduspider/2.0; +http://www.baidu.com/search/spider.html)"
180.76.5.190 - - [14/Jan/2013:12:18:54 -0600] "GET /blog/ HTTP/1.1" 200 11656 "-" "Mozilla/5.0 (compatible; Baiduspider/2.0; +http://www.baidu.com/search/spider.html)"
173.199.120.155 - - [14/Jan/2013:12:19:33 -0600] "GET /blog/cpan-changing-permissions-on-osx/ HTTP/1.1" 200 4252 "-" "Mozilla/5.0 (compatible; AhrefsBot/4.0; +http://ahrefs.com/robot/)"
180.76.5.148 - - [14/Jan/2013:12:21:33 -0600] "GET /blog/tag/learn-spanish/ HTTP/1.1" 200 3374 "-" "Mozilla/5.0 (compatible; Baiduspider/2.0; +http://www.baidu.com/search/spider.html)"
208.115.113.86 - - [14/Jan/2013:12:30:02 -0600] "GET /robots.txt HTTP/1.1" 200 272 "-" "Mozilla/5.0 (compatible; Ezooms/1.0; ezooms.bot@gmail.com)"
66.249.74.38 - - [14/Jan/2013:12:36:06 -0600] "GET /blog/tag/disable-firefox-speed-dial/ HTTP/1.1" 200 2602 "-" "Mozilla/5.0 (compatible; Googlebot/2.1; +http://www.google.com/bot.html)"
202.46.51.53 - - [14/Jan/2013:13:00:38 -0600] "GET / HTTP/1.1" 403 389 "-" "Mozilla/4.0 (compatible; MSIE 7.0; Windows NT 6.0)"
119.63.193.196 - - [14/Jan/2013:13:01:25 -0600] "GET / HTTP/1.1" 403 389 "-" "Mozilla/4.0 (compatible; MSIE 7.0; Windows NT 6.0)"
178.154.163.29 - - [14/Jan/2013:13:02:53 -0600] "GET /robots.txt HTTP/1.1" 200 328 "-" "Mozilla/5.0 (compatible; YandexBot/3.0; +http://yandex.com/bots)"
8.28.16.254 - - [14/Jan/2013:13:08:13 -0600] "GET /blog/basic-perl-log-function HTTP/1.1" 301 286 "-" "Mozilla/4.0 (compatible; MSIE 7.0; Windows NT 5.1; InfoPath.1; .NET CLR 2.0.50727; .NET CLR 1.1.4322; MS-RTC LM 8; .NET CLR 3.0.4506.2152; .NET CLR 3.5.30729)"
8.28.16.254 - - [14/Jan/2013:13:08:13 -0600] "GET /blog/basic-perl-log-function/ HTTP/1.1" 200 10073 "-" "Mozilla/4.0 (compatible; MSIE 7.0; Windows NT 5.1; InfoPath.1; .NET CLR 2.0.50727; .NET CLR 1.1.4322; MS-RTC LM 8; .NET CLR 3.0.4506.2152; .NET CLR 3.5.30729)"
199.2.205.141 - - [14/Jan/2013:13:08:14 -0600] "GET /blog/basic-perl-log-function/ HTTP/1.1" 200 3733 "http://www.google.com/url?sa=t&rct=j&q=log%20command%20in%20perl&source=web&cd=6&ved=0CF8QFjAF&url=http%3A%2F%2Fmysite.com%2Fblog%2Fbasic-perl-log-function%2F&ei=bVf0UOPZA6rS2AWlvIDwCw&usg=AFQjCNFkYI8hjM3wM93rVUHTKc3Uk-8bSw" "Mozilla/4.0 (compatible; MSIE 8.0; Windows NT 6.1; Trident/4.0; SLCC2; .NET CLR 2.0.50727; .NET CLR 3.5.30729; .NET CLR 3.0.30729; .NET4.0C; .NET4.0E; MS-RTC LM 8; SFIEAUTH1)"
199.2.205.141 - - [14/Jan/2013:13:08:14 -0600] "GET /blog/wp-content/themes/koi-improved/style.css HTTP/1.1" 200 4122 "http://mysite.com/blog/basic-perl-log-function/" "Mozilla/4.0 (compatible; MSIE 8.0; Windows NT 6.1; Trident/4.0; SLCC2; .NET CLR 2.0.50727; .NET CLR 3.5.30729; .NET CLR 3.0.30729; .NET4.0C; .NET4.0E; MS-RTC LM 8; SFIEAUTH1)"
199.2.205.141 - - [14/Jan/2013:13:08:15 -0600] "GET /blog/wp-content/plugins/codecolorer/codecolorer.css?ver=0.9.9 HTTP/1.1" 200 2393 "http://mysite.com/blog/basic-perl-log-function/" "Mozilla/4.0 (compatible; MSIE 8.0; Windows NT 6.1; Trident/4.0; SLCC2; .NET CLR 2.0.50727; .NET CLR 3.5.30729; .NET CLR 3.0.30729; .NET4.0C; .NET4.0E; MS-RTC LM 8; SFIEAUTH1)"
199.2.205.141 - - [14/Jan/2013:13:08:15 -0600] "GET /blog/wp-includes/js/comment-reply.min.js?ver=3.5 HTTP/1.1" 200 747 "http://mysite.com/blog/basic-perl-log-function/" "Mozilla/4.0 (compatible; MSIE 8.0; Windows NT 6.1; Trident/4.0; SLCC2; .NET CLR 2.0.50727; .NET CLR 3.5.30729; .NET CLR 3.0.30729; .NET4.0C; .NET4.0E; MS-RTC LM 8; SFIEAUTH1)"
199.2.205.141 - - [14/Jan/2013:13:08:15 -0600] "GET /blog/wp-content/themes/koi-improved/img/paper-bg.jpg HTTP/1.1" 200 15311 "http://mysite.com/blog/basic-perl-log-function/" "Mozilla/4.0 (compatible; MSIE 8.0; Windows NT 6.1; Trident/4.0; SLCC2; .NET CLR 2.0.50727; .NET CLR 3.5.30729; .NET CLR 3.0.30729; .NET4.0C; .NET4.0E; MS-RTC LM 8; SFIEAUTH1)"
199.2.205.141 - - [14/Jan/2013:13:08:15 -0600] "GET /blog/wp-content/themes/koi-improved/img/socialmedia/rss.png HTTP/1.1" 200 1759 "http://mysite.com/blog/basic-perl-log-function/" "Mozilla/4.0 (compatible; MSIE 8.0; Windows NT 6.1; Trident/4.0; SLCC2; .NET CLR 2.0.50727; .NET CLR 3.5.30729; .NET CLR 3.0.30729; .NET4.0C; .NET4.0E; MS-RTC LM 8; SFIEAUTH1)"
199.2.205.141 - - [14/Jan/2013:13:08:15 -0600] "GET /blog/wp-content/themes/koi-improved/yellow.css HTTP/1.1" 404 11837 "http://mysite.com/blog/basic-perl-log-function/" "Mozilla/4.0 (compatible; MSIE 8.0; Windows NT 6.1; Trident/4.0; SLCC2; .NET CLR 2.0.50727; .NET CLR 3.5.30729; .NET CLR 3.0.30729; .NET4.0C; .NET4.0E; MS-RTC LM 8; SFIEAUTH1)"
