#!perl

use strict;
use warnings;
use Test::More tests => 3;

BEGIN {
    use_ok( 'Parse::AccessLog' ) || print "Bail out!\n";
}

my $p = new_ok('Parse::AccessLog');
chomp(my @lines = <DATA>);

# parse as a list
my @recs = $p->parse(@lines);
is(@recs, 665, 'Parsed 665 entries (lines) from list.' );


__END__
::1 - - [21/Jan/2013:17:55:52 -0600] "POST / HTTP/1.1" 405 173 "-" "PHP-SOAP/5.4.10"
216.96.86.26 - - [17/Jan/2013:13:20:44 -0600] "HEAD / HTTP/1.1" 302 0 "-" "curl/7.21.4 (universal-apple-darwin11.0) libcurl/7.21.4 OpenSSL/0.9.8r zlib/1.2.5"
216.96.86.26 - - [17/Jan/2013:13:22:05 -0600] "HEAD / HTTP/1.0" 302 0 "-" "-"
216.96.86.26 - - [17/Jan/2013:13:22:16 -0600] "HEAD / HTTP/1.0" 302 0 "-" "Mozilla/5.0 (X11; U; Linux i686; en-US; rv:1.8.1.18) Gecko/20081112 Fedora/2.0.0.18-1.fc8 Firefox/2.0.0.18"
2400:8900::f03c:91ff:feae:3de2 - - [17/Jan/2013:13:22:55 -0600] "POST /wp-cron.php?doing_wp_cron=1358450575.7623460292816162109375 HTTP/1.0" 404 162 "-" "WordPress/3.5; http://localhost"
216.96.86.26 - - [17/Jan/2013:13:22:55 -0600] "GET /contact-us/ HTTP/1.1" 200 6289 "-" "Mozilla/5.0 (Macintosh; Intel Mac OS X 10.7; rv:18.0) Gecko/20100101 Firefox/18.0"
216.96.86.26 - - [17/Jan/2013:13:22:56 -0600] "GET /wp-content/plugins/contact-form-7/includes/css/styles.css?ver=3.3.2 HTTP/1.1" 304 0 "http://localhost/contact-us/" "Mozilla/5.0 (Macintosh; Intel Mac OS X 10.7; rv:18.0) Gecko/20100101 Firefox/18.0"
216.96.86.26 - - [17/Jan/2013:13:22:56 -0600] "GET /wp-includes/js/comment-reply.min.js?ver=3.5 HTTP/1.1" 304 0 "http://localhost/contact-us/" "Mozilla/5.0 (Macintosh; Intel Mac OS X 10.7; rv:18.0) Gecko/20100101 Firefox/18.0"
216.96.86.26 - - [17/Jan/2013:13:22:56 -0600] "GET /wp-includes/js/jquery/jquery.js?ver=1.8.3 HTTP/1.1" 304 0 "http://localhost/contact-us/" "Mozilla/5.0 (Macintosh; Intel Mac OS X 10.7; rv:18.0) Gecko/20100101 Firefox/18.0"
216.96.86.26 - - [17/Jan/2013:13:22:56 -0600] "GET /wp-content/plugins/contact-form-7/includes/js/jquery.form.min.js?ver=3.23 HTTP/1.1" 304 0 "http://localhost/contact-us/" "Mozilla/5.0 (Macintosh; Intel Mac OS X 10.7; rv:18.0) Gecko/20100101 Firefox/18.0"
216.96.86.26 - - [17/Jan/2013:13:22:56 -0600] "GET /wp-content/plugins/contact-form-7/includes/js/scripts.js?ver=3.3.2 HTTP/1.1" 304 0 "http://localhost/contact-us/" "Mozilla/5.0 (Macintosh; Intel Mac OS X 10.7; rv:18.0) Gecko/20100101 Firefox/18.0"
216.96.86.26 - - [17/Jan/2013:13:23:01 -0600] "-" 400 0 "-" "-"
216.96.86.26 - - [17/Jan/2013:13:23:02 -0600] "-" 400 0 "-" "-"
2400:8900::f03c:91ff:feae:3de2 - - [17/Jan/2013:13:24:59 -0600] "POST /wp-cron.php?doing_wp_cron=1358450699.2754919528961181640625 HTTP/1.0" 404 162 "-" "WordPress/3.5; http://localhost"
216.96.86.26 - - [17/Jan/2013:13:24:59 -0600] "GET /contact-us/ HTTP/1.1" 200 6289 "-" "Mozilla/5.0 (Macintosh; Intel Mac OS X 10.7; rv:18.0) Gecko/20100101 Firefox/18.0 FirePHP/0.7.1"
216.96.86.26 - - [17/Jan/2013:13:24:59 -0600] "GET /wp-content/plugins/contact-form-7/includes/css/styles.css?ver=3.3.2 HTTP/1.1" 304 0 "http://localhost/contact-us/" "Mozilla/5.0 (Macintosh; Intel Mac OS X 10.7; rv:18.0) Gecko/20100101 Firefox/18.0 FirePHP/0.7.1"
216.96.86.26 - - [17/Jan/2013:13:24:59 -0600] "GET /wp-includes/js/comment-reply.min.js?ver=3.5 HTTP/1.1" 304 0 "http://localhost/contact-us/" "Mozilla/5.0 (Macintosh; Intel Mac OS X 10.7; rv:18.0) Gecko/20100101 Firefox/18.0 FirePHP/0.7.1"
216.96.86.26 - - [17/Jan/2013:13:24:59 -0600] "GET /wp-includes/js/jquery/jquery.js?ver=1.8.3 HTTP/1.1" 304 0 "http://localhost/contact-us/" "Mozilla/5.0 (Macintosh; Intel Mac OS X 10.7; rv:18.0) Gecko/20100101 Firefox/18.0 FirePHP/0.7.1"
216.96.86.26 - - [17/Jan/2013:13:24:59 -0600] "GET /wp-content/plugins/contact-form-7/includes/js/jquery.form.min.js?ver=3.23 HTTP/1.1" 304 0 "http://localhost/contact-us/" "Mozilla/5.0 (Macintosh; Intel Mac OS X 10.7; rv:18.0) Gecko/20100101 Firefox/18.0 FirePHP/0.7.1"
216.96.86.26 - - [17/Jan/2013:13:24:59 -0600] "GET /wp-content/plugins/contact-form-7/includes/js/scripts.js?ver=3.3.2 HTTP/1.1" 304 0 "http://localhost/contact-us/" "Mozilla/5.0 (Macintosh; Intel Mac OS X 10.7; rv:18.0) Gecko/20100101 Firefox/18.0 FirePHP/0.7.1"
216.96.86.26 - - [17/Jan/2013:13:25:05 -0600] "-" 400 0 "-" "-"
216.96.86.26 - - [17/Jan/2013:13:25:05 -0600] "-" 400 0 "-" "-"
178.32.77.81 - - [17/Jan/2013:13:28:10 -0600] "GET / HTTP/1.0" 302 0 "-" "Mozilla/5.0 (Windows NT 5.1; U; en-US; rv:1.9.1.6) Gecko/20091201 Firefox/3.5.6 Opera 10.70"
208.115.113.86 - - [17/Jan/2013:13:29:50 -0600] "GET /blog/disable-speed-dial-feature-in-firefox-13/ HTTP/1.1" 200 11568 "-" "Mozilla/5.0 (compatible; Ezooms/1.0; ezooms.bot@gmail.com)"
208.115.113.86 - - [17/Jan/2013:13:29:54 -0600] "GET /blog/life-update-castles-belgium/ HTTP/1.1" 200 9964 "-" "Mozilla/5.0 (compatible; Ezooms/1.0; ezooms.bot@gmail.com)"
216.96.86.26 - - [17/Jan/2013:13:30:07 -0600] "HEAD / HTTP/1.0" 302 0 "-" "Mozilla/5.0 (X11; U; Linux i686; en-US; rv:1.8.1.18) Gecko/20081112 Fedora/2.0.0.18-1.fc8 Firefox/2.0.0.18"
216.96.86.26 - - [17/Jan/2013:13:30:12 -0600] "HEAD /blog/ HTTP/1.0" 200 0 "-" "Mozilla/5.0 (X11; U; Linux i686; en-US; rv:1.8.1.18) Gecko/20081112 Fedora/2.0.0.18-1.fc8 Firefox/2.0.0.18"
2400:8900::f03c:91ff:feae:3de2 - - [17/Jan/2013:13:39:32 -0600] "POST /wp-cron.php?doing_wp_cron=1358451572.0317718982696533203125 HTTP/1.0" 404 162 "-" "WordPress/3.5; http://localhost"
123.125.71.108 - - [17/Jan/2013:13:39:32 -0600] "GET / HTTP/1.1" 200 13346 "-" "Mozilla/5.0 (compatible; Baiduspider/2.0; +http://www.baidu.com/search/spider.html)"
220.181.108.183 - - [17/Jan/2013:13:39:42 -0600] "GET / HTTP/1.1" 200 13346 "-" "Mozilla/5.0 (compatible; Baiduspider/2.0; +http://www.baidu.com/search/spider.html)"
2400:8900::f03c:91ff:feae:3de2 - - [17/Jan/2013:13:45:02 -0600] "POST /wp-cron.php?doing_wp_cron=1358451902.1631639003753662109375 HTTP/1.0" 404 162 "-" "WordPress/3.5; http://localhost"
64.60.192.82 - - [17/Jan/2013:13:45:02 -0600] "GET /about/ HTTP/1.1" 200 5094 "http://search.yahoo.com/search;_ylt=A0oGdV1nVPhQjC8AojZXNyoA?p=JASMIN+DRAGON+TEA&fr2=sb-top&fr=yfp-t-701-14&type_param=" "Mozilla/4.0 (compatible; MSIE 7.0; Windows NT 6.1; WOW64; Trident/5.0; SLCC2; .NET CLR 2.0.50727; .NET CLR 3.5.30729; .NET CLR 3.0.30729; Media Center PC 6.0; .NET4.0C; .NET4.0E; BRI/2)"
64.60.192.82 - - [17/Jan/2013:13:45:02 -0600] "GET /wp-content/themes/thesis_182/style.css HTTP/1.1" 200 15003 "http://localhost/about/" "Mozilla/5.0 (compatible; MSIE 9.0; Windows NT 6.1; WOW64; Trident/5.0)"
64.60.192.82 - - [17/Jan/2013:13:45:02 -0600] "GET /wp-content/themes/thesis_182/custom/layout.css HTTP/1.1" 200 17434 "http://localhost/about/" "Mozilla/5.0 (compatible; MSIE 9.0; Windows NT 6.1; WOW64; Trident/5.0)"
64.60.192.82 - - [17/Jan/2013:13:45:02 -0600] "GET /wp-content/themes/thesis_182/custom/custom.css HTTP/1.1" 200 132 "http://localhost/about/" "Mozilla/5.0 (compatible; MSIE 9.0; Windows NT 6.1; WOW64; Trident/5.0)"
64.60.192.82 - - [17/Jan/2013:13:45:02 -0600] "GET /wp-content/plugins/contact-form-7/includes/css/styles.css?ver=3.3.2 HTTP/1.1" 200 887 "http://localhost/about/" "Mozilla/5.0 (compatible; MSIE 9.0; Windows NT 6.1; WOW64; Trident/5.0)"
64.60.192.82 - - [17/Jan/2013:13:45:02 -0600] "GET /wp-content/plugins/contact-form-7/includes/js/jquery.form.min.js?ver=3.23 HTTP/1.1" 200 15159 "http://localhost/about/" "Mozilla/5.0 (compatible; MSIE 9.0; Windows NT 6.1; WOW64; Trident/5.0)"
64.60.192.82 - - [17/Jan/2013:13:45:02 -0600] "GET /wp-content/plugins/contact-form-7/includes/js/scripts.js?ver=3.3.2 HTTP/1.1" 200 6859 "http://localhost/about/" "Mozilla/5.0 (compatible; MSIE 9.0; Windows NT 6.1; WOW64; Trident/5.0)"
64.60.192.82 - - [17/Jan/2013:13:45:02 -0600] "GET /wp-includes/js/comment-reply.min.js?ver=3.5 HTTP/1.1" 200 786 "http://localhost/about/" "Mozilla/5.0 (compatible; MSIE 9.0; Windows NT 6.1; WOW64; Trident/5.0)"
64.60.192.82 - - [17/Jan/2013:13:45:03 -0600] "GET /wp-includes/js/jquery/jquery.js?ver=1.8.3 HTTP/1.1" 200 93658 "http://localhost/about/" "Mozilla/5.0 (compatible; MSIE 9.0; Windows NT 6.1; WOW64; Trident/5.0)"
64.60.192.82 - - [17/Jan/2013:13:45:03 -0600] "GET /wp-content/uploads/2011/12/jdt51.png HTTP/1.1" 200 28188 "http://localhost/about/" "Mozilla/5.0 (compatible; MSIE 9.0; Windows NT 6.1; WOW64; Trident/5.0)"
64.60.192.82 - - [17/Jan/2013:13:45:03 -0600] "GET /wp-content/themes/thesis_182/lib/images/dot-ddd.gif HTTP/1.1" 200 49 "http://localhost/about/" "Mozilla/5.0 (compatible; MSIE 9.0; Windows NT 6.1; WOW64; Trident/5.0)"
64.60.192.82 - - [17/Jan/2013:13:45:03 -0600] "GET /wp-content/themes/thesis_182/lib/images/icon-rss.gif HTTP/1.1" 200 967 "http://localhost/about/" "Mozilla/5.0 (compatible; MSIE 9.0; Windows NT 6.1; WOW64; Trident/5.0)"
64.60.192.82 - - [17/Jan/2013:13:45:04 -0600] "GET /wp-content/themes/thesis_182/custom/rotator/54810053_4787fa7f3a.jpg HTTP/1.1" 200 141127 "http://localhost/about/" "Mozilla/5.0 (compatible; MSIE 9.0; Windows NT 6.1; WOW64; Trident/5.0)"
64.60.192.82 - - [17/Jan/2013:13:45:05 -0600] "GET /favicon.ico HTTP/1.1" 200 0 "-" "Mozilla/5.0 (compatible; MSIE 9.0; Windows NT 6.1; WOW64; Trident/5.0)"
64.60.192.82 - - [17/Jan/2013:13:45:26 -0600] "GET / HTTP/1.1" 200 13346 "http://localhost/about/" "Mozilla/5.0 (compatible; MSIE 9.0; Windows NT 6.1; WOW64; Trident/5.0)"
64.60.192.82 - - [17/Jan/2013:13:45:26 -0600] "GET /wp-includes/images/smilies/icon_wink.gif HTTP/1.1" 200 170 "http://localhost/" "Mozilla/5.0 (compatible; MSIE 9.0; Windows NT 6.1; WOW64; Trident/5.0)"
64.60.192.82 - - [17/Jan/2013:13:45:27 -0600] "GET /wp-content/themes/thesis_182/custom/rotator/54676138_2a43bbdf2a.jpg HTTP/1.1" 200 177854 "http://localhost/" "Mozilla/5.0 (compatible; MSIE 9.0; Windows NT 6.1; WOW64; Trident/5.0)"
64.60.192.82 - - [17/Jan/2013:13:45:28 -0600] "GET /favicon.ico HTTP/1.1" 200 0 "-" "Mozilla/5.0 (compatible; MSIE 9.0; Windows NT 6.1; WOW64; Trident/5.0)"
61.135.249.98 - - [17/Jan/2013:13:45:41 -0600] "GET / HTTP/1.1" 302 5 "-" "Mozilla/5.0 (compatible; YodaoBot/1.0; http://www.yodao.com/help/webmaster/spider/; )"
61.135.249.98 - - [17/Jan/2013:13:45:41 -0600] "GET /robots.txt HTTP/1.1" 200 15 "-" "Mozilla/5.0 (compatible; YodaoBot/1.0; http://www.yodao.com/help/webmaster/spider/; )"
61.135.249.98 - - [17/Jan/2013:13:45:42 -0600] "GET /blog/ HTTP/1.1" 200 40332 "-" "Mozilla/5.0 (compatible; YodaoBot/1.0; http://www.yodao.com/help/webmaster/spider/; )"
64.60.192.82 - - [17/Jan/2013:13:45:47 -0600] "GET /contact-us/ HTTP/1.1" 200 6289 "http://localhost/about/" "Mozilla/5.0 (compatible; MSIE 9.0; Windows NT 6.1; WOW64; Trident/5.0)"
64.60.192.82 - - [17/Jan/2013:13:45:48 -0600] "GET /wp-content/plugins/contact-form-7/images/ajax-loader.gif HTTP/1.1" 200 847 "http://localhost/contact-us/" "Mozilla/5.0 (compatible; MSIE 9.0; Windows NT 6.1; WOW64; Trident/5.0)"
173.199.119.59 - - [17/Jan/2013:13:50:21 -0600] "GET /blog/tag/terminal/ HTTP/1.1" 200 8216 "-" "Mozilla/5.0 (compatible; AhrefsBot/4.0; +http://ahrefs.com/robot/)"
216.96.86.26 - - [17/Jan/2013:14:07:20 -0600] "GET / HTTP/1.1" 302 5 "-" "Mozilla/5.0 (Macintosh; Intel Mac OS X 10.7; rv:18.0) Gecko/20100101 Firefox/18.0"
216.96.86.26 - - [17/Jan/2013:14:07:21 -0600] "GET /blog/ HTTP/1.1" 200 12993 "-" "Mozilla/5.0 (Macintosh; Intel Mac OS X 10.7; rv:18.0) Gecko/20100101 Firefox/18.0"
216.96.86.26 - - [17/Jan/2013:14:07:22 -0600] "GET /blog/wp-content/themes/koi-improved/yellow.css HTTP/1.1" 404 13019 "http://mysite.com/blog/" "Mozilla/5.0 (Macintosh; Intel Mac OS X 10.7; rv:18.0) Gecko/20100101 Firefox/18.0"
216.96.86.26 - - [17/Jan/2013:14:07:26 -0600] "GET /blog/about/ HTTP/1.1" 200 2573 "http://mysite.com/blog/" "Mozilla/5.0 (Macintosh; Intel Mac OS X 10.7; rv:18.0) Gecko/20100101 Firefox/18.0"
216.96.86.26 - - [17/Jan/2013:14:07:26 -0600] "GET /blog/wp-content/plugins/codecolorer/codecolorer.css?ver=0.9.9 HTTP/1.1" 304 0 "http://mysite.com/blog/about/" "Mozilla/5.0 (Macintosh; Intel Mac OS X 10.7; rv:18.0) Gecko/20100101 Firefox/18.0"
216.96.86.26 - - [17/Jan/2013:14:07:26 -0600] "GET /blog/wp-includes/js/comment-reply.min.js?ver=3.5 HTTP/1.1" 200 786 "http://mysite.com/blog/about/" "Mozilla/5.0 (Macintosh; Intel Mac OS X 10.7; rv:18.0) Gecko/20100101 Firefox/18.0"
216.96.86.26 - - [17/Jan/2013:14:07:26 -0600] "-" 400 0 "-" "-"
216.96.86.26 - - [17/Jan/2013:14:07:27 -0600] "GET /blog/wp-content/themes/koi-improved/yellow.css HTTP/1.1" 404 13019 "http://mysite.com/blog/about/" "Mozilla/5.0 (Macintosh; Intel Mac OS X 10.7; rv:18.0) Gecko/20100101 Firefox/18.0"
216.96.86.26 - - [17/Jan/2013:14:07:32 -0600] "GET /blog/life-list/ HTTP/1.1" 200 2120 "http://mysite.com/blog/about/" "Mozilla/5.0 (Macintosh; Intel Mac OS X 10.7; rv:18.0) Gecko/20100101 Firefox/18.0"
216.96.86.26 - - [17/Jan/2013:14:07:32 -0600] "-" 400 0 "-" "-"
216.96.86.26 - - [17/Jan/2013:14:07:32 -0600] "-" 400 0 "-" "-"
216.96.86.26 - - [17/Jan/2013:14:07:32 -0600] "GET /blog/wp-content/plugins/codecolorer/codecolorer.css?ver=0.9.9 HTTP/1.1" 304 0 "http://mysite.com/blog/life-list/" "Mozilla/5.0 (Macintosh; Intel Mac OS X 10.7; rv:18.0) Gecko/20100101 Firefox/18.0"
216.96.86.26 - - [17/Jan/2013:14:07:32 -0600] "GET /blog/wp-includes/js/comment-reply.min.js?ver=3.5 HTTP/1.1" 304 0 "http://mysite.com/blog/life-list/" "Mozilla/5.0 (Macintosh; Intel Mac OS X 10.7; rv:18.0) Gecko/20100101 Firefox/18.0"
216.96.86.26 - - [17/Jan/2013:14:07:33 -0600] "GET /blog/wp-content/themes/koi-improved/yellow.css HTTP/1.1" 404 13019 "http://mysite.com/blog/life-list/" "Mozilla/5.0 (Macintosh; Intel Mac OS X 10.7; rv:18.0) Gecko/20100101 Firefox/18.0"
216.96.86.26 - - [17/Jan/2013:14:07:34 -0600] "GET /blog/about/ HTTP/1.1" 200 2573 "http://mysite.com/blog/life-list/" "Mozilla/5.0 (Macintosh; Intel Mac OS X 10.7; rv:18.0) Gecko/20100101 Firefox/18.0"
216.96.86.26 - - [17/Jan/2013:14:07:37 -0600] "-" 400 0 "-" "-"
216.96.86.26 - - [17/Jan/2013:14:07:40 -0600] "GET /blog/about/ HTTP/1.1" 200 2573 "http://mysite.com/blog/life-list/" "Mozilla/5.0 (Macintosh; Intel Mac OS X 10.7; rv:18.0) Gecko/20100101 Firefox/18.0"
216.96.86.26 - - [17/Jan/2013:14:07:40 -0600] "GET /blog/wp-content/plugins/codecolorer/codecolorer.css?ver=0.9.9 HTTP/1.1" 304 0 "http://mysite.com/blog/about/" "Mozilla/5.0 (Macintosh; Intel Mac OS X 10.7; rv:18.0) Gecko/20100101 Firefox/18.0"
216.96.86.26 - - [17/Jan/2013:14:07:40 -0600] "GET /blog/wp-includes/js/comment-reply.min.js?ver=3.5 HTTP/1.1" 304 0 "http://mysite.com/blog/about/" "Mozilla/5.0 (Macintosh; Intel Mac OS X 10.7; rv:18.0) Gecko/20100101 Firefox/18.0"
216.96.86.26 - - [17/Jan/2013:14:07:41 -0600] "GET /blog/wp-content/themes/koi-improved/yellow.css HTTP/1.1" 404 13019 "http://mysite.com/blog/about/" "Mozilla/5.0 (Macintosh; Intel Mac OS X 10.7; rv:18.0) Gecko/20100101 Firefox/18.0"
216.96.86.26 - - [17/Jan/2013:14:07:46 -0600] "-" 400 0 "-" "-"
216.96.86.26 - - [17/Jan/2013:14:07:47 -0600] "-" 400 0 "-" "-"
216.96.86.26 - - [17/Jan/2013:14:07:47 -0600] "GET /blog/feed/ HTTP/1.1" 200 38223 "http://mysite.com/blog/about/" "Mozilla/5.0 (Macintosh; Intel Mac OS X 10.7; rv:18.0) Gecko/20100101 Firefox/18.0"
2400:8900::f03c:91ff:feae:3de2 - - [17/Jan/2013:14:08:06 -0600] "POST /wp-cron.php?doing_wp_cron=1358453286.8141279220581054687500 HTTP/1.0" 404 162 "-" "WordPress/3.5; http://localhost"
216.96.86.26 - - [17/Jan/2013:14:08:06 -0600] "GET /contact-us/ HTTP/1.1" 200 2178 "-" "Mozilla/5.0 (Macintosh; Intel Mac OS X 10.7; rv:18.0) Gecko/20100101 Firefox/18.0"
216.96.86.26 - - [17/Jan/2013:14:08:07 -0600] "GET /wp-content/plugins/contact-form-7/includes/css/styles.css?ver=3.3.2 HTTP/1.1" 304 0 "http://localhost/contact-us/" "Mozilla/5.0 (Macintosh; Intel Mac OS X 10.7; rv:18.0) Gecko/20100101 Firefox/18.0"
216.96.86.26 - - [17/Jan/2013:14:08:07 -0600] "GET /wp-includes/js/comment-reply.min.js?ver=3.5 HTTP/1.1" 304 0 "http://localhost/contact-us/" "Mozilla/5.0 (Macintosh; Intel Mac OS X 10.7; rv:18.0) Gecko/20100101 Firefox/18.0"
216.96.86.26 - - [17/Jan/2013:14:08:07 -0600] "GET /wp-includes/js/jquery/jquery.js?ver=1.8.3 HTTP/1.1" 304 0 "http://localhost/contact-us/" "Mozilla/5.0 (Macintosh; Intel Mac OS X 10.7; rv:18.0) Gecko/20100101 Firefox/18.0"
216.96.86.26 - - [17/Jan/2013:14:08:08 -0600] "GET /wp-content/plugins/contact-form-7/includes/js/jquery.form.min.js?ver=3.23 HTTP/1.1" 304 0 "http://localhost/contact-us/" "Mozilla/5.0 (Macintosh; Intel Mac OS X 10.7; rv:18.0) Gecko/20100101 Firefox/18.0"
216.96.86.26 - - [17/Jan/2013:14:08:08 -0600] "GET /wp-content/plugins/contact-form-7/includes/js/scripts.js?ver=3.3.2 HTTP/1.1" 304 0 "http://localhost/contact-us/" "Mozilla/5.0 (Macintosh; Intel Mac OS X 10.7; rv:18.0) Gecko/20100101 Firefox/18.0"
216.96.86.26 - - [17/Jan/2013:14:08:09 -0600] "GET /about/ HTTP/1.1" 200 1845 "http://localhost/contact-us/" "Mozilla/5.0 (Macintosh; Intel Mac OS X 10.7; rv:18.0) Gecko/20100101 Firefox/18.0"
216.96.86.26 - - [17/Jan/2013:14:08:09 -0600] "GET /wp-includes/js/comment-reply.min.js?ver=3.5 HTTP/1.1" 304 0 "http://localhost/about/" "Mozilla/5.0 (Macintosh; Intel Mac OS X 10.7; rv:18.0) Gecko/20100101 Firefox/18.0"
216.96.86.26 - - [17/Jan/2013:14:08:09 -0600] "GET /wp-content/plugins/contact-form-7/includes/css/styles.css?ver=3.3.2 HTTP/1.1" 304 0 "http://localhost/about/" "Mozilla/5.0 (Macintosh; Intel Mac OS X 10.7; rv:18.0) Gecko/20100101 Firefox/18.0"
216.96.86.26 - - [17/Jan/2013:14:08:09 -0600] "GET /wp-includes/js/jquery/jquery.js?ver=1.8.3 HTTP/1.1" 304 0 "http://localhost/about/" "Mozilla/5.0 (Macintosh; Intel Mac OS X 10.7; rv:18.0) Gecko/20100101 Firefox/18.0"
216.96.86.26 - - [17/Jan/2013:14:08:09 -0600] "GET /wp-content/plugins/contact-form-7/includes/js/jquery.form.min.js?ver=3.23 HTTP/1.1" 304 0 "http://localhost/about/" "Mozilla/5.0 (Macintosh; Intel Mac OS X 10.7; rv:18.0) Gecko/20100101 Firefox/18.0"
216.96.86.26 - - [17/Jan/2013:14:08:10 -0600] "GET /wp-content/plugins/contact-form-7/includes/js/scripts.js?ver=3.3.2 HTTP/1.1" 304 0 "http://localhost/about/" "Mozilla/5.0 (Macintosh; Intel Mac OS X 10.7; rv:18.0) Gecko/20100101 Firefox/18.0"
216.96.86.26 - - [17/Jan/2013:14:08:13 -0600] "GET /feed/ HTTP/1.1" 200 11319 "http://localhost/about/" "Mozilla/5.0 (Macintosh; Intel Mac OS X 10.7; rv:18.0) Gecko/20100101 Firefox/18.0"
216.96.86.26 - - [17/Jan/2013:14:08:15 -0600] "-" 400 0 "-" "-"
216.96.86.26 - - [17/Jan/2013:14:08:15 -0600] "-" 400 0 "-" "-"
216.96.86.26 - - [17/Jan/2013:14:08:17 -0600] "GET / HTTP/1.1" 200 4926 "http://localhost/about/" "Mozilla/5.0 (Macintosh; Intel Mac OS X 10.7; rv:18.0) Gecko/20100101 Firefox/18.0"
216.96.86.26 - - [17/Jan/2013:14:08:17 -0600] "GET /wp-includes/js/jquery/jquery.js?ver=1.8.3 HTTP/1.1" 304 0 "http://localhost/" "Mozilla/5.0 (Macintosh; Intel Mac OS X 10.7; rv:18.0) Gecko/20100101 Firefox/18.0"
216.96.86.26 - - [17/Jan/2013:14:08:17 -0600] "GET /wp-content/plugins/contact-form-7/includes/css/styles.css?ver=3.3.2 HTTP/1.1" 304 0 "http://localhost/" "Mozilla/5.0 (Macintosh; Intel Mac OS X 10.7; rv:18.0) Gecko/20100101 Firefox/18.0"
216.96.86.26 - - [17/Jan/2013:14:08:17 -0600] "GET /wp-content/plugins/contact-form-7/includes/js/jquery.form.min.js?ver=3.23 HTTP/1.1" 304 0 "http://localhost/" "Mozilla/5.0 (Macintosh; Intel Mac OS X 10.7; rv:18.0) Gecko/20100101 Firefox/18.0"
216.96.86.26 - - [17/Jan/2013:14:08:17 -0600] "GET /wp-content/plugins/contact-form-7/includes/js/scripts.js?ver=3.3.2 HTTP/1.1" 304 0 "http://localhost/" "Mozilla/5.0 (Macintosh; Intel Mac OS X 10.7; rv:18.0) Gecko/20100101 Firefox/18.0"
216.96.86.26 - - [17/Jan/2013:14:08:21 -0600] "GET /camellia-sinensis-the-tea-plant/ HTTP/1.1" 200 2666 "http://localhost/" "Mozilla/5.0 (Macintosh; Intel Mac OS X 10.7; rv:18.0) Gecko/20100101 Firefox/18.0"
216.96.86.26 - - [17/Jan/2013:14:08:21 -0600] "GET /wp-includes/js/comment-reply.min.js?ver=3.5 HTTP/1.1" 304 0 "http://localhost/camellia-sinensis-the-tea-plant/" "Mozilla/5.0 (Macintosh; Intel Mac OS X 10.7; rv:18.0) Gecko/20100101 Firefox/18.0"
216.96.86.26 - - [17/Jan/2013:14:08:21 -0600] "GET /wp-content/plugins/contact-form-7/includes/css/styles.css?ver=3.3.2 HTTP/1.1" 304 0 "http://localhost/camellia-sinensis-the-tea-plant/" "Mozilla/5.0 (Macintosh; Intel Mac OS X 10.7; rv:18.0) Gecko/20100101 Firefox/18.0"
216.96.86.26 - - [17/Jan/2013:14:08:21 -0600] "GET /wp-includes/js/jquery/jquery.js?ver=1.8.3 HTTP/1.1" 304 0 "http://localhost/camellia-sinensis-the-tea-plant/" "Mozilla/5.0 (Macintosh; Intel Mac OS X 10.7; rv:18.0) Gecko/20100101 Firefox/18.0"
216.96.86.26 - - [17/Jan/2013:14:08:21 -0600] "GET /wp-content/plugins/contact-form-7/includes/js/jquery.form.min.js?ver=3.23 HTTP/1.1" 304 0 "http://localhost/camellia-sinensis-the-tea-plant/" "Mozilla/5.0 (Macintosh; Intel Mac OS X 10.7; rv:18.0) Gecko/20100101 Firefox/18.0"
216.96.86.26 - - [17/Jan/2013:14:08:22 -0600] "GET /wp-content/plugins/contact-form-7/includes/js/scripts.js?ver=3.3.2 HTTP/1.1" 304 0 "http://localhost/camellia-sinensis-the-tea-plant/" "Mozilla/5.0 (Macintosh; Intel Mac OS X 10.7; rv:18.0) Gecko/20100101 Firefox/18.0"
216.96.86.26 - - [17/Jan/2013:14:08:27 -0600] "-" 400 0 "-" "-"
216.96.86.26 - - [17/Jan/2013:14:08:27 -0600] "-" 400 0 "-" "-"
216.96.86.26 - - [17/Jan/2013:14:08:39 -0600] "GET /files HTTP/1.1" 301 178 "-" "Mozilla/5.0 (Macintosh; Intel Mac OS X 10.7; rv:18.0) Gecko/20100101 Firefox/18.0"
216.96.86.26 - - [17/Jan/2013:14:08:40 -0600] "GET /files/ HTTP/1.1" 403 135 "-" "Mozilla/5.0 (Macintosh; Intel Mac OS X 10.7; rv:18.0) Gecko/20100101 Firefox/18.0"
216.96.86.26 - - [17/Jan/2013:14:08:46 -0600] "GET /xfiles/ HTTP/1.1" 404 136 "-" "Mozilla/5.0 (Macintosh; Intel Mac OS X 10.7; rv:18.0) Gecko/20100101 Firefox/18.0"
216.96.86.26 - - [17/Jan/2013:14:08:50 -0600] "GET / HTTP/1.1" 302 5 "-" "Mozilla/5.0 (Macintosh; Intel Mac OS X 10.7; rv:18.0) Gecko/20100101 Firefox/18.0"
216.96.86.26 - - [17/Jan/2013:14:08:51 -0600] "GET /blog/ HTTP/1.1" 200 12993 "-" "Mozilla/5.0 (Macintosh; Intel Mac OS X 10.7; rv:18.0) Gecko/20100101 Firefox/18.0"
216.96.86.26 - - [17/Jan/2013:14:08:51 -0600] "GET /blog/wp-content/plugins/codecolorer/codecolorer.css?ver=0.9.9 HTTP/1.1" 304 0 "http://mysite.com/blog/" "Mozilla/5.0 (Macintosh; Intel Mac OS X 10.7; rv:18.0) Gecko/20100101 Firefox/18.0"
216.96.86.26 - - [17/Jan/2013:14:08:52 -0600] "GET /blog/wp-content/themes/koi-improved/yellow.css HTTP/1.1" 404 13019 "http://mysite.com/blog/" "Mozilla/5.0 (Macintosh; Intel Mac OS X 10.7; rv:18.0) Gecko/20100101 Firefox/18.0"
216.96.86.26 - - [17/Jan/2013:14:08:56 -0600] "-" 400 0 "-" "-"
216.96.86.26 - - [17/Jan/2013:14:09:07 -0600] "GET / HTTP/1.1" 301 178 "-" "Mozilla/5.0 (Macintosh; Intel Mac OS X 10.7; rv:18.0) Gecko/20100101 Firefox/18.0"
216.96.86.26 - - [17/Jan/2013:14:09:09 -0600] "GET / HTTP/1.1" 200 31 "-" "Mozilla/5.0 (Macintosh; Intel Mac OS X 10.7; rv:18.0) Gecko/20100101 Firefox/18.0"
216.96.86.26 - - [17/Jan/2013:14:09:09 -0600] "GET /favicon.ico HTTP/1.1" 404 136 "-" "Mozilla/5.0 (Macintosh; Intel Mac OS X 10.7; rv:18.0) Gecko/20100101 Firefox/18.0"
216.96.86.26 - - [17/Jan/2013:14:09:10 -0600] "GET / HTTP/1.1" 302 5 "-" "Mozilla/5.0 (Macintosh; Intel Mac OS X 10.7; rv:18.0) Gecko/20100101 Firefox/18.0"
216.96.86.26 - - [17/Jan/2013:14:09:11 -0600] "GET /blog/ HTTP/1.1" 200 12993 "-" "Mozilla/5.0 (Macintosh; Intel Mac OS X 10.7; rv:18.0) Gecko/20100101 Firefox/18.0"
216.96.86.26 - - [17/Jan/2013:14:09:11 -0600] "GET /blog/wp-content/plugins/codecolorer/codecolorer.css?ver=0.9.9 HTTP/1.1" 304 0 "http://blackcarrot.be/blog/" "Mozilla/5.0 (Macintosh; Intel Mac OS X 10.7; rv:18.0) Gecko/20100101 Firefox/18.0"
216.96.86.26 - - [17/Jan/2013:14:09:12 -0600] "GET /blog/wp-content/themes/koi-improved/yellow.css HTTP/1.1" 404 13019 "http://blackcarrot.be/blog/" "Mozilla/5.0 (Macintosh; Intel Mac OS X 10.7; rv:18.0) Gecko/20100101 Firefox/18.0"
216.96.86.26 - - [17/Jan/2013:14:09:13 -0600] "GET /favicon.ico HTTP/1.1" 404 136 "-" "Mozilla/5.0 (Macintosh; Intel Mac OS X 10.7; rv:18.0) Gecko/20100101 Firefox/18.0"
216.96.86.26 - - [17/Jan/2013:14:09:17 -0600] "-" 400 0 "-" "-"
216.96.86.26 - - [17/Jan/2013:14:09:17 -0600] "-" 400 0 "-" "-"
216.96.86.26 - - [17/Jan/2013:14:12:54 -0600] "GET / HTTP/1.1" 302 5 "-" "Mozilla/5.0 (Macintosh; Intel Mac OS X 10.7; rv:18.0) Gecko/20100101 Firefox/18.0"
216.96.86.26 - - [17/Jan/2013:14:12:55 -0600] "GET /blog/ HTTP/1.1" 200 12993 "-" "Mozilla/5.0 (Macintosh; Intel Mac OS X 10.7; rv:18.0) Gecko/20100101 Firefox/18.0"
216.96.86.26 - - [17/Jan/2013:14:12:55 -0600] "GET /blog/wp-content/plugins/codecolorer/codecolorer.css?ver=0.9.9 HTTP/1.1" 304 0 "http://mysite.com/blog/" "Mozilla/5.0 (Macintosh; Intel Mac OS X 10.7; rv:18.0) Gecko/20100101 Firefox/18.0"
216.96.86.26 - - [17/Jan/2013:14:12:56 -0600] "GET /blog/wp-content/themes/koi-improved/yellow.css HTTP/1.1" 404 13019 "http://mysite.com/blog/" "Mozilla/5.0 (Macintosh; Intel Mac OS X 10.7; rv:18.0) Gecko/20100101 Firefox/18.0"
216.96.86.26 - - [17/Jan/2013:14:13:56 -0600] "GET / HTTP/1.1" 302 5 "-" "Mozilla/5.0 (Macintosh; Intel Mac OS X 10.7; rv:18.0) Gecko/20100101 Firefox/18.0"
216.96.86.26 - - [17/Jan/2013:14:13:57 -0600] "GET /blog/ HTTP/1.1" 200 12993 "-" "Mozilla/5.0 (Macintosh; Intel Mac OS X 10.7; rv:18.0) Gecko/20100101 Firefox/18.0"
216.96.86.26 - - [17/Jan/2013:14:13:57 -0600] "GET /blog/wp-content/plugins/codecolorer/codecolorer.css?ver=0.9.9 HTTP/1.1" 304 0 "http://mysite.com/blog/" "Mozilla/5.0 (Macintosh; Intel Mac OS X 10.7; rv:18.0) Gecko/20100101 Firefox/18.0"
216.96.86.26 - - [17/Jan/2013:14:13:58 -0600] "GET /blog/wp-content/themes/koi-improved/yellow.css HTTP/1.1" 404 13019 "http://mysite.com/blog/" "Mozilla/5.0 (Macintosh; Intel Mac OS X 10.7; rv:18.0) Gecko/20100101 Firefox/18.0"
216.96.86.26 - - [17/Jan/2013:14:13:58 -0600] "GET / HTTP/1.1" 301 178 "-" "Mozilla/5.0 (Macintosh; Intel Mac OS X 10.7; rv:18.0) Gecko/20100101 Firefox/18.0"
216.96.86.26 - - [17/Jan/2013:14:13:58 -0600] "GET / HTTP/1.1" 302 5 "-" "Mozilla/5.0 (Macintosh; Intel Mac OS X 10.7; rv:18.0) Gecko/20100101 Firefox/18.0"
216.96.86.26 - - [17/Jan/2013:14:13:59 -0600] "GET /blog/ HTTP/1.1" 200 12993 "-" "Mozilla/5.0 (Macintosh; Intel Mac OS X 10.7; rv:18.0) Gecko/20100101 Firefox/18.0"
216.96.86.26 - - [17/Jan/2013:14:14:00 -0600] "GET /blog/wp-content/plugins/codecolorer/codecolorer.css?ver=0.9.9 HTTP/1.1" 304 0 "http://mysite.com/blog/" "Mozilla/5.0 (Macintosh; Intel Mac OS X 10.7; rv:18.0) Gecko/20100101 Firefox/18.0"
216.96.86.26 - - [17/Jan/2013:14:14:00 -0600] "GET /blog/wp-content/themes/koi-improved/yellow.css HTTP/1.1" 404 13019 "http://mysite.com/blog/" "Mozilla/5.0 (Macintosh; Intel Mac OS X 10.7; rv:18.0) Gecko/20100101 Firefox/18.0"
216.96.86.26 - - [17/Jan/2013:14:14:03 -0600] "GET /blog/ HTTP/1.1" 301 178 "-" "Mozilla/5.0 (Macintosh; Intel Mac OS X 10.7; rv:18.0) Gecko/20100101 Firefox/18.0"
216.96.86.26 - - [17/Jan/2013:14:14:04 -0600] "GET /blog/ HTTP/1.1" 200 12993 "-" "Mozilla/5.0 (Macintosh; Intel Mac OS X 10.7; rv:18.0) Gecko/20100101 Firefox/18.0"
216.96.86.26 - - [17/Jan/2013:14:14:04 -0600] "-" 400 0 "-" "-"
216.96.86.26 - - [17/Jan/2013:14:14:04 -0600] "GET /blog/wp-content/plugins/codecolorer/codecolorer.css?ver=0.9.9 HTTP/1.1" 304 0 "http://mysite.com/blog/" "Mozilla/5.0 (Macintosh; Intel Mac OS X 10.7; rv:18.0) Gecko/20100101 Firefox/18.0"
216.96.86.26 - - [17/Jan/2013:14:14:05 -0600] "GET /blog/wp-content/themes/koi-improved/yellow.css HTTP/1.1" 404 13019 "http://mysite.com/blog/" "Mozilla/5.0 (Macintosh; Intel Mac OS X 10.7; rv:18.0) Gecko/20100101 Firefox/18.0"
216.96.86.26 - - [17/Jan/2013:14:14:07 -0600] "GET / HTTP/1.1" 302 5 "-" "Mozilla/5.0 (Macintosh; Intel Mac OS X 10.7; rv:18.0) Gecko/20100101 Firefox/18.0"
216.96.86.26 - - [17/Jan/2013:14:14:08 -0600] "GET /blog/ HTTP/1.1" 200 12993 "-" "Mozilla/5.0 (Macintosh; Intel Mac OS X 10.7; rv:18.0) Gecko/20100101 Firefox/18.0"
216.96.86.26 - - [17/Jan/2013:14:14:08 -0600] "GET /blog/wp-content/plugins/codecolorer/codecolorer.css?ver=0.9.9 HTTP/1.1" 304 0 "http://mysite.com/blog/" "Mozilla/5.0 (Macintosh; Intel Mac OS X 10.7; rv:18.0) Gecko/20100101 Firefox/18.0"
216.96.86.26 - - [17/Jan/2013:14:14:09 -0600] "GET /blog/wp-content/themes/koi-improved/yellow.css HTTP/1.1" 404 13019 "http://mysite.com/blog/" "Mozilla/5.0 (Macintosh; Intel Mac OS X 10.7; rv:18.0) Gecko/20100101 Firefox/18.0"
216.96.86.26 - - [17/Jan/2013:14:14:27 -0600] "HEAD / HTTP/1.1" 301 0 "-" "curl/7.21.4 (universal-apple-darwin11.0) libcurl/7.21.4 OpenSSL/0.9.8r zlib/1.2.5"
216.96.86.26 - - [17/Jan/2013:14:14:32 -0600] "HEAD /blog/ HTTP/1.1" 301 0 "-" "curl/7.21.4 (universal-apple-darwin11.0) libcurl/7.21.4 OpenSSL/0.9.8r zlib/1.2.5"
178.154.163.29 - - [17/Jan/2013:14:17:10 -0600] "GET / HTTP/1.1" 301 178 "-" "Mozilla/5.0 (compatible; YandexBot/3.0; +http://yandex.com/bots)"
70.75.177.99 - - [17/Jan/2013:14:24:44 -0600] "GET /scripts/twitter-who2follow.user.js HTTP/1.1" 404 136 "-" "Mozilla/5.0 (Windows NT 6.1; WOW64; rv:18.0) Gecko/20100101 Firefox/18.0"
70.75.177.99 - - [17/Jan/2013:14:24:49 -0600] "-" 400 0 "-" "-"
70.75.177.99 - - [17/Jan/2013:14:24:49 -0600] "-" 400 0 "-" "-"
70.75.177.99 - - [17/Jan/2013:14:24:49 -0600] "-" 400 0 "-" "-"
180.76.5.51 - - [17/Jan/2013:14:30:56 -0600] "GET /blog/category/food/ HTTP/1.1" 200 6258 "-" "Mozilla/5.0 (compatible; Baiduspider/2.0; +http://www.baidu.com/search/spider.html)"
178.255.215.67 - - [17/Jan/2013:14:33:56 -0600] "GET /robots.txt HTTP/1.1" 200 15 "-" "Mozilla/5.0 (compatible; Exabot/3.0; +http://www.exabot.com/go/robot)"
178.255.215.67 - - [17/Jan/2013:14:33:57 -0600] "GET /blog/costa-rica/ HTTP/1.1" 200 3023 "-" "Mozilla/5.0 (compatible; Exabot/3.0; +http://www.exabot.com/go/robot)"
2400:8900::f03c:91ff:feae:3de2 - - [17/Jan/2013:14:39:12 -0600] "POST /wp-cron.php?doing_wp_cron=1358455152.6517388820648193359375 HTTP/1.0" 404 162 "-" "WordPress/3.5; http://localhost"
123.125.71.101 - - [17/Jan/2013:14:39:12 -0600] "GET / HTTP/1.1" 200 13346 "-" "Mozilla/5.0 (compatible; Baiduspider/2.0; +http://www.baidu.com/search/spider.html)"
220.181.108.161 - - [17/Jan/2013:14:39:54 -0600] "GET / HTTP/1.1" 200 13346 "-" "Mozilla/5.0 (compatible; Baiduspider/2.0; +http://www.baidu.com/search/spider.html)"
119.63.193.195 - - [17/Jan/2013:14:40:46 -0600] "GET / HTTP/1.1" 302 5 "-" "Mozilla/4.0 (compatible; MSIE 7.0; Windows NT 6.0)"
216.96.86.26 - - [17/Jan/2013:14:48:44 -0600] "GET /blog/feed/ HTTP/1.1" 304 0 "-" "Vienna 3.0b.2821 rv:2821 (Macintosh; Mac OS X 10.7.4; en_US)"
173.199.119.59 - - [17/Jan/2013:14:49:25 -0600] "GET /blog/almost-christmas/ HTTP/1.1" 200 5828 "-" "Mozilla/5.0 (compatible; AhrefsBot/4.0; +http://ahrefs.com/robot/)"
2400:8900::f03c:91ff:feae:3de2 - - [17/Jan/2013:14:50:03 -0600] "POST /wp-cron.php?doing_wp_cron=1358455803.3613009452819824218750 HTTP/1.0" 404 162 "-" "WordPress/3.5; http://localhost"
216.96.86.26 - - [17/Jan/2013:14:50:03 -0600] "GET / HTTP/1.1" 200 4926 "-" "Mozilla/5.0 (Macintosh; Intel Mac OS X 10.7; rv:18.0) Gecko/20100101 Firefox/18.0"
216.96.86.26 - - [17/Jan/2013:14:50:03 -0600] "GET /wp-content/plugins/contact-form-7/includes/css/styles.css?ver=3.3.2 HTTP/1.1" 304 0 "http://localhost/" "Mozilla/5.0 (Macintosh; Intel Mac OS X 10.7; rv:18.0) Gecko/20100101 Firefox/18.0"
216.96.86.26 - - [17/Jan/2013:14:50:03 -0600] "GET /wp-includes/js/jquery/jquery.js?ver=1.8.3 HTTP/1.1" 304 0 "http://localhost/" "Mozilla/5.0 (Macintosh; Intel Mac OS X 10.7; rv:18.0) Gecko/20100101 Firefox/18.0"
216.96.86.26 - - [17/Jan/2013:14:50:04 -0600] "GET /wp-content/plugins/contact-form-7/includes/js/jquery.form.min.js?ver=3.23 HTTP/1.1" 304 0 "http://localhost/" "Mozilla/5.0 (Macintosh; Intel Mac OS X 10.7; rv:18.0) Gecko/20100101 Firefox/18.0"
216.96.86.26 - - [17/Jan/2013:14:50:04 -0600] "GET /wp-content/plugins/contact-form-7/includes/js/scripts.js?ver=3.3.2 HTTP/1.1" 304 0 "http://localhost/" "Mozilla/5.0 (Macintosh; Intel Mac OS X 10.7; rv:18.0) Gecko/20100101 Firefox/18.0"
216.96.86.26 - - [17/Jan/2013:14:50:10 -0600] "-" 400 0 "-" "-"
216.96.86.26 - - [17/Jan/2013:14:50:14 -0600] "HEAD / HTTP/1.1" 200 0 "-" "curl/7.21.4 (universal-apple-darwin11.0) libcurl/7.21.4 OpenSSL/0.9.8r zlib/1.2.5"
216.96.86.26 - - [17/Jan/2013:14:50:21 -0600] "HEAD /about HTTP/1.1" 301 0 "-" "curl/7.21.4 (universal-apple-darwin11.0) libcurl/7.21.4 OpenSSL/0.9.8r zlib/1.2.5"
216.96.86.26 - - [17/Jan/2013:14:50:23 -0600] "HEAD /about/ HTTP/1.1" 200 0 "-" "curl/7.21.4 (universal-apple-darwin11.0) libcurl/7.21.4 OpenSSL/0.9.8r zlib/1.2.5"
216.96.86.26 - - [17/Jan/2013:14:50:26 -0600] "GET /about/ HTTP/1.1" 200 5094 "-" "curl/7.21.4 (universal-apple-darwin11.0) libcurl/7.21.4 OpenSSL/0.9.8r zlib/1.2.5"
157.55.33.50 - - [17/Jan/2013:14:52:14 -0600] "GET /robots.txt HTTP/1.1" 200 15 "-" "Mozilla/5.0 (compatible; bingbot/2.0; +http://www.bing.com/bingbot.htm)"
157.55.33.50 - - [17/Jan/2013:14:54:15 -0600] "GET / HTTP/1.1" 302 5 "-" "Mozilla/5.0 (compatible; bingbot/2.0; +http://www.bing.com/bingbot.htm)"
157.55.33.50 - - [17/Jan/2013:14:54:18 -0600] "GET /blog/ HTTP/1.1" 200 12993 "-" "Mozilla/5.0 (compatible; bingbot/2.0; +http://www.bing.com/bingbot.htm)"
2400:8900::f03c:91ff:feae:3de2 - - [17/Jan/2013:14:54:34 -0600] "POST /wp-cron.php?doing_wp_cron=1358456074.4810259342193603515625 HTTP/1.0" 404 162 "-" "WordPress/3.5; http://localhost"
178.154.163.29 - - [17/Jan/2013:14:54:34 -0600] "GET /robots.txt HTTP/1.1" 200 123 "-" "Mozilla/5.0 (compatible; YandexBot/3.0; +http://yandex.com/bots)"
2400:8900::f03c:91ff:feae:3de2 - - [17/Jan/2013:14:58:41 -0600] "POST /wp-cron.php?doing_wp_cron=1358456321.1747479438781738281250 HTTP/1.0" 404 162 "-" "WordPress/3.5; http://localhost"
157.55.32.87 - - [17/Jan/2013:14:58:41 -0600] "GET /robots.txt HTTP/1.1" 200 123 "-" "Mozilla/5.0 (compatible; bingbot/2.0; +http://www.bing.com/bingbot.htm)"
216.96.86.26 - - [17/Jan/2013:14:59:53 -0600] "HEAD / HTTP/1.1" 301 0 "-" "curl/7.21.4 (universal-apple-darwin11.0) libcurl/7.21.4 OpenSSL/0.9.8r zlib/1.2.5"
216.96.86.26 - - [17/Jan/2013:15:00:00 -0600] "HEAD / HTTP/1.1" 301 0 "-" "curl/7.21.4 (universal-apple-darwin11.0) libcurl/7.21.4 OpenSSL/0.9.8r zlib/1.2.5"
216.96.86.26 - - [17/Jan/2013:15:00:03 -0600] "HEAD / HTTP/1.1" 301 0 "-" "curl/7.21.4 (universal-apple-darwin11.0) libcurl/7.21.4 OpenSSL/0.9.8r zlib/1.2.5"
216.96.86.26 - - [17/Jan/2013:15:00:06 -0600] "HEAD / HTTP/1.1" 301 0 "-" "curl/7.21.4 (universal-apple-darwin11.0) libcurl/7.21.4 OpenSSL/0.9.8r zlib/1.2.5"
216.96.86.26 - - [17/Jan/2013:15:00:10 -0600] "HEAD / HTTP/1.1" 301 0 "-" "curl/7.21.4 (universal-apple-darwin11.0) libcurl/7.21.4 OpenSSL/0.9.8r zlib/1.2.5"
216.96.86.26 - - [17/Jan/2013:15:02:06 -0600] "HEAD /files HTTP/1.1" 301 0 "-" "curl/7.21.4 (universal-apple-darwin11.0) libcurl/7.21.4 OpenSSL/0.9.8r zlib/1.2.5"
216.96.86.26 - - [17/Jan/2013:15:02:08 -0600] "HEAD /files/ HTTP/1.1" 403 0 "-" "curl/7.21.4 (universal-apple-darwin11.0) libcurl/7.21.4 OpenSSL/0.9.8r zlib/1.2.5"
216.96.86.26 - - [17/Jan/2013:15:02:32 -0600] "HEAD /blog/ HTTP/1.1" 301 0 "-" "curl/7.21.4 (universal-apple-darwin11.0) libcurl/7.21.4 OpenSSL/0.9.8r zlib/1.2.5"
216.96.86.26 - - [17/Jan/2013:15:05:21 -0600] "HEAD / HTTP/1.1" 302 0 "-" "HTTP-Tiny/0.022"
216.96.86.26 - - [17/Jan/2013:15:05:22 -0600] "HEAD /blog/ HTTP/1.1" 200 0 "-" "HTTP-Tiny/0.022"
216.96.86.26 - - [17/Jan/2013:15:06:20 -0600] "HEAD / HTTP/1.1" 302 0 "-" "HTTP-Tiny/0.022"
66.249.74.38 - - [17/Jan/2013:15:06:48 -0600] "GET /blog/page/2/ HTTP/1.1" 200 18157 "-" "Mozilla/5.0 (iPhone; U; CPU iPhone OS 4_1 like Mac OS X; en-us) AppleWebKit/532.9 (KHTML, like Gecko) Version/4.0.5 Mobile/8B117 Safari/6531.22.7 (compatible; Googlebot-Mobile/2.1; +http://www.google.com/bot.html)"
216.96.86.26 - - [17/Jan/2013:15:10:26 -0600] "HEAD / HTTP/1.1" 302 0 "-" "HTTP-Tiny/0.022"
216.96.86.26 - - [17/Jan/2013:15:10:27 -0600] "HEAD /files HTTP/1.1" 301 0 "-" "HTTP-Tiny/0.022"
216.96.86.26 - - [17/Jan/2013:15:10:28 -0600] "HEAD /files/ HTTP/1.1" 403 0 "-" "HTTP-Tiny/0.022"
216.96.86.26 - - [17/Jan/2013:15:10:29 -0600] "HEAD /blog/ HTTP/1.1" 200 0 "-" "HTTP-Tiny/0.022"
216.96.86.26 - - [17/Jan/2013:15:10:30 -0600] "HEAD / HTTP/1.1" 301 0 "-" "HTTP-Tiny/0.022"
216.96.86.26 - - [17/Jan/2013:15:10:31 -0600] "HEAD /  HTTP/1.1" 301 0 "-" "HTTP-Tiny/0.022"
216.96.86.26 - - [17/Jan/2013:15:10:32 -0600] "HEAD /  HTTP/1.1" 200 0 "-" "HTTP-Tiny/0.022"
216.96.86.26 - - [17/Jan/2013:15:10:33 -0600] "HEAD /  HTTP/1.1" 301 0 "-" "HTTP-Tiny/0.022"
2400:8900::f03c:91ff:feae:3de2 - - [17/Jan/2013:15:10:33 -0600] "POST /wp-cron.php?doing_wp_cron=1358457033.8215329647064208984375 HTTP/1.0" 404 162 "-" "WordPress/3.5; http://localhost"
216.96.86.26 - - [17/Jan/2013:15:10:34 -0600] "HEAD / HTTP/1.1" 200 0 "-" "HTTP-Tiny/0.022"
216.96.86.26 - - [17/Jan/2013:15:10:35 -0600] "HEAD /about/ HTTP/1.1" 200 0 "-" "HTTP-Tiny/0.022"
216.96.86.26 - - [17/Jan/2013:15:10:36 -0600] "HEAD / HTTP/1.1" 301 0 "-" "HTTP-Tiny/0.022"
173.199.119.59 - - [17/Jan/2013:15:13:19 -0600] "GET /blog/remove-who-to-follow/ HTTP/1.1" 200 3007 "-" "Mozilla/5.0 (compatible; AhrefsBot/4.0; +http://ahrefs.com/robot/)"
216.96.86.26 - - [17/Jan/2013:15:14:09 -0600] "HEAD / HTTP/1.1" 302 0 "-" "HTTP-Tiny/0.022"
216.96.86.26 - - [17/Jan/2013:15:15:07 -0600] "HEAD / HTTP/1.1" 302 0 "-" "HTTP-Tiny/0.022"
216.96.86.26 - - [17/Jan/2013:15:15:13 -0600] "HEAD / HTTP/1.1" 499 0 "-" "HTTP-Tiny/0.022"
216.96.86.26 - - [17/Jan/2013:15:18:11 -0600] "HEAD / HTTP/1.1" 302 0 "-" "HTTP-Tiny/0.022"
216.96.86.26 - - [17/Jan/2013:15:18:12 -0600] "HEAD /files HTTP/1.1" 301 0 "-" "HTTP-Tiny/0.022"
216.96.86.26 - - [17/Jan/2013:15:18:13 -0600] "HEAD /files/ HTTP/1.1" 403 0 "-" "HTTP-Tiny/0.022"
216.96.86.26 - - [17/Jan/2013:15:18:14 -0600] "HEAD /blog/ HTTP/1.1" 200 0 "-" "HTTP-Tiny/0.022"
216.96.86.26 - - [17/Jan/2013:15:18:15 -0600] "HEAD / HTTP/1.1" 301 0 "-" "HTTP-Tiny/0.022"
216.96.86.26 - - [17/Jan/2013:15:18:15 -0600] "HEAD /  HTTP/1.1" 301 0 "-" "HTTP-Tiny/0.022"
216.96.86.26 - - [17/Jan/2013:15:18:16 -0600] "HEAD /  HTTP/1.1" 200 0 "-" "HTTP-Tiny/0.022"
216.96.86.26 - - [17/Jan/2013:15:18:17 -0600] "HEAD /  HTTP/1.1" 301 0 "-" "HTTP-Tiny/0.022"
2400:8900::f03c:91ff:feae:3de2 - - [17/Jan/2013:15:18:18 -0600] "POST /wp-cron.php?doing_wp_cron=1358457498.6058139801025390625000 HTTP/1.0" 404 162 "-" "WordPress/3.5; http://localhost"
216.96.86.26 - - [17/Jan/2013:15:18:18 -0600] "HEAD / HTTP/1.1" 200 0 "-" "HTTP-Tiny/0.022"
216.96.86.26 - - [17/Jan/2013:15:18:19 -0600] "HEAD /about/ HTTP/1.1" 200 0 "-" "HTTP-Tiny/0.022"
216.96.86.26 - - [17/Jan/2013:15:18:20 -0600] "HEAD / HTTP/1.1" 301 0 "-" "HTTP-Tiny/0.022"
216.96.86.26 - - [17/Jan/2013:15:18:23 -0600] "HEAD / HTTP/1.1" 302 0 "-" "HTTP-Tiny/0.022"
65.55.212.197 - - [17/Jan/2013:15:18:30 -0600] "GET /robots.txt HTTP/1.1" 200 15 "-" "msnbot-media/1.1 (+http://search.msn.com/msnbot.htm)"
65.55.212.197 - - [17/Jan/2013:15:18:31 -0600] "GET /blog/wp-content/uploads/2010/11/chateau_frontenac-s.jpg HTTP/1.1" 200 19999 "-" "msnbot-media/1.1 (+http://search.msn.com/msnbot.htm)"
2400:8900::f03c:91ff:feae:3de2 - - [17/Jan/2013:15:22:08 -0600] "POST /wp-cron.php?doing_wp_cron=1358457728.7418529987335205078125 HTTP/1.0" 404 162 "-" "WordPress/3.5; http://localhost"
173.45.73.18 - - [17/Jan/2013:15:22:08 -0600] "GET / HTTP/1.1" 200 4926 "-" "Mozilla/5.0 (Windows NT 6.1; rv:16.0) Gecko/20100101 Firefox/16.0"
216.96.86.26 - - [17/Jan/2013:15:23:22 -0600] "HEAD / HTTP/1.1" 302 0 "-" "curl/7.21.4 (universal-apple-darwin11.0) libcurl/7.21.4 OpenSSL/0.9.8r zlib/1.2.5"
216.96.86.26 - - [17/Jan/2013:15:25:24 -0600] "HEAD / HTTP/1.1" 302 0 "-" "HTTP-Tiny/0.022"
216.96.86.26 - - [17/Jan/2013:15:26:18 -0600] "HEAD / HTTP/1.1" 302 0 "-" "HTTP-Tiny/0.022"
216.96.86.26 - - [17/Jan/2013:15:26:39 -0600] "HEAD / HTTP/1.1" 302 0 "-" "HTTP-Tiny/0.022"
216.96.86.26 - - [17/Jan/2013:15:28:31 -0600] "HEAD / HTTP/1.1" 302 0 "-" "HTTP-Tiny/0.022"
216.96.86.26 - - [17/Jan/2013:15:28:40 -0600] "HEAD / HTTP/1.1" 302 0 "-" "HTTP-Tiny/0.022"
216.96.86.26 - - [17/Jan/2013:15:28:44 -0600] "HEAD / HTTP/1.1" 302 0 "-" "HTTP-Tiny/0.022"
216.96.86.26 - - [17/Jan/2013:15:31:34 -0600] "HEAD / HTTP/1.1" 302 0 "-" "HTTP-Tiny/0.022"
178.154.163.29 - - [17/Jan/2013:15:31:58 -0600] "GET /blog/tag/tokyo/ HTTP/1.1" 200 3258 "-" "Mozilla/5.0 (compatible; YandexBot/3.0; +http://yandex.com/bots)"
216.96.86.26 - - [17/Jan/2013:15:32:07 -0600] "HEAD / HTTP/1.1" 302 0 "-" "HTTP-Tiny/0.022"
216.96.86.26 - - [17/Jan/2013:15:32:41 -0600] "HEAD / HTTP/1.1" 302 0 "-" "HTTP-Tiny/0.022"
216.96.86.26 - - [17/Jan/2013:15:32:53 -0600] "HEAD / HTTP/1.1" 302 0 "-" "HTTP-Tiny/0.022"
216.96.86.26 - - [17/Jan/2013:15:33:23 -0600] "HEAD / HTTP/1.1" 302 0 "-" "HTTP-Tiny/0.022"
173.199.119.59 - - [17/Jan/2013:15:33:29 -0600] "GET /blog/black-carrots/ HTTP/1.1" 200 3140 "-" "Mozilla/5.0 (compatible; AhrefsBot/4.0; +http://ahrefs.com/robot/)"
216.96.86.26 - - [17/Jan/2013:15:34:19 -0600] "HEAD / HTTP/1.1" 302 0 "-" "HTTP-Tiny/0.022"
216.96.86.26 - - [17/Jan/2013:15:34:22 -0600] "HEAD / HTTP/1.1" 302 0 "-" "HTTP-Tiny/0.022"
216.96.86.26 - - [17/Jan/2013:15:34:25 -0600] "HEAD / HTTP/1.1" 302 0 "-" "HTTP-Tiny/0.022"
216.96.86.26 - - [17/Jan/2013:15:34:30 -0600] "HEAD / HTTP/1.1" 302 0 "-" "curl/7.21.4 (universal-apple-darwin11.0) libcurl/7.21.4 OpenSSL/0.9.8r zlib/1.2.5"
173.199.119.59 - - [17/Jan/2013:15:35:29 -0600] "GET /blog/tag/superfluous-whitespace/ HTTP/1.1" 200 4524 "-" "Mozilla/5.0 (compatible; AhrefsBot/4.0; +http://ahrefs.com/robot/)"
31.202.231.5 - - [17/Jan/2013:15:36:22 -0600] "POST /wp-login.php HTTP/1.0" 404 564 "http:///wp-login.php" "Mozilla/4.0 (compatible; MSIE 6.0; Windows NT 5.1; SV1; EmbeddedWB 14.52 from: http://www.bsalsa.com/ EmbeddedWB 14,52; .NET CLR 1.1.4322; .NET CLR 2.0.50727; .NET CLR 3.0.04506.648; .NET CLR 3.5.21022)"
216.96.86.26 - - [17/Jan/2013:15:36:27 -0600] "HEAD / HTTP/1.1" 302 0 "-" "HTTP-Tiny/0.022"
216.96.86.26 - - [17/Jan/2013:15:36:28 -0600] "HEAD /files HTTP/1.1" 301 0 "-" "HTTP-Tiny/0.022"
216.96.86.26 - - [17/Jan/2013:15:36:29 -0600] "HEAD /files/ HTTP/1.1" 403 0 "-" "HTTP-Tiny/0.022"
216.96.86.26 - - [17/Jan/2013:15:36:30 -0600] "HEAD /blog/ HTTP/1.1" 200 0 "-" "HTTP-Tiny/0.022"
216.96.86.26 - - [17/Jan/2013:15:36:31 -0600] "HEAD / HTTP/1.1" 301 0 "-" "HTTP-Tiny/0.022"
216.96.86.26 - - [17/Jan/2013:15:36:32 -0600] "HEAD /  HTTP/1.1" 301 0 "-" "HTTP-Tiny/0.022"
216.96.86.26 - - [17/Jan/2013:15:36:33 -0600] "HEAD /  HTTP/1.1" 200 0 "-" "HTTP-Tiny/0.022"
216.96.86.26 - - [17/Jan/2013:15:36:34 -0600] "HEAD /  HTTP/1.1" 301 0 "-" "HTTP-Tiny/0.022"
2400:8900::f03c:91ff:feae:3de2 - - [17/Jan/2013:15:36:35 -0600] "POST /wp-cron.php?doing_wp_cron=1358458595.4214270114898681640625 HTTP/1.0" 404 162 "-" "WordPress/3.5; http://localhost"
216.96.86.26 - - [17/Jan/2013:15:36:35 -0600] "HEAD / HTTP/1.1" 200 0 "-" "HTTP-Tiny/0.022"
216.96.86.26 - - [17/Jan/2013:15:36:36 -0600] "HEAD /about/ HTTP/1.1" 200 0 "-" "HTTP-Tiny/0.022"
216.96.86.26 - - [17/Jan/2013:15:36:37 -0600] "HEAD / HTTP/1.1" 301 0 "-" "HTTP-Tiny/0.022"
216.96.86.26 - - [17/Jan/2013:15:36:39 -0600] "HEAD / HTTP/1.1" 302 0 "-" "HTTP-Tiny/0.022"
123.125.71.114 - - [17/Jan/2013:15:39:41 -0600] "GET / HTTP/1.1" 302 5 "-" "Mozilla/5.0 (compatible; Baiduspider/2.0; +http://www.baidu.com/search/spider.html)"
220.181.108.168 - - [17/Jan/2013:15:39:46 -0600] "GET / HTTP/1.1" 302 5 "-" "Mozilla/5.0 (compatible; Baiduspider/2.0; +http://www.baidu.com/search/spider.html)"
163.125.171.81 - - [17/Jan/2013:15:53:11 -0600] "-" 400 0 "-" "-"
2400:8900::f03c:91ff:feae:3de2 - - [17/Jan/2013:15:53:32 -0600] "POST /wp-cron.php?doing_wp_cron=1358459612.2744119167327880859375 HTTP/1.0" 404 162 "-" "WordPress/3.5; http://localhost"
157.55.32.87 - - [17/Jan/2013:15:53:32 -0600] "GET / HTTP/1.1" 200 4927 "-" "Mozilla/5.0 (compatible; bingbot/2.0; +http://www.bing.com/bingbot.htm)"
61.135.249.188 - - [17/Jan/2013:15:57:38 -0600] "GET / HTTP/1.1" 302 5 "-" "Mozilla/5.0 (compatible; YodaoBot/1.0; http://www.yodao.com/help/webmaster/spider/; )"
61.135.249.188 - - [17/Jan/2013:15:57:38 -0600] "GET /robots.txt HTTP/1.1" 200 15 "-" "Mozilla/5.0 (compatible; YodaoBot/1.0; http://www.yodao.com/help/webmaster/spider/; )"
61.135.249.188 - - [17/Jan/2013:15:57:39 -0600] "GET /blog/ HTTP/1.1" 200 12993 "-" "Mozilla/5.0 (compatible; YodaoBot/1.0; http://www.yodao.com/help/webmaster/spider/; )"
173.199.119.59 - - [17/Jan/2013:16:00:35 -0600] "GET /blog/purple-carrot/ HTTP/1.1" 200 2983 "-" "Mozilla/5.0 (compatible; AhrefsBot/4.0; +http://ahrefs.com/robot/)"
2400:8900::f03c:91ff:feae:3de2 - - [17/Jan/2013:16:01:51 -0600] "POST /wp-cron.php?doing_wp_cron=1358460111.3835120201110839843750 HTTP/1.0" 404 162 "-" "WordPress/3.5; http://localhost"
119.247.227.238 - - [17/Jan/2013:16:01:59 -0600] "GET /mydci/entries/edit/504 HTTP/1.1" 404 564 "-" "Mozilla/4.0 (compatible; MSIE 5.5; Windows NT)"
178.154.163.29 - - [17/Jan/2013:16:09:21 -0600] "GET /blog/tag/belgium/ HTTP/1.1" 200 3544 "-" "Mozilla/5.0 (compatible; YandexBot/3.0; +http://yandex.com/bots)"
2400:8900::f03c:91ff:feae:3de2 - - [17/Jan/2013:16:12:58 -0600] "POST /wp-cron.php?doing_wp_cron=1358460778.9857649803161621093750 HTTP/1.0" 404 162 "-" "WordPress/3.5; http://localhost"
65.55.213.66 - - [17/Jan/2013:16:17:03 -0600] "GET /robots.txt HTTP/1.1" 200 15 "-" "msnbot/2.0b (+http://search.msn.com/msnbot.htm)"
65.55.213.66 - - [17/Jan/2013:16:17:03 -0600] "GET /blog HTTP/1.1" 301 178 "-" "msnbot/2.0b (+http://search.msn.com/msnbot.htm)"
65.55.213.66 - - [17/Jan/2013:16:17:05 -0600] "GET /blog/ HTTP/1.1" 200 12993 "-" "msnbot/2.0b (+http://search.msn.com/msnbot.htm)"
65.55.213.67 - - [17/Jan/2013:16:17:17 -0600] "GET /blog/about/ HTTP/1.1" 200 2573 "-" "msnbot/2.0b (+http://search.msn.com/msnbot.htm)"
65.55.213.67 - - [17/Jan/2013:16:17:20 -0600] "GET /blog/category/tech/ HTTP/1.1" 200 29999 "-" "msnbot/2.0b (+http://search.msn.com/msnbot.htm)"
65.55.213.67 - - [17/Jan/2013:16:17:22 -0600] "GET /blog/category/adventuring/ HTTP/1.1" 200 8193 "-" "msnbot/2.0b (+http://search.msn.com/msnbot.htm)"
65.55.213.67 - - [17/Jan/2013:16:17:24 -0600] "GET /blog/tag/carrot-soup/ HTTP/1.1" 200 2758 "-" "msnbot/2.0b (+http://search.msn.com/msnbot.htm)"
65.55.213.67 - - [17/Jan/2013:16:17:27 -0600] "GET /blog/spicnspan/ HTTP/1.1" 200 5216 "-" "msnbot/2.0b (+http://search.msn.com/msnbot.htm)"
65.55.213.67 - - [17/Jan/2013:16:17:29 -0600] "GET /blog/page/2/ HTTP/1.1" 200 18157 "-" "msnbot/2.0b (+http://search.msn.com/msnbot.htm)"
65.55.213.67 - - [17/Jan/2013:16:17:32 -0600] "GET /blog/black-carrots/ HTTP/1.1" 200 3140 "-" "msnbot/2.0b (+http://search.msn.com/msnbot.htm)"
65.55.213.67 - - [17/Jan/2013:16:17:34 -0600] "GET /blog/category/tech/information-security/ HTTP/1.1" 200 3892 "-" "msnbot/2.0b (+http://search.msn.com/msnbot.htm)"
65.55.213.67 - - [17/Jan/2013:16:17:35 -0600] "GET /blog/tag/purple-potatoes/ HTTP/1.1" 200 2625 "-" "msnbot/2.0b (+http://search.msn.com/msnbot.htm)"
65.55.213.66 - - [17/Jan/2013:16:17:38 -0600] "GET /blog/tag/beet-soup/ HTTP/1.1" 200 2619 "-" "msnbot/2.0b (+http://search.msn.com/msnbot.htm)"
65.55.213.66 - - [17/Jan/2013:16:17:40 -0600] "GET /blog/rare-ish-foods/ HTTP/1.1" 200 2887 "-" "msnbot/2.0b (+http://search.msn.com/msnbot.htm)"
65.55.213.66 - - [17/Jan/2013:16:17:43 -0600] "GET /blog/tag/yellow-carrots/ HTTP/1.1" 200 2760 "-" "msnbot/2.0b (+http://search.msn.com/msnbot.htm)"
65.55.213.66 - - [17/Jan/2013:16:17:47 -0600] "GET /blog/purple-carrot/ HTTP/1.1" 200 2983 "-" "msnbot/2.0b (+http://search.msn.com/msnbot.htm)"
65.55.213.66 - - [17/Jan/2013:16:17:49 -0600] "GET /blog/tag/purple-carrots/ HTTP/1.1" 200 2759 "-" "msnbot/2.0b (+http://search.msn.com/msnbot.htm)"
65.55.213.66 - - [17/Jan/2013:16:17:51 -0600] "GET /blog/tag/terminal/ HTTP/1.1" 200 2671 "-" "msnbot/2.0b (+http://search.msn.com/msnbot.htm)"
65.55.213.66 - - [17/Jan/2013:16:17:53 -0600] "GET /blog/tag/osx-terminal/ HTTP/1.1" 200 2672 "-" "msnbot/2.0b (+http://search.msn.com/msnbot.htm)"
65.55.213.66 - - [17/Jan/2013:16:17:55 -0600] "GET /blog/tag/osx-lion/ HTTP/1.1" 200 2669 "-" "msnbot/2.0b (+http://search.msn.com/msnbot.htm)"
65.55.213.66 - - [17/Jan/2013:16:17:57 -0600] "GET /blog/tag/osx-command-line/ HTTP/1.1" 200 2677 "-" "msnbot/2.0b (+http://search.msn.com/msnbot.htm)"
65.55.213.66 - - [17/Jan/2013:16:18:00 -0600] "GET /blog/tag/osx-2/ HTTP/1.1" 200 6770 "-" "msnbot/2.0b (+http://search.msn.com/msnbot.htm)"
65.55.213.66 - - [17/Jan/2013:16:18:02 -0600] "GET /blog/category/tech/osx/ HTTP/1.1" 200 7984 "-" "msnbot/2.0b (+http://search.msn.com/msnbot.htm)"
65.55.213.66 - - [17/Jan/2013:16:18:04 -0600] "GET /blog/osx-change-root-shell/ HTTP/1.1" 200 3462 "-" "msnbot/2.0b (+http://search.msn.com/msnbot.htm)"
65.55.213.66 - - [17/Jan/2013:16:18:06 -0600] "GET /blog/tag/firefox-speed-dial/ HTTP/1.1" 200 2562 "-" "msnbot/2.0b (+http://search.msn.com/msnbot.htm)"
65.55.213.66 - - [17/Jan/2013:16:18:07 -0600] "GET /blog/tag/firefox-13-speed-dial/ HTTP/1.1" 200 2560 "-" "msnbot/2.0b (+http://search.msn.com/msnbot.htm)"
65.55.213.66 - - [17/Jan/2013:16:18:10 -0600] "GET /blog/tag/firefox-13/ HTTP/1.1" 200 2555 "-" "msnbot/2.0b (+http://search.msn.com/msnbot.htm)"
65.55.213.66 - - [17/Jan/2013:16:18:12 -0600] "GET /blog/tag/ff13/ HTTP/1.1" 200 2556 "-" "msnbot/2.0b (+http://search.msn.com/msnbot.htm)"
65.55.213.67 - - [17/Jan/2013:16:18:14 -0600] "GET /blog/tag/disable-firefox-speed-dial/ HTTP/1.1" 200 2564 "-" "msnbot/2.0b (+http://search.msn.com/msnbot.htm)"
65.55.213.67 - - [17/Jan/2013:16:18:16 -0600] "GET /blog/disable-speed-dial-feature-in-firefox-13/ HTTP/1.1" 200 3841 "-" "msnbot/2.0b (+http://search.msn.com/msnbot.htm)"
65.55.213.67 - - [17/Jan/2013:16:18:18 -0600] "GET /blog/sailing/ HTTP/1.1" 200 3747 "-" "msnbot/2.0b (+http://search.msn.com/msnbot.htm)"
65.55.213.67 - - [17/Jan/2013:16:18:20 -0600] "GET /blog/category/freedom/ HTTP/1.1" 200 21993 "-" "msnbot/2.0b (+http://search.msn.com/msnbot.htm)"
65.55.213.67 - - [17/Jan/2013:16:18:22 -0600] "GET /blog/thailand-september-2012/ HTTP/1.1" 200 4621 "-" "msnbot/2.0b (+http://search.msn.com/msnbot.htm)"
