 a 
 aa
 ac
 ah
 ak
 an
 at
 ay
 az
 ba
 be
 bi
 bu
 ca
 ce
 ch
 co
 cá
 có
 da
 de
 dh
 di
 do
 e 
 ee
 eg
 ei
 ek
 el
 en
 er
 es
 et
 ez
 fo
 fö
 ga
 ge
 gi
 ha
 he
 ho
 i 
 in
 ir
 is
 it
 iš
 ja
 je
 jo
 js
 ka
 ke
 kh
 ki
 ko
 ku
 la
 le
 lo
 là
 ma
 me
 mi
 mo
 mộ
 n 
 na
 ne
 ng
 nh
 ni
 nj
 no
 në
 o 
 oc
 of
 og
 ol
 on
 pa
 pe
 ph
 po
 pr
 pë
 př
 qu
 sa
 se
 sh
 si
 so
 su
 sz
 să
 ta
 te
 th
 ti
 to
 tr
 të
 tô
 tā
 u 
 um
 un
 v 
 va
 ve
 vi
 và
 w 
 wa
 we
 wi
 y 
 ya
 yo
 za
 är
 és
 în
 že
 απ
 αυ
 εί
 κα
 με
 να
 πο
 πρ
 στ
 τη
 το
 в 
 ви
 во
 ві
 да
 до
 е 
 за
 и 
 ка
 ко
 мо
 на
 не
 од
 от
 по
 пр
 се
 та
 то
 це
 чт
 що
 эт
 я 
 як
 і 
 այ
 են
 է 
 կա
 հա
 մե
 մի
 որ
 ու
 או
 אנ
 את
 הא
 הי
 המ
 זה
 לא
 לה
 של
 أن
 ئە
 از
 اس
 ال
 او
 ای
 با
 به
 بۆ
 بە
 دا
 در
 دە
 را
 سے
 عل
 في
 لە
 من
 می
 هذ
 هە
 و 
 وا
 کا
 کر
 که
 کو
 کہ
 کی
 کے
 کە
 ہو
 ہی
 ہے
 یہ
 अस
 आण
 आह
 एक
 और
 कर
 का
 कि
 की
 के
 को
 गर
 छ 
 त 
 तप
 तु
 प 
 भन
 मा
 मे
 यस
 या
 यो
 र 
 ला
 वा
 से
 हम
 हा
 हु
 है
 हो
 আম
 এক
 এব
 কর
 কি
 তা
 নি
 প 
 পা
 বা
 বি
 যা
 যে
 અન
 આ 
 આપ
 એક
 કર
 કે
 છે
 જ 
 જે
 તમ
 તે
 મા
 યા
 அத
 என
 கள
 கி
 கு
 சி
 டு
 த 
 தி
 து
 நா
 பட
 பு
 மு
 று
 வி
 ಅದ
 ಅವ
 ಇದ
 ತಿ
 ತು
 ನಾ
 ನಿ
 ನು
 ಪ 
 ಮಾ
 ಲಿ
 ವಿ
 ಹಾ
 അത
 അവ
 എന
 ഒര
 ക 
 കാ
 കു
 ങള
 ത 
 തി
 ന 
 നി
 നു
 ที
 น 
 ผม
 อง
 า 
 าง
 าน
 เร
 แล
 က 
 ကိ
 ကြ
 ဒါ
 သူ
 ေတ
 არ
 გა
 და
 მა
 მო
 რა
 რო
 სა
 შე
 この
 これ
 その
 それ
 一个
 他们
 他們
 但是
 因为
 因為
 如果
 它们
 就是
 我们
 我們
 我想
 所以
 掌聲
 然后
 然後
 现在
 現在
 笑声
 笑聲
 而且
 这个
 这些
 这就
 这是
 這些
 這個
 這是
 그 
 그리
 사람
 수 
 우리
 이 
 있는
 있습
 저는
_arb
_cir
_cjk
_gre
_jap
_kor
_lat
_tha
_zcn
_ztw
a a
a m
a s
aa 
aad
aan
aar
ace
ad 
ada
ag 
ah 
aha
ai 
aj 
ak 
ala
am 
an 
ana
and
ang
ar 
ara
are
arı
as 
ast
at 
att
au 
axa
ay 
aya
az 
ber
bil
bir
bu 
car
ch 
che
cht
chú
com
có 
că 
da 
dan
das
dat
de 
den
der
det
dhe
di 
die
do 
dzi
e a
e b
e c
e d
e e
e k
e l
e m
e n
e p
e s
e t
ea 
ed 
een
eg 
ego
egy
ein
ej 
ek 
el 
ell
em 
en 
eng
ent
er 
ere
eri
es 
est
et 
ett
for
för
g c
g t
ga 
gal
go 
gy 
hat
he 
het
hog
i s
i t
iau
ich
id 
ie 
iem
ien
ies
ih 
ii 
il 
in 
ine
ing
ini
io 
ir 
is 
ise
ist
it 
ię 
ių 
ja 
je 
jeg
jn 
jo 
jë 
k a
ka 
kai
kaj
kan
ko 
ks 
kto
kur
la 
lar
le 
ler
les
li 
lla
lle
ls 
là 
ma 
me 
meg
men
mi 
mis
mo 
mos
ms 
my 
më 
một
n d
n k
n t
na 
nd 
nda
nde
ne 
ng 
nga
nh 
ni 
nie
nk 
no 
ns 
nt 
nte
ntr
nya
në 
ní 
o c
o d
o s
och
of 
og 
ogy
oj 
om 
on 
oo 
os 
ost
ou 
ous
per
pre
pro
prz
për
que
r d
ra 
re 
rze
s d
s i
s p
sa 
sch
se 
see
sel
sht
si 
sie
się
som
ssa
st 
sta
sze
să 
t a
ta 
tai
tas
te 
ten
tha
the
thi
ti 
tie
to 
tor
tt 
tta
ttä
tu 
tä 
të 
tôi
ue 
ul 
un 
und
uri
us 
van
ve 
ver
và 
wax
wie
xaa
ya 
yan
yor
you
zie
ão 
än 
är 
és 
în 
ôi 
ông
úng
şi 
že 
ίνα
α τ
αι 
αν 
ασ 
αυτ
είν
ει 
ην 
ια 
και
με 
να 
ναι
ου 
που
τα 
το 
του
а н
а с
ат 
ата
ати
ать
ва 
во 
від
го 
да 
е с
ени
ет 
за 
ите
ка 
ли 
ме 
ми 
на 
не 
ни 
но 
ні 
ова
ого
ой 
ом 
ост
от 
про
се 
ся 
та 
те 
ти 
то 
ть 
ува
це 
что
що 
это
ја 
ակա
այն
ան 
ել 
են 
ենք
ես 
եր 
եւ 
ին 
կան
յու
ներ
նու
նք 
որ 
ութ
ում
ուն
ւթյ
ւմ 
את 
ה ה
ה ש
ות 
זה 
יה 
יות
ים 
ל ה
לא 
ם ה
ם ל
ם ש
מה 
נו 
ני 
רים
של 
ת ה
תי 
أن 
ئەو
ا ا
ات 
از 
اس 
است
الأ
الت
الم
ان 
انی
اور
اً 
ای 
این
به 
ة ا
دا 
در 
ده 
ذا 
را 
رة 
ست 
سے 
في 
لك 
لى 
لە 
ما 
من 
می 
میں
ن ا
ن ب
نا 
ند 
نی 
نے 
ه ا
ه ب
ها 
ور 
ون 
وه 
وں 
وە 
ي ا
ية 
ين 
کان
که 
کی 
کے 
کە 
ہیں
ہے 
ی ک
یان
ید 
یم 
ین 
یں 
یہ 
یە 
ێت 
ے ک
ے ہ
ە ب
ەوە
ەکا
ەکە
ەی 
ەیە
ं क
आणि
आहे
और 
का 
कि 
की 
के 
को 
गर 
णि 
तपा
ता 
तुम
ते 
नि 
ने 
पाई
मा 
में
या 
यां
यो 
ला 
लाई
ले 
से 
हरु
हाम
ही 
हुन
हे 
है 
हैं
ा क
ा ह
ाई 
ात 
ार 
ाला
ाही
ुन 
ून 
े क
े ह
ें 
ैं 
ों 
আমা
এবং
কে 
ছে 
টা 
তে 
দের
বং 
মি 
র স
রা 
রে 
াদে
ার 
ে প
েন 
ের 
અને
કે 
છે 
તો 
થી 
ના 
ની 
ને 
માં
માર
રી 
રે 
ાં 
ાર 
ું 
ે ક
ે ત
என 
கள 
கிற
கு 
து 
ாக 
ான 
ார 
ால 
ிக 
ின 
ில 
ுக 
ும 
ಂದು
ಗೆ 
ತು 
ದರೆ
ದು 
ದೆ 
ನು 
ಮಾಡ
ರು 
ರೆ 
ಲಿ 
ವು 
ಾಗಿ
ಿದ 
ು ನ
ುತ 
ುವ 
എന 
ഒരു
കുന
ടെ 
തിന
നു 
രു 
ാണ 
ാന 
ായി
ിക 
ിച 
ിന 
ില 
ും 
ുടെ
ുന 
กับ
การ
ของ
ควา
คุณ
งที
ที 
นั 
นี 
พวก
มัน
รับ
วาม
อย 
เขา
เป 
เรา
และ
ให 
ได 
ไม 
ကို
ကြၽ
ဆို
တယ 
တာ 
တို
တဲ 
တြက
ပါ 
မွာ
လို
ာက 
ာင 
ို 
ိုင
ုင 
ုပ 
ေတာ
ေတြ
းေတ
ြၽန
ွာ 
ၽန 
ၿပီ
ად 
ან 
არი
ას 
ბა 
ბის
და 
ება
ები
ენ 
ეს 
ვენ
ია 
ით 
ის 
ლებ
ლი 
ომ 
რი 
რომ
ში 
ột 
ありま
いまし
います
ことで
した 
して 
してい
しょう
す こ
す そ
せん 
ってい
ていま
ている
でしょ
です 
という
のです
ました
ます 
ません
ょう 
ように
ります
ること
るので
东西 
什么 
他们的
们可以
你可以
們可以
問題 
如果你
我们的
我們的
所以我
掌聲 
时候 
是一个
是一個
是我们
是我們
時候 
東西 
的人 
的时候
的時候
笑声 
笑聲 
问题 
것은 
고 있
그리고
는 것
니다 
들은 
들이 
리고 
리는 
수 있
습니다
에서 
으로 
입니다
있는 
있습니
저는 
지만 
하고 
하는 
합니다
