
<!DOCTYPE HTML PUBLIC "-//W3C//DTD HTML 4.0 Transitional//EN">

<!-- ZOOMSTOP -->

<HTML>

<!-- *** Created by pp2html, build 1.21 from PerlPoint-Converters 1.0202  -->

<HEAD>

  <meta http-equiv="Content-Type" content="text/html; charset=iso-8859-1">
  <meta http-equiv="Content-Script-Type" content="text/javascript">

<!-- ZOOMRESTART -->



<TITLE>Index</TITLE>
</HEAD>

<!-- ************************************************************** -->
<BODY bgcolor="#FFFFFF" text="#000000" link="#0000CC" vlink="#AAAAAA" alink="#FF0000">

<a name="TOP"></a>

<h1>Index</h1>


<h3>
 A B C D E F G H I J K <a href="#m_L">L</a> M N O <a href="#m_P">P</a> Q R S T U V W X Y Z</h3>
<a href="pp_book0000.htm">Inhaltsverzeichnis</a>

<HR>
<a name="m_L"></a>
<h1><a href="#TOP">L</a></H1>
<UL>
<BR>list<a href="pp_book0003.htm#index_3_3" target="Data">  3</a>
</UL>
<a name="m_P"></a>
<h1><a href="#TOP">P</a></H1>
<UL>
<BR>page<a href="pp_book0001.htm#index_1_1" target="Data">  1</a>
<a href="pp_book0002.htm#index_2_2" target="Data">, 2</a>

</ul>
</BODY></HTML>
