
<!DOCTYPE HTML PUBLIC "-//W3C//DTD HTML 4.0 Transitional//EN">

<!-- ZOOMSTOP -->

<HTML>

<!-- *** Created by pp2html, build 1.21 from PerlPoint-Converters 1.0202  -->

<HEAD>

  <meta http-equiv="Content-Type" content="text/html; charset=iso-8859-1">
  <meta http-equiv="Content-Script-Type" content="text/javascript">

<!-- ZOOMRESTART -->



<TITLE>Another Page</TITLE>
</HEAD>

<!-- ************************************************************** -->
<BODY bgcolor="#FFFFFF" text="#000000" link="#0000CC" vlink="#AAAAAA" alink="#FF0000">
<!--
  *** NAVIGATION BAR =================================================
  $Revision: 1.2 $
  $Date: 2001/12/06 21:38:12 $
-->

<TABLE> 
<TR>
  <TD colspan=3 >
    Weiter: <a href="pp_book0003.htm">Last Page</a>
    &nbsp;&nbsp;Zurück: <a href="pp_book0001.htm">Test of Styles</a>
     &nbsp;&nbsp;TOC: <a href="pp_book0000.htm" target="Index">Inhaltsverzeichnis</a>
  </td>
</TR>
</TABLE>
<a name="Another Page"></a>

<H1>2 Another Page
</H1>


<P>
This is <A name="index_2_2"></A>page 2
</P>
<!--
  *** NAVIGATION BAR =================================================
  $Revision: 1.2 $
  $Date: 2001/12/06 21:38:12 $
-->

<TABLE> 
<TR>
  <TD colspan=3 >
    Weiter: <a href="pp_book0003.htm">Last Page</a>
    &nbsp;&nbsp;Zurück: <a href="pp_book0001.htm">Test of Styles</a>
     &nbsp;&nbsp;TOC: <a href="pp_book0000.htm" target="Index">Inhaltsverzeichnis</a>
  </td>
</TR>
</TABLE>
</BODY>
</HTML>
