$tex = bless( {
  'path' => 't/01-lib/SpeL/Parser/Chunk',
  'tree' => bless( {
    'ElementList' => bless( {
      'Element' => [
        bless( {
          '' => 'Change History

'
        }, 'SpeL::Object::TokenSequence' )
      ]
    }, 'SpeL::Object::ElementList' )
  }, 'SpeL::Object::Document' )
}, 'SpeL::Parser::Chunk' );

