1..1
# Test-section: Metainfo
# Test-Suite-Name: Daily-Report
# Test-Suite-version: 0.01
# Test-machine-name: kepek
# Test-reportername: sschwigo
# Test-Hardwaredb-Systems-Id: 4711
# Test-machine-description: PC-Ware
# Test-cpuinfo: 1x Family: 15, Model: 107, Stepping: 1
# Test-ram: 3839 MB
# Test-bios: American Megatrends Inc., 0201, 10/15/2007
# Test-uptime: 21 hrs
# Test-reportcomment: Hot Funky Report
ok 1 host metadata
1..1
# Test-section: KVM-Metainfo
# Test-kvm-module-version: kvm-84-6620-ge3dbe3f
# Test-kvm-userspace-version: kvm-84-488-gee8b55c
# Test-kvm-base-os-description: Fedora release 10 (Cambridge)
# Test-kvm-kernel: 2.6.27.21-170.2.56.fc10.x86_64 x86_64
# Test-description: description affe 0
ok 1 kvm metadata
1..3
# Test-section: guest_1_ms_vista_32b_up_qcow
# Test-kvm-guest-description: 001-WinSST
# Test-kvm-guest-test: WinSST-4.7.4
# Test-kvm-guest-start: 2009-04-06 19:52:18
# Test-kvm-guest-flags: -m 2304 -smp 1
# Test-description: description affe 1
ok 1 general
ok 2 time 
ok 3 WinSST 4.7.4
1..1
# Test-section: host
# Test-description: description affe 2
ok 1 no test performed 
