
<!DOCTYPE HTML PUBLIC "-//W3C//DTD HTML 4.0 Transitional//EN">

<!-- ZOOMSTOP -->

<HTML>

<!-- *** Created by pp2html, build 1.21 from PerlPoint-Converters 1.0202  -->

<HEAD>

  <meta http-equiv="Content-Type" content="text/html; charset=iso-8859-1">
  <meta http-equiv="Content-Script-Type" content="text/javascript">

<!-- ZOOMRESTART -->



<TITLE>Contents</TITLE>
</HEAD>

<!-- ************************************************************** -->
<BODY bgcolor="#FFFFFF" text="#000000" link="#0000CC" vlink="#AAAAAA" alink="#FF0000">

<a name="contents">

<h1>Contents</h1>


<table><tr><td>
<UL><UL>
<LI>  <a href="escapes_0001.htm"><I>Escapes</I> in  &Uuml;berschrift</a> </LI>

<LI>  <a href="escapes_0002.htm">Noch andere <B>Escapes</B> in  &Uuml;berschrift</a> </LI>

<LI>  <a href="escapes_0003.htm"><B>More Escapes</B> <CODE>in</CODE> &Uuml;berschrift</a> </LI>


</UL></UL>
</td></tr></table>
</BODY>
</HTML>
