De derde 'stille' voorwaarde legt een beperking op aan de frequenties die we kunnen toelaten op een PCB. Pas deze voorwaarde toe om de maximale lengte te bepalen voor koperbaan op een PCB gemaakt uit FR4 ( epsilon ,is gelijk aan, 4 ), indien we een frequentie van 400 mega hertz probleemloos willen verwerken op die PCB.
