 "b" ,, 2, over j ,equals, 2 times minus j , over j times minus j ,equals, minus 2 times j , "c" ,, j times j plus 1 times j plus 2 , over j plus 3 ,equals, minus 3 plus j , over j plus 3 ,equals, minus 3 plus j times minus j plus 3 , over j plus 3 times minus j plus 3 ,equals, minus 8 plus 6 times j , over 10 ,equals, minus 0,8 plus 0,6 times j
