==== start svg ====
XObject #1
vb 0.00 0.00 200.00 250.00 (inferred) => bb 0.00 -250.00 200.00 0.00
matrix( 1 0 0 -1 0 0)
vb rect( 0.00 0.00 200.00 250.00)
xo fill_color black (initial)
  start handling line (SVGPDF::Line)
  line x1=10 y1=110 x2=50 y2=150
    xo save
    line stroke-width=5.00 stroke=#000000 fill=(current) fill=#000000
    xo paint (black currentColor)
    xo restore
  end handling line
==== end svg ====
