==== start svg ====
XObject #1
vb 0 0 31 31 (inferred) => bb 0.00 -31.00 31.00 0.00
matrix( 1 0 0 -1 0 0)
vb rect( 0.00 0.00 31.00 31.00)
xo fill_color black (initial)
  start handling rect (SVGPDF::Rect)
  rect x=12 y=-10 w=20 h=20
    xo save
    rect stroke=none fill=(current) fill=black
    transform rotate(45.00)
    xo fill (none)
    xo restore
  end handling rect
==== end svg ====
