073318950739065415961602009907670428187212261116

     1     2     3     4     5
   ##### ##..# ..#.. ...## #####
   #.... .#... ####. ##.#. ....#
A  #.### .#.## #.#.. ##.#. ###.#
   #.### .#..# ##.#. ##.#. ###.#
   #.### .#... #...# ##.#. ###.#

   #.... .#..# ...## .#.#. ....#
   ##### ##.#. #.#.# .#.## #####
B  ..... ...## #.### ..... .....
   ###.# ####. ##..# ####. ..#..
   #..## #.... ##..# #...# ###.#

   ####. ##### ..... ..### ##.#.
   ..#.# #.#.. .#.## ..### .###.
C  ##.#. .###. ..#.# ##... ##.##
   ..#.# #..#. .###. .##.. #....
   #..## ###.# .##.# .#.## .....

   .###. #..## #.##. .##.. ####.
   #...# .#.## ##..# ##### ##.##
D  ..... ...## ##... .#... ####.
   ##### ##.#. ...#. .#.#. #.#.#
   #.... .#.## ##... ##... #.##.

   #.### .#.#. #.#.. ##### #.##.
   #.### .#... ####. ####. #..#.
E  #.### .#.#. ###.# #.### #.#.#
   #.... .#.#. #.### ##.## ##...
   ##### ##.#. .#..# .#..# ###.#

A-1
#####
#....
#.###
#.###
#.###
dark 18

A-2
##..#
.#...
.#.##
.#..#
.#...
dark 10

A-3
..#..
####.
#.#..
##.#.
#...#
dark 12

A-4
...##
##.#.
##.#.
##.#.
##.#.
dark 14

A-5
#####
....#
###.#
###.#
###.#
dark 18

B-1
#....
#####
.....
###.#
#..##
dark 13

B-2
.#..#
##.#.
...##
####.
#....
dark 12

B-3
...##
#.#.#
#.###
##..#
##..#
dark 15

B-4
.#.#.
.#.##
.....
####.
#...#
dark 11

B-5
....#
#####
.....
..#..
###.#
dark 11

C-1
####.
..#.#
##.#.
..#.#
#..##
dark 14

C-2
#####
#.#..
.###.
#..#.
###.#
dark 16

C-3
.....
.#.##
..#.#
.###.
.##.#
dark 11

C-4
..###
..###
##...
.##..
.#.##
dark 13

C-5
##.#.
.###.
##.##
#....
.....
dark 11

D-1
.###.
#...#
.....
#####
#....
dark 11

D-2
#..##
.#.##
...##
##.#.
.#.##
dark 14

D-3
#.##.
##..#
##...
...#.
##...
dark 11

D-4
.##..
#####
.#...
.#.#.
##...
dark 12

D-5
####.
##.##
####.
#.#.#
#.##.
dark 18

E-1
#.###
#.###
#.###
#....
#####
dark 18

E-2
.#.#.
.#...
.#.#.
.#.#.
##.#.
dark 10

E-3
#.#..
####.
###.#
#.###
.#..#
dark 16

E-4
#####
####.
#.###
##.##
.#..#
dark 19

E-5
#.##.
#..#.
#.#.#
##...
###.#
dark 14
