Mar 10 15:25:51 mx spamd[21278]: spamd: result: Y 16 - BAYES_99,DCC_CHECK,DIGEST_MULTIPLE,FH_HELO_EQ_D_D_D_D,PYZOR_CHECK,RAZOR2_CF_RANGE_51_100,RAZOR2_CF_RANGE_E4_51_100,RAZOR2_CHECK,RCVD_IN_BRBL_LASTEXT,RCVD_IN_XBL,RDNS_NONE,STOX_REPLY_TYPE,STOX_REPLY_TYPE_WITHOUT_QUOTES scantime=2.5,size=1177,user=oksana,uid=1004,required_score=5.0,rhost=localhost,raddr=127.0.0.1,rport=/var/run/spamd/spamd.sock,mid=<000d01cbdf1e$42aba830$6400a8c0@egotisticallyzj1>,bayes=1.000000,autolearn=spam 
Mar 10 15:25:51 mx spamd[21275]: spamd: identified spam (15.8/5.0) for secretary:1004 in 2.5 seconds, 1192 bytes. 
Mar 10 15:25:51 mx spamd[21275]: spamd: result: Y 15 - DCC_CHECK,DIGEST_MULTIPLE,FH_FAKE_RCVD_LINE_B,FH_HELO_EQ_D_D_D_D,PYZOR_CHECK,RAZOR2_CF_RANGE_51_100,RAZOR2_CF_RANGE_E4_51_100,RAZOR2_CHECK,RCVD_IN_BRBL_LASTEXT,RCVD_IN_XBL,RDNS_NONE,STOX_REPLY_TYPE,STOX_REPLY_TYPE_WITHOUT_QUOTES scantime=2.5,size=1192,user=secretary,uid=1004,required_score=5.0,rhost=localhost,raddr=127.0.0.1,rport=/var/run/spamd/spamd.sock,mid=<000d01cbdf1e$42c830e0$6400a8c0@sheikdomz2>,autolearn=spam 
Mar 10 15:25:51 mx spamd[58660]: prefork: child states: BBBIB 
Mar 10 15:25:51 mx spamd[58660]: prefork: child states: BBIIB 
Mar 10 15:25:51 mx spamd[21275]: spamd: got connection over /var/run/spamd/spamd.sock 
Mar 10 15:25:51 mx spamd[21275]: spamd: using default config for alexeeva: /data/vmail/alexeeva/spamassassin/user_prefs 
Mar 10 15:25:51 mx spamd[21278]: spamd: got connection over /var/run/spamd/spamd.sock 
Mar 10 15:25:51 mx spamd[21278]: spamd: using default config for m.nina: /data/vmail/m.nina/spamassassin/user_prefs 
Mar 10 15:25:52 mx spamd[14198]: spamd: identified spam (20.3/5.0) for pushkina:1004 in 2.7 seconds, 1178 bytes. 
Mar 10 15:25:52 mx spamd[14198]: spamd: result: Y 20 - BAYES_99,DCC_CHECK,DIGEST_MULTIPLE,FH_FAKE_RCVD_LINE_B,FH_HELO_EQ_D_D_D_D,PYZOR_CHECK,RAZOR2_CF_RANGE_51_100,RAZOR2_CF_RANGE_E4_51_100,RAZOR2_CHECK,RCVD_IN_BRBL_LASTEXT,RCVD_IN_XBL,RDNS_NONE,STOX_REPLY_TYPE,STOX_REPLY_TYPE_WITHOUT_QUOTES scantime=2.7,size=1178,user=pushkina,uid=1004,required_score=5.0,rhost=localhost,raddr=127.0.0.1,rport=/var/run/spamd/spamd.sock,mid=<000d01cbdf1e$422d2960$6400a8c0@viscous>,bayes=1.000000,autolearn=spam 
Mar 10 15:25:52 mx spamd[58660]: prefork: child states: BIBBB 
Mar 10 15:25:52 mx spamd[14198]: spamd: got connection over /var/run/spamd/spamd.sock 
Mar 10 15:25:52 mx spamd[14198]: spamd: using default config for pal: /data/vmail/pal/spamassassin/user_prefs 
Mar 10 15:25:52 mx spamd[21275]: spamd: processing message <000d01cbdf1e$42aba830$6400a8c0@egotisticallyzj1> for alexeeva:1004 
Mar 10 15:25:52 mx spamd[21329]: spamd: identified spam (15.8/5.0) for genger:1004 in 2.5 seconds, 1205 bytes. 
Mar 10 15:25:52 mx spamd[21329]: spamd: result: Y 15 - DCC_CHECK,DIGEST_MULTIPLE,FH_FAKE_RCVD_LINE_B,FH_HELO_EQ_D_D_D_D,PYZOR_CHECK,RAZOR2_CF_RANGE_51_100,RAZOR2_CF_RANGE_E4_51_100,RAZOR2_CHECK,RCVD_IN_BRBL_LASTEXT,RCVD_IN_XBL,RDNS_NONE,STOX_REPLY_TYPE,STOX_REPLY_TYPE_WITHOUT_QUOTES scantime=2.5,size=1205,user=genger,uid=1004,required_score=5.0,rhost=localhost,raddr=127.0.0.1,rport=/var/run/spamd/spamd.sock,mid=<000d01cbdf1e$422adf70$6400a8c0@farsightedejyl294>,autolearn=spam 
Mar 10 15:25:52 mx spamd[58660]: prefork: child states: BBBBI 
Mar 10 15:25:52 mx spamd[9486]: spamd: processing message <000d01cbdf1e$42ec0c90$6400a8c0@reconciledyi> for popova:1004 
Mar 10 15:25:52 mx spamd[21329]: spamd: got connection over /var/run/spamd/spamd.sock 
Mar 10 15:25:52 mx spamd[21329]: spamd: using default config for michael: /data/vmail/michael/spamassassin/user_prefs 
Mar 10 15:25:52 mx spamd[21278]: spamd: processing message <000d01cbdf1e$42c830e0$6400a8c0@sheikdomz2> for m.nina:1004 
Mar 10 15:25:52 mx spamd[14198]: spamd: processing message <000d01cbdf1e$422d2960$6400a8c0@viscous> for pal:1004 
Mar 10 15:25:52 mx spamd[21329]: spamd: processing message <000d01cbdf1e$422adf70$6400a8c0@farsightedejyl294> for michael:1004 
Mar 10 15:25:54 mx spamd[21275]: spamd: identified spam (16.3/5.0) for alexeeva:1004 in 2.5 seconds, 1177 bytes. 
Mar 10 15:25:54 mx spamd[21275]: spamd: result: Y 16 - BAYES_99,DCC_CHECK,DIGEST_MULTIPLE,FH_HELO_EQ_D_D_D_D,PYZOR_CHECK,RAZOR2_CF_RANGE_51_100,RAZOR2_CF_RANGE_E4_51_100,RAZOR2_CHECK,RCVD_IN_BRBL_LASTEXT,RCVD_IN_XBL,RDNS_NONE,STOX_REPLY_TYPE,STOX_REPLY_TYPE_WITHOUT_QUOTES scantime=2.5,size=1177,user=alexeeva,uid=1004,required_score=5.0,rhost=localhost,raddr=127.0.0.1,rport=/var/run/spamd/spamd.sock,mid=<000d01cbdf1e$42aba830$6400a8c0@egotisticallyzj1>,bayes=1.000000,autolearn=spam 
Mar 10 15:25:54 mx spamd[58660]: prefork: child states: BBIBB 
Mar 10 15:25:54 mx spamd[21275]: spamd: got connection over /var/run/spamd/spamd.sock 
Mar 10 15:25:54 mx spamd[21275]: spamd: using default config for spb: /data/vmail/spb/spamassassin/user_prefs 
Mar 10 15:25:54 mx spamd[9486]: spamd: identified spam (15.8/5.0) for popova:1004 in 2.8 seconds, 1173 bytes. 
Mar 10 15:25:54 mx spamd[9486]: spamd: result: Y 15 - DCC_CHECK,DIGEST_MULTIPLE,FH_FAKE_RCVD_LINE_B,FH_HELO_EQ_D_D_D_D,PYZOR_CHECK,RAZOR2_CF_RANGE_51_100,RAZOR2_CF_RANGE_E4_51_100,RAZOR2_CHECK,RCVD_IN_BRBL_LASTEXT,RCVD_IN_XBL,RDNS_NONE,STOX_REPLY_TYPE,STOX_REPLY_TYPE_WITHOUT_QUOTES scantime=2.8,size=1173,user=popova,uid=1004,required_score=5.0,rhost=localhost,raddr=127.0.0.1,rport=/var/run/spamd/spamd.sock,mid=<000d01cbdf1e$42ec0c90$6400a8c0@reconciledyi>,autolearn=spam 
Mar 10 15:25:54 mx spamd[58660]: prefork: child states: IBBBB 
Mar 10 15:25:54 mx spamd[21278]: spamd: identified spam (20.3/5.0) for m.nina:1004 in 2.7 seconds, 1192 bytes. 
Mar 10 15:25:54 mx spamd[21278]: spamd: result: Y 20 - BAYES_99,DCC_CHECK,DIGEST_MULTIPLE,FH_FAKE_RCVD_LINE_B,FH_HELO_EQ_D_D_D_D,PYZOR_CHECK,RAZOR2_CF_RANGE_51_100,RAZOR2_CF_RANGE_E4_51_100,RAZOR2_CHECK,RCVD_IN_BRBL_LASTEXT,RCVD_IN_XBL,RDNS_NONE,STOX_REPLY_TYPE,STOX_REPLY_TYPE_WITHOUT_QUOTES scantime=2.7,size=1192,user=m.nina,uid=1004,required_score=5.0,rhost=localhost,raddr=127.0.0.1,rport=/var/run/spamd/spamd.sock,mid=<000d01cbdf1e$42c830e0$6400a8c0@sheikdomz2>,bayes=1.000000,autolearn=spam 
Mar 10 15:25:54 mx spamd[58660]: prefork: child states: IBBIB 
Mar 10 15:25:54 mx spamd[21329]: spamd: identified spam (15.8/5.0) for michael:1004 in 2.4 seconds, 1205 bytes. 
Mar 10 15:25:54 mx spamd[21329]: spamd: result: Y 15 - DCC_CHECK,DIGEST_MULTIPLE,FH_FAKE_RCVD_LINE_B,FH_HELO_EQ_D_D_D_D,PYZOR_CHECK,RAZOR2_CF_RANGE_51_100,RAZOR2_CF_RANGE_E4_51_100,RAZOR2_CHECK,RCVD_IN_BRBL_LASTEXT,RCVD_IN_XBL,RDNS_NONE,STOX_REPLY_TYPE,STOX_REPLY_TYPE_WITHOUT_QUOTES scantime=2.4,size=1205,user=michael,uid=1004,required_score=5.0,rhost=localhost,raddr=127.0.0.1,rport=/var/run/spamd/spamd.sock,mid=<000d01cbdf1e$422adf70$6400a8c0@farsightedejyl294>,autolearn=spam 
Mar 10 15:25:54 mx spamd[21275]: spamd: processing message <000d01cbdf1e$42aba830$6400a8c0@egotisticallyzj1> for spb:1004 
Mar 10 15:25:54 mx spamd[58660]: prefork: child states: IBBII 
Mar 10 15:25:54 mx spamd[58660]: prefork: adjust: 3 idle children more than 2 maximum idle children. Decreasing spamd children: 21329 killed. 
Mar 10 15:25:54 mx spamd[58660]: prefork: child states: IBBIK 
Mar 10 15:25:54 mx spamd[58660]: spamd: handled cleanup of child pid [21329] due to SIGCHLD: interrupted, signal 2 (0002) 
Mar 10 15:25:54 mx spamd[14198]: spamd: identified spam (20.3/5.0) for pal:1004 in 2.7 seconds, 1178 bytes. 
Mar 10 15:25:54 mx spamd[14198]: spamd: result: Y 20 - BAYES_99,DCC_CHECK,DIGEST_MULTIPLE,FH_FAKE_RCVD_LINE_B,FH_HELO_EQ_D_D_D_D,PYZOR_CHECK,RAZOR2_CF_RANGE_51_100,RAZOR2_CF_RANGE_E4_51_100,RAZOR2_CHECK,RCVD_IN_BRBL_LASTEXT,RCVD_IN_XBL,RDNS_NONE,STOX_REPLY_TYPE,STOX_REPLY_TYPE_WITHOUT_QUOTES scantime=2.7,size=1178,user=pal,uid=1004,required_score=5.0,rhost=localhost,raddr=127.0.0.1,rport=/var/run/spamd/spamd.sock,mid=<000d01cbdf1e$422d2960$6400a8c0@viscous>,bayes=1.000000,autolearn=spam 
Mar 10 15:25:54 mx spamd[58660]: prefork: child states: IIBI 
Mar 10 15:25:54 mx spamd[58660]: prefork: adjust: 3 idle children more than 2 maximum idle children. Decreasing spamd children: 21278 killed. 
Mar 10 15:25:54 mx spamd[58660]: prefork: child states: IIBK 
Mar 10 15:25:54 mx spamd[58660]: spamd: handled cleanup of child pid [21278] due to SIGCHLD: interrupted, signal 2 (0002) 
Mar 10 15:25:56 mx spamd[9486]: spamd: got connection over /var/run/spamd/spamd.sock 
Mar 10 15:25:56 mx spamd[9486]: spamd: using default config for pospelova: /data/vmail/pospelova/spamassassin/user_prefs 
Mar 10 15:25:56 mx spamd[9486]: spamd: processing message <000d01cbdf1e$42ec0c90$6400a8c0@reconciledyi> for pospelova:1004 
Mar 10 15:25:56 mx spamd[21275]: spamd: identified spam (12.5/5.0) for spb:1004 in 2.6 seconds, 1177 bytes. 
Mar 10 15:25:56 mx spamd[21275]: spamd: result: Y 12 - DCC_CHECK,DIGEST_MULTIPLE,FH_HELO_EQ_D_D_D_D,PYZOR_CHECK,RAZOR2_CF_RANGE_51_100,RAZOR2_CF_RANGE_E4_51_100,RAZOR2_CHECK,RCVD_IN_BRBL_LASTEXT,RCVD_IN_XBL,RDNS_NONE,STOX_REPLY_TYPE,STOX_REPLY_TYPE_WITHOUT_QUOTES scantime=2.6,size=1177,user=spb,uid=1004,required_score=5.0,rhost=localhost,raddr=127.0.0.1,rport=/var/run/spamd/spamd.sock,mid=<000d01cbdf1e$42aba830$6400a8c0@egotisticallyzj1>,autolearn=spam 
Mar 10 15:25:57 mx spamd[58660]: prefork: child states: BII 
Mar 10 15:25:58 mx spamd[9486]: spamd: identified spam (20.3/5.0) for pospelova:1004 in 2.5 seconds, 1173 bytes. 
Mar 10 15:25:58 mx spamd[9486]: spamd: result: Y 20 - BAYES_99,DCC_CHECK,DIGEST_MULTIPLE,FH_FAKE_RCVD_LINE_B,FH_HELO_EQ_D_D_D_D,PYZOR_CHECK,RAZOR2_CF_RANGE_51_100,RAZOR2_CF_RANGE_E4_51_100,RAZOR2_CHECK,RCVD_IN_BRBL_LASTEXT,RCVD_IN_XBL,RDNS_NONE,STOX_REPLY_TYPE,STOX_REPLY_TYPE_WITHOUT_QUOTES scantime=2.5,size=1173,user=pospelova,uid=1004,required_score=5.0,rhost=localhost,raddr=127.0.0.1,rport=/var/run/spamd/spamd.sock,mid=<000d01cbdf1e$42ec0c90$6400a8c0@reconciledyi>,bayes=1.000000,autolearn=spam 
Mar 10 15:25:58 mx spamd[58660]: prefork: child states: III 
Mar 10 15:25:58 mx spamd[58660]: prefork: adjust: 3 idle children more than 2 maximum idle children. Decreasing spamd children: 21275 killed. 
Mar 10 15:25:58 mx spamd[58660]: prefork: child states: IIK 
Mar 10 15:25:58 mx spamd[58660]: spamd: handled cleanup of child pid [21275] due to SIGCHLD: interrupted, signal 2 (0002) 
Mar 10 15:25:59 mx spamd[9486]: spamd: got connection over /var/run/spamd/spamd.sock 
Mar 10 15:25:59 mx spamd[9486]: spamd: using default config for lilly: /data/vmail/lilly/spamassassin/user_prefs 
Mar 10 15:25:59 mx spamd[14198]: spamd: got connection over /var/run/spamd/spamd.sock 
Mar 10 15:25:59 mx spamd[14198]: spamd: using default config for galina: /data/vmail/galina/spamassassin/user_prefs 
Mar 10 15:26:00 mx spamd[9486]: spamd: processing message <000d01cbdf1e$422d2960$6400a8c0@viscous> for lilly:1004 
Mar 10 15:26:00 mx spamd[14198]: spamd: processing message <000d01cbdf1e$422adf70$6400a8c0@farsightedejyl294> for galina:1004 
Mar 10 15:26:02 mx spamd[14198]: spamd: identified spam (20.3/5.0) for galina:1004 in 2.6 seconds, 1205 bytes. 
Mar 10 15:26:02 mx spamd[14198]: spamd: result: Y 20 - BAYES_99,DCC_CHECK,DIGEST_MULTIPLE,FH_FAKE_RCVD_LINE_B,FH_HELO_EQ_D_D_D_D,PYZOR_CHECK,RAZOR2_CF_RANGE_51_100,RAZOR2_CF_RANGE_E4_51_100,RAZOR2_CHECK,RCVD_IN_BRBL_LASTEXT,RCVD_IN_XBL,RDNS_NONE,STOX_REPLY_TYPE,STOX_REPLY_TYPE_WITHOUT_QUOTES scantime=2.6,size=1205,user=galina,uid=1004,required_score=5.0,rhost=localhost,raddr=127.0.0.1,rport=/var/run/spamd/spamd.sock,mid=<000d01cbdf1e$422adf70$6400a8c0@farsightedejyl294>,bayes=1.000000,autolearn=spam 
Mar 10 15:26:02 mx spamd[9486]: spamd: identified spam (16.8/5.0) for lilly:1004 in 2.6 seconds, 1178 bytes. 
Mar 10 15:26:02 mx spamd[9486]: spamd: result: Y 16 - DCC_CHECK,DIGEST_MULTIPLE,FH_FAKE_RCVD_LINE_B,FH_HELO_EQ_D_D_D_D,PYZOR_CHECK,RAZOR2_CF_RANGE_51_100,RAZOR2_CF_RANGE_E4_51_100,RAZOR2_CHECK,RCVD_IN_BRBL_LASTEXT,RCVD_IN_XBL,RDNS_NONE,STOX_REPLY_TYPE,STOX_REPLY_TYPE_WITHOUT_QUOTES scantime=2.6,size=1178,user=lilly,uid=1004,required_score=5.0,rhost=localhost,raddr=127.0.0.1,rport=/var/run/spamd/spamd.sock,mid=<000d01cbdf1e$422d2960$6400a8c0@viscous>,bayes=1.000000,autolearn=spam 
Mar 10 15:26:02 mx spamd[14198]: spamd: got connection over /var/run/spamd/spamd.sock 
Mar 10 15:26:02 mx spamd[58660]: prefork: child states: BB 
Mar 10 15:26:02 mx spamd[14198]: spamd: using default config for kovaleva: /data/vmail/kovaleva/spamassassin/user_prefs 
Mar 10 15:26:02 mx spamd[58660]: spamd: server successfully spawned child process, pid 21549 
Mar 10 15:26:02 mx spamd[58660]: prefork: adjust: 0 idle children less than 1 minimum idle children. Increasing spamd children: 21549 started. 
Mar 10 15:26:02 mx spamd[58660]: prefork: child states: BBB 
Mar 10 15:26:02 mx spamd[21549]: spamd: got connection over /var/run/spamd/spamd.sock 
Mar 10 15:26:02 mx spamd[21549]: spamd: using default config for sasha: /data/vmail/sasha/spamassassin/user_prefs 
Mar 10 15:26:02 mx spamd[58660]: spamd: server successfully spawned child process, pid 21550 
Mar 10 15:26:02 mx spamd[58660]: prefork: adjust: 0 idle children less than 1 minimum idle children. Increasing spamd children: 21550 started. 
Mar 10 15:26:02 mx spamd[58660]: prefork: child states: BBBI 
Mar 10 15:26:02 mx spamd[58660]: prefork: child states: IBBI 
Mar 10 15:26:02 mx spamd[9486]: spamd: got connection over /var/run/spamd/spamd.sock 
Mar 10 15:26:02 mx spamd[9486]: spamd: using default config for svetlana: /data/vmail/svetlana/spamassassin/user_prefs 
Mar 10 15:26:02 mx spamd[21550]: spamd: got connection over /var/run/spamd/spamd.sock 
Mar 10 15:26:02 mx spamd[21550]: spamd: using default config for vovka: /data/vmail/vovka/spamassassin/user_prefs 
Mar 10 15:26:02 mx spamd[21549]: spamd: processing message <000d01cbdf1e$42aba830$6400a8c0@egotisticallyzj1> for sasha:1004 
Mar 10 15:26:02 mx spamd[9486]: spamd: processing message <000d01cbdf1e$422adf70$6400a8c0@farsightedejyl294> for svetlana:1004 
Mar 10 15:26:03 mx spamd[14198]: spamd: processing message <000d01cbdf1e$42c830e0$6400a8c0@sheikdomz2> for kovaleva:1004 
Mar 10 15:26:03 mx spamd[21550]: spamd: processing message <000d01cbdf1e$422d2960$6400a8c0@viscous> for vovka:1004 
Mar 10 15:26:04 mx spamd[21549]: spamd: identified spam (12.5/5.0) for sasha:1004 in 2.4 seconds, 1177 bytes. 
Mar 10 15:26:04 mx spamd[21549]: spamd: result: Y 12 - DCC_CHECK,DIGEST_MULTIPLE,FH_HELO_EQ_D_D_D_D,PYZOR_CHECK,RAZOR2_CF_RANGE_51_100,RAZOR2_CF_RANGE_E4_51_100,RAZOR2_CHECK,RCVD_IN_BRBL_LASTEXT,RCVD_IN_XBL,RDNS_NONE,STOX_REPLY_TYPE,STOX_REPLY_TYPE_WITHOUT_QUOTES scantime=2.4,size=1177,user=sasha,uid=1004,required_score=5.0,rhost=localhost,raddr=127.0.0.1,rport=/var/run/spamd/spamd.sock,mid=<000d01cbdf1e$42aba830$6400a8c0@egotisticallyzj1>,autolearn=spam 
Mar 10 15:26:04 mx spamd[58660]: prefork: child states: BBIB 
Mar 10 15:26:04 mx spamd[21549]: spamd: got connection over /var/run/spamd/spamd.sock 
Mar 10 15:26:04 mx spamd[21549]: spamd: using default config for marina: /data/vmail/marina/spamassassin/user_prefs 
Mar 10 15:26:05 mx spamd[9486]: spamd: identified spam (15.8/5.0) for svetlana:1004 in 2.6 seconds, 1205 bytes. 
Mar 10 15:26:05 mx spamd[9486]: spamd: result: Y 15 - DCC_CHECK,DIGEST_MULTIPLE,FH_FAKE_RCVD_LINE_B,FH_HELO_EQ_D_D_D_D,PYZOR_CHECK,RAZOR2_CF_RANGE_51_100,RAZOR2_CF_RANGE_E4_51_100,RAZOR2_CHECK,RCVD_IN_BRBL_LASTEXT,RCVD_IN_XBL,RDNS_NONE,STOX_REPLY_TYPE,STOX_REPLY_TYPE_WITHOUT_QUOTES scantime=2.6,size=1205,user=svetlana,uid=1004,required_score=5.0,rhost=localhost,raddr=127.0.0.1,rport=/var/run/spamd/spamd.sock,mid=<000d01cbdf1e$422adf70$6400a8c0@farsightedejyl294>,autolearn=spam 
Mar 10 15:26:05 mx spamd[14198]: spamd: identified spam (20.3/5.0) for kovaleva:1004 in 2.7 seconds, 1192 bytes. 
Mar 10 15:26:05 mx spamd[14198]: spamd: result: Y 20 - BAYES_99,DCC_CHECK,DIGEST_MULTIPLE,FH_FAKE_RCVD_LINE_B,FH_HELO_EQ_D_D_D_D,PYZOR_CHECK,RAZOR2_CF_RANGE_51_100,RAZOR2_CF_RANGE_E4_51_100,RAZOR2_CHECK,RCVD_IN_BRBL_LASTEXT,RCVD_IN_XBL,RDNS_NONE,STOX_REPLY_TYPE,STOX_REPLY_TYPE_WITHOUT_QUOTES scantime=2.7,size=1192,user=kovaleva,uid=1004,required_score=5.0,rhost=localhost,raddr=127.0.0.1,rport=/var/run/spamd/spamd.sock,mid=<000d01cbdf1e$42c830e0$6400a8c0@sheikdomz2>,bayes=1.000000,autolearn=spam 
Mar 10 15:26:05 mx spamd[58660]: prefork: child states: IBBB 
Mar 10 15:26:05 mx spamd[9486]: spamd: got connection over /var/run/spamd/spamd.sock 
Mar 10 15:26:05 mx spamd[9486]: spamd: using default config for chief: /data/vmail/chief/spamassassin/user_prefs 
Mar 10 15:26:05 mx spamd[58660]: prefork: child states: BIBB 
Mar 10 15:26:05 mx spamd[21549]: spamd: processing message <000d01cbdf1e$42aba830$6400a8c0@egotisticallyzj1> for marina:1004 
Mar 10 15:26:05 mx spamd[14198]: spamd: got connection over /var/run/spamd/spamd.sock 
Mar 10 15:26:05 mx spamd[14198]: spamd: using default config for kuznetzova: /data/vmail/kuznetzova/spamassassin/user_prefs 
Mar 10 15:26:05 mx spamd[21550]: spamd: identified spam (20.3/5.0) for vovka:1004 in 2.9 seconds, 1178 bytes. 
Mar 10 15:26:05 mx spamd[21550]: spamd: result: Y 20 - BAYES_99,DCC_CHECK,DIGEST_MULTIPLE,FH_FAKE_RCVD_LINE_B,FH_HELO_EQ_D_D_D_D,PYZOR_CHECK,RAZOR2_CF_RANGE_51_100,RAZOR2_CF_RANGE_E4_51_100,RAZOR2_CHECK,RCVD_IN_BRBL_LASTEXT,RCVD_IN_XBL,RDNS_NONE,STOX_REPLY_TYPE,STOX_REPLY_TYPE_WITHOUT_QUOTES scantime=2.9,size=1178,user=vovka,uid=1004,required_score=5.0,rhost=localhost,raddr=127.0.0.1,rport=/var/run/spamd/spamd.sock,mid=<000d01cbdf1e$422d2960$6400a8c0@viscous>,bayes=1.000000,autolearn=spam 
Mar 10 15:26:05 mx spamd[58660]: prefork: child states: BBBI 
Mar 10 15:26:05 mx spamd[21550]: spamd: got connection over /var/run/spamd/spamd.sock 
Mar 10 15:26:05 mx spamd[21550]: spamd: using default config for edit: /data/vmail/edit/spamassassin/user_prefs 
Mar 10 15:26:05 mx spamd[9486]: spamd: processing message <000d01cbdf1e$422adf70$6400a8c0@farsightedejyl294> for chief:1004 
Mar 10 15:26:05 mx spamd[14198]: spamd: processing message <000d01cbdf1e$42c830e0$6400a8c0@sheikdomz2> for kuznetzova:1004 
Mar 10 15:26:05 mx spamd[21550]: spamd: processing message <000d01cbdf1e$422d2960$6400a8c0@viscous> for edit:1004 
Mar 10 15:26:07 mx spamd[21549]: spamd: identified spam (16.3/5.0) for marina:1004 in 2.6 seconds, 1177 bytes. 
Mar 10 15:26:07 mx spamd[21549]: spamd: result: Y 16 - BAYES_99,DCC_CHECK,DIGEST_MULTIPLE,FH_HELO_EQ_D_D_D_D,PYZOR_CHECK,RAZOR2_CF_RANGE_51_100,RAZOR2_CF_RANGE_E4_51_100,RAZOR2_CHECK,RCVD_IN_BRBL_LASTEXT,RCVD_IN_XBL,RDNS_NONE,STOX_REPLY_TYPE,STOX_REPLY_TYPE_WITHOUT_QUOTES scantime=2.6,size=1177,user=marina,uid=1004,required_score=5.0,rhost=localhost,raddr=127.0.0.1,rport=/var/run/spamd/spamd.sock,mid=<000d01cbdf1e$42aba830$6400a8c0@egotisticallyzj1>,bayes=1.000000,autolearn=spam 
Mar 10 15:26:07 mx spamd[58660]: prefork: child states: BBIB 
Mar 10 15:26:07 mx spamd[21549]: spamd: got connection over /var/run/spamd/spamd.sock 
Mar 10 15:26:07 mx spamd[21549]: spamd: using default config for okosta: /data/vmail/okosta/spamassassin/user_prefs 
Mar 10 15:26:07 mx spamd[9486]: spamd: identified spam (20.3/5.0) for chief:1004 in 2.6 seconds, 1205 bytes. 
Mar 10 15:26:07 mx spamd[9486]: spamd: result: Y 20 - BAYES_99,DCC_CHECK,DIGEST_MULTIPLE,FH_FAKE_RCVD_LINE_B,FH_HELO_EQ_D_D_D_D,PYZOR_CHECK,RAZOR2_CF_RANGE_51_100,RAZOR2_CF_RANGE_E4_51_100,RAZOR2_CHECK,RCVD_IN_BRBL_LASTEXT,RCVD_IN_XBL,RDNS_NONE,STOX_REPLY_TYPE,STOX_REPLY_TYPE_WITHOUT_QUOTES scantime=2.6,size=1205,user=chief,uid=1004,required_score=5.0,rhost=localhost,raddr=127.0.0.1,rport=/var/run/spamd/spamd.sock,mid=<000d01cbdf1e$422adf70$6400a8c0@farsightedejyl294>,bayes=1.000000,autolearn=spam 
Mar 10 15:26:07 mx spamd[21549]: spamd: processing message <000d01cbdf1e$42aba830$6400a8c0@egotisticallyzj1> for okosta:1004 
Mar 10 15:26:07 mx spamd[58660]: prefork: child states: IBBB 
Mar 10 15:26:07 mx spamd[9486]: spamd: got connection over /var/run/spamd/spamd.sock 
Mar 10 15:26:07 mx spamd[9486]: spamd: using default config for support: /data/vmail/support/spamassassin/user_prefs 
Mar 10 15:26:08 mx spamd[21550]: spamd: identified spam (20.3/5.0) for edit:1004 in 2.5 seconds, 1178 bytes. 
Mar 10 15:26:08 mx spamd[21550]: spamd: result: Y 20 - BAYES_99,DCC_CHECK,DIGEST_MULTIPLE,FH_FAKE_RCVD_LINE_B,FH_HELO_EQ_D_D_D_D,PYZOR_CHECK,RAZOR2_CF_RANGE_51_100,RAZOR2_CF_RANGE_E4_51_100,RAZOR2_CHECK,RCVD_IN_BRBL_LASTEXT,RCVD_IN_XBL,RDNS_NONE,STOX_REPLY_TYPE,STOX_REPLY_TYPE_WITHOUT_QUOTES scantime=2.5,size=1178,user=edit,uid=1004,required_score=5.0,rhost=localhost,raddr=127.0.0.1,rport=/var/run/spamd/spamd.sock,mid=<000d01cbdf1e$422d2960$6400a8c0@viscous>,bayes=1.000000,autolearn=spam 
Mar 10 15:26:08 mx spamd[58660]: prefork: child states: BBBI 
Mar 10 15:26:08 mx spamd[21550]: spamd: got connection over /var/run/spamd/spamd.sock 
Mar 10 15:26:08 mx spamd[21550]: spamd: using default config for zoya: /data/vmail/zoya/spamassassin/user_prefs 
Mar 10 15:26:08 mx spamd[9486]: spamd: processing message <000d01cbdf1e$422adf70$6400a8c0@farsightedejyl294> for support:1004 
Mar 10 15:26:08 mx spamd[21550]: spamd: processing message <000d01cbdf1e$422d2960$6400a8c0@viscous> for zoya:1004 
Mar 10 15:26:10 mx spamd[21549]: spamd: identified spam (16.3/5.0) for okosta:1004 in 2.5 seconds, 1177 bytes. 
Mar 10 15:26:10 mx spamd[21549]: spamd: result: Y 16 - BAYES_99,DCC_CHECK,DIGEST_MULTIPLE,FH_HELO_EQ_D_D_D_D,PYZOR_CHECK,RAZOR2_CF_RANGE_51_100,RAZOR2_CF_RANGE_E4_51_100,RAZOR2_CHECK,RCVD_IN_BRBL_LASTEXT,RCVD_IN_XBL,RDNS_NONE,STOX_REPLY_TYPE,STOX_REPLY_TYPE_WITHOUT_QUOTES scantime=2.5,size=1177,user=okosta,uid=1004,required_score=5.0,rhost=localhost,raddr=127.0.0.1,rport=/var/run/spamd/spamd.sock,mid=<000d01cbdf1e$42aba830$6400a8c0@egotisticallyzj1>,bayes=1.000000,autolearn=spam 
Mar 10 15:26:10 mx spamd[58660]: prefork: child states: BBIB 
Mar 10 15:26:10 mx spamd[9486]: spamd: identified spam (20.3/5.0) for support:1004 in 2.6 seconds, 1205 bytes. 
Mar 10 15:26:10 mx spamd[9486]: spamd: result: Y 20 - BAYES_99,DCC_CHECK,DIGEST_MULTIPLE,FH_FAKE_RCVD_LINE_B,FH_HELO_EQ_D_D_D_D,PYZOR_CHECK,RAZOR2_CF_RANGE_51_100,RAZOR2_CF_RANGE_E4_51_100,RAZOR2_CHECK,RCVD_IN_BRBL_LASTEXT,RCVD_IN_XBL,RDNS_NONE,STOX_REPLY_TYPE,STOX_REPLY_TYPE_WITHOUT_QUOTES scantime=2.6,size=1205,user=support,uid=1004,required_score=5.0,rhost=localhost,raddr=127.0.0.1,rport=/var/run/spamd/spamd.sock,mid=<000d01cbdf1e$422adf70$6400a8c0@farsightedejyl294>,bayes=1.000000,autolearn=spam 
Mar 10 15:26:10 mx spamd[58660]: prefork: child states: IBIB 
Mar 10 15:26:10 mx spamd[21550]: spamd: identified spam (15.8/5.0) for zoya:1004 in 2.5 seconds, 1178 bytes. 
Mar 10 15:26:10 mx spamd[21550]: spamd: result: Y 15 - DCC_CHECK,DIGEST_MULTIPLE,FH_FAKE_RCVD_LINE_B,FH_HELO_EQ_D_D_D_D,PYZOR_CHECK,RAZOR2_CF_RANGE_51_100,RAZOR2_CF_RANGE_E4_51_100,RAZOR2_CHECK,RCVD_IN_BRBL_LASTEXT,RCVD_IN_XBL,RDNS_NONE,STOX_REPLY_TYPE,STOX_REPLY_TYPE_WITHOUT_QUOTES scantime=2.5,size=1178,user=zoya,uid=1004,required_score=5.0,rhost=localhost,raddr=127.0.0.1,rport=/var/run/spamd/spamd.sock,mid=<000d01cbdf1e$422d2960$6400a8c0@viscous>,autolearn=spam 
Mar 10 15:26:10 mx spamd[58660]: prefork: child states: IBII 
Mar 10 15:26:10 mx spamd[58660]: prefork: adjust: 3 idle children more than 2 maximum idle children. Decreasing spamd children: 21550 killed. 
Mar 10 15:26:10 mx spamd[58660]: prefork: child states: IBIK 
Mar 10 15:26:10 mx spamd[58660]: spamd: handled cleanup of child pid [21550] due to SIGCHLD: interrupted, signal 2 (0002) 
Mar 10 15:26:10 mx spamd[14198]: spamd: identified spam (20.3/5.0) for kuznetzova:1004 in 5.5 seconds, 1192 bytes. 
Mar 10 15:26:10 mx spamd[14198]: spamd: result: Y 20 - BAYES_99,DCC_CHECK,DIGEST_MULTIPLE,FH_FAKE_RCVD_LINE_B,FH_HELO_EQ_D_D_D_D,PYZOR_CHECK,RAZOR2_CF_RANGE_51_100,RAZOR2_CF_RANGE_E4_51_100,RAZOR2_CHECK,RCVD_IN_BRBL_LASTEXT,RCVD_IN_XBL,RDNS_NONE,STOX_REPLY_TYPE,STOX_REPLY_TYPE_WITHOUT_QUOTES scantime=5.5,size=1192,user=kuznetzova,uid=1004,required_score=5.0,rhost=localhost,raddr=127.0.0.1,rport=/var/run/spamd/spamd.sock,mid=<000d01cbdf1e$42c830e0$6400a8c0@sheikdomz2>,bayes=1.000000,autolearn=spam 
Mar 10 15:26:10 mx spamd[58660]: prefork: child states: III 
Mar 10 15:26:10 mx spamd[58660]: prefork: adjust: 3 idle children more than 2 maximum idle children. Decreasing spamd children: 21549 killed. 
Mar 10 15:26:10 mx spamd[58660]: prefork: child states: IIK 
Mar 10 15:26:10 mx spamd[58660]: spamd: handled cleanup of child pid [21549] due to SIGCHLD: interrupted, signal 2 (0002) 
Mar 10 15:26:10 mx spamd[9486]: spamd: got connection over /var/run/spamd/spamd.sock 
Mar 10 15:26:10 mx spamd[9486]: spamd: using default config for samujlova: /data/vmail/samujlova/spamassassin/user_prefs 
Mar 10 15:26:11 mx spamd[9486]: spamd: processing message <000d01cbdf1e$42c830e0$6400a8c0@sheikdomz2> for samujlova:1004 
Mar 10 15:26:13 mx spamd[9486]: spamd: identified spam (15.8/5.0) for samujlova:1004 in 2.5 seconds, 1192 bytes. 
Mar 10 15:26:13 mx spamd[9486]: spamd: result: Y 15 - DCC_CHECK,DIGEST_MULTIPLE,FH_FAKE_RCVD_LINE_B,FH_HELO_EQ_D_D_D_D,PYZOR_CHECK,RAZOR2_CF_RANGE_51_100,RAZOR2_CF_RANGE_E4_51_100,RAZOR2_CHECK,RCVD_IN_BRBL_LASTEXT,RCVD_IN_XBL,RDNS_NONE,STOX_REPLY_TYPE,STOX_REPLY_TYPE_WITHOUT_QUOTES scantime=2.5,size=1192,user=samujlova,uid=1004,required_score=5.0,rhost=localhost,raddr=127.0.0.1,rport=/var/run/spamd/spamd.sock,mid=<000d01cbdf1e$42c830e0$6400a8c0@sheikdomz2>,autolearn=spam 
Mar 10 15:26:13 mx spamd[58660]: prefork: child states: II 
Mar 10 15:26:13 mx spamd[9486]: spamd: got connection over /var/run/spamd/spamd.sock 
Mar 10 15:26:13 mx spamd[9486]: spamd: using default config for goncharova: /data/vmail/goncharova/spamassassin/user_prefs 
Mar 10 15:26:13 mx spamd[9486]: spamd: processing message <000d01cbdf1e$42c830e0$6400a8c0@sheikdomz2> for goncharova:1004 
Mar 10 15:26:15 mx spamd[9486]: spamd: identified spam (15.8/5.0) for goncharova:1004 in 2.5 seconds, 1192 bytes. 
Mar 10 15:26:15 mx spamd[9486]: spamd: result: Y 15 - DCC_CHECK,DIGEST_MULTIPLE,FH_FAKE_RCVD_LINE_B,FH_HELO_EQ_D_D_D_D,PYZOR_CHECK,RAZOR2_CF_RANGE_51_100,RAZOR2_CF_RANGE_E4_51_100,RAZOR2_CHECK,RCVD_IN_BRBL_LASTEXT,RCVD_IN_XBL,RDNS_NONE,STOX_REPLY_TYPE,STOX_REPLY_TYPE_WITHOUT_QUOTES scantime=2.5,size=1192,user=goncharova,uid=1004,required_score=5.0,rhost=localhost,raddr=127.0.0.1,rport=/var/run/spamd/spamd.sock,mid=<000d01cbdf1e$42c830e0$6400a8c0@sheikdomz2>,autolearn=spam 
Mar 10 15:26:15 mx spamd[58660]: prefork: child states: II 
Mar 10 15:26:34 mx spamd[9486]: spamd: got connection over /var/run/spamd/spamd.sock 
Mar 10 15:26:34 mx spamd[9486]: spamd: using default config for lilly: /data/vmail/lilly/spamassassin/user_prefs 
Mar 10 15:26:34 mx spamd[9486]: spamd: processing message <000d01cbdf1e$41da4e70$6400a8c0@pippinhj5> for lilly:1004 
Mar 10 15:26:37 mx spamd[9486]: spamd: identified spam (18.4/5.0) for lilly:1004 in 2.8 seconds, 1152 bytes. 
Mar 10 15:26:37 mx spamd[9486]: spamd: result: Y 18 - AXB_HELO_HOME_UN,DCC_CHECK,DIGEST_MULTIPLE,FSL_HELO_DEVICE,HELO_LH_HOME,PYZOR_CHECK,RAZOR2_CF_RANGE_51_100,RAZOR2_CF_RANGE_E4_51_100,RAZOR2_CHECK,RCVD_IN_BL_SPAMCOP_NET,RCVD_IN_PBL,RCVD_IN_XBL,RDNS_NONE,SPF_SOFTFAIL,STOX_REPLY_TYPE,STOX_REPLY_TYPE_WITHOUT_QUOTES scantime=2.8,size=1152,user=lilly,uid=1004,required_score=5.0,rhost=localhost,raddr=127.0.0.1,rport=/var/run/spamd/spamd.sock,mid=<000d01cbdf1e$41da4e70$6400a8c0@pippinhj5>,bayes=1.000000,autolearn=spam 
Mar 10 15:26:37 mx spamd[58660]: prefork: child states: II 
Mar 10 15:26:37 mx spamd[9486]: spamd: got connection over /var/run/spamd/spamd.sock 
Mar 10 15:26:37 mx spamd[9486]: spamd: using default config for sale-dinamik: /data/vmail/sale-dinamik/spamassassin/user_prefs 
Mar 10 15:26:37 mx spamd[9486]: spamd: processing message <000d01cbdf1e$41da4e70$6400a8c0@pippinhj5> for sale-dinamik:1004 
Mar 10 15:26:40 mx spamd[9486]: spamd: identified spam (21.9/5.0) for sale-dinamik:1004 in 2.6 seconds, 1152 bytes. 
Mar 10 15:26:40 mx spamd[9486]: spamd: result: Y 21 - AXB_HELO_HOME_UN,BAYES_99,DCC_CHECK,DIGEST_MULTIPLE,FSL_HELO_DEVICE,HELO_LH_HOME,PYZOR_CHECK,RAZOR2_CF_RANGE_51_100,RAZOR2_CF_RANGE_E4_51_100,RAZOR2_CHECK,RCVD_IN_BL_SPAMCOP_NET,RCVD_IN_PBL,RCVD_IN_XBL,RDNS_NONE,SPF_SOFTFAIL,STOX_REPLY_TYPE,STOX_REPLY_TYPE_WITHOUT_QUOTES scantime=2.6,size=1152,user=sale-dinamik,uid=1004,required_score=5.0,rhost=localhost,raddr=127.0.0.1,rport=/var/run/spamd/spamd.sock,mid=<000d01cbdf1e$41da4e70$6400a8c0@pippinhj5>,bayes=1.000000,autolearn=spam 
Mar 10 15:26:43 mx spamd[14198]: spamd: got connection over /var/run/spamd/spamd.sock 
Mar 10 15:26:43 mx spamd[14198]: spamd: using default config for lilly: /data/vmail/lilly/spamassassin/user_prefs 
Mar 10 15:26:44 mx spamd[14198]: spamd: processing message <000d01cbdf1e$4935b2e0$6400a8c0@bigsby93> for lilly:1004 
Mar 10 15:26:46 mx spamd[58660]: prefork: child states: IB 
Mar 10 15:26:48 mx spamd[14198]: spamd: identified spam (11.0/5.0) for lilly:1004 in 4.9 seconds, 26109 bytes. 
Mar 10 15:26:48 mx spamd[14198]: spamd: result: Y 10 - DCC_CHECK,DIGEST_MULTIPLE,FSL_HELO_NON_FQDN_1,HELO_NO_DOMAIN,HTML_MESSAGE,KB_RATWARE_OUTLOOK_MID,MIME_QP_LONG_LINE,PYZOR_CHECK,RAZOR2_CF_RANGE_51_100,RAZOR2_CF_RANGE_E4_51_100,RAZOR2_CHECK,RCVD_IN_BL_SPAMCOP_NET,RCVD_IN_BRBL_LASTEXT,RCVD_IN_XBL,RDNS_NONE,SPF_SOFTFAIL scantime=4.9,size=26109,user=lilly,uid=1004,required_score=5.0,rhost=localhost,raddr=127.0.0.1,rport=/var/run/spamd/spamd.sock,mid=<000d01cbdf1e$4935b2e0$6400a8c0@bigsby93>,bayes=1.000000,autolearn=spam 
Mar 10 15:26:48 mx spamd[58660]: prefork: child states: II 
Mar 10 15:26:52 mx spamd[9486]: spamd: got connection over /var/run/spamd/spamd.sock 
Mar 10 15:26:52 mx spamd[9486]: spamd: using default config for order-shop: /data/vmail/order-shop/spamassassin/user_prefs 
Mar 10 15:26:52 mx spamd[9486]: spamd: processing message <000d01cbdf1e$6954d010$6400a8c0@promethean14> for order-shop:1004 
Mar 10 15:26:55 mx spamd[9486]: spamd: identified spam (20.5/5.0) for order-shop:1004 in 2.8 seconds, 1162 bytes. 
Mar 10 15:26:55 mx spamd[9486]: spamd: result: Y 20 - BAYES_99,DCC_CHECK,DIGEST_MULTIPLE,FH_FAKE_RCVD_LINE_B,FSL_HELO_NON_FQDN_1,HELO_NO_DOMAIN,PYZOR_CHECK,RAZOR2_CF_RANGE_51_100,RAZOR2_CF_RANGE_E4_51_100,RAZOR2_CHECK,RCVD_IN_BRBL_LASTEXT,RCVD_IN_PBL,RCVD_IN_XBL,RDNS_NONE,STOX_REPLY_TYPE,STOX_REPLY_TYPE_WITHOUT_QUOTES scantime=2.8,size=1162,user=order-shop,uid=1004,required_score=5.0,rhost=localhost,raddr=127.0.0.1,rport=/var/run/spamd/spamd.sock,mid=<000d01cbdf1e$6954d010$6400a8c0@promethean14>,bayes=1.000000,autolearn=spam 
Mar 10 15:26:55 mx spamd[58660]: prefork: child states: II 
Mar 10 15:26:55 mx spamd[9486]: spamd: got connection over /var/run/spamd/spamd.sock 
Mar 10 15:26:55 mx spamd[9486]: spamd: using default config for manager-shop: /data/vmail/manager-shop/spamassassin/user_prefs 
Mar 10 15:26:56 mx spamd[9486]: spamd: processing message <000d01cbdf1e$6954d010$6400a8c0@promethean14> for manager-shop:1004 
Mar 10 15:26:58 mx spamd[9486]: spamd: identified spam (20.5/5.0) for manager-shop:1004 in 2.7 seconds, 1162 bytes. 
Mar 10 15:26:58 mx spamd[9486]: spamd: result: Y 20 - BAYES_99,DCC_CHECK,DIGEST_MULTIPLE,FH_FAKE_RCVD_LINE_B,FSL_HELO_NON_FQDN_1,HELO_NO_DOMAIN,PYZOR_CHECK,RAZOR2_CF_RANGE_51_100,RAZOR2_CF_RANGE_E4_51_100,RAZOR2_CHECK,RCVD_IN_BRBL_LASTEXT,RCVD_IN_PBL,RCVD_IN_XBL,RDNS_NONE,STOX_REPLY_TYPE,STOX_REPLY_TYPE_WITHOUT_QUOTES scantime=2.7,size=1162,user=manager-shop,uid=1004,required_score=5.0,rhost=localhost,raddr=127.0.0.1,rport=/var/run/spamd/spamd.sock,mid=<000d01cbdf1e$6954d010$6400a8c0@promethean14>,bayes=1.000000,autolearn=spam 
Mar 10 15:26:58 mx spamd[58660]: prefork: child states: II 
Mar 10 15:27:03 mx spamd[9486]: spamd: got connection over /var/run/spamd/spamd.sock 
Mar 10 15:27:03 mx spamd[9486]: spamd: using default config for lilly: /data/vmail/lilly/spamassassin/user_prefs 
Mar 10 15:27:04 mx spamd[9486]: spamd: processing message <000d01cbdf1e$4ffd62d0$6400a8c0@pasturagemwh06> for lilly:1004 
Mar 10 15:27:04 mx spamd[14198]: spamd: got connection over /var/run/spamd/spamd.sock 
Mar 10 15:27:04 mx spamd[14198]: spamd: using default config for kostrikina: /data/vmail/kostrikina/spamassassin/user_prefs 
Mar 10 15:27:05 mx spamd[14198]: spamd: processing message <000d01cbdf1e$512c45e0$6400a8c0@oleg> for kostrikina:1004 
Mar 10 15:27:06 mx spamd[9486]: spamd: identified spam (16.9/5.0) for lilly:1004 in 2.6 seconds, 1208 bytes. 
Mar 10 15:27:06 mx spamd[9486]: spamd: result: Y 16 - DCC_CHECK,DIGEST_MULTIPLE,FH_HELO_EQ_D_D_D_D,PYZOR_CHECK,RAZOR2_CF_RANGE_51_100,RAZOR2_CF_RANGE_E4_51_100,RAZOR2_CHECK,RCVD_IN_BL_SPAMCOP_NET,RCVD_IN_BRBL_LASTEXT,RCVD_IN_PSBL,RCVD_IN_XBL,RDNS_NONE,STOX_REPLY_TYPE,STOX_REPLY_TYPE_WITHOUT_QUOTES scantime=2.6,size=1208,user=lilly,uid=1004,required_score=5.0,rhost=localhost,raddr=127.0.0.1,rport=/var/run/spamd/spamd.sock,mid=<000d01cbdf1e$4ffd62d0$6400a8c0@pasturagemwh06>,bayes=1.000000,autolearn=spam 
Mar 10 15:27:06 mx spamd[58660]: prefork: child states: IB 
Mar 10 15:27:09 mx spamd[14198]: spamd: identified spam (26.0/5.0) for kostrikina:1004 in 5.1 seconds, 25952 bytes. 
Mar 10 15:27:09 mx spamd[14198]: spamd: result: Y 25 - BAYES_99,DCC_CHECK,DIGEST_MULTIPLE,FH_HELO_EQ_D_D_D_D,HELO_DYNAMIC_HCC,HELO_DYNAMIC_IPADDR,HTML_MESSAGE,KB_RATWARE_OUTLOOK_MID,MIME_QP_LONG_LINE,PYZOR_CHECK,RAZOR2_CF_RANGE_51_100,RAZOR2_CF_RANGE_E4_51_100,RAZOR2_CHECK,RCVD_IN_BRBL_LASTEXT,RCVD_IN_PBL,RCVD_IN_RP_RNBL,RCVD_IN_XBL,RDNS_DYNAMIC,SPF_NEUTRAL scantime=5.1,size=25952,user=kostrikina,uid=1004,required_score=5.0,rhost=localhost,raddr=127.0.0.1,rport=/var/run/spamd/spamd.sock,mid=<000d01cbdf1e$512c45e0$6400a8c0@oleg>,bayes=1.000000,autolearn=spam 
Mar 10 15:27:09 mx spamd[58660]: prefork: child states: II 
Mar 10 15:27:09 mx spamd[9486]: spamd: got connection over /var/run/spamd/spamd.sock 
Mar 10 15:27:09 mx spamd[9486]: spamd: using default config for pushkina: /data/vmail/pushkina/spamassassin/user_prefs 
Mar 10 15:27:10 mx spamd[9486]: spamd: processing message <000d01cbdf1e$512c45e0$6400a8c0@oleg> for pushkina:1004 
Mar 10 15:27:14 mx spamd[9486]: spamd: identified spam (26.0/5.0) for pushkina:1004 in 4.8 seconds, 25952 bytes. 
Mar 10 15:27:14 mx spamd[9486]: spamd: result: Y 25 - BAYES_99,DCC_CHECK,DIGEST_MULTIPLE,FH_HELO_EQ_D_D_D_D,HELO_DYNAMIC_HCC,HELO_DYNAMIC_IPADDR,HTML_MESSAGE,KB_RATWARE_OUTLOOK_MID,MIME_QP_LONG_LINE,PYZOR_CHECK,RAZOR2_CF_RANGE_51_100,RAZOR2_CF_RANGE_E4_51_100,RAZOR2_CHECK,RCVD_IN_BRBL_LASTEXT,RCVD_IN_PBL,RCVD_IN_RP_RNBL,RCVD_IN_XBL,RDNS_DYNAMIC,SPF_NEUTRAL scantime=4.8,size=25952,user=pushkina,uid=1004,required_score=5.0,rhost=localhost,raddr=127.0.0.1,rport=/var/run/spamd/spamd.sock,mid=<000d01cbdf1e$512c45e0$6400a8c0@oleg>,bayes=1.000000,autolearn=spam 
Mar 10 15:27:14 mx spamd[58660]: prefork: child states: II 
Mar 10 15:27:16 mx spamd[9486]: spamd: got connection over /var/run/spamd/spamd.sock 
Mar 10 15:27:16 mx spamd[9486]: spamd: using default config for ryabova: /data/vmail/ryabova/spamassassin/user_prefs 
Mar 10 15:27:16 mx spamd[9486]: spamd: processing message <000d01cbdf1e$7bc71a50$6400a8c0@embargoese881> for ryabova:1004 
Mar 10 15:27:18 mx spamd[9486]: spamd: identified spam (22.1/5.0) for ryabova:1004 in 2.8 seconds, 1156 bytes. 
Mar 10 15:27:18 mx spamd[9486]: spamd: result: Y 22 - BAYES_99,DCC_CHECK,DIGEST_MULTIPLE,FH_FAKE_RCVD_LINE_B,FH_HELO_EQ_D_D_D_D,HELO_DYNAMIC_DHCP,PYZOR_CHECK,RAZOR2_CF_RANGE_51_100,RAZOR2_CF_RANGE_E4_51_100,RAZOR2_CHECK,RCVD_IN_BL_SPAMCOP_NET,RCVD_IN_BRBL_LASTEXT,RCVD_IN_XBL,RDNS_DYNAMIC,STOX_REPLY_TYPE,STOX_REPLY_TYPE_WITHOUT_QUOTES scantime=2.8,size=1156,user=ryabova,uid=1004,required_score=5.0,rhost=localhost,raddr=127.0.0.1,rport=/var/run/spamd/spamd.sock,mid=<000d01cbdf1e$7bc71a50$6400a8c0@embargoese881>,bayes=1.000000,autolearn=spam 
Mar 10 15:27:18 mx spamd[58660]: prefork: child states: II 
Mar 10 15:27:18 mx spamd[9486]: spamd: got connection over /var/run/spamd/spamd.sock 
Mar 10 15:27:18 mx spamd[9486]: spamd: using default config for sale: /data/vmail/sale/spamassassin/user_prefs 
Mar 10 15:27:19 mx spamd[9486]: spamd: processing message <000d01cbdf1e$7bc71a50$6400a8c0@embargoese881> for sale:1004 
Mar 10 15:27:21 mx spamd[9486]: spamd: identified spam (22.1/4.0) for sale:1004 in 2.5 seconds, 1156 bytes. 
Mar 10 15:27:21 mx spamd[9486]: spamd: result: Y 22 - BAYES_99,DCC_CHECK,DIGEST_MULTIPLE,FH_FAKE_RCVD_LINE_B,FH_HELO_EQ_D_D_D_D,HELO_DYNAMIC_DHCP,PYZOR_CHECK,RAZOR2_CF_RANGE_51_100,RAZOR2_CF_RANGE_E4_51_100,RAZOR2_CHECK,RCVD_IN_BL_SPAMCOP_NET,RCVD_IN_BRBL_LASTEXT,RCVD_IN_XBL,RDNS_DYNAMIC,STOX_REPLY_TYPE,STOX_REPLY_TYPE_WITHOUT_QUOTES scantime=2.5,size=1156,user=sale,uid=1004,required_score=4.0,rhost=localhost,raddr=127.0.0.1,rport=/var/run/spamd/spamd.sock,mid=<000d01cbdf1e$7bc71a50$6400a8c0@embargoese881>,bayes=1.000000,autolearn=spam 
Mar 10 15:27:21 mx spamd[58660]: prefork: child states: II 
Mar 10 15:27:21 mx spamd[9486]: spamd: got connection over /var/run/spamd/spamd.sock 
Mar 10 15:27:21 mx spamd[9486]: spamd: using default config for monakhova: /data/vmail/monakhova/spamassassin/user_prefs 
Mar 10 15:27:21 mx spamd[9486]: spamd: processing message <000d01cbdf1e$7bc71a50$6400a8c0@embargoese881> for monakhova:1004 
Mar 10 15:27:24 mx spamd[9486]: spamd: identified spam (22.1/5.0) for monakhova:1004 in 2.5 seconds, 1156 bytes. 
Mar 10 15:27:24 mx spamd[9486]: spamd: result: Y 22 - BAYES_99,DCC_CHECK,DIGEST_MULTIPLE,FH_FAKE_RCVD_LINE_B,FH_HELO_EQ_D_D_D_D,HELO_DYNAMIC_DHCP,PYZOR_CHECK,RAZOR2_CF_RANGE_51_100,RAZOR2_CF_RANGE_E4_51_100,RAZOR2_CHECK,RCVD_IN_BL_SPAMCOP_NET,RCVD_IN_BRBL_LASTEXT,RCVD_IN_XBL,RDNS_DYNAMIC,STOX_REPLY_TYPE,STOX_REPLY_TYPE_WITHOUT_QUOTES scantime=2.5,size=1156,user=monakhova,uid=1004,required_score=5.0,rhost=localhost,raddr=127.0.0.1,rport=/var/run/spamd/spamd.sock,mid=<000d01cbdf1e$7bc71a50$6400a8c0@embargoese881>,bayes=1.000000,autolearn=spam 
Mar 10 15:27:24 mx spamd[58660]: prefork: child states: II 
Mar 10 15:27:24 mx spamd[9486]: spamd: got connection over /var/run/spamd/spamd.sock 
Mar 10 15:27:24 mx spamd[9486]: spamd: using default config for kostrikina: /data/vmail/kostrikina/spamassassin/user_prefs 
Mar 10 15:27:24 mx spamd[9486]: spamd: processing message <000d01cbdf1e$7bc71a50$6400a8c0@embargoese881> for kostrikina:1004 
Mar 10 15:27:26 mx spamd[9486]: spamd: identified spam (22.1/5.0) for kostrikina:1004 in 2.5 seconds, 1156 bytes. 
Mar 10 15:27:26 mx spamd[9486]: spamd: result: Y 22 - BAYES_99,DCC_CHECK,DIGEST_MULTIPLE,FH_FAKE_RCVD_LINE_B,FH_HELO_EQ_D_D_D_D,HELO_DYNAMIC_DHCP,PYZOR_CHECK,RAZOR2_CF_RANGE_51_100,RAZOR2_CF_RANGE_E4_51_100,RAZOR2_CHECK,RCVD_IN_BL_SPAMCOP_NET,RCVD_IN_BRBL_LASTEXT,RCVD_IN_XBL,RDNS_DYNAMIC,STOX_REPLY_TYPE,STOX_REPLY_TYPE_WITHOUT_QUOTES scantime=2.5,size=1156,user=kostrikina,uid=1004,required_score=5.0,rhost=localhost,raddr=127.0.0.1,rport=/var/run/spamd/spamd.sock,mid=<000d01cbdf1e$7bc71a50$6400a8c0@embargoese881>,bayes=1.000000,autolearn=spam 
Mar 10 15:27:26 mx spamd[58660]: prefork: child states: II 
Mar 10 15:27:26 mx spamd[9486]: spamd: got connection over /var/run/spamd/spamd.sock 
Mar 10 15:27:26 mx spamd[9486]: spamd: using default config for shurik: /data/vmail/shurik/spamassassin/user_prefs 
Mar 10 15:27:26 mx spamd[9486]: spamd: processing message <000d01cbdf1e$7bc71a50$6400a8c0@embargoese881> for shurik:1004 
Mar 10 15:27:29 mx spamd[9486]: spamd: identified spam (22.1/5.0) for shurik:1004 in 2.4 seconds, 1156 bytes. 
Mar 10 15:27:29 mx spamd[9486]: spamd: result: Y 22 - BAYES_99,DCC_CHECK,DIGEST_MULTIPLE,FH_FAKE_RCVD_LINE_B,FH_HELO_EQ_D_D_D_D,HELO_DYNAMIC_DHCP,PYZOR_CHECK,RAZOR2_CF_RANGE_51_100,RAZOR2_CF_RANGE_E4_51_100,RAZOR2_CHECK,RCVD_IN_BL_SPAMCOP_NET,RCVD_IN_BRBL_LASTEXT,RCVD_IN_XBL,RDNS_DYNAMIC,STOX_REPLY_TYPE,STOX_REPLY_TYPE_WITHOUT_QUOTES scantime=2.4,size=1156,user=shurik,uid=1004,required_score=5.0,rhost=localhost,raddr=127.0.0.1,rport=/var/run/spamd/spamd.sock,mid=<000d01cbdf1e$7bc71a50$6400a8c0@embargoese881>,bayes=1.000000,autolearn=spam 
Mar 10 15:27:29 mx spamd[58660]: prefork: child states: II 
Mar 10 15:27:34 mx spamd[9486]: spamd: got connection over /var/run/spamd/spamd.sock 
Mar 10 15:27:34 mx spamd[9486]: spamd: using default config for lilly: /data/vmail/lilly/spamassassin/user_prefs 
Mar 10 15:27:35 mx spamd[9486]: spamd: processing message <d69ce7174dcf2a39ae97dd238fede500@www.mp3cd.ru> for lilly:1004 
Mar 10 15:27:35 mx spamd[14198]: spamd: got connection over /var/run/spamd/spamd.sock 
Mar 10 15:27:35 mx spamd[14198]: spamd: using default config for buh: /data/vmail/buh/spamassassin/user_prefs 
Mar 10 15:27:36 mx spamd[14198]: spamd: processing message <000e01cbdf1e$85faa500$e918ac6e@royaleuropa.com> for buh:1004 
Mar 10 15:27:38 mx spamd[14198]: spamd: identified spam (15.8/5.0) for buh:1004 in 2.9 seconds, 5470 bytes. 
Mar 10 15:27:38 mx spamd[14198]: spamd: result: Y 15 - DCC_CHECK,DIGEST_MULTIPLE,RAZOR2_CF_RANGE_51_100,RAZOR2_CF_RANGE_E4_51_100,RAZOR2_CHECK,RCVD_IN_BL_SPAMCOP_NET,RCVD_IN_BRBL_LASTEXT,RCVD_IN_XBL,RDNS_NONE,STOX_REPLY_TYPE,STOX_REPLY_TYPE_WITHOUT_QUOTES,T_URIBL_BLACK_OVERLAP,URIBL_BLACK,URIBL_DBL_SPAM,URIBL_WS_SURBL scantime=2.9,size=5470,user=buh,uid=1004,required_score=5.0,rhost=localhost,raddr=127.0.0.1,rport=/var/run/spamd/spamd.sock,mid=<000e01cbdf1e$85faa500$e918ac6e@royaleuropa.com>,autolearn=spam 
Mar 10 15:27:38 mx spamd[58660]: prefork: child states: BB 
Mar 10 15:27:38 mx spamd[14198]: spamd: got connection over /var/run/spamd/spamd.sock 
Mar 10 15:27:38 mx spamd[14198]: spamd: using default config for sale: /data/vmail/sale/spamassassin/user_prefs 
Mar 10 15:27:38 mx spamd[58660]: spamd: server successfully spawned child process, pid 22031 
Mar 10 15:27:38 mx spamd[58660]: prefork: adjust: 0 idle children less than 1 minimum idle children. Increasing spamd children: 22031 started. 
Mar 10 15:27:38 mx spamd[58660]: prefork: child states: BBI 
Mar 10 15:27:39 mx spamd[14198]: spamd: processing message <000e01cbdf1e$872bd200$e918ac6e@roycebrain.com> for sale:1004 
Mar 10 15:27:39 mx spamd[9486]: spamd: clean message (1.7/5.0) for lilly:1004 in 4.2 seconds, 123962 bytes. 
Mar 10 15:27:39 mx spamd[9486]: spamd: result: . 1 - EXTRA_MPART_TYPE,HTML_MESSAGE,MIME_HTML_ONLY,SPF_HELO_PASS scantime=4.2,size=123962,user=lilly,uid=1004,required_score=5.0,rhost=localhost,raddr=127.0.0.1,rport=/var/run/spamd/spamd.sock,mid=<d69ce7174dcf2a39ae97dd238fede500@www.mp3cd.ru>,bayes=1.000000,autolearn=no 
Mar 10 15:27:39 mx spamd[58660]: prefork: child states: IBI 
Mar 10 15:27:40 mx spamd[9486]: spamd: got connection over /var/run/spamd/spamd.sock 
Mar 10 15:27:40 mx spamd[9486]: spamd: using default config for alexeeva: /data/vmail/alexeeva/spamassassin/user_prefs 
Mar 10 15:27:40 mx spamd[9486]: spamd: processing message <000e01cbdf1e$88f59580$e918ac6e@rossmason.com> for alexeeva:1004 
Mar 10 15:27:41 mx spamd[14198]: spamd: identified spam (15.8/4.0) for sale:1004 in 3.3 seconds, 5511 bytes. 
Mar 10 15:27:41 mx spamd[14198]: spamd: result: Y 15 - BAYES_99,DCC_CHECK,RCVD_IN_BL_SPAMCOP_NET,RCVD_IN_BRBL_LASTEXT,RCVD_IN_XBL,RDNS_NONE,STOX_REPLY_TYPE,STOX_REPLY_TYPE_WITHOUT_QUOTES,T_URIBL_BLACK_OVERLAP,URIBL_BLACK,URIBL_DBL_SPAM,URIBL_WS_SURBL scantime=3.3,size=5511,user=sale,uid=1004,required_score=4.0,rhost=localhost,raddr=127.0.0.1,rport=/var/run/spamd/spamd.sock,mid=<000e01cbdf1e$872bd200$e918ac6e@roycebrain.com>,bayes=1.000000,autolearn=spam 
Mar 10 15:27:42 mx spamd[58660]: prefork: child states: BII 
Mar 10 15:27:42 mx spamd[14198]: spamd: got connection over /var/run/spamd/spamd.sock 
Mar 10 15:27:42 mx spamd[14198]: spamd: using default config for m.nina: /data/vmail/m.nina/spamassassin/user_prefs 
Mar 10 15:27:42 mx spamd[22031]: spamd: got connection over /var/run/spamd/spamd.sock 
Mar 10 15:27:42 mx spamd[22031]: spamd: using default config for ryabova: /data/vmail/ryabova/spamassassin/user_prefs 
Mar 10 15:27:42 mx spamd[14198]: spamd: processing message <000e01cbdf1e$87c46880$97b3c729@bnkconstruction.com> for m.nina:1004 
Mar 10 15:27:42 mx spamd[22031]: spamd: processing message <000e01cbdf1e$8a26c280$e918ac6e@shaker.com.sa> for ryabova:1004 
Mar 10 15:27:43 mx spamd[9486]: spamd: identified spam (16.0/5.0) for alexeeva:1004 in 3.5 seconds, 5436 bytes. 
Mar 10 15:27:43 mx spamd[9486]: spamd: result: Y 15 - BAYES_99,DCC_CHECK,DIGEST_MULTIPLE,RAZOR2_CF_RANGE_51_100,RAZOR2_CF_RANGE_E4_51_100,RAZOR2_CHECK,RCVD_IN_BL_SPAMCOP_NET,RCVD_IN_BRBL_LASTEXT,RCVD_IN_XBL,RDNS_NONE,T_URIBL_BLACK_OVERLAP,URIBL_BLACK,URIBL_DBL_SPAM,URIBL_WS_SURBL scantime=3.5,size=5436,user=alexeeva,uid=1004,required_score=5.0,rhost=localhost,raddr=127.0.0.1,rport=/var/run/spamd/spamd.sock,mid=<000e01cbdf1e$88f59580$e918ac6e@rossmason.com>,bayes=1.000000,autolearn=spam 
Mar 10 15:27:43 mx spamd[58660]: prefork: child states: IBB 
Mar 10 15:27:45 mx spamd[22031]: spamd: identified spam (14.4/5.0) for ryabova:1004 in 2.9 seconds, 5452 bytes. 
Mar 10 15:27:45 mx spamd[22031]: spamd: result: Y 14 - BAYES_99,DCC_CHECK,RCVD_IN_BL_SPAMCOP_NET,RCVD_IN_BRBL_LASTEXT,RCVD_IN_XBL,RDNS_NONE,SPF_NEUTRAL,T_URIBL_BLACK_OVERLAP,URIBL_BLACK,URIBL_DBL_SPAM,URIBL_WS_SURBL scantime=2.9,size=5452,user=ryabova,uid=1004,required_score=5.0,rhost=localhost,raddr=127.0.0.1,rport=/var/run/spamd/spamd.sock,mid=<000e01cbdf1e$8a26c280$e918ac6e@shaker.com.sa>,bayes=1.000000,autolearn=no 
Mar 10 15:27:45 mx spamd[58660]: prefork: child states: IBI 
Mar 10 15:27:46 mx spamd[14198]: spamd: identified spam (32.5/5.0) for m.nina:1004 in 3.7 seconds, 10238 bytes. 
Mar 10 15:27:46 mx spamd[14198]: spamd: result: Y 32 - BAYES_99,DRUGS_ERECTILE,DRUGS_ERECTILE_OBFU,HK_NAME_DRUGS,HTML_MESSAGE,KB_RATWARE_OUTLOOK_MID,LONGWORDS,RAZOR2_CF_RANGE_51_100,RAZOR2_CF_RANGE_E8_51_100,RAZOR2_CHECK,RCVD_IN_BRBL_LASTEXT,RCVD_IN_PBL,RDNS_NONE,TO_IN_SUBJ,T_REMOTE_IMAGE,T_SURBL_MULTI1,T_SURBL_MULTI2,T_SURBL_MULTI3,T_URIBL_BLACK_OVERLAP,URIBL_AB_SURBL,URIBL_BLACK,URIBL_DBL_SPAM,URIBL_JP_SURBL,URIBL_SC_SURBL,URIBL_WS_SURBL scantime=3.7,size=10238,user=m.nina,uid=1004,required_score=5.0,rhost=localhost,raddr=127.0.0.1,rport=/var/run/spamd/spamd.sock,mid=<000e01cbdf1e$87c46880$97b3c729@bnkconstruction.com>,bayes=1.000000,autolearn=spam 
Mar 10 15:27:46 mx spamd[58660]: prefork: child states: III 
Mar 10 15:27:46 mx spamd[58660]: prefork: adjust: 3 idle children more than 2 maximum idle children. Decreasing spamd children: 22031 killed. 
Mar 10 15:27:46 mx spamd[58660]: prefork: child states: IIK 
Mar 10 15:27:46 mx spamd[58660]: spamd: handled cleanup of child pid [22031] due to SIGCHLD: interrupted, signal 2 (0002) 
Mar 10 15:27:55 mx spamd[9486]: spamd: got connection over /var/run/spamd/spamd.sock 
Mar 10 15:27:55 mx spamd[9486]: spamd: using default config for zudenkova: /data/vmail/zudenkova/spamassassin/user_prefs 
Mar 10 15:27:56 mx spamd[9486]: spamd: processing message <000e01cbdf1e$927efd80$e361c875@royaldesign.hu> for zudenkova:1004 
Mar 10 15:27:59 mx spamd[14198]: spamd: got connection over /var/run/spamd/spamd.sock 
Mar 10 15:27:59 mx spamd[14198]: spamd: using default config for zoya: /data/vmail/zoya/spamassassin/user_prefs 
Mar 10 15:27:59 mx spamd[9486]: spamd: identified spam (19.3/5.0) for zudenkova:1004 in 3.4 seconds, 5450 bytes. 
Mar 10 15:27:59 mx spamd[9486]: spamd: result: Y 19 - BAYES_99,DCC_CHECK,DIGEST_MULTIPLE,RAZOR2_CF_RANGE_51_100,RAZOR2_CF_RANGE_E4_51_100,RAZOR2_CHECK,RCVD_IN_BL_SPAMCOP_NET,RCVD_IN_BRBL_LASTEXT,RCVD_IN_PBL,RCVD_IN_XBL,RDNS_NONE,T_URIBL_BLACK_OVERLAP,URIBL_BLACK,URIBL_DBL_SPAM,URIBL_WS_SURBL scantime=3.4,size=5450,user=zudenkova,uid=1004,required_score=5.0,rhost=localhost,raddr=127.0.0.1,rport=/var/run/spamd/spamd.sock,mid=<000e01cbdf1e$927efd80$e361c875@royaldesign.hu>,bayes=1.000000,autolearn=spam 
Mar 10 15:27:59 mx spamd[58660]: prefork: child states: IB 
Mar 10 15:27:59 mx spamd[14198]: spamd: processing message <000e01cbdf1e$9448c100$e361c875@rrwindow.com> for zoya:1004 
Mar 10 15:28:02 mx spamd[9486]: spamd: got connection over /var/run/spamd/spamd.sock 
Mar 10 15:28:02 mx spamd[9486]: spamd: using default config for vovka: /data/vmail/vovka/spamassassin/user_prefs 
Mar 10 15:28:02 mx spamd[14198]: spamd: identified spam (14.7/5.0) for zoya:1004 in 3.5 seconds, 5450 bytes. 
Mar 10 15:28:02 mx spamd[14198]: spamd: result: Y 14 - DCC_CHECK,RCVD_IN_BL_SPAMCOP_NET,RCVD_IN_BRBL_LASTEXT,RCVD_IN_PBL,RCVD_IN_XBL,RDNS_NONE,T_URIBL_BLACK_OVERLAP,URIBL_BLACK,URIBL_DBL_SPAM,URIBL_WS_SURBL scantime=3.5,size=5450,user=zoya,uid=1004,required_score=5.0,rhost=localhost,raddr=127.0.0.1,rport=/var/run/spamd/spamd.sock,mid=<000e01cbdf1e$9448c100$e361c875@rrwindow.com>,autolearn=spam 
Mar 10 15:28:02 mx spamd[9486]: spamd: processing message <000e01cbdf1e$96ab1b00$e361c875@rostockerruderclub.de> for vovka:1004 
Mar 10 15:28:02 mx spamd[58660]: prefork: child states: BI 
Mar 10 15:28:05 mx spamd[9486]: spamd: identified spam (19.3/5.0) for vovka:1004 in 3.0 seconds, 5472 bytes. 
Mar 10 15:28:05 mx spamd[9486]: spamd: result: Y 19 - BAYES_99,DCC_CHECK,DIGEST_MULTIPLE,RAZOR2_CF_RANGE_51_100,RAZOR2_CF_RANGE_E4_51_100,RAZOR2_CHECK,RCVD_IN_BL_SPAMCOP_NET,RCVD_IN_BRBL_LASTEXT,RCVD_IN_PBL,RCVD_IN_XBL,RDNS_NONE,T_URIBL_BLACK_OVERLAP,URIBL_BLACK,URIBL_DBL_SPAM,URIBL_WS_SURBL scantime=3.0,size=5472,user=vovka,uid=1004,required_score=5.0,rhost=localhost,raddr=127.0.0.1,rport=/var/run/spamd/spamd.sock,mid=<000e01cbdf1e$96ab1b00$e361c875@rostockerruderclub.de>,bayes=1.000000,autolearn=spam 
Mar 10 15:28:05 mx spamd[58660]: prefork: child states: II 
Mar 10 15:28:07 mx spamd[9486]: spamd: got connection over /var/run/spamd/spamd.sock 
Mar 10 15:28:07 mx spamd[9486]: spamd: using default config for elya: /data/vmail/elya/spamassassin/user_prefs 
Mar 10 15:28:07 mx spamd[9486]: spamd: processing message <000e01cbdf1e$9874de80$8dd64577@sexoatumanera.com> for elya:1004 
Mar 10 15:28:09 mx spamd[14198]: spamd: got connection over /var/run/spamd/spamd.sock 
Mar 10 15:28:09 mx spamd[14198]: spamd: using default config for ryabova: /data/vmail/ryabova/spamassassin/user_prefs 
Mar 10 15:28:10 mx spamd[14198]: spamd: processing message <000e01cbdf1e$9ad73880$e361c875@rosewoodhotels.com> for ryabova:1004 
Mar 10 15:28:10 mx spamd[9486]: spamd: identified spam (17.6/5.0) for elya:1004 in 3.2 seconds, 5453 bytes. 
