Mar 10 15:33:06 mx spamd[14198]: spamd: processing message <000e01cbdf1f$4b453c80$7023ac7a@seven.se> for lilly:1004 
Mar 10 15:33:08 mx spamd[22235]: spamd: got connection over /var/run/spamd/spamd.sock 
Mar 10 15:33:08 mx spamd[22235]: spamd: using default config for lilly: /data/vmail/lilly/spamassassin/user_prefs 
Mar 10 15:33:08 mx spamd[22235]: spamd: processing message <000e01cbdf1f$4c766980$7023ac7a@risu.org.ua> for lilly:1004 
Mar 10 15:33:09 mx spamd[14198]: spamd: identified spam (17.1/5.0) for lilly:1004 in 3.2 seconds, 5433 bytes. 
Mar 10 15:33:09 mx spamd[14198]: spamd: result: Y 17 - DCC_CHECK,DIGEST_MULTIPLE,PYZOR_CHECK,RCVD_IN_BL_SPAMCOP_NET,RCVD_IN_BRBL_LASTEXT,RCVD_IN_PBL,RCVD_IN_RP_RNBL,RCVD_IN_XBL,RDNS_NONE,SPF_SOFTFAIL,T_URIBL_BLACK_OVERLAP,URIBL_BLACK,URIBL_DBL_SPAM,URIBL_WS_SURBL scantime=3.2,size=5433,user=lilly,uid=1004,required_score=5.0,rhost=localhost,raddr=127.0.0.1,rport=/var/run/spamd/spamd.sock,mid=<000e01cbdf1f$4b453c80$7023ac7a@seven.se>,bayes=1.000000,autolearn=spam 
Mar 10 15:33:09 mx spamd[58660]: prefork: child states: IB 
Mar 10 15:33:10 mx spamd[14198]: spamd: got connection over /var/run/spamd/spamd.sock 
Mar 10 15:33:10 mx spamd[14198]: spamd: using default config for shurik: /data/vmail/shurik/spamassassin/user_prefs 
Mar 10 15:33:10 mx spamd[14198]: spamd: processing message <000e01cbdf1f$4da79680$7023ac7a@seminarinformation.com> for shurik:1004 
Mar 10 15:33:11 mx spamd[22235]: spamd: identified spam (20.7/5.0) for lilly:1004 in 3.2 seconds, 5464 bytes. 
Mar 10 15:33:11 mx spamd[22235]: spamd: result: Y 20 - DCC_CHECK,DIGEST_MULTIPLE,PYZOR_CHECK,RAZOR2_CF_RANGE_51_100,RAZOR2_CF_RANGE_E4_51_100,RAZOR2_CHECK,RCVD_IN_BL_SPAMCOP_NET,RCVD_IN_BRBL_LASTEXT,RCVD_IN_PBL,RCVD_IN_RP_RNBL,RCVD_IN_XBL,RDNS_NONE,STOX_REPLY_TYPE,STOX_REPLY_TYPE_WITHOUT_QUOTES,T_URIBL_BLACK_OVERLAP,URIBL_BLACK,URIBL_DBL_SPAM,URIBL_WS_SURBL scantime=3.2,size=5464,user=lilly,uid=1004,required_score=5.0,rhost=localhost,raddr=127.0.0.1,rport=/var/run/spamd/spamd.sock,mid=<000e01cbdf1f$4c766980$7023ac7a@risu.org.ua>,bayes=1.000000,autolearn=spam 
Mar 10 15:33:11 mx spamd[58660]: prefork: child states: BI 
Mar 10 15:33:14 mx spamd[14198]: spamd: identified spam (19.9/5.0) for shurik:1004 in 3.9 seconds, 5501 bytes. 
Mar 10 15:33:14 mx spamd[14198]: spamd: result: Y 19 - BAYES_99,DCC_CHECK,DIGEST_MULTIPLE,PYZOR_CHECK,RCVD_IN_BL_SPAMCOP_NET,RCVD_IN_BRBL_LASTEXT,RCVD_IN_PBL,RCVD_IN_RP_RNBL,RCVD_IN_XBL,RDNS_NONE,T_URIBL_BLACK_OVERLAP,URIBL_BLACK,URIBL_DBL_SPAM,URIBL_WS_SURBL scantime=3.9,size=5501,user=shurik,uid=1004,required_score=5.0,rhost=localhost,raddr=127.0.0.1,rport=/var/run/spamd/spamd.sock,mid=<000e01cbdf1f$4da79680$7023ac7a@seminarinformation.com>,bayes=1.000000,autolearn=spam 
Mar 10 15:33:14 mx spamd[58660]: prefork: child states: II 
Mar 10 15:33:25 mx spamd[14198]: spamd: got connection over /var/run/spamd/spamd.sock 
Mar 10 15:33:25 mx spamd[14198]: spamd: using default config for sale-dinamik: /data/vmail/sale-dinamik/spamassassin/user_prefs 
Mar 10 15:33:26 mx spamd[14198]: spamd: processing message <000e01cbdf1f$55ffd180$911151b7@rozen.ne.jp> for sale-dinamik:1004 
Mar 10 15:33:29 mx spamd[14198]: spamd: identified spam (17.3/5.0) for sale-dinamik:1004 in 3.8 seconds, 5440 bytes. 
Mar 10 15:33:29 mx spamd[14198]: spamd: result: Y 17 - BAYES_99,DCC_CHECK,DIGEST_MULTIPLE,PYZOR_CHECK,RCVD_IN_BRBL_LASTEXT,RCVD_IN_PBL,RCVD_IN_XBL,RDNS_NONE,T_URIBL_BLACK_OVERLAP,URIBL_BLACK,URIBL_DBL_SPAM,URIBL_WS_SURBL scantime=3.8,size=5440,user=sale-dinamik,uid=1004,required_score=5.0,rhost=localhost,raddr=127.0.0.1,rport=/var/run/spamd/spamd.sock,mid=<000e01cbdf1f$55ffd180$911151b7@rozen.ne.jp>,bayes=1.000000,autolearn=spam 
Mar 10 15:33:29 mx spamd[58660]: prefork: child states: II 
Mar 10 15:33:39 mx spamd[14198]: spamd: got connection over /var/run/spamd/spamd.sock 
Mar 10 15:33:39 mx spamd[14198]: spamd: using default config for pushkina: /data/vmail/pushkina/spamassassin/user_prefs 
Mar 10 15:33:39 mx spamd[14198]: spamd: processing message <c77a01cbdf1e$4d8a5ca2$1ad42d36@waterlogic.net> for pushkina:1004 
Mar 10 15:33:42 mx spamd[14198]: spamd: identified spam (14.6/5.0) for pushkina:1004 in 2.6 seconds, 5863 bytes. 
Mar 10 15:33:42 mx spamd[14198]: spamd: result: Y 14 - BAYES_99,DCC_CHECK,DOS_OE_TO_MX,HTML_MESSAGE,RCVD_IN_BL_SPAMCOP_NET,RCVD_IN_BRBL_LASTEXT,RCVD_IN_PBL,RCVD_IN_SORBS_DUL,RCVD_IN_XBL,RDNS_DYNAMIC,SPF_FAIL,SPF_HELO_FAIL scantime=2.6,size=5863,user=pushkina,uid=1004,required_score=5.0,rhost=localhost,raddr=127.0.0.1,rport=/var/run/spamd/spamd.sock,mid=<c77a01cbdf1e$4d8a5ca2$1ad42d36@waterlogic.net>,bayes=1.000000,autolearn=spam 
Mar 10 15:33:42 mx spamd[58660]: prefork: child states: II 
Mar 10 15:33:52 mx spamd[14198]: spamd: got connection over /var/run/spamd/spamd.sock 
Mar 10 15:33:52 mx spamd[14198]: spamd: using default config for lilly: /data/vmail/lilly/spamassassin/user_prefs 
Mar 10 15:33:52 mx spamd[14198]: spamd: processing message <2FDB36CB63F9494E8F5CC19967E3FDDE@admin> for lilly:1004 
Mar 10 15:34:00 mx spamd[14198]: spamd: identified spam (23.3/5.0) for lilly:1004 in 7.8 seconds, 1798 bytes. 
Mar 10 15:34:00 mx spamd[14198]: spamd: result: Y 23 - DATE_IN_PAST_96_XX,DCC_CHECK,DIGEST_MULTIPLE,HTML_MESSAGE,RAZOR2_CF_RANGE_51_100,RAZOR2_CF_RANGE_E8_51_100,RAZOR2_CHECK,RCVD_IN_BL_SPAMCOP_NET,RCVD_IN_BRBL_LASTEXT,RCVD_IN_PBL,RCVD_IN_PSBL,RCVD_IN_XBL,RDNS_NONE,SPF_FAIL,T_SURBL_MULTI1,URIBL_DBL_SPAM,URIBL_JP_SURBL,URIBL_PH_SURBL,URIBL_WS_SURBL scantime=7.8,size=1798,user=lilly,uid=1004,required_score=5.0,rhost=localhost,raddr=127.0.0.1,rport=/var/run/spamd/spamd.sock,mid=<2FDB36CB63F9494E8F5CC19967E3FDDE@admin>,bayes=1.000000,autolearn=spam 
Mar 10 15:34:00 mx spamd[58660]: prefork: child states: II 
Mar 10 15:34:05 mx spamd[14198]: spamd: got connection over /var/run/spamd/spamd.sock 
Mar 10 15:34:05 mx spamd[14198]: spamd: using default config for sale: /data/vmail/sale/spamassassin/user_prefs 
Mar 10 15:34:05 mx spamd[14198]: spamd: processing message <fc1001cbdf1e$ad7b7134$b0948853@stewardshipresources.org> for sale:1004 
Mar 10 15:34:08 mx spamd[22235]: spamd: got connection over /var/run/spamd/spamd.sock 
Mar 10 15:34:08 mx spamd[22235]: spamd: using default config for ryabova: /data/vmail/ryabova/spamassassin/user_prefs 
Mar 10 15:34:08 mx spamd[14198]: spamd: identified spam (11.0/4.0) for sale:1004 in 2.7 seconds, 5812 bytes. 
Mar 10 15:34:08 mx spamd[14198]: spamd: result: Y 10 - BAYES_99,DCC_CHECK,DOS_OE_TO_MX,HTML_MESSAGE,RCVD_IN_BL_SPAMCOP_NET,RCVD_IN_BRBL_LASTEXT,RCVD_IN_XBL,SPF_HELO_PASS,SPF_PASS,TVD_RCVD_IP scantime=2.7,size=5812,user=sale,uid=1004,required_score=4.0,rhost=localhost,raddr=127.0.0.1,rport=/var/run/spamd/spamd.sock,mid=<fc1001cbdf1e$ad7b7134$b0948853@stewardshipresources.org>,bayes=1.000000,autolearn=no 
Mar 10 15:34:08 mx spamd[22235]: spamd: processing message <745701cbdf1e$3e3026a2$3db38833@trainingonline.com.au> for ryabova:1004 
Mar 10 15:34:08 mx spamd[58660]: prefork: child states: IB 
Mar 10 15:34:11 mx spamd[22235]: spamd: identified spam (14.0/5.0) for ryabova:1004 in 3.3 seconds, 5773 bytes. 
Mar 10 15:34:11 mx spamd[22235]: spamd: result: Y 13 - BAYES_99,DCC_CHECK,DOS_OE_TO_MX,HTML_MESSAGE,RCVD_IN_BRBL_LASTEXT,RCVD_IN_PBL,RCVD_IN_XBL,RDNS_DYNAMIC,SPF_HELO_PASS,SPF_PASS,TVD_RCVD_IP scantime=3.3,size=5773,user=ryabova,uid=1004,required_score=5.0,rhost=localhost,raddr=127.0.0.1,rport=/var/run/spamd/spamd.sock,mid=<745701cbdf1e$3e3026a2$3db38833@trainingonline.com.au>,bayes=1.000000,autolearn=no 
Mar 10 15:34:11 mx spamd[58660]: prefork: child states: II 
Mar 10 15:34:30 mx spamd[14198]: spamd: got connection over /var/run/spamd/spamd.sock 
Mar 10 15:34:30 mx spamd[14198]: spamd: using default config for sale-dinamik: /data/vmail/sale-dinamik/spamassassin/user_prefs 
Mar 10 15:34:31 mx spamd[14198]: spamd: processing message <a6dd01cbdf1e$58c90949$31dc5aaf@charloiseuropoort.nl> for sale-dinamik:1004 
Mar 10 15:34:33 mx spamd[14198]: spamd: identified spam (15.3/5.0) for sale-dinamik:1004 in 2.6 seconds, 5779 bytes. 
Mar 10 15:34:33 mx spamd[14198]: spamd: result: Y 15 - BAYES_99,DCC_CHECK,DOS_OE_TO_MX,HK_RANDOM_ENVFROM,HTML_MESSAGE,RCVD_IN_BL_SPAMCOP_NET,RCVD_IN_BRBL_LASTEXT,RCVD_IN_PBL,RCVD_IN_XBL,RDNS_NONE,SPF_HELO_NEUTRAL,SPF_NEUTRAL scantime=2.6,size=5779,user=sale-dinamik,uid=1004,required_score=5.0,rhost=localhost,raddr=127.0.0.1,rport=/var/run/spamd/spamd.sock,mid=<a6dd01cbdf1e$58c90949$31dc5aaf@charloiseuropoort.nl>,bayes=1.000000,autolearn=spam 
Mar 10 15:34:33 mx spamd[58660]: prefork: child states: II 
Mar 10 15:34:41 mx spamd[14198]: spamd: got connection over /var/run/spamd/spamd.sock 
Mar 10 15:34:41 mx spamd[14198]: spamd: using default config for oksana: /data/vmail/oksana/spamassassin/user_prefs 
Mar 10 15:34:42 mx spamd[14198]: spamd: processing message <87f701cbdf1e$91c9ee85$9598e9c3@wstweststellingwerf.nl> for oksana:1004 
Mar 10 15:34:44 mx spamd[14198]: spamd: identified spam (10.3/5.0) for oksana:1004 in 2.5 seconds, 5811 bytes. 
Mar 10 15:34:44 mx spamd[14198]: spamd: result: Y 10 - BAYES_99,DCC_CHECK,DOS_OE_TO_MX,HK_RANDOM_ENVFROM,HTML_MESSAGE,RCVD_IN_BL_SPAMCOP_NET,RCVD_IN_BRBL_LASTEXT,RCVD_IN_XBL,SPF_HELO_PASS,SPF_PASS scantime=2.5,size=5811,user=oksana,uid=1004,required_score=5.0,rhost=localhost,raddr=127.0.0.1,rport=/var/run/spamd/spamd.sock,mid=<87f701cbdf1e$91c9ee85$9598e9c3@wstweststellingwerf.nl>,bayes=1.000000,autolearn=no 
Mar 10 15:34:44 mx spamd[58660]: prefork: child states: II 
Mar 10 15:34:48 mx spamd[14198]: spamd: got connection over /var/run/spamd/spamd.sock 
Mar 10 15:34:48 mx spamd[14198]: spamd: using default config for zudenkova: /data/vmail/zudenkova/spamassassin/user_prefs 
Mar 10 15:34:48 mx spamd[14198]: spamd: processing message <653901cbdf1e$564d26fe$c2944cb7@opx.co.uk> for zudenkova:1004 
Mar 10 15:34:50 mx spamd[14198]: spamd: identified spam (14.4/5.0) for zudenkova:1004 in 2.8 seconds, 5746 bytes. 
Mar 10 15:34:50 mx spamd[14198]: spamd: result: Y 14 - BAYES_99,DCC_CHECK,DOS_OE_TO_MX,HK_RANDOM_ENVFROM,HTML_MESSAGE,RCVD_IN_BL_SPAMCOP_NET,RCVD_IN_BRBL_LASTEXT,RCVD_IN_PBL,RCVD_IN_SORBS_DUL,RCVD_IN_XBL,RDNS_NONE,SPF_HELO_PASS,SPF_PASS scantime=2.8,size=5746,user=zudenkova,uid=1004,required_score=5.0,rhost=localhost,raddr=127.0.0.1,rport=/var/run/spamd/spamd.sock,mid=<653901cbdf1e$564d26fe$c2944cb7@opx.co.uk>,bayes=1.000000,autolearn=spam 
Mar 10 15:34:50 mx spamd[58660]: prefork: child states: II 
Mar 10 15:34:51 mx spamd[14198]: spamd: got connection over /var/run/spamd/spamd.sock 
Mar 10 15:34:51 mx spamd[14198]: spamd: using default config for chief: /data/vmail/chief/spamassassin/user_prefs 
Mar 10 15:34:51 mx spamd[14198]: spamd: processing message <dd7f01cbdf1e$b9b71b49$bd603fee@trainingonline.com.au> for chief:1004 
Mar 10 15:34:53 mx spamd[14198]: spamd: identified spam (10.3/5.0) for chief:1004 in 2.5 seconds, 5832 bytes. 
Mar 10 15:34:53 mx spamd[14198]: spamd: result: Y 10 - BAYES_99,DCC_CHECK,DOS_OE_TO_MX,HTML_MESSAGE,RCVD_IN_BL_SPAMCOP_NET,RCVD_IN_BRBL_LASTEXT,RCVD_IN_XBL,SPF_HELO_PASS,SPF_PASS scantime=2.5,size=5832,user=chief,uid=1004,required_score=5.0,rhost=localhost,raddr=127.0.0.1,rport=/var/run/spamd/spamd.sock,mid=<dd7f01cbdf1e$b9b71b49$bd603fee@trainingonline.com.au>,bayes=1.000000,autolearn=no 
Mar 10 15:34:54 mx spamd[58660]: prefork: child states: II 
Mar 10 15:35:37 mx spamd[14198]: spamd: got connection over /var/run/spamd/spamd.sock 
Mar 10 15:35:37 mx spamd[14198]: spamd: using default config for manager-shop: /data/vmail/manager-shop/spamassassin/user_prefs 
Mar 10 15:35:37 mx spamd[22235]: spamd: got connection over /var/run/spamd/spamd.sock 
Mar 10 15:35:37 mx spamd[22235]: spamd: using default config for spb: /data/vmail/spb/spamassassin/user_prefs 
Mar 10 15:35:37 mx spamd[14198]: spamd: processing message <0312D43L4X7F92B48PSN1F297X4OAV55@boysinuniform.com> for manager-shop:1004 
Mar 10 15:35:37 mx spamd[22235]: spamd: processing message <000d01cbdf1f$a3775c80$6400a8c0@newmire5> for spb:1004 
Mar 10 15:35:41 mx spamd[14198]: spamd: identified spam (33.5/5.0) for manager-shop:1004 in 4.1 seconds, 9764 bytes. 
Mar 10 15:35:41 mx spamd[14198]: spamd: result: Y 33 - BAYES_99,DRUGS_ERECTILE,DRUGS_ERECTILE_OBFU,HTML_MESSAGE,LONGWORDS,RAZOR2_CF_RANGE_51_100,RAZOR2_CF_RANGE_E8_51_100,RAZOR2_CHECK,RCVD_IN_BRBL_LASTEXT,RCVD_IN_PBL,RCVD_IN_PSBL,RCVD_IN_XBL,RDNS_NONE,TO_IN_SUBJ,T_SURBL_MULTI1,T_SURBL_MULTI2,T_SURBL_MULTI3,T_URIBL_BLACK_OVERLAP,URIBL_AB_SURBL,URIBL_BLACK,URIBL_DBL_SPAM,URIBL_JP_SURBL,URIBL_SC_SURBL,URIBL_WS_SURBL scantime=4.1,size=9764,user=manager-shop,uid=1004,required_score=5.0,rhost=localhost,raddr=127.0.0.1,rport=/var/run/spamd/spamd.sock,mid=<0312D43L4X7F92B48PSN1F297X4OAV55@boysinuniform.com>,bayes=1.000000,autolearn=spam 
Mar 10 15:35:41 mx spamd[58660]: prefork: child states: IB 
Mar 10 15:35:42 mx spamd[22235]: spamd: identified spam (19.1/5.0) for spb:1004 in 4.8 seconds, 26081 bytes. 
Mar 10 15:35:42 mx spamd[22235]: spamd: result: Y 19 - DCC_CHECK,DIGEST_MULTIPLE,FSL_HELO_NON_FQDN_1,HELO_NO_DOMAIN,HTML_MESSAGE,KB_RATWARE_OUTLOOK_MID,MIME_QP_LONG_LINE,PYZOR_CHECK,RAZOR2_CF_RANGE_51_100,RAZOR2_CF_RANGE_E4_51_100,RAZOR2_CHECK,RCVD_IN_BL_SPAMCOP_NET,RCVD_IN_BRBL_LASTEXT,RCVD_IN_PBL,RCVD_IN_XBL,RDNS_NONE,SPF_NEUTRAL scantime=4.8,size=26081,user=spb,uid=1004,required_score=5.0,rhost=localhost,raddr=127.0.0.1,rport=/var/run/spamd/spamd.sock,mid=<000d01cbdf1f$a3775c80$6400a8c0@newmire5>,autolearn=spam 
Mar 10 15:35:42 mx spamd[58660]: prefork: child states: II 
Mar 10 15:36:00 mx spamd[14198]: spamd: got connection over /var/run/spamd/spamd.sock 
Mar 10 15:36:00 mx spamd[14198]: spamd: using default config for natasha: /data/vmail/natasha/spamassassin/user_prefs 
Mar 10 15:36:00 mx spamd[22235]: spamd: got connection over /var/run/spamd/spamd.sock 
Mar 10 15:36:00 mx spamd[22235]: spamd: using default config for pal: /data/vmail/pal/spamassassin/user_prefs 
Mar 10 15:36:00 mx spamd[14198]: spamd: processing message <5DE627A621424A8482A7829C3678CEAD@User> for natasha:1004 
Mar 10 15:36:01 mx spamd[22235]: spamd: processing message <000e01cbdf1f$b262f100$c44f083a@seven.se> for pal:1004 
Mar 10 15:36:03 mx spamd[22235]: spamd: identified spam (20.8/5.0) for pal:1004 in 2.9 seconds, 5467 bytes. 
Mar 10 15:36:03 mx spamd[22235]: spamd: result: Y 20 - BAYES_99,DCC_CHECK,DIGEST_MULTIPLE,PYZOR_CHECK,RCVD_IN_BRBL_LASTEXT,RCVD_IN_PBL,RCVD_IN_PSBL,RCVD_IN_SORBS_DUL,RCVD_IN_XBL,RDNS_DYNAMIC,SPF_SOFTFAIL,T_URIBL_BLACK_OVERLAP,URIBL_BLACK,URIBL_DBL_SPAM,URIBL_WS_SURBL scantime=2.9,size=5467,user=pal,uid=1004,required_score=5.0,rhost=localhost,raddr=127.0.0.1,rport=/var/run/spamd/spamd.sock,mid=<000e01cbdf1f$b262f100$c44f083a@seven.se>,bayes=1.000000,autolearn=spam 
Mar 10 15:36:03 mx spamd[58660]: prefork: child states: BI 
Mar 10 15:36:06 mx spamd[22235]: spamd: got connection over /var/run/spamd/spamd.sock 
Mar 10 15:36:06 mx spamd[22235]: spamd: using default config for sale: /data/vmail/sale/spamassassin/user_prefs 
Mar 10 15:36:07 mx spamd[22235]: spamd: processing message <000e01cbdf1f$b5f67800$c44f083a@relationshipsinrecovery.com> for sale:1004 
Mar 10 15:36:10 mx spamd[22235]: spamd: identified spam (24.4/4.0) for sale:1004 in 3.1 seconds, 5568 bytes. 
Mar 10 15:36:10 mx spamd[22235]: spamd: result: Y 24 - BAYES_99,DCC_CHECK,DIGEST_MULTIPLE,PYZOR_CHECK,RAZOR2_CF_RANGE_51_100,RAZOR2_CF_RANGE_E4_51_100,RAZOR2_CHECK,RCVD_IN_BRBL_LASTEXT,RCVD_IN_PBL,RCVD_IN_PSBL,RCVD_IN_SORBS_DUL,RCVD_IN_XBL,RDNS_DYNAMIC,STOX_REPLY_TYPE,STOX_REPLY_TYPE_WITHOUT_QUOTES,T_URIBL_BLACK_OVERLAP,URIBL_BLACK,URIBL_DBL_SPAM,URIBL_WS_SURBL scantime=3.1,size=5568,user=sale,uid=1004,required_score=4.0,rhost=localhost,raddr=127.0.0.1,rport=/var/run/spamd/spamd.sock,mid=<000e01cbdf1f$b5f67800$c44f083a@relationshipsinrecovery.com>,bayes=1.000000,autolearn=spam 
Mar 10 15:36:10 mx spamd[58660]: prefork: child states: BI 
Mar 10 15:36:13 mx spamd[22235]: spamd: got connection over /var/run/spamd/spamd.sock 
Mar 10 15:36:13 mx spamd[22235]: spamd: using default config for pospelova: /data/vmail/pospelova/spamassassin/user_prefs 
Mar 10 15:36:13 mx spamd[22235]: spamd: processing message <000e01cbdf1f$ba229580$c44f083a@rossbab.com> for pospelova:1004 
Mar 10 15:36:16 mx spamd[22235]: spamd: identified spam (20.2/5.0) for pospelova:1004 in 3.3 seconds, 5495 bytes. 
Mar 10 15:36:16 mx spamd[22235]: spamd: result: Y 20 - BAYES_99,DCC_CHECK,DIGEST_MULTIPLE,PYZOR_CHECK,RCVD_IN_BRBL_LASTEXT,RCVD_IN_PBL,RCVD_IN_PSBL,RCVD_IN_SORBS_DUL,RCVD_IN_XBL,RDNS_DYNAMIC,T_URIBL_BLACK_OVERLAP,URIBL_BLACK,URIBL_DBL_SPAM,URIBL_WS_SURBL scantime=3.3,size=5495,user=pospelova,uid=1004,required_score=5.0,rhost=localhost,raddr=127.0.0.1,rport=/var/run/spamd/spamd.sock,mid=<000e01cbdf1f$ba229580$c44f083a@rossbab.com>,bayes=1.000000,autolearn=spam 
Mar 10 15:36:16 mx spamd[58660]: prefork: child states: BI 
Mar 10 15:36:18 mx spamd[14198]: spamd: identified spam (13.5/5.0) for natasha:1004 in 17.9 seconds, 38354 bytes. 
Mar 10 15:36:18 mx spamd[14198]: spamd: result: Y 13 - DATE_IN_PAST_24_48,DCC_CHECK,DIGEST_MULTIPLE,DNS_FROM_RFC_DSN,EXTRA_MPART_TYPE,FSL_MID_419,HTML_FONT_SIZE_LARGE,HTML_MESSAGE,PYZOR_CHECK,RCVD_IN_BRBL_LASTEXT,RCVD_IN_PBL,RCVD_IN_XBL,RDNS_NONE,RFC_ABUSE_POST scantime=17.9,size=38354,user=natasha,uid=1004,required_score=5.0,rhost=localhost,raddr=127.0.0.1,rport=/var/run/spamd/spamd.sock,mid=<5DE627A621424A8482A7829C3678CEAD@User>,autolearn=spam 
Mar 10 15:36:18 mx spamd[58660]: prefork: child states: II 
Mar 10 15:36:20 mx spamd[14198]: spamd: got connection over /var/run/spamd/spamd.sock 
Mar 10 15:36:20 mx spamd[14198]: spamd: using default config for pushkina: /data/vmail/pushkina/spamassassin/user_prefs 
Mar 10 15:36:21 mx spamd[14198]: spamd: processing message <000e01cbdf1f$bdb61c80$c44f083a@rostov.ru> for pushkina:1004 
Mar 10 15:36:22 mx spamd[22235]: spamd: got connection over /var/run/spamd/spamd.sock 
Mar 10 15:36:22 mx spamd[22235]: spamd: using default config for kovaleva: /data/vmail/kovaleva/spamassassin/user_prefs 
Mar 10 15:36:22 mx spamd[22235]: spamd: processing message <5DE627A621424A8482A7829C3678CEAD@User> for kovaleva:1004 
Mar 10 15:36:23 mx spamd[14198]: spamd: identified spam (25.1/5.0) for pushkina:1004 in 3.2 seconds, 5503 bytes. 
Mar 10 15:36:23 mx spamd[14198]: spamd: result: Y 25 - BAYES_99,DCC_CHECK,DIGEST_MULTIPLE,PYZOR_CHECK,RAZOR2_CF_RANGE_51_100,RAZOR2_CF_RANGE_E4_51_100,RAZOR2_CHECK,RCVD_IN_BRBL_LASTEXT,RCVD_IN_PBL,RCVD_IN_PSBL,RCVD_IN_SORBS_DUL,RCVD_IN_XBL,RDNS_DYNAMIC,SPF_SOFTFAIL,STOX_REPLY_TYPE,STOX_REPLY_TYPE_WITHOUT_QUOTES,T_URIBL_BLACK_OVERLAP,URIBL_BLACK,URIBL_DBL_SPAM,URIBL_WS_SURBL scantime=3.2,size=5503,user=pushkina,uid=1004,required_score=5.0,rhost=localhost,raddr=127.0.0.1,rport=/var/run/spamd/spamd.sock,mid=<000e01cbdf1f$bdb61c80$c44f083a@rostov.ru>,bayes=1.000000,autolearn=spam 
Mar 10 15:36:23 mx spamd[58660]: prefork: child states: IB 
Mar 10 15:36:25 mx spamd[14198]: spamd: got connection over /var/run/spamd/spamd.sock 
Mar 10 15:36:25 mx spamd[14198]: spamd: using default config for pospelova: /data/vmail/pospelova/spamassassin/user_prefs 
Mar 10 15:36:25 mx spamd[22235]: spamd: identified spam (17.1/5.0) for kovaleva:1004 in 3.4 seconds, 38448 bytes. 
Mar 10 15:36:25 mx spamd[22235]: spamd: result: Y 17 - BAYES_99,DATE_IN_PAST_24_48,DCC_CHECK,DIGEST_MULTIPLE,EXTRA_MPART_TYPE,FSL_MID_419,HTML_FONT_SIZE_LARGE,HTML_MESSAGE,PYZOR_CHECK,RCVD_IN_BL_SPAMCOP_NET,RCVD_IN_BRBL_LASTEXT,RCVD_IN_PSBL,RCVD_IN_XBL,RDNS_NONE,SPF_FAIL scantime=3.4,size=38448,user=kovaleva,uid=1004,required_score=5.0,rhost=localhost,raddr=127.0.0.1,rport=/var/run/spamd/spamd.sock,mid=<5DE627A621424A8482A7829C3678CEAD@User>,bayes=1.000000,autolearn=spam 
Mar 10 15:36:25 mx spamd[58660]: prefork: child states: BI 
Mar 10 15:36:25 mx spamd[14198]: spamd: processing message <041801cbdf1e$3a02b1d1$ff68f9b3@aten.de> for pospelova:1004 
Mar 10 15:36:27 mx spamd[14198]: spamd: identified spam (11.1/5.0) for pospelova:1004 in 2.6 seconds, 5626 bytes. 
Mar 10 15:36:27 mx spamd[14198]: spamd: result: Y 11 - BAYES_99,DCC_CHECK,DOS_OE_TO_MX,HTML_MESSAGE,RCVD_IN_BL_SPAMCOP_NET,RCVD_IN_BRBL_LASTEXT,RCVD_IN_XBL,RDNS_NONE,SPF_HELO_PASS,SPF_PASS scantime=2.6,size=5626,user=pospelova,uid=1004,required_score=5.0,rhost=localhost,raddr=127.0.0.1,rport=/var/run/spamd/spamd.sock,mid=<041801cbdf1e$3a02b1d1$ff68f9b3@aten.de>,bayes=1.000000,autolearn=no 
Mar 10 15:36:27 mx spamd[58660]: prefork: child states: II 
Mar 10 15:36:29 mx spamd[14198]: spamd: got connection over /var/run/spamd/spamd.sock 
Mar 10 15:36:29 mx spamd[14198]: spamd: using default config for ryabova: /data/vmail/ryabova/spamassassin/user_prefs 
Mar 10 15:36:29 mx spamd[14198]: spamd: processing message <000e01cbdf1f$c1e23a00$c44f083a@relay.net> for ryabova:1004 
Mar 10 15:36:32 mx spamd[14198]: spamd: identified spam (20.2/5.0) for ryabova:1004 in 3.0 seconds, 5466 bytes. 
Mar 10 15:36:32 mx spamd[14198]: spamd: result: Y 20 - BAYES_99,DCC_CHECK,DIGEST_MULTIPLE,PYZOR_CHECK,RCVD_IN_BRBL_LASTEXT,RCVD_IN_PBL,RCVD_IN_PSBL,RCVD_IN_SORBS_DUL,RCVD_IN_XBL,RDNS_DYNAMIC,SPF_FAIL,T_URIBL_BLACK_OVERLAP,URIBL_BLACK,URIBL_DBL_SPAM,URIBL_WS_SURBL scantime=3.0,size=5466,user=ryabova,uid=1004,required_score=5.0,rhost=localhost,raddr=127.0.0.1,rport=/var/run/spamd/spamd.sock,mid=<000e01cbdf1f$c1e23a00$c44f083a@relay.net>,bayes=1.000000,autolearn=spam 
Mar 10 15:36:32 mx spamd[58660]: prefork: child states: II 
Mar 10 15:36:39 mx spamd[14198]: spamd: got connection over /var/run/spamd/spamd.sock 
Mar 10 15:36:39 mx spamd[14198]: spamd: using default config for shurik: /data/vmail/shurik/spamassassin/user_prefs 
Mar 10 15:36:39 mx spamd[14198]: spamd: processing message <8c2401cbdf1f$0bec6c47$14abc115@amethystchocolate.com> for shurik:1004 
Mar 10 15:36:40 mx spamd[22235]: spamd: got connection over /var/run/spamd/spamd.sock 
Mar 10 15:36:40 mx spamd[22235]: spamd: using default config for sale: /data/vmail/sale/spamassassin/user_prefs 
Mar 10 15:36:40 mx spamd[22235]: spamd: processing message <000e01cbdf1f$c870b180$c44f083a@revelstoke.co.uk> for sale:1004 
Mar 10 15:36:42 mx spamd[14198]: spamd: identified spam (15.3/5.0) for shurik:1004 in 2.7 seconds, 5746 bytes. 
Mar 10 15:36:42 mx spamd[14198]: spamd: result: Y 15 - BAYES_99,DCC_CHECK,DOS_OE_TO_MX,HTML_MESSAGE,RCVD_IN_BL_SPAMCOP_NET,RCVD_IN_BRBL_LASTEXT,RCVD_IN_PBL,RCVD_IN_SORBS_DUL,RCVD_IN_XBL,RDNS_DYNAMIC,SPF_HELO_PASS,SPF_PASS,TVD_RCVD_IP scantime=2.7,size=5746,user=shurik,uid=1004,required_score=5.0,rhost=localhost,raddr=127.0.0.1,rport=/var/run/spamd/spamd.sock,mid=<8c2401cbdf1f$0bec6c47$14abc115@amethystchocolate.com>,bayes=1.000000,autolearn=no 
Mar 10 15:36:42 mx spamd[58660]: prefork: child states: IB 
Mar 10 15:36:43 mx spamd[22235]: spamd: identified spam (24.4/4.0) for sale:1004 in 2.9 seconds, 5522 bytes. 
Mar 10 15:36:43 mx spamd[22235]: spamd: result: Y 24 - BAYES_99,DCC_CHECK,DIGEST_MULTIPLE,PYZOR_CHECK,RAZOR2_CF_RANGE_51_100,RAZOR2_CF_RANGE_E4_51_100,RAZOR2_CHECK,RCVD_IN_BRBL_LASTEXT,RCVD_IN_PBL,RCVD_IN_PSBL,RCVD_IN_SORBS_DUL,RCVD_IN_XBL,RDNS_DYNAMIC,STOX_REPLY_TYPE,STOX_REPLY_TYPE_WITHOUT_QUOTES,T_URIBL_BLACK_OVERLAP,URIBL_BLACK,URIBL_DBL_SPAM,URIBL_WS_SURBL scantime=2.9,size=5522,user=sale,uid=1004,required_score=4.0,rhost=localhost,raddr=127.0.0.1,rport=/var/run/spamd/spamd.sock,mid=<000e01cbdf1f$c870b180$c44f083a@revelstoke.co.uk>,bayes=1.000000,autolearn=spam 
Mar 10 15:36:43 mx spamd[58660]: prefork: child states: II 
Mar 10 15:36:46 mx spamd[14198]: spamd: got connection over /var/run/spamd/spamd.sock 
Mar 10 15:36:46 mx spamd[14198]: spamd: using default config for samujlova: /data/vmail/samujlova/spamassassin/user_prefs 
Mar 10 15:36:46 mx spamd[14198]: spamd: processing message <000e01cbdf1f$cd356580$c44f083a@schwarzenegger.com> for samujlova:1004 
Mar 10 15:36:49 mx spamd[14198]: spamd: identified spam (19.3/5.0) for samujlova:1004 in 3.2 seconds, 5548 bytes. 
Mar 10 15:36:49 mx spamd[14198]: spamd: result: Y 19 - DCC_CHECK,DIGEST_MULTIPLE,PYZOR_CHECK,RCVD_IN_BRBL_LASTEXT,RCVD_IN_PBL,RCVD_IN_PSBL,RCVD_IN_SORBS_DUL,RCVD_IN_XBL,RDNS_DYNAMIC,STOX_REPLY_TYPE,STOX_REPLY_TYPE_WITHOUT_QUOTES,T_URIBL_BLACK_OVERLAP,URIBL_BLACK,URIBL_DBL_SPAM,URIBL_WS_SURBL scantime=3.2,size=5548,user=samujlova,uid=1004,required_score=5.0,rhost=localhost,raddr=127.0.0.1,rport=/var/run/spamd/spamd.sock,mid=<000e01cbdf1f$cd356580$c44f083a@schwarzenegger.com>,autolearn=spam 
Mar 10 15:36:49 mx spamd[58660]: prefork: child states: II 
Mar 10 15:36:51 mx spamd[14198]: spamd: got connection over /var/run/spamd/spamd.sock 
Mar 10 15:36:51 mx spamd[14198]: spamd: using default config for sasha: /data/vmail/sasha/spamassassin/user_prefs 
Mar 10 15:36:51 mx spamd[14198]: spamd: processing message <000e01cbdf1f$d0c8ec80$c44f083a@sexoatumanera.com> for sasha:1004 
Mar 10 15:36:55 mx spamd[14198]: spamd: identified spam (21.9/5.0) for sasha:1004 in 4.5 seconds, 5522 bytes. 
Mar 10 15:36:55 mx spamd[14198]: spamd: result: Y 21 - DCC_CHECK,DIGEST_MULTIPLE,PYZOR_CHECK,RAZOR2_CF_RANGE_51_100,RAZOR2_CF_RANGE_E4_51_100,RAZOR2_CHECK,RCVD_IN_BRBL_LASTEXT,RCVD_IN_PBL,RCVD_IN_PSBL,RCVD_IN_SORBS_DUL,RCVD_IN_XBL,RDNS_DYNAMIC,STOX_REPLY_TYPE,STOX_REPLY_TYPE_WITHOUT_QUOTES,T_URIBL_BLACK_OVERLAP,URIBL_BLACK,URIBL_DBL_SPAM,URIBL_WS_SURBL scantime=4.5,size=5522,user=sasha,uid=1004,required_score=5.0,rhost=localhost,raddr=127.0.0.1,rport=/var/run/spamd/spamd.sock,mid=<000e01cbdf1f$d0c8ec80$c44f083a@sexoatumanera.com>,autolearn=spam 
Mar 10 15:36:56 mx spamd[58660]: prefork: child states: II 
Mar 10 15:37:16 mx spamd[14198]: spamd: got connection over /var/run/spamd/spamd.sock 
Mar 10 15:37:16 mx spamd[14198]: spamd: using default config for sasha: /data/vmail/sasha/spamassassin/user_prefs 
Mar 10 15:37:16 mx spamd[14198]: spamd: processing message <000e01cbdf1f$dfaf9f00$1edfd9c4@rpnz.co.nz> for sasha:1004 
Mar 10 15:37:25 mx spamd[14198]: spamd: identified spam (19.3/5.0) for sasha:1004 in 8.6 seconds, 5518 bytes. 
Mar 10 15:37:25 mx spamd[14198]: spamd: result: Y 19 - DCC_CHECK,DIGEST_MULTIPLE,PYZOR_CHECK,RCVD_IN_BRBL_LASTEXT,RCVD_IN_PBL,RCVD_IN_PSBL,RCVD_IN_SORBS_DUL,RCVD_IN_XBL,RDNS_DYNAMIC,STOX_REPLY_TYPE,STOX_REPLY_TYPE_WITHOUT_QUOTES,T_URIBL_BLACK_OVERLAP,URIBL_BLACK,URIBL_DBL_SPAM,URIBL_WS_SURBL scantime=8.6,size=5518,user=sasha,uid=1004,required_score=5.0,rhost=localhost,raddr=127.0.0.1,rport=/var/run/spamd/spamd.sock,mid=<000e01cbdf1f$dfaf9f00$1edfd9c4@rpnz.co.nz>,autolearn=spam 
Mar 10 15:37:25 mx spamd[58660]: prefork: child states: II 
Mar 10 15:37:31 mx spamd[14198]: spamd: got connection over /var/run/spamd/spamd.sock 
Mar 10 15:37:31 mx spamd[14198]: spamd: using default config for manager-shop: /data/vmail/manager-shop/spamassassin/user_prefs 
Mar 10 15:37:31 mx spamd[14198]: spamd: processing message <0E6563D2DAF247ECB5F6B9842BA45D24@admin> for manager-shop:1004 
Mar 10 15:37:33 mx spamd[22235]: spamd: got connection over /var/run/spamd/spamd.sock 
Mar 10 15:37:33 mx spamd[22235]: spamd: using default config for serge_ali: /data/vmail/serge_ali/spamassassin/user_prefs 
Mar 10 15:37:34 mx spamd[22235]: spamd: processing message <000e01cbdf1f$eb02ca80$00e7da29@salientbusinesssolutions.com> for serge_ali:1004 
Mar 10 15:37:35 mx spamd[14198]: spamd: identified spam (25.1/5.0) for manager-shop:1004 in 3.4 seconds, 1828 bytes. 
Mar 10 15:37:35 mx spamd[14198]: spamd: result: Y 25 - BAYES_99,DATE_IN_PAST_96_XX,DCC_CHECK,DIGEST_MULTIPLE,HTML_MESSAGE,RAZOR2_CF_RANGE_51_100,RAZOR2_CF_RANGE_E8_51_100,RAZOR2_CHECK,RCVD_IN_BL_SPAMCOP_NET,RCVD_IN_BRBL_LASTEXT,RCVD_IN_PSBL,RCVD_IN_SORBS_WEB,RCVD_IN_XBL,RDNS_NONE,SPF_HELO_NEUTRAL,SPF_NEUTRAL,T_SURBL_MULTI1,URIBL_DBL_SPAM,URIBL_JP_SURBL,URIBL_PH_SURBL,URIBL_WS_SURBL scantime=3.4,size=1828,user=manager-shop,uid=1004,required_score=5.0,rhost=localhost,raddr=127.0.0.1,rport=/var/run/spamd/spamd.sock,mid=<0E6563D2DAF247ECB5F6B9842BA45D24@admin>,bayes=1.000000,autolearn=spam 
Mar 10 15:37:35 mx spamd[58660]: prefork: child states: IB 
Mar 10 15:37:36 mx spamd[14198]: spamd: got connection over /var/run/spamd/spamd.sock 
Mar 10 15:37:36 mx spamd[14198]: spamd: using default config for order-shop: /data/vmail/order-shop/spamassassin/user_prefs 
Mar 10 15:37:36 mx spamd[14198]: spamd: processing message <000d01cbdf1f$e9617690$6400a8c0@freypu66> for order-shop:1004 
Mar 10 15:37:37 mx spamd[22235]: spamd: identified spam (14.5/5.0) for serge_ali:1004 in 3.2 seconds, 5536 bytes. 
Mar 10 15:37:37 mx spamd[22235]: spamd: result: Y 14 - DCC_CHECK,DIGEST_MULTIPLE,PYZOR_CHECK,RCVD_IN_BRBL_LASTEXT,RCVD_IN_PBL,RCVD_IN_XBL,RDNS_DYNAMIC,T_URIBL_BLACK_OVERLAP,URIBL_BLACK,URIBL_DBL_SPAM,URIBL_WS_SURBL scantime=3.2,size=5536,user=serge_ali,uid=1004,required_score=5.0,rhost=localhost,raddr=127.0.0.1,rport=/var/run/spamd/spamd.sock,mid=<000e01cbdf1f$eb02ca80$00e7da29@salientbusinesssolutions.com>,autolearn=spam 
Mar 10 15:37:37 mx spamd[58660]: prefork: child states: BI 
Mar 10 15:37:39 mx spamd[14198]: spamd: identified spam (13.7/5.0) for order-shop:1004 in 2.8 seconds, 4005 bytes. 
Mar 10 15:37:39 mx spamd[14198]: spamd: result: Y 13 - BAYES_99,FH_FAKE_RCVD_LINE_B,RCVD_IN_BL_SPAMCOP_NET,RCVD_IN_BRBL_LASTEXT,RCVD_IN_XBL,RDNS_NONE,STOX_REPLY_TYPE,STOX_REPLY_TYPE_WITHOUT_QUOTES scantime=2.8,size=4005,user=order-shop,uid=1004,required_score=5.0,rhost=localhost,raddr=127.0.0.1,rport=/var/run/spamd/spamd.sock,mid=<000d01cbdf1f$e9617690$6400a8c0@freypu66>,bayes=1.000000,autolearn=no 
Mar 10 15:37:39 mx spamd[58660]: prefork: child states: II 
Mar 10 15:37:39 mx spamd[14198]: spamd: got connection over /var/run/spamd/spamd.sock 
Mar 10 15:37:39 mx spamd[14198]: spamd: using default config for manager-shop: /data/vmail/manager-shop/spamassassin/user_prefs 
Mar 10 15:37:39 mx spamd[14198]: spamd: processing message <000d01cbdf1f$e9617690$6400a8c0@freypu66> for manager-shop:1004 
Mar 10 15:37:42 mx spamd[14198]: spamd: identified spam (13.7/5.0) for manager-shop:1004 in 2.6 seconds, 4005 bytes. 
Mar 10 15:37:42 mx spamd[14198]: spamd: result: Y 13 - BAYES_99,FH_FAKE_RCVD_LINE_B,RCVD_IN_BL_SPAMCOP_NET,RCVD_IN_BRBL_LASTEXT,RCVD_IN_XBL,RDNS_NONE,STOX_REPLY_TYPE,STOX_REPLY_TYPE_WITHOUT_QUOTES scantime=2.6,size=4005,user=manager-shop,uid=1004,required_score=5.0,rhost=localhost,raddr=127.0.0.1,rport=/var/run/spamd/spamd.sock,mid=<000d01cbdf1f$e9617690$6400a8c0@freypu66>,bayes=1.000000,autolearn=no 
Mar 10 15:37:42 mx spamd[58660]: prefork: child states: II 
Mar 10 15:37:55 mx spamd[14198]: spamd: got connection over /var/run/spamd/spamd.sock 
Mar 10 15:37:55 mx spamd[14198]: spamd: using default config for lilly: /data/vmail/lilly/spamassassin/user_prefs 
Mar 10 15:37:56 mx spamd[22235]: spamd: got connection over /var/run/spamd/spamd.sock 
Mar 10 15:37:56 mx spamd[22235]: spamd: using default config for sasha: /data/vmail/sasha/spamassassin/user_prefs 
Mar 10 15:37:56 mx spamd[14198]: spamd: processing message <000d01cbdf1f$eb40bde0$6400a8c0@floodinglu6> for lilly:1004 
Mar 10 15:37:56 mx spamd[22235]: spamd: processing message <000d01cbdf1f$f8d267b0$6400a8c0@bimer506> for sasha:1004 
Mar 10 15:38:00 mx spamd[22235]: spamd: identified spam (13.6/5.0) for sasha:1004 in 4.8 seconds, 26105 bytes. 
Mar 10 15:38:00 mx spamd[22235]: spamd: result: Y 13 - DIGEST_MULTIPLE,FSL_HELO_NON_FQDN_1,HELO_NO_DOMAIN,HTML_MESSAGE,KB_RATWARE_OUTLOOK_MID,MIME_QP_LONG_LINE,PYZOR_CHECK,RAZOR2_CF_RANGE_51_100,RAZOR2_CF_RANGE_E4_51_100,RAZOR2_CHECK,RCVD_IN_BRBL_LASTEXT,RCVD_IN_XBL,RDNS_NONE,SPF_SOFTFAIL scantime=4.8,size=26105,user=sasha,uid=1004,required_score=5.0,rhost=localhost,raddr=127.0.0.1,rport=/var/run/spamd/spamd.sock,mid=<000d01cbdf1f$f8d267b0$6400a8c0@bimer506>,autolearn=spam 
Mar 10 15:38:00 mx spamd[22235]: spamd: got connection over /var/run/spamd/spamd.sock 
Mar 10 15:38:00 mx spamd[58660]: prefork: child states: BB 
Mar 10 15:38:00 mx spamd[22235]: spamd: using default config for samujlova: /data/vmail/samujlova/spamassassin/user_prefs 
Mar 10 15:38:00 mx spamd[58660]: spamd: server successfully spawned child process, pid 24278 
Mar 10 15:38:00 mx spamd[58660]: prefork: adjust: 0 idle children less than 1 minimum idle children. Increasing spamd children: 24278 started. 
Mar 10 15:38:00 mx spamd[58660]: prefork: child states: BBI 
Mar 10 15:38:01 mx spamd[22235]: spamd: processing message <000e01cbdf1f$f7872300$1edfd9c4@seabrothers.spb.ru> for samujlova:1004 
Mar 10 15:38:01 mx spamd[14198]: spamd: identified spam (9.2/5.0) for lilly:1004 in 5.6 seconds, 4068 bytes. 
Mar 10 15:38:01 mx spamd[14198]: spamd: result: Y 9 - DCC_CHECK,FSL_HELO_NON_FQDN_1,HELO_NO_DOMAIN,RCVD_IN_BL_SPAMCOP_NET,RCVD_IN_BRBL_LASTEXT,RCVD_IN_PSBL,RCVD_IN_XBL,STOX_REPLY_TYPE,STOX_REPLY_TYPE_WITHOUT_QUOTES scantime=5.6,size=4068,user=lilly,uid=1004,required_score=5.0,rhost=localhost,raddr=127.0.0.1,rport=/var/run/spamd/spamd.sock,mid=<000d01cbdf1f$eb40bde0$6400a8c0@floodinglu6>,bayes=1.000000,autolearn=no 
Mar 10 15:38:01 mx spamd[58660]: prefork: child states: IBI 
Mar 10 15:38:03 mx spamd[22235]: spamd: identified spam (19.8/5.0) for samujlova:1004 in 2.9 seconds, 5513 bytes. 
Mar 10 15:38:03 mx spamd[22235]: spamd: result: Y 19 - DCC_CHECK,DIGEST_MULTIPLE,PYZOR_CHECK,RAZOR2_CF_RANGE_51_100,RAZOR2_CF_RANGE_E4_51_100,RAZOR2_CHECK,RCVD_IN_BRBL_LASTEXT,RCVD_IN_PBL,RCVD_IN_PSBL,RCVD_IN_SORBS_DUL,RCVD_IN_XBL,RDNS_DYNAMIC,T_URIBL_BLACK_OVERLAP,URIBL_BLACK,URIBL_DBL_SPAM,URIBL_WS_SURBL scantime=2.9,size=5513,user=samujlova,uid=1004,required_score=5.0,rhost=localhost,raddr=127.0.0.1,rport=/var/run/spamd/spamd.sock,mid=<000e01cbdf1f$f7872300$1edfd9c4@seabrothers.spb.ru>,autolearn=spam 
Mar 10 15:38:03 mx spamd[58660]: prefork: child states: III 
Mar 10 15:38:03 mx spamd[58660]: prefork: adjust: 3 idle children more than 2 maximum idle children. Decreasing spamd children: 24278 killed. 
Mar 10 15:38:03 mx spamd[58660]: prefork: child states: IIK 
Mar 10 15:38:07 mx spamd[14198]: spamd: got connection over /var/run/spamd/spamd.sock 
Mar 10 15:38:07 mx spamd[14198]: spamd: using default config for secretary: /data/vmail/secretary/spamassassin/user_prefs 
Mar 10 15:38:07 mx spamd[14198]: spamd: processing message <000e01cbdf1f$fd7d0400$00e7da29@selling-process.com> for secretary:1004 
Mar 10 15:38:10 mx spamd[14198]: spamd: identified spam (17.1/5.0) for secretary:1004 in 3.2 seconds, 5503 bytes. 
Mar 10 15:38:10 mx spamd[14198]: spamd: result: Y 17 - DCC_CHECK,DIGEST_MULTIPLE,PYZOR_CHECK,RAZOR2_CF_RANGE_51_100,RAZOR2_CF_RANGE_E4_51_100,RAZOR2_CHECK,RCVD_IN_BRBL_LASTEXT,RCVD_IN_PBL,RCVD_IN_XBL,RDNS_DYNAMIC,T_URIBL_BLACK_OVERLAP,URIBL_BLACK,URIBL_DBL_SPAM,URIBL_WS_SURBL scantime=3.2,size=5503,user=secretary,uid=1004,required_score=5.0,rhost=localhost,raddr=127.0.0.1,rport=/var/run/spamd/spamd.sock,mid=<000e01cbdf1f$fd7d0400$00e7da29@selling-process.com>,autolearn=spam 
Mar 10 15:38:10 mx spamd[58660]: prefork: child states: II 
Mar 10 15:38:37 mx spamd[14198]: spamd: got connection over /var/run/spamd/spamd.sock 
Mar 10 15:38:37 mx spamd[14198]: spamd: using default config for secretary: /data/vmail/secretary/spamassassin/user_prefs 
Mar 10 15:38:37 mx spamd[14198]: spamd: processing message <000e01cbdf20$0ff73d80$7f20a17a@renufl.com> for secretary:1004 
Mar 10 15:38:40 mx spamd[14198]: spamd: identified spam (14.7/5.0) for secretary:1004 in 3.0 seconds, 5459 bytes. 
Mar 10 15:38:40 mx spamd[14198]: spamd: result: Y 14 - DCC_CHECK,DIGEST_MULTIPLE,PYZOR_CHECK,RCVD_IN_BRBL_LASTEXT,RCVD_IN_PBL,RCVD_IN_SORBS_DUL,RDNS_NONE,T_URIBL_BLACK_OVERLAP,URIBL_BLACK,URIBL_DBL_SPAM,URIBL_WS_SURBL scantime=3.0,size=5459,user=secretary,uid=1004,required_score=5.0,rhost=localhost,raddr=127.0.0.1,rport=/var/run/spamd/spamd.sock,mid=<000e01cbdf20$0ff73d80$7f20a17a@renufl.com>,autolearn=spam 
Mar 10 15:38:40 mx spamd[58660]: prefork: child states: II 
Mar 10 15:38:44 mx spamd[14198]: spamd: got connection over /var/run/spamd/spamd.sock 
Mar 10 15:38:44 mx spamd[14198]: spamd: using default config for serge_ali: /data/vmail/serge_ali/spamassassin/user_prefs 
Mar 10 15:38:44 mx spamd[14198]: spamd: processing message <000e01cbdf20$14235b00$7f20a17a@robaroba.ddo.jp> for serge_ali:1004 
Mar 10 15:38:46 mx spamd[22235]: spamd: got connection over /var/run/spamd/spamd.sock 
Mar 10 15:38:46 mx spamd[22235]: spamd: using default config for sergey: /data/vmail/sergey/spamassassin/user_prefs 
Mar 10 15:38:46 mx spamd[22235]: spamd: processing message <000e01cbdf20$15ed1e80$7f20a17a@rpamartelli.com> for sergey:1004 
Mar 10 15:38:47 mx spamd[14198]: spamd: identified spam (17.3/5.0) for serge_ali:1004 in 3.7 seconds, 5453 bytes. 
Mar 10 15:38:47 mx spamd[14198]: spamd: result: Y 17 - DCC_CHECK,DIGEST_MULTIPLE,PYZOR_CHECK,RAZOR2_CF_RANGE_51_100,RAZOR2_CF_RANGE_E4_51_100,RAZOR2_CHECK,RCVD_IN_BRBL_LASTEXT,RCVD_IN_PBL,RCVD_IN_SORBS_DUL,RDNS_NONE,T_URIBL_BLACK_OVERLAP,URIBL_BLACK,URIBL_DBL_SPAM,URIBL_WS_SURBL scantime=3.7,size=5453,user=serge_ali,uid=1004,required_score=5.0,rhost=localhost,raddr=127.0.0.1,rport=/var/run/spamd/spamd.sock,mid=<000e01cbdf20$14235b00$7f20a17a@robaroba.ddo.jp>,autolearn=spam 
Mar 10 15:38:47 mx spamd[58660]: prefork: child states: IB 
Mar 10 15:38:49 mx spamd[22235]: spamd: identified spam (19.1/5.0) for sergey:1004 in 3.0 seconds, 5492 bytes. 
Mar 10 15:38:49 mx spamd[22235]: spamd: result: Y 19 - BAYES_99,DCC_CHECK,DIGEST_MULTIPLE,PYZOR_CHECK,RCVD_IN_BRBL_LASTEXT,RCVD_IN_PBL,RCVD_IN_SORBS_DUL,RDNS_NONE,STOX_REPLY_TYPE,STOX_REPLY_TYPE_WITHOUT_QUOTES,T_URIBL_BLACK_OVERLAP,URIBL_BLACK,URIBL_DBL_SPAM,URIBL_WS_SURBL scantime=3.0,size=5492,user=sergey,uid=1004,required_score=5.0,rhost=localhost,raddr=127.0.0.1,rport=/var/run/spamd/spamd.sock,mid=<000e01cbdf20$15ed1e80$7f20a17a@rpamartelli.com>,bayes=1.000000,autolearn=spam 
Mar 10 15:38:49 mx spamd[58660]: prefork: child states: II 
Mar 10 15:38:50 mx spamd[14198]: spamd: got connection over /var/run/spamd/spamd.sock 
Mar 10 15:38:50 mx spamd[14198]: spamd: using default config for zudenkova: /data/vmail/zudenkova/spamassassin/user_prefs 
Mar 10 15:38:50 mx spamd[14198]: spamd: processing message <000d01cbdf20$11c34af0$6400a8c0@net> for zudenkova:1004 
Mar 10 15:38:51 mx spamd[22235]: spamd: got connection over /var/run/spamd/spamd.sock 
Mar 10 15:38:51 mx spamd[22235]: spamd: using default config for marina: /data/vmail/marina/spamassassin/user_prefs 
Mar 10 15:38:51 mx spamd[22235]: spamd: processing message <000e01cbdf20$14235b00$7a8c603b@thelemur.net> for marina:1004 
Mar 10 15:38:55 mx spamd[14198]: spamd: identified spam (11.2/5.0) for zudenkova:1004 in 5.0 seconds, 26160 bytes. 
Mar 10 15:38:55 mx spamd[14198]: spamd: result: Y 11 - BAYES_99,DIGEST_MULTIPLE,HTML_MESSAGE,KB_RATWARE_OUTLOOK_MID,MIME_QP_LONG_LINE,PYZOR_CHECK,RAZOR2_CF_RANGE_51_100,RAZOR2_CF_RANGE_E4_51_100,RAZOR2_CHECK,RCVD_IN_BRBL_LASTEXT,RCVD_IN_XBL,SPF_SOFTFAIL scantime=5.0,size=26160,user=zudenkova,uid=1004,required_score=5.0,rhost=localhost,raddr=127.0.0.1,rport=/var/run/spamd/spamd.sock,mid=<000d01cbdf20$11c34af0$6400a8c0@net>,bayes=1.000000,autolearn=spam 
Mar 10 15:38:55 mx spamd[58660]: prefork: child states: BB 
Mar 10 15:38:55 mx spamd[14198]: spamd: got connection over /var/run/spamd/spamd.sock 
Mar 10 15:38:55 mx spamd[14198]: spamd: using default config for natasha: /data/vmail/natasha/spamassassin/user_prefs 
Mar 10 15:38:55 mx spamd[58660]: spamd: server successfully spawned child process, pid 24457 
Mar 10 15:38:55 mx spamd[58660]: prefork: adjust: 0 idle children less than 1 minimum idle children. Increasing spamd children: 24457 started. 
Mar 10 15:38:55 mx spamd[58660]: prefork: child states: BBB 
Mar 10 15:38:55 mx spamd[24457]: spamd: got connection over /var/run/spamd/spamd.sock 
Mar 10 15:38:55 mx spamd[58660]: spamd: server successfully spawned child process, pid 24458 
Mar 10 15:38:55 mx spamd[24457]: spamd: using default config for ryabova: /data/vmail/ryabova/spamassassin/user_prefs 
Mar 10 15:38:55 mx spamd[58660]: prefork: adjust: 0 idle children less than 1 minimum idle children. Increasing spamd children: 24458 started. 
Mar 10 15:38:55 mx spamd[58660]: prefork: child states: BBBB 
Mar 10 15:38:55 mx spamd[24458]: spamd: got connection over /var/run/spamd/spamd.sock 
Mar 10 15:38:55 mx spamd[58660]: spamd: server successfully spawned child process, pid 24459 
Mar 10 15:38:55 mx spamd[24458]: spamd: using default config for shurik: /data/vmail/shurik/spamassassin/user_prefs 
Mar 10 15:38:55 mx spamd[58660]: prefork: adjust: 0 idle children less than 1 minimum idle children. Increasing spamd children: 24459 started. 
Mar 10 15:38:55 mx spamd[58660]: prefork: child states: BBBBB 
Mar 10 15:38:55 mx spamd[24459]: spamd: got connection over /var/run/spamd/spamd.sock 
Mar 10 15:38:55 mx spamd[58660]: spamd: server successfully spawned child process, pid 24460 
Mar 10 15:38:55 mx spamd[58660]: prefork: adjust: 0 idle children less than 1 minimum idle children. Increasing spamd children: 24460 started. 
Mar 10 15:38:55 mx spamd[24459]: spamd: using default config for sale: /data/vmail/sale/spamassassin/user_prefs 
Mar 10 15:38:55 mx spamd[58660]: prefork: child states: BBBBBB 
Mar 10 15:38:55 mx spamd[24460]: spamd: got connection over /var/run/spamd/spamd.sock 
Mar 10 15:38:55 mx spamd[58660]: spamd: server successfully spawned child process, pid 24461 
Mar 10 15:38:55 mx spamd[24460]: spamd: using default config for lilly: /data/vmail/lilly/spamassassin/user_prefs 
Mar 10 15:38:55 mx spamd[58660]: prefork: adjust: 0 idle children less than 1 minimum idle children. Increasing spamd children: 24461 started. 
Mar 10 15:38:55 mx spamd[58660]: prefork: child states: BBBBBBB 
Mar 10 15:38:55 mx spamd[24461]: spamd: got connection over /var/run/spamd/spamd.sock 
Mar 10 15:38:55 mx spamd[24461]: spamd: using default config for chief: /data/vmail/chief/spamassassin/user_prefs 
Mar 10 15:38:55 mx spamd[58660]: spamd: server successfully spawned child process, pid 24462 
Mar 10 15:38:55 mx spamd[58660]: prefork: adjust: 0 idle children less than 1 minimum idle children. Increasing spamd children: 24462 started. 
Mar 10 15:38:55 mx spamd[58660]: prefork: child states: BBBBBBBI 
Mar 10 15:38:55 mx spamd[22235]: spamd: identified spam (34.6/5.0) for marina:1004 in 4.2 seconds, 10583 bytes. 
Mar 10 15:38:55 mx spamd[22235]: spamd: result: Y 34 - BAYES_99,DRUGS_ERECTILE,DRUGS_ERECTILE_OBFU,HTML_MESSAGE,KB_RATWARE_OUTLOOK_MID,LONGWORDS,RAZOR2_CF_RANGE_51_100,RAZOR2_CF_RANGE_E8_51_100,RAZOR2_CHECK,RCVD_IN_BRBL_LASTEXT,RCVD_IN_PBL,RCVD_IN_PSBL,RDNS_NONE,TO_IN_SUBJ,T_REMOTE_IMAGE,T_SURBL_MULTI1,T_SURBL_MULTI2,T_SURBL_MULTI3,T_URIBL_BLACK_OVERLAP,URIBL_AB_SURBL,URIBL_BLACK,URIBL_DBL_SPAM,URIBL_JP_SURBL,URIBL_SC_SURBL,URIBL_WS_SURBL scantime=4.2,size=10583,user=marina,uid=1004,required_score=5.0,rhost=localhost,raddr=127.0.0.1,rport=/var/run/spamd/spamd.sock,mid=<000e01cbdf20$14235b00$7a8c603b@thelemur.net>,bayes=1.000000,autolearn=spam 
Mar 10 15:38:55 mx spamd[58660]: prefork: child states: BIBBBBBI 
Mar 10 15:38:55 mx spamd[24461]: spamd: processing message <20110310133853.4UQF6347A53@ynk.ru> for chief:1004 
Mar 10 15:38:55 mx spamd[24460]: spamd: processing message <000d01cbdf20$1ba9c710$6400a8c0@hurdleri50> for lilly:1004 
Mar 10 15:38:56 mx spamd[24458]: spamd: processing message <000d01cbdf20$1b9db920$6400a8c0@yearbooke4> for shurik:1004 
Mar 10 15:38:56 mx spamd[24457]: spamd: processing message <000d01cbdf20$1a820ff0$6400a8c0@sibyls29> for ryabova:1004 
Mar 10 15:38:56 mx spamd[24459]: spamd: processing message <000d01cbdf20$1bba68e0$6400a8c0@foiling> for sale:1004 
Mar 10 15:38:56 mx spamd[14198]: spamd: processing message <000d01cbdf20$1a8480f0$6400a8c0@overwhelmzsw8> for natasha:1004 
Mar 10 15:38:58 mx spamd[24457]: spamd: identified spam (12.7/5.0) for ryabova:1004 in 3.0 seconds, 3993 bytes. 
Mar 10 15:38:58 mx spamd[24457]: spamd: result: Y 12 - BAYES_99,DCC_CHECK,RCVD_IN_BL_SPAMCOP_NET,RCVD_IN_BRBL_LASTEXT,RCVD_IN_PSBL,RCVD_IN_XBL,STOX_REPLY_TYPE,STOX_REPLY_TYPE_WITHOUT_QUOTES scantime=3.0,size=3993,user=ryabova,uid=1004,required_score=5.0,rhost=localhost,raddr=127.0.0.1,rport=/var/run/spamd/spamd.sock,mid=<000d01cbdf20$1a820ff0$6400a8c0@sibyls29>,bayes=1.000000,autolearn=no 
Mar 10 15:38:58 mx spamd[24461]: spamd: identified spam (9.4/5.0) for chief:1004 in 3.0 seconds, 1721 bytes. 
Mar 10 15:38:58 mx spamd[24461]: spamd: result: Y 9 - BAYES_99,DCC_CHECK,HELO_NO_DOMAIN,RCVD_IN_BRBL_LASTEXT,RCVD_IN_PBL scantime=3.0,size=1721,user=chief,uid=1004,required_score=5.0,rhost=localhost,raddr=127.0.0.1,rport=/var/run/spamd/spamd.sock,mid=<20110310133853.4UQF6347A53@ynk.ru>,bayes=1.000000,autolearn=no 
Mar 10 15:38:58 mx spamd[24458]: spamd: identified spam (16.7/5.0) for shurik:1004 in 3.0 seconds, 4003 bytes. 
Mar 10 15:38:58 mx spamd[24458]: spamd: result: Y 16 - BAYES_99,DCC_CHECK,FH_FAKE_RCVD_LINE_B,RCVD_IN_BL_SPAMCOP_NET,RCVD_IN_BRBL_LASTEXT,RCVD_IN_PSBL,RCVD_IN_XBL,STOX_REPLY_TYPE,STOX_REPLY_TYPE_WITHOUT_QUOTES scantime=3.0,size=4003,user=shurik,uid=1004,required_score=5.0,rhost=localhost,raddr=127.0.0.1,rport=/var/run/spamd/spamd.sock,mid=<000d01cbdf20$1b9db920$6400a8c0@yearbooke4>,bayes=1.000000,autolearn=spam 
Mar 10 15:38:58 mx spamd[14198]: spamd: identified spam (12.9/5.0) for natasha:1004 in 3.1 seconds, 4016 bytes. 
Mar 10 15:38:58 mx spamd[14198]: spamd: result: Y 12 - DCC_CHECK,FH_FAKE_RCVD_LINE_B,RCVD_IN_BL_SPAMCOP_NET,RCVD_IN_BRBL_LASTEXT,RCVD_IN_PSBL,RCVD_IN_XBL,STOX_REPLY_TYPE,STOX_REPLY_TYPE_WITHOUT_QUOTES scantime=3.1,size=4016,user=natasha,uid=1004,required_score=5.0,rhost=localhost,raddr=127.0.0.1,rport=/var/run/spamd/spamd.sock,mid=<000d01cbdf20$1a8480f0$6400a8c0@overwhelmzsw8>,autolearn=spam 
Mar 10 15:38:58 mx spamd[58660]: prefork: child states: BIIBBBBI 
Mar 10 15:38:58 mx spamd[58660]: prefork: adjust: 3 idle children more than 2 maximum idle children. Decreasing spamd children: 24462 killed. 
Mar 10 15:38:58 mx spamd[58660]: prefork: child states: BIIBBBBK 
Mar 10 15:38:58 mx spamd[58660]: prefork: child states: BIIBBBI 
Mar 10 15:38:58 mx spamd[58660]: prefork: adjust: 3 idle children more than 2 maximum idle children. Decreasing spamd children: 24461 killed. 
Mar 10 15:38:58 mx spamd[58660]: prefork: child states: BIIBBBK 
Mar 10 15:38:58 mx spamd[58660]: spamd: handled cleanup of child pid [24461] due to SIGCHLD: interrupted, signal 2 (0002) 
Mar 10 15:38:58 mx spamd[58660]: prefork: child states: BIIIBB 
Mar 10 15:38:58 mx spamd[58660]: prefork: adjust: 3 idle children more than 2 maximum idle children. Decreasing spamd children: 24458 killed. 
Mar 10 15:38:58 mx spamd[58660]: prefork: child states: BIIKBB 
Mar 10 15:38:58 mx spamd[58660]: spamd: handled cleanup of child pid [24458] due to SIGCHLD: interrupted, signal 2 (0002) 
Mar 10 15:38:58 mx spamd[24459]: spamd: identified spam (16.7/4.0) for sale:1004 in 3.1 seconds, 3993 bytes. 
Mar 10 15:38:58 mx spamd[24459]: spamd: result: Y 16 - BAYES_99,DCC_CHECK,FH_FAKE_RCVD_LINE_B,RCVD_IN_BL_SPAMCOP_NET,RCVD_IN_BRBL_LASTEXT,RCVD_IN_PSBL,RCVD_IN_XBL,STOX_REPLY_TYPE,STOX_REPLY_TYPE_WITHOUT_QUOTES scantime=3.1,size=3993,user=sale,uid=1004,required_score=4.0,rhost=localhost,raddr=127.0.0.1,rport=/var/run/spamd/spamd.sock,mid=<000d01cbdf20$1bba68e0$6400a8c0@foiling>,bayes=1.000000,autolearn=spam 
Mar 10 15:38:58 mx spamd[58660]: prefork: child states: IIIBB 
Mar 10 15:38:58 mx spamd[58660]: prefork: adjust: 3 idle children more than 2 maximum idle children. Decreasing spamd children: 24457 killed. 
Mar 10 15:38:58 mx spamd[58660]: prefork: child states: IIKBB 
Mar 10 15:38:58 mx spamd[58660]: spamd: handled cleanup of child pid [24457] due to SIGCHLD: interrupted, signal 2 (0002) 
Mar 10 15:38:58 mx spamd[58660]: prefork: child states: IIIB 
Mar 10 15:38:58 mx spamd[58660]: prefork: adjust: 3 idle children more than 2 maximum idle children. Decreasing spamd children: 24459 killed. 
Mar 10 15:38:58 mx spamd[58660]: prefork: child states: IIKB 
Mar 10 15:38:58 mx spamd[58660]: spamd: handled cleanup of child pid [24459] due to SIGCHLD: interrupted, signal 2 (0002) 
Mar 10 15:38:58 mx spamd[24460]: spamd: identified spam (13.2/5.0) for lilly:1004 in 3.4 seconds, 4006 bytes. 
Mar 10 15:38:58 mx spamd[24460]: spamd: result: Y 13 - DCC_CHECK,FH_FAKE_RCVD_LINE_B,RCVD_IN_BL_SPAMCOP_NET,RCVD_IN_BRBL_LASTEXT,RCVD_IN_PSBL,RCVD_IN_XBL,STOX_REPLY_TYPE,STOX_REPLY_TYPE_WITHOUT_QUOTES scantime=3.4,size=4006,user=lilly,uid=1004,required_score=5.0,rhost=localhost,raddr=127.0.0.1,rport=/var/run/spamd/spamd.sock,mid=<000d01cbdf20$1ba9c710$6400a8c0@hurdleri50>,bayes=1.000000,autolearn=spam 
Mar 10 15:38:58 mx spamd[58660]: prefork: child states: III 
Mar 10 15:38:58 mx spamd[58660]: prefork: adjust: 3 idle children more than 2 maximum idle children. Decreasing spamd children: 24460 killed. 
Mar 10 15:38:58 mx spamd[58660]: prefork: child states: IIK 
Mar 10 15:38:58 mx spamd[58660]: spamd: handled cleanup of child pid [24460] due to SIGCHLD: interrupted, signal 2 (0002) 
Mar 10 15:38:59 mx spamd[14198]: spamd: got connection over /var/run/spamd/spamd.sock 
Mar 10 15:38:59 mx spamd[14198]: spamd: using default config for sergey: /data/vmail/sergey/spamassassin/user_prefs 
Mar 10 15:38:59 mx spamd[22235]: spamd: got connection over /var/run/spamd/spamd.sock 
Mar 10 15:38:59 mx spamd[22235]: spamd: using default config for ryabova: /data/vmail/ryabova/spamassassin/user_prefs 
Mar 10 15:39:00 mx spamd[14198]: spamd: processing message <000d01cbdf20$1b9db920$6400a8c0@yearbooke4> for sergey:1004 
Mar 10 15:39:00 mx spamd[22235]: spamd: processing message <000d01cbdf20$1a8480f0$6400a8c0@overwhelmzsw8> for ryabova:1004 
Mar 10 15:39:02 mx spamd[14198]: spamd: identified spam (16.7/5.0) for sergey:1004 in 2.7 seconds, 4003 bytes. 
Mar 10 15:39:02 mx spamd[14198]: spamd: result: Y 16 - BAYES_99,DCC_CHECK,FH_FAKE_RCVD_LINE_B,RCVD_IN_BL_SPAMCOP_NET,RCVD_IN_BRBL_LASTEXT,RCVD_IN_PSBL,RCVD_IN_XBL,STOX_REPLY_TYPE,STOX_REPLY_TYPE_WITHOUT_QUOTES scantime=2.7,size=4003,user=sergey,uid=1004,required_score=5.0,rhost=localhost,raddr=127.0.0.1,rport=/var/run/spamd/spamd.sock,mid=<000d01cbdf20$1b9db920$6400a8c0@yearbooke4>,bayes=1.000000,autolearn=spam 
