Mar 10 15:20:54 mx spamd[14198]: spamd: got connection over /var/run/spamd/spamd.sock 
Mar 10 15:20:54 mx spamd[14198]: spamd: using default config for lilly: /data/vmail/lilly/spamassassin/user_prefs 
Mar 10 15:20:54 mx spamd[14198]: spamd: processing message <0000045ED.08D2E49C.relazioniesterne@accademiaperosi.org> for lilly:1004 
Mar 10 15:20:56 mx spamd[9486]: spamd: identified spam (16.7/5.0) for alexeeva:1004 in 5.4 seconds, 26069 bytes. 
Mar 10 15:20:56 mx spamd[9486]: spamd: result: Y 16 - BAYES_99,DIGEST_MULTIPLE,FH_FAKE_RCVD_LINE_B,FSL_HELO_NON_FQDN_1,HELO_NO_DOMAIN,HTML_MESSAGE,KB_RATWARE_OUTLOOK_MID,MIME_QP_LONG_LINE,PYZOR_CHECK,RAZOR2_CF_RANGE_51_100,RAZOR2_CF_RANGE_E4_51_100,RAZOR2_CHECK,RCVD_IN_BL_SPAMCOP_NET,RCVD_IN_BRBL_LASTEXT,RCVD_IN_XBL,RDNS_NONE scantime=5.4,size=26069,user=alexeeva,uid=1004,required_score=5.0,rhost=localhost,raddr=127.0.0.1,rport=/var/run/spamd/spamd.sock,mid=<000d01cbdf1d$6e3a6f00$6400a8c0@needs>,bayes=1.000000,autolearn=spam 
Mar 10 15:20:57 mx spamd[58660]: prefork: child states: IBI 
Mar 10 15:20:57 mx spamd[9486]: spamd: got connection over /var/run/spamd/spamd.sock 
Mar 10 15:20:57 mx spamd[9486]: spamd: using default config for michael: /data/vmail/michael/spamassassin/user_prefs 
Mar 10 15:20:57 mx spamd[9486]: spamd: processing message <000d01cbdf1d$6e3a6f00$6400a8c0@needs> for michael:1004 
Mar 10 15:20:57 mx spamd[14198]: spamd: clean message (1.8/5.0) for lilly:1004 in 3.1 seconds, 20834 bytes. 
Mar 10 15:20:57 mx spamd[14198]: spamd: result: . 1 - BAYES_50,HTML_MESSAGE,MISSING_HEADERS,RCVD_IN_DNSWL_NONE scantime=3.1,size=20834,user=lilly,uid=1004,required_score=5.0,rhost=localhost,raddr=127.0.0.1,rport=/var/run/spamd/spamd.sock,mid=<0000045ED.08D2E49C.relazioniesterne@accademiaperosi.org>,bayes=0.500356,autolearn=no 
Mar 10 15:20:57 mx spamd[58660]: prefork: child states: BII 
Mar 10 15:21:02 mx spamd[9486]: spamd: identified spam (17.2/5.0) for michael:1004 in 5.2 seconds, 26069 bytes. 
Mar 10 15:21:02 mx spamd[9486]: spamd: result: Y 17 - DIGEST_MULTIPLE,FH_FAKE_RCVD_LINE_B,FSL_HELO_NON_FQDN_1,HELO_NO_DOMAIN,HTML_MESSAGE,KB_RATWARE_OUTLOOK_MID,MIME_QP_LONG_LINE,PYZOR_CHECK,RAZOR2_CF_RANGE_51_100,RAZOR2_CF_RANGE_E4_51_100,RAZOR2_CHECK,RCVD_IN_BL_SPAMCOP_NET,RCVD_IN_BRBL_LASTEXT,RCVD_IN_XBL,RDNS_NONE scantime=5.2,size=26069,user=michael,uid=1004,required_score=5.0,rhost=localhost,raddr=127.0.0.1,rport=/var/run/spamd/spamd.sock,mid=<000d01cbdf1d$6e3a6f00$6400a8c0@needs>,autolearn=spam 
Mar 10 15:21:02 mx spamd[58660]: prefork: child states: III 
Mar 10 15:21:02 mx spamd[58660]: prefork: adjust: 3 idle children more than 2 maximum idle children. Decreasing spamd children: 20042 killed. 
Mar 10 15:21:02 mx spamd[58660]: prefork: child states: IIK 
Mar 10 15:21:02 mx spamd[58660]: spamd: handled cleanup of child pid [20042] due to SIGCHLD: interrupted, signal 2 (0002) 
Mar 10 15:21:02 mx spamd[9486]: spamd: got connection over /var/run/spamd/spamd.sock 
Mar 10 15:21:02 mx spamd[9486]: spamd: using default config for chief: /data/vmail/chief/spamassassin/user_prefs 
Mar 10 15:21:02 mx spamd[9486]: spamd: processing message <000d01cbdf1d$6e3a6f00$6400a8c0@needs> for chief:1004 
Mar 10 15:21:07 mx spamd[9486]: spamd: identified spam (16.7/5.0) for chief:1004 in 5.6 seconds, 26069 bytes. 
Mar 10 15:21:07 mx spamd[9486]: spamd: result: Y 16 - BAYES_99,DIGEST_MULTIPLE,FH_FAKE_RCVD_LINE_B,FSL_HELO_NON_FQDN_1,HELO_NO_DOMAIN,HTML_MESSAGE,KB_RATWARE_OUTLOOK_MID,MIME_QP_LONG_LINE,PYZOR_CHECK,RAZOR2_CF_RANGE_51_100,RAZOR2_CF_RANGE_E4_51_100,RAZOR2_CHECK,RCVD_IN_BL_SPAMCOP_NET,RCVD_IN_BRBL_LASTEXT,RCVD_IN_XBL,RDNS_NONE scantime=5.6,size=26069,user=chief,uid=1004,required_score=5.0,rhost=localhost,raddr=127.0.0.1,rport=/var/run/spamd/spamd.sock,mid=<000d01cbdf1d$6e3a6f00$6400a8c0@needs>,bayes=1.000000,autolearn=spam 
Mar 10 15:21:08 mx spamd[58660]: prefork: child states: II 
Mar 10 15:21:08 mx spamd[9486]: spamd: got connection over /var/run/spamd/spamd.sock 
Mar 10 15:21:08 mx spamd[9486]: spamd: using default config for zudenkova: /data/vmail/zudenkova/spamassassin/user_prefs 
Mar 10 15:21:08 mx spamd[9486]: spamd: processing message <000d01cbdf1d$6e3a6f00$6400a8c0@needs> for zudenkova:1004 
Mar 10 15:21:12 mx spamd[14198]: spamd: got connection over /var/run/spamd/spamd.sock 
Mar 10 15:21:12 mx spamd[14198]: spamd: using default config for alexeeva: /data/vmail/alexeeva/spamassassin/user_prefs 
Mar 10 15:21:12 mx spamd[14198]: spamd: processing message <70DE3837E8A744D0B0CCB4936EEFEA4D@MARCUS> for alexeeva:1004 
Mar 10 15:21:13 mx spamd[9486]: spamd: identified spam (16.7/5.0) for zudenkova:1004 in 5.4 seconds, 26069 bytes. 
Mar 10 15:21:13 mx spamd[9486]: spamd: result: Y 16 - BAYES_99,DIGEST_MULTIPLE,FH_FAKE_RCVD_LINE_B,FSL_HELO_NON_FQDN_1,HELO_NO_DOMAIN,HTML_MESSAGE,KB_RATWARE_OUTLOOK_MID,MIME_QP_LONG_LINE,PYZOR_CHECK,RAZOR2_CF_RANGE_51_100,RAZOR2_CF_RANGE_E4_51_100,RAZOR2_CHECK,RCVD_IN_BL_SPAMCOP_NET,RCVD_IN_BRBL_LASTEXT,RCVD_IN_XBL,RDNS_NONE scantime=5.4,size=26069,user=zudenkova,uid=1004,required_score=5.0,rhost=localhost,raddr=127.0.0.1,rport=/var/run/spamd/spamd.sock,mid=<000d01cbdf1d$6e3a6f00$6400a8c0@needs>,bayes=1.000000,autolearn=spam 
Mar 10 15:21:13 mx spamd[58660]: prefork: child states: IB 
Mar 10 15:21:15 mx spamd[14198]: spamd: identified spam (13.0/5.0) for alexeeva:1004 in 3.2 seconds, 10406 bytes. 
Mar 10 15:21:15 mx spamd[14198]: spamd: result: Y 12 - BAYES_99,DATE_IN_PAST_06_12,DCC_CHECK,DOS_OE_TO_MX,HTML_FONT_SIZE_LARGE,HTML_MESSAGE,RCVD_IN_PBL,RCVD_IN_SORBS_DUL,RDNS_DYNAMIC scantime=3.2,size=10406,user=alexeeva,uid=1004,required_score=5.0,rhost=localhost,raddr=127.0.0.1,rport=/var/run/spamd/spamd.sock,mid=<70DE3837E8A744D0B0CCB4936EEFEA4D@MARCUS>,bayes=1.000000,autolearn=no 
Mar 10 15:21:15 mx spamd[58660]: prefork: child states: II 
Mar 10 15:21:46 mx spamd[9486]: spamd: got connection over /var/run/spamd/spamd.sock 
Mar 10 15:21:46 mx spamd[9486]: spamd: using default config for zudenkova: /data/vmail/zudenkova/spamassassin/user_prefs 
Mar 10 15:21:46 mx spamd[9486]: spamd: processing message <064801c7b8c3$d4611660$1e01a8c0@bestpravo.ru> for zudenkova:1004 
Mar 10 15:21:48 mx spamd[14198]: spamd: got connection over /var/run/spamd/spamd.sock 
Mar 10 15:21:48 mx spamd[14198]: spamd: using default config for shurik: /data/vmail/shurik/spamassassin/user_prefs 
Mar 10 15:21:49 mx spamd[14198]: spamd: processing message <A8A7BEB8A86941FFA4A13F59F6B5E468@workstation> for shurik:1004 
Mar 10 15:21:49 mx spamd[9486]: spamd: identified spam (18.3/5.0) for zudenkova:1004 in 3.0 seconds, 27807 bytes. 
Mar 10 15:21:49 mx spamd[9486]: spamd: result: Y 18 - BAYES_99,DOS_OE_TO_MX,FORGED_OUTLOOK_TAGS,FUZZY_XPILL,HTML_COMMENT_SAVED_URL,HTML_MESSAGE,MIME_QP_LONG_LINE,MSGID_OUTLOOK_INVALID,RCVD_IN_PBL,RDNS_NONE scantime=3.0,size=27807,user=zudenkova,uid=1004,required_score=5.0,rhost=localhost,raddr=127.0.0.1,rport=/var/run/spamd/spamd.sock,mid=<064801c7b8c3$d4611660$1e01a8c0@bestpravo.ru>,bayes=1.000000,autolearn=spam 
Mar 10 15:21:49 mx spamd[9486]: spamd: got connection over /var/run/spamd/spamd.sock 
Mar 10 15:21:49 mx spamd[58660]: prefork: child states: BB 
Mar 10 15:21:49 mx spamd[9486]: spamd: using default config for pushkina: /data/vmail/pushkina/spamassassin/user_prefs 
Mar 10 15:21:49 mx spamd[58660]: spamd: server successfully spawned child process, pid 20367 
Mar 10 15:21:49 mx spamd[58660]: prefork: adjust: 0 idle children less than 1 minimum idle children. Increasing spamd children: 20367 started. 
Mar 10 15:21:49 mx spamd[58660]: prefork: child states: BBI 
Mar 10 15:21:50 mx spamd[9486]: spamd: processing message <3F21204C58E36F44B58D35C15E44114D99D380@ing04excmbx11.media-saturn.net> for pushkina:1004 
Mar 10 15:21:51 mx spamd[20367]: spamd: got connection over /var/run/spamd/spamd.sock 
Mar 10 15:21:51 mx spamd[20367]: spamd: using default config for galina: /data/vmail/galina/spamassassin/user_prefs 
Mar 10 15:21:51 mx spamd[20367]: spamd: processing message <f0ee64cb436a62b77d86b355ee261cba@www.mp3cd.ru> for galina:1004 
Mar 10 15:21:53 mx spamd[14198]: spamd: identified spam (21.2/5.0) for shurik:1004 in 5.1 seconds, 19360 bytes. 
Mar 10 15:21:53 mx spamd[14198]: spamd: result: Y 21 - BAYES_99,DIGEST_MULTIPLE,FH_HELO_EQ_D_D_D_D,HELO_DYNAMIC_IPADDR2,HTML_MESSAGE,MIME_QP_LONG_LINE,PYZOR_CHECK,RAZOR2_CF_RANGE_51_100,RAZOR2_CF_RANGE_E4_51_100,RAZOR2_CHECK,RCVD_IN_BRBL_LASTEXT,RCVD_IN_PBL,RDNS_DYNAMIC,SPF_SOFTFAIL,TVD_RCVD_IP scantime=5.1,size=19360,user=shurik,uid=1004,required_score=5.0,rhost=localhost,raddr=127.0.0.1,rport=/var/run/spamd/spamd.sock,mid=<A8A7BEB8A86941FFA4A13F59F6B5E468@workstation>,bayes=1.000000,autolearn=spam 
Mar 10 15:21:54 mx spamd[58660]: prefork: child states: BIB 
Mar 10 15:21:54 mx spamd[14198]: spamd: got connection over /var/run/spamd/spamd.sock 
Mar 10 15:21:54 mx spamd[14198]: spamd: using default config for sergey: /data/vmail/sergey/spamassassin/user_prefs 
Mar 10 15:21:54 mx spamd[14198]: spamd: processing message <A8A7BEB8A86941FFA4A13F59F6B5E468@workstation> for sergey:1004 
Mar 10 15:21:55 mx spamd[20367]: spamd: identified spam (5.2/5.0) for galina:1004 in 4.3 seconds, 123965 bytes. 
Mar 10 15:21:55 mx spamd[20367]: spamd: result: Y 5 - BAYES_99,EXTRA_MPART_TYPE,HTML_MESSAGE,MIME_HTML_ONLY,SPF_HELO_PASS scantime=4.3,size=123965,user=galina,uid=1004,required_score=5.0,rhost=localhost,raddr=127.0.0.1,rport=/var/run/spamd/spamd.sock,mid=<f0ee64cb436a62b77d86b355ee261cba@www.mp3cd.ru>,bayes=0.999451,autolearn=no 
Mar 10 15:21:55 mx spamd[58660]: prefork: child states: BBI 
Mar 10 15:21:55 mx spamd[9486]: spamd: clean message (-104.2/5.0) for pushkina:1004 in 6.1 seconds, 54039 bytes. 
Mar 10 15:21:55 mx spamd[9486]: spamd: result: . -104 - BAYES_00,HTML_MESSAGE,RCVD_IN_DNSWL_MED,T_RP_MATCHES_RCVD,USER_IN_WHITELIST scantime=6.1,size=54039,user=pushkina,uid=1004,required_score=5.0,rhost=localhost,raddr=127.0.0.1,rport=/var/run/spamd/spamd.sock,mid=<3F21204C58E36F44B58D35C15E44114D99D380@ing04excmbx11.media-saturn.net>,bayes=0.000000,autolearn=ham 
Mar 10 15:21:55 mx spamd[58660]: prefork: child states: IBI 
Mar 10 15:21:58 mx spamd[14198]: spamd: identified spam (21.2/5.0) for sergey:1004 in 4.7 seconds, 19360 bytes. 
Mar 10 15:21:58 mx spamd[14198]: spamd: result: Y 21 - BAYES_99,DIGEST_MULTIPLE,FH_HELO_EQ_D_D_D_D,HELO_DYNAMIC_IPADDR2,HTML_MESSAGE,MIME_QP_LONG_LINE,PYZOR_CHECK,RAZOR2_CF_RANGE_51_100,RAZOR2_CF_RANGE_E4_51_100,RAZOR2_CHECK,RCVD_IN_BRBL_LASTEXT,RCVD_IN_PBL,RDNS_DYNAMIC,SPF_SOFTFAIL,TVD_RCVD_IP scantime=4.7,size=19360,user=sergey,uid=1004,required_score=5.0,rhost=localhost,raddr=127.0.0.1,rport=/var/run/spamd/spamd.sock,mid=<A8A7BEB8A86941FFA4A13F59F6B5E468@workstation>,bayes=1.000000,autolearn=spam 
Mar 10 15:21:58 mx spamd[58660]: prefork: child states: III 
Mar 10 15:21:58 mx spamd[58660]: prefork: adjust: 3 idle children more than 2 maximum idle children. Decreasing spamd children: 20367 killed. 
Mar 10 15:21:58 mx spamd[58660]: prefork: child states: IIK 
Mar 10 15:21:58 mx spamd[58660]: spamd: handled cleanup of child pid [20367] due to SIGCHLD: interrupted, signal 2 (0002) 
Mar 10 15:21:58 mx spamd[9486]: spamd: got connection over /var/run/spamd/spamd.sock 
Mar 10 15:21:58 mx spamd[9486]: spamd: using default config for kovaleva: /data/vmail/kovaleva/spamassassin/user_prefs 
Mar 10 15:21:59 mx spamd[9486]: spamd: processing message <A8A7BEB8A86941FFA4A13F59F6B5E468@workstation> for kovaleva:1004 
Mar 10 15:22:03 mx spamd[9486]: spamd: identified spam (21.2/5.0) for kovaleva:1004 in 4.7 seconds, 19360 bytes. 
Mar 10 15:22:03 mx spamd[9486]: spamd: result: Y 21 - BAYES_99,DIGEST_MULTIPLE,FH_HELO_EQ_D_D_D_D,HELO_DYNAMIC_IPADDR2,HTML_MESSAGE,MIME_QP_LONG_LINE,PYZOR_CHECK,RAZOR2_CF_RANGE_51_100,RAZOR2_CF_RANGE_E4_51_100,RAZOR2_CHECK,RCVD_IN_BRBL_LASTEXT,RCVD_IN_PBL,RDNS_DYNAMIC,SPF_SOFTFAIL,TVD_RCVD_IP scantime=4.7,size=19360,user=kovaleva,uid=1004,required_score=5.0,rhost=localhost,raddr=127.0.0.1,rport=/var/run/spamd/spamd.sock,mid=<A8A7BEB8A86941FFA4A13F59F6B5E468@workstation>,bayes=1.000000,autolearn=spam 
Mar 10 15:22:03 mx spamd[58660]: prefork: child states: II 
Mar 10 15:22:03 mx spamd[9486]: spamd: got connection over /var/run/spamd/spamd.sock 
Mar 10 15:22:03 mx spamd[9486]: spamd: using default config for pospelova: /data/vmail/pospelova/spamassassin/user_prefs 
Mar 10 15:22:04 mx spamd[9486]: spamd: processing message <A8A7BEB8A86941FFA4A13F59F6B5E468@workstation> for pospelova:1004 
Mar 10 15:22:08 mx spamd[9486]: spamd: identified spam (21.2/5.0) for pospelova:1004 in 4.7 seconds, 19360 bytes. 
Mar 10 15:22:08 mx spamd[9486]: spamd: result: Y 21 - BAYES_99,DIGEST_MULTIPLE,FH_HELO_EQ_D_D_D_D,HELO_DYNAMIC_IPADDR2,HTML_MESSAGE,MIME_QP_LONG_LINE,PYZOR_CHECK,RAZOR2_CF_RANGE_51_100,RAZOR2_CF_RANGE_E4_51_100,RAZOR2_CHECK,RCVD_IN_BRBL_LASTEXT,RCVD_IN_PBL,RDNS_DYNAMIC,SPF_SOFTFAIL,TVD_RCVD_IP scantime=4.7,size=19360,user=pospelova,uid=1004,required_score=5.0,rhost=localhost,raddr=127.0.0.1,rport=/var/run/spamd/spamd.sock,mid=<A8A7BEB8A86941FFA4A13F59F6B5E468@workstation>,bayes=1.000000,autolearn=spam 
Mar 10 15:22:08 mx spamd[58660]: prefork: child states: II 
Mar 10 15:22:08 mx spamd[9486]: spamd: got connection over /var/run/spamd/spamd.sock 
Mar 10 15:22:08 mx spamd[9486]: spamd: using default config for natasha: /data/vmail/natasha/spamassassin/user_prefs 
Mar 10 15:22:08 mx spamd[9486]: spamd: processing message <A8A7BEB8A86941FFA4A13F59F6B5E468@workstation> for natasha:1004 
Mar 10 15:22:10 mx spamd[14198]: spamd: got connection over /var/run/spamd/spamd.sock 
Mar 10 15:22:10 mx spamd[14198]: spamd: using default config for pal: /data/vmail/pal/spamassassin/user_prefs 
Mar 10 15:22:10 mx spamd[14198]: spamd: processing message (unknown) for pal:1004 
Mar 10 15:22:13 mx spamd[9486]: spamd: identified spam (16.1/5.0) for natasha:1004 in 4.6 seconds, 19360 bytes. 
Mar 10 15:22:13 mx spamd[9486]: spamd: result: Y 16 - DIGEST_MULTIPLE,FH_HELO_EQ_D_D_D_D,HELO_DYNAMIC_IPADDR2,HTML_MESSAGE,MIME_QP_LONG_LINE,PYZOR_CHECK,RAZOR2_CF_RANGE_51_100,RAZOR2_CF_RANGE_E4_51_100,RAZOR2_CHECK,RCVD_IN_BRBL_LASTEXT,RCVD_IN_PBL,RDNS_DYNAMIC,SPF_SOFTFAIL,TVD_RCVD_IP scantime=4.6,size=19360,user=natasha,uid=1004,required_score=5.0,rhost=localhost,raddr=127.0.0.1,rport=/var/run/spamd/spamd.sock,mid=<A8A7BEB8A86941FFA4A13F59F6B5E468@workstation>,autolearn=spam 
Mar 10 15:22:13 mx spamd[58660]: prefork: child states: IB 
Mar 10 15:22:13 mx spamd[9486]: spamd: got connection over /var/run/spamd/spamd.sock 
Mar 10 15:22:13 mx spamd[9486]: spamd: using default config for galina: /data/vmail/galina/spamassassin/user_prefs 
Mar 10 15:22:13 mx spamd[9486]: spamd: processing message <A8A7BEB8A86941FFA4A13F59F6B5E468@workstation> for galina:1004 
Mar 10 15:22:16 mx spamd[14198]: spamd: identified spam (57.6/5.0) for pal:1004 in 5.7 seconds, 1147 bytes. 
Mar 10 15:22:16 mx spamd[14198]: spamd: result: Y 57 - BAYES_99,DCC_CHECK,DIGEST_MULTIPLE,DRUGS_ERECTILE,DRUG_ED_CAPS,FH_HELO_EQ_D_D_D_D,FROM_IN_TO_AND_SUBJ,HELO_DYNAMIC_DHCP,HELO_DYNAMIC_IPADDR,HTML_IMAGE_ONLY_08,HTML_MESSAGE,HTML_SHORT_LINK_IMG_1,MIME_HTML_ONLY,MISSING_DATE,MISSING_MID,PYZOR_CHECK,RAZOR2_CF_RANGE_51_100,RAZOR2_CF_RANGE_E8_51_100,RAZOR2_CHECK,RCVD_IN_BRBL_LASTEXT,RCVD_IN_PBL,RCVD_IN_PSBL,RCVD_IN_SORBS_DUL,RCVD_IN_XBL,RDNS_DYNAMIC,SUBJECT_NEEDS_ENCODING,TO_EQ_FM_DIRECT_MX,TO_EQ_FM_DOM_HTML_IMG,TO_EQ_FM_DOM_HTML_ONLY,TO_EQ_FM_HTML_DIRECT,TO_IN_SUBJ,TO_NO_BRKTS_DIRECT,TO_NO_BRKTS_DYNIP,TO_NO_BRKTS_NOTLIST,TO_NO_BRKTS_PCNT,T_REMOTE_IMAGE,T_SURBL_MULTI1,T_SURBL_MULTI2,T_URIBL_BLACK_OVERLAP,URIBL_AB_SURBL,URIBL_BLACK,URIBL_DBL_SPAM,URIBL_JP_SURBL,URIBL_SBL,URIBL_WS_SURBL scantime=5.7,size=1147,user=pal,uid=1004,required_score=5.0,rhost=localhost,raddr=127.0.0.1,rport=/var/run/spamd/spamd.sock,mid=(unknown),bayes=0.999797,autolearn=spam 
Mar 10 15:22:16 mx spamd[58660]: prefork: child states: BI 
Mar 10 15:22:17 mx spamd[9486]: spamd: identified spam (21.2/5.0) for galina:1004 in 4.7 seconds, 19360 bytes. 
Mar 10 15:22:17 mx spamd[9486]: spamd: result: Y 21 - BAYES_99,DIGEST_MULTIPLE,FH_HELO_EQ_D_D_D_D,HELO_DYNAMIC_IPADDR2,HTML_MESSAGE,MIME_QP_LONG_LINE,PYZOR_CHECK,RAZOR2_CF_RANGE_51_100,RAZOR2_CF_RANGE_E4_51_100,RAZOR2_CHECK,RCVD_IN_BRBL_LASTEXT,RCVD_IN_PBL,RDNS_DYNAMIC,SPF_SOFTFAIL,TVD_RCVD_IP scantime=4.7,size=19360,user=galina,uid=1004,required_score=5.0,rhost=localhost,raddr=127.0.0.1,rport=/var/run/spamd/spamd.sock,mid=<A8A7BEB8A86941FFA4A13F59F6B5E468@workstation>,bayes=1.000000,autolearn=spam 
Mar 10 15:22:17 mx spamd[58660]: prefork: child states: II 
Mar 10 15:22:17 mx spamd[9486]: spamd: got connection over /var/run/spamd/spamd.sock 
Mar 10 15:22:18 mx spamd[9486]: spamd: using default config for marina: /data/vmail/marina/spamassassin/user_prefs 
Mar 10 15:22:18 mx spamd[9486]: spamd: processing message <A8A7BEB8A86941FFA4A13F59F6B5E468@workstation> for marina:1004 
Mar 10 15:22:25 mx spamd[9486]: spamd: identified spam (21.2/5.0) for marina:1004 in 7.7 seconds, 19360 bytes. 
Mar 10 15:22:25 mx spamd[9486]: spamd: result: Y 21 - BAYES_99,DIGEST_MULTIPLE,FH_HELO_EQ_D_D_D_D,HELO_DYNAMIC_IPADDR2,HTML_MESSAGE,MIME_QP_LONG_LINE,PYZOR_CHECK,RAZOR2_CF_RANGE_51_100,RAZOR2_CF_RANGE_E4_51_100,RAZOR2_CHECK,RCVD_IN_BRBL_LASTEXT,RCVD_IN_PBL,RDNS_DYNAMIC,SPF_SOFTFAIL,TVD_RCVD_IP scantime=7.7,size=19360,user=marina,uid=1004,required_score=5.0,rhost=localhost,raddr=127.0.0.1,rport=/var/run/spamd/spamd.sock,mid=<A8A7BEB8A86941FFA4A13F59F6B5E468@workstation>,bayes=1.000000,autolearn=spam 
Mar 10 15:22:25 mx spamd[58660]: prefork: child states: II 
Mar 10 15:22:25 mx spamd[9486]: spamd: got connection over /var/run/spamd/spamd.sock 
Mar 10 15:22:25 mx spamd[9486]: spamd: using default config for buh: /data/vmail/buh/spamassassin/user_prefs 
Mar 10 15:22:26 mx spamd[9486]: spamd: processing message <A8A7BEB8A86941FFA4A13F59F6B5E468@workstation> for buh:1004 
Mar 10 15:22:26 mx spamd[14198]: spamd: got connection over /var/run/spamd/spamd.sock 
Mar 10 15:22:26 mx spamd[14198]: spamd: using default config for sasha: /data/vmail/sasha/spamassassin/user_prefs 
Mar 10 15:22:27 mx spamd[14198]: spamd: processing message <71D794EAEC7D412D8FCBF7A5412C75F7@MARCUS> for sasha:1004 
Mar 10 15:22:30 mx spamd[9486]: spamd: identified spam (16.1/5.0) for buh:1004 in 4.6 seconds, 19360 bytes. 
Mar 10 15:22:30 mx spamd[9486]: spamd: result: Y 16 - DIGEST_MULTIPLE,FH_HELO_EQ_D_D_D_D,HELO_DYNAMIC_IPADDR2,HTML_MESSAGE,MIME_QP_LONG_LINE,PYZOR_CHECK,RAZOR2_CF_RANGE_51_100,RAZOR2_CF_RANGE_E4_51_100,RAZOR2_CHECK,RCVD_IN_BRBL_LASTEXT,RCVD_IN_PBL,RDNS_DYNAMIC,SPF_SOFTFAIL,TVD_RCVD_IP scantime=4.6,size=19360,user=buh,uid=1004,required_score=5.0,rhost=localhost,raddr=127.0.0.1,rport=/var/run/spamd/spamd.sock,mid=<A8A7BEB8A86941FFA4A13F59F6B5E468@workstation>,autolearn=spam 
Mar 10 15:22:30 mx spamd[58660]: prefork: child states: IB 
Mar 10 15:22:30 mx spamd[9486]: spamd: got connection over /var/run/spamd/spamd.sock 
Mar 10 15:22:30 mx spamd[9486]: spamd: using default config for pal: /data/vmail/pal/spamassassin/user_prefs 
Mar 10 15:22:30 mx spamd[9486]: spamd: processing message <A8A7BEB8A86941FFA4A13F59F6B5E468@workstation> for pal:1004 
Mar 10 15:22:32 mx spamd[14198]: spamd: identified spam (16.1/5.0) for sasha:1004 in 5.9 seconds, 2511 bytes. 
Mar 10 15:22:32 mx spamd[14198]: spamd: result: Y 16 - DATE_IN_PAST_06_12,DCC_CHECK,DOS_OE_TO_MX,HELO_DYNAMIC_IPADDR,HTML_MESSAGE,RCVD_IN_BL_SPAMCOP_NET,RCVD_IN_BRBL_LASTEXT,RCVD_IN_PSBL,RCVD_IN_XBL,RDNS_NONE scantime=5.9,size=2511,user=sasha,uid=1004,required_score=5.0,rhost=localhost,raddr=127.0.0.1,rport=/var/run/spamd/spamd.sock,mid=<71D794EAEC7D412D8FCBF7A5412C75F7@MARCUS>,autolearn=spam 
Mar 10 15:22:32 mx spamd[58660]: prefork: child states: BI 
Mar 10 15:22:35 mx spamd[9486]: spamd: identified spam (21.2/5.0) for pal:1004 in 4.7 seconds, 19360 bytes. 
Mar 10 15:22:35 mx spamd[9486]: spamd: result: Y 21 - BAYES_99,DIGEST_MULTIPLE,FH_HELO_EQ_D_D_D_D,HELO_DYNAMIC_IPADDR2,HTML_MESSAGE,MIME_QP_LONG_LINE,PYZOR_CHECK,RAZOR2_CF_RANGE_51_100,RAZOR2_CF_RANGE_E4_51_100,RAZOR2_CHECK,RCVD_IN_BRBL_LASTEXT,RCVD_IN_PBL,RDNS_DYNAMIC,SPF_SOFTFAIL,TVD_RCVD_IP scantime=4.7,size=19360,user=pal,uid=1004,required_score=5.0,rhost=localhost,raddr=127.0.0.1,rport=/var/run/spamd/spamd.sock,mid=<A8A7BEB8A86941FFA4A13F59F6B5E468@workstation>,bayes=1.000000,autolearn=spam 
Mar 10 15:22:35 mx spamd[58660]: prefork: child states: II 
Mar 10 15:22:35 mx spamd[9486]: spamd: got connection over /var/run/spamd/spamd.sock 
Mar 10 15:22:35 mx spamd[9486]: spamd: using default config for goncharova: /data/vmail/goncharova/spamassassin/user_prefs 
Mar 10 15:22:35 mx spamd[9486]: spamd: processing message <A8A7BEB8A86941FFA4A13F59F6B5E468@workstation> for goncharova:1004 
Mar 10 15:22:39 mx spamd[9486]: spamd: identified spam (16.1/5.0) for goncharova:1004 in 4.6 seconds, 19360 bytes. 
Mar 10 15:22:39 mx spamd[9486]: spamd: result: Y 16 - DIGEST_MULTIPLE,FH_HELO_EQ_D_D_D_D,HELO_DYNAMIC_IPADDR2,HTML_MESSAGE,MIME_QP_LONG_LINE,PYZOR_CHECK,RAZOR2_CF_RANGE_51_100,RAZOR2_CF_RANGE_E4_51_100,RAZOR2_CHECK,RCVD_IN_BRBL_LASTEXT,RCVD_IN_PBL,RDNS_DYNAMIC,SPF_SOFTFAIL,TVD_RCVD_IP scantime=4.6,size=19360,user=goncharova,uid=1004,required_score=5.0,rhost=localhost,raddr=127.0.0.1,rport=/var/run/spamd/spamd.sock,mid=<A8A7BEB8A86941FFA4A13F59F6B5E468@workstation>,autolearn=spam 
Mar 10 15:22:40 mx spamd[58660]: prefork: child states: II 
Mar 10 15:23:01 mx spamd[9486]: spamd: got connection over /var/run/spamd/spamd.sock 
Mar 10 15:23:01 mx spamd[9486]: spamd: using default config for buh: /data/vmail/buh/spamassassin/user_prefs 
Mar 10 15:23:01 mx spamd[9486]: spamd: processing message <670401cbdf1d$01f40776$ecead858@pellikaan.de> for buh:1004 
Mar 10 15:23:03 mx spamd[9486]: spamd: identified spam (9.7/5.0) for buh:1004 in 2.5 seconds, 5703 bytes. 
Mar 10 15:23:03 mx spamd[9486]: spamd: result: Y 9 - DCC_CHECK,DOS_OE_TO_MX,HTML_MESSAGE,RCVD_IN_BL_SPAMCOP_NET,RCVD_IN_BRBL_LASTEXT,RCVD_IN_XBL,RDNS_NONE,SPF_HELO_NEUTRAL,SPF_NEUTRAL scantime=2.5,size=5703,user=buh,uid=1004,required_score=5.0,rhost=localhost,raddr=127.0.0.1,rport=/var/run/spamd/spamd.sock,mid=<670401cbdf1d$01f40776$ecead858@pellikaan.de>,autolearn=no 
Mar 10 15:23:03 mx spamd[58660]: prefork: child states: II 
Mar 10 15:23:05 mx spamd[9486]: spamd: got connection over /var/run/spamd/spamd.sock 
Mar 10 15:23:05 mx spamd[9486]: spamd: using default config for manager-shop: /data/vmail/manager-shop/spamassassin/user_prefs 
Mar 10 15:23:05 mx spamd[9486]: spamd: processing message <5DE627A621424A8482A7829C3678CEAD@User> for manager-shop:1004 
Mar 10 15:23:12 mx spamd[9486]: spamd: identified spam (18.1/5.0) for manager-shop:1004 in 7.1 seconds, 38396 bytes. 
Mar 10 15:23:12 mx spamd[9486]: spamd: result: Y 18 - BAYES_99,DATE_IN_PAST_24_48,DCC_CHECK,DIGEST_MULTIPLE,EXTRA_MPART_TYPE,FH_HELO_EQ_D_D_D_D,FSL_MID_419,HELO_DYNAMIC_IPADDR,HTML_FONT_SIZE_LARGE,HTML_MESSAGE,PYZOR_CHECK,RCVD_IN_BRBL_LASTEXT,RCVD_IN_XBL,RDNS_NONE scantime=7.1,size=38396,user=manager-shop,uid=1004,required_score=5.0,rhost=localhost,raddr=127.0.0.1,rport=/var/run/spamd/spamd.sock,mid=<5DE627A621424A8482A7829C3678CEAD@User>,bayes=1.000000,autolearn=spam 
Mar 10 15:23:12 mx spamd[58660]: prefork: child states: II 
Mar 10 15:23:15 mx spamd[9486]: spamd: got connection over /var/run/spamd/spamd.sock 
Mar 10 15:23:15 mx spamd[9486]: spamd: using default config for pushkina: /data/vmail/pushkina/spamassassin/user_prefs 
Mar 10 15:23:16 mx spamd[9486]: spamd: processing message <41d101cbdf1d$fe203b43$a4473ebc@contensis.net> for pushkina:1004 
Mar 10 15:23:18 mx spamd[9486]: spamd: identified spam (14.0/5.0) for pushkina:1004 in 2.7 seconds, 5667 bytes. 
Mar 10 15:23:18 mx spamd[9486]: spamd: result: Y 13 - BAYES_99,DCC_CHECK,DOS_OE_TO_MX,HTML_MESSAGE,RCVD_IN_BRBL_LASTEXT,RCVD_IN_PBL,RCVD_IN_XBL,RDNS_DYNAMIC,SPF_HELO_PASS,SPF_PASS,TVD_RCVD_IP scantime=2.7,size=5667,user=pushkina,uid=1004,required_score=5.0,rhost=localhost,raddr=127.0.0.1,rport=/var/run/spamd/spamd.sock,mid=<41d101cbdf1d$fe203b43$a4473ebc@contensis.net>,bayes=1.000000,autolearn=no 
Mar 10 15:23:18 mx spamd[58660]: prefork: child states: II 
Mar 10 15:23:45 mx spamd[9486]: spamd: got connection over /var/run/spamd/spamd.sock 
Mar 10 15:23:45 mx spamd[9486]: spamd: using default config for m.nina: /data/vmail/m.nina/spamassassin/user_prefs 
Mar 10 15:23:46 mx spamd[9486]: spamd: processing message (unknown) for m.nina:1004 
Mar 10 15:23:46 mx spamd[14198]: spamd: got connection over /var/run/spamd/spamd.sock 
Mar 10 15:23:46 mx spamd[14198]: spamd: using default config for zoya: /data/vmail/zoya/spamassassin/user_prefs 
Mar 10 15:23:47 mx spamd[14198]: spamd: processing message <6C3ECF4AD8634C259FCABA9FB66AF95D@MARCUS> for zoya:1004 
Mar 10 15:23:48 mx spamd[9486]: spamd: identified spam (53.2/5.0) for m.nina:1004 in 2.5 seconds, 1143 bytes. 
Mar 10 15:23:48 mx spamd[9486]: spamd: result: Y 53 - BAYES_99,DCC_CHECK,DIGEST_MULTIPLE,DRUGS_ERECTILE,DRUG_ED_CAPS,FROM_IN_TO_AND_SUBJ,FSL_HELO_NON_FQDN_1,HELO_NO_DOMAIN,HTML_IMAGE_ONLY_08,HTML_MESSAGE,HTML_SHORT_LINK_IMG_1,MIME_HTML_ONLY,MISSING_DATE,MISSING_MID,PYZOR_CHECK,RAZOR2_CF_RANGE_51_100,RAZOR2_CF_RANGE_E8_51_100,RAZOR2_CHECK,RCVD_IN_BL_SPAMCOP_NET,RCVD_IN_BRBL_LASTEXT,RCVD_IN_PBL,RCVD_IN_PSBL,RCVD_IN_XBL,RDNS_NONE,SUBJECT_NEEDS_ENCODING,TO_EQ_FM_DIRECT_MX,TO_EQ_FM_DOM_HTML_IMG,TO_EQ_FM_DOM_HTML_ONLY,TO_EQ_FM_HTML_DIRECT,TO_IN_SUBJ,TO_NO_BRKTS_DIRECT,TO_NO_BRKTS_NORDNS_HTML,TO_NO_BRKTS_NOTLIST,TO_NO_BRKTS_PCNT,T_REMOTE_IMAGE,T_SURBL_MULTI1,T_SURBL_MULTI2,T_URIBL_BLACK_OVERLAP,URIBL_AB_SURBL,URIBL_BLACK,URIBL_DBL_SPAM,URIBL_JP_SURBL,URIBL_SBL,URIBL_WS_SURBL scantime=2.5,size=1143,user=m.nina,uid=1004,required_score=5.0,rhost=localhost,raddr=127.0.0.1,rport=/var/run/spamd/spamd.sock,mid=(unknown),bayes=1.000000,autolearn=spam 
Mar 10 15:23:48 mx spamd[58660]: prefork: child states: IB 
Mar 10 15:23:49 mx spamd[14198]: spamd: identified spam (22.0/5.0) for zoya:1004 in 3.0 seconds, 15341 bytes. 
Mar 10 15:23:49 mx spamd[14198]: spamd: result: Y 22 - DATE_IN_PAST_06_12,DCC_CHECK,DIGEST_MULTIPLE,DOS_OE_TO_MX,FH_HELO_EQ_D_D_D_D,HELO_DYNAMIC_IPADDR2,HTML_MESSAGE,PYZOR_CHECK,RAZOR2_CF_RANGE_51_100,RAZOR2_CF_RANGE_E4_51_100,RAZOR2_CHECK,RCVD_IN_BRBL_LASTEXT,RCVD_IN_PBL,RCVD_IN_XBL,RDNS_NONE scantime=3.0,size=15341,user=zoya,uid=1004,required_score=5.0,rhost=localhost,raddr=127.0.0.1,rport=/var/run/spamd/spamd.sock,mid=<6C3ECF4AD8634C259FCABA9FB66AF95D@MARCUS>,autolearn=spam 
Mar 10 15:23:49 mx spamd[58660]: prefork: child states: II 
Mar 10 15:24:26 mx spamd[9486]: spamd: got connection over /var/run/spamd/spamd.sock 
Mar 10 15:24:26 mx spamd[9486]: spamd: using default config for lilly: /data/vmail/lilly/spamassassin/user_prefs 
Mar 10 15:24:26 mx spamd[9486]: spamd: processing message <000d01cbdf1e$17aeb690$6400a8c0@squaringlj6> for lilly:1004 
Mar 10 15:24:28 mx spamd[9486]: spamd: identified spam (19.9/5.0) for lilly:1004 in 2.6 seconds, 1210 bytes. 
Mar 10 15:24:28 mx spamd[9486]: spamd: result: Y 19 - AXB_HELO_HOME_UN,DCC_CHECK,DIGEST_MULTIPLE,HELO_LH_HOME,PYZOR_CHECK,RAZOR2_CF_RANGE_51_100,RAZOR2_CF_RANGE_E4_51_100,RAZOR2_CHECK,RCVD_IN_BL_SPAMCOP_NET,RCVD_IN_BRBL_LASTEXT,RCVD_IN_PBL,RCVD_IN_RP_RNBL,RCVD_IN_XBL,RDNS_DYNAMIC,STOX_REPLY_TYPE,STOX_REPLY_TYPE_WITHOUT_QUOTES scantime=2.6,size=1210,user=lilly,uid=1004,required_score=5.0,rhost=localhost,raddr=127.0.0.1,rport=/var/run/spamd/spamd.sock,mid=<000d01cbdf1e$17aeb690$6400a8c0@squaringlj6>,bayes=1.000000,autolearn=spam 
Mar 10 15:24:28 mx spamd[58660]: prefork: child states: II 
Mar 10 15:24:28 mx spamd[9486]: spamd: got connection over /var/run/spamd/spamd.sock 
Mar 10 15:24:28 mx spamd[9486]: spamd: using default config for li: /data/vmail/li/spamassassin/user_prefs 
Mar 10 15:24:29 mx spamd[9486]: spamd: processing message <000d01cbdf1e$17aeb690$6400a8c0@squaringlj6> for li:1004 
Mar 10 15:24:31 mx spamd[9486]: spamd: identified spam (23.4/5.0) for li:1004 in 2.5 seconds, 1210 bytes. 
Mar 10 15:24:31 mx spamd[9486]: spamd: result: Y 23 - AXB_HELO_HOME_UN,BAYES_99,DCC_CHECK,DIGEST_MULTIPLE,HELO_LH_HOME,PYZOR_CHECK,RAZOR2_CF_RANGE_51_100,RAZOR2_CF_RANGE_E4_51_100,RAZOR2_CHECK,RCVD_IN_BL_SPAMCOP_NET,RCVD_IN_BRBL_LASTEXT,RCVD_IN_PBL,RCVD_IN_RP_RNBL,RCVD_IN_XBL,RDNS_DYNAMIC,STOX_REPLY_TYPE,STOX_REPLY_TYPE_WITHOUT_QUOTES scantime=2.5,size=1210,user=li,uid=1004,required_score=5.0,rhost=localhost,raddr=127.0.0.1,rport=/var/run/spamd/spamd.sock,mid=<000d01cbdf1e$17aeb690$6400a8c0@squaringlj6>,bayes=1.000000,autolearn=spam 
Mar 10 15:24:31 mx spamd[58660]: prefork: child states: II 
Mar 10 15:25:38 mx spamd[9486]: spamd: got connection over /var/run/spamd/spamd.sock 
Mar 10 15:25:38 mx spamd[9486]: spamd: using default config for shurik: /data/vmail/shurik/spamassassin/user_prefs 
Mar 10 15:25:38 mx spamd[14198]: spamd: got connection over /var/run/spamd/spamd.sock 
Mar 10 15:25:38 mx spamd[14198]: spamd: using default config for elya: /data/vmail/elya/spamassassin/user_prefs 
Mar 10 15:25:38 mx spamd[9486]: spamd: processing message <000d01cbdf1e$422d2960$6400a8c0@viscous> for shurik:1004 
Mar 10 15:25:38 mx spamd[14198]: spamd: processing message <000d01cbdf1e$422adf70$6400a8c0@farsightedejyl294> for elya:1004 
Mar 10 15:25:40 mx spamd[9486]: spamd: identified spam (20.3/5.0) for shurik:1004 in 2.6 seconds, 1178 bytes. 
Mar 10 15:25:40 mx spamd[9486]: spamd: result: Y 20 - BAYES_99,DCC_CHECK,DIGEST_MULTIPLE,FH_FAKE_RCVD_LINE_B,FH_HELO_EQ_D_D_D_D,PYZOR_CHECK,RAZOR2_CF_RANGE_51_100,RAZOR2_CF_RANGE_E4_51_100,RAZOR2_CHECK,RCVD_IN_BRBL_LASTEXT,RCVD_IN_XBL,RDNS_NONE,STOX_REPLY_TYPE,STOX_REPLY_TYPE_WITHOUT_QUOTES scantime=2.6,size=1178,user=shurik,uid=1004,required_score=5.0,rhost=localhost,raddr=127.0.0.1,rport=/var/run/spamd/spamd.sock,mid=<000d01cbdf1e$422d2960$6400a8c0@viscous>,bayes=1.000000,autolearn=spam 
Mar 10 15:25:40 mx spamd[58660]: prefork: child states: BB 
Mar 10 15:25:40 mx spamd[9486]: spamd: got connection over /var/run/spamd/spamd.sock 
Mar 10 15:25:40 mx spamd[9486]: spamd: using default config for lilly: /data/vmail/lilly/spamassassin/user_prefs 
Mar 10 15:25:40 mx spamd[58660]: spamd: server successfully spawned child process, pid 21275 
Mar 10 15:25:40 mx spamd[58660]: prefork: adjust: 0 idle children less than 1 minimum idle children. Increasing spamd children: 21275 started. 
Mar 10 15:25:40 mx spamd[58660]: prefork: child states: BBB 
Mar 10 15:25:40 mx spamd[21275]: spamd: got connection over /var/run/spamd/spamd.sock 
Mar 10 15:25:40 mx spamd[21275]: spamd: using default config for sale: /data/vmail/sale/spamassassin/user_prefs 
Mar 10 15:25:40 mx spamd[58660]: spamd: server successfully spawned child process, pid 21277 
Mar 10 15:25:40 mx spamd[58660]: prefork: adjust: 0 idle children less than 1 minimum idle children. Increasing spamd children: 21277 started. 
Mar 10 15:25:40 mx spamd[58660]: prefork: child states: BBBB 
Mar 10 15:25:40 mx spamd[21277]: spamd: got connection over /var/run/spamd/spamd.sock 
Mar 10 15:25:40 mx spamd[21277]: spamd: using default config for sergey: /data/vmail/sergey/spamassassin/user_prefs 
Mar 10 15:25:40 mx spamd[58660]: spamd: server successfully spawned child process, pid 21278 
Mar 10 15:25:40 mx spamd[58660]: prefork: adjust: 0 idle children less than 1 minimum idle children. Increasing spamd children: 21278 started. 
Mar 10 15:25:40 mx spamd[58660]: prefork: child states: BBBBI 
Mar 10 15:25:40 mx spamd[21278]: spamd: got connection over /var/run/spamd/spamd.sock 
Mar 10 15:25:40 mx spamd[21278]: spamd: using default config for natasha: /data/vmail/natasha/spamassassin/user_prefs 
Mar 10 15:25:41 mx spamd[21275]: spamd: processing message <000d01cbdf1e$42c830e0$6400a8c0@sheikdomz2> for sale:1004 
Mar 10 15:25:41 mx spamd[21277]: spamd: processing message <000d01cbdf1e$42ec0c90$6400a8c0@reconciledyi> for sergey:1004 
Mar 10 15:25:41 mx spamd[9486]: spamd: processing message <000d01cbdf1e$42aba830$6400a8c0@egotisticallyzj1> for lilly:1004 
Mar 10 15:25:41 mx spamd[21278]: spamd: processing message <000d01cbdf1e$422d2960$6400a8c0@viscous> for natasha:1004 
Mar 10 15:25:41 mx spamd[14198]: spamd: identified spam (20.3/5.0) for elya:1004 in 3.1 seconds, 1205 bytes. 
Mar 10 15:25:41 mx spamd[14198]: spamd: result: Y 20 - BAYES_99,DCC_CHECK,DIGEST_MULTIPLE,FH_FAKE_RCVD_LINE_B,FH_HELO_EQ_D_D_D_D,PYZOR_CHECK,RAZOR2_CF_RANGE_51_100,RAZOR2_CF_RANGE_E4_51_100,RAZOR2_CHECK,RCVD_IN_BRBL_LASTEXT,RCVD_IN_XBL,RDNS_NONE,STOX_REPLY_TYPE,STOX_REPLY_TYPE_WITHOUT_QUOTES scantime=3.1,size=1205,user=elya,uid=1004,required_score=5.0,rhost=localhost,raddr=127.0.0.1,rport=/var/run/spamd/spamd.sock,mid=<000d01cbdf1e$422adf70$6400a8c0@farsightedejyl294>,bayes=1.000000,autolearn=spam 
Mar 10 15:25:41 mx spamd[58660]: prefork: child states: BIBBB 
Mar 10 15:25:41 mx spamd[14198]: spamd: got connection over /var/run/spamd/spamd.sock 
Mar 10 15:25:41 mx spamd[14198]: spamd: using default config for lilly: /data/vmail/lilly/spamassassin/user_prefs 
Mar 10 15:25:41 mx spamd[14198]: spamd: processing message <000d01cbdf1e$422adf70$6400a8c0@farsightedejyl294> for lilly:1004 
Mar 10 15:25:43 mx spamd[21275]: spamd: identified spam (20.3/4.0) for sale:1004 in 2.8 seconds, 1192 bytes. 
Mar 10 15:25:43 mx spamd[21275]: spamd: result: Y 20 - BAYES_99,DCC_CHECK,DIGEST_MULTIPLE,FH_FAKE_RCVD_LINE_B,FH_HELO_EQ_D_D_D_D,PYZOR_CHECK,RAZOR2_CF_RANGE_51_100,RAZOR2_CF_RANGE_E4_51_100,RAZOR2_CHECK,RCVD_IN_BRBL_LASTEXT,RCVD_IN_XBL,RDNS_NONE,STOX_REPLY_TYPE,STOX_REPLY_TYPE_WITHOUT_QUOTES scantime=2.8,size=1192,user=sale,uid=1004,required_score=4.0,rhost=localhost,raddr=127.0.0.1,rport=/var/run/spamd/spamd.sock,mid=<000d01cbdf1e$42c830e0$6400a8c0@sheikdomz2>,bayes=1.000000,autolearn=spam 
Mar 10 15:25:43 mx spamd[21277]: spamd: identified spam (20.3/5.0) for sergey:1004 in 2.8 seconds, 1173 bytes. 
Mar 10 15:25:43 mx spamd[21277]: spamd: result: Y 20 - BAYES_99,DCC_CHECK,DIGEST_MULTIPLE,FH_FAKE_RCVD_LINE_B,FH_HELO_EQ_D_D_D_D,PYZOR_CHECK,RAZOR2_CF_RANGE_51_100,RAZOR2_CF_RANGE_E4_51_100,RAZOR2_CHECK,RCVD_IN_BRBL_LASTEXT,RCVD_IN_XBL,RDNS_NONE,STOX_REPLY_TYPE,STOX_REPLY_TYPE_WITHOUT_QUOTES scantime=2.8,size=1173,user=sergey,uid=1004,required_score=5.0,rhost=localhost,raddr=127.0.0.1,rport=/var/run/spamd/spamd.sock,mid=<000d01cbdf1e$42ec0c90$6400a8c0@reconciledyi>,bayes=1.000000,autolearn=spam 
Mar 10 15:25:43 mx spamd[9486]: spamd: identified spam (12.8/5.0) for lilly:1004 in 2.8 seconds, 1177 bytes. 
Mar 10 15:25:43 mx spamd[9486]: spamd: result: Y 12 - DCC_CHECK,DIGEST_MULTIPLE,FH_HELO_EQ_D_D_D_D,PYZOR_CHECK,RAZOR2_CF_RANGE_51_100,RAZOR2_CF_RANGE_E4_51_100,RAZOR2_CHECK,RCVD_IN_BRBL_LASTEXT,RCVD_IN_XBL,RDNS_NONE,STOX_REPLY_TYPE,STOX_REPLY_TYPE_WITHOUT_QUOTES scantime=2.8,size=1177,user=lilly,uid=1004,required_score=5.0,rhost=localhost,raddr=127.0.0.1,rport=/var/run/spamd/spamd.sock,mid=<000d01cbdf1e$42aba830$6400a8c0@egotisticallyzj1>,bayes=1.000000,autolearn=spam 
Mar 10 15:25:43 mx spamd[58660]: prefork: child states: BBIBB 
Mar 10 15:25:43 mx spamd[21278]: spamd: identified spam (15.8/5.0) for natasha:1004 in 2.8 seconds, 1178 bytes. 
Mar 10 15:25:43 mx spamd[21278]: spamd: result: Y 15 - DCC_CHECK,DIGEST_MULTIPLE,FH_FAKE_RCVD_LINE_B,FH_HELO_EQ_D_D_D_D,PYZOR_CHECK,RAZOR2_CF_RANGE_51_100,RAZOR2_CF_RANGE_E4_51_100,RAZOR2_CHECK,RCVD_IN_BRBL_LASTEXT,RCVD_IN_XBL,RDNS_NONE,STOX_REPLY_TYPE,STOX_REPLY_TYPE_WITHOUT_QUOTES scantime=2.8,size=1178,user=natasha,uid=1004,required_score=5.0,rhost=localhost,raddr=127.0.0.1,rport=/var/run/spamd/spamd.sock,mid=<000d01cbdf1e$422d2960$6400a8c0@viscous>,autolearn=spam 
Mar 10 15:25:43 mx spamd[58660]: prefork: child states: BBIIB 
Mar 10 15:25:43 mx spamd[58660]: prefork: child states: IBIIB 
Mar 10 15:25:43 mx spamd[58660]: prefork: adjust: 3 idle children more than 2 maximum idle children. Decreasing spamd children: 21277 killed. 
Mar 10 15:25:43 mx spamd[58660]: spamd: handled cleanup of child pid [21277] due to SIGCHLD: interrupted, signal 2 (0002) 
Mar 10 15:25:43 mx spamd[58660]: prefork: child states: IBIZB 
Mar 10 15:25:43 mx spamd[9486]: spamd: got connection over /var/run/spamd/spamd.sock 
Mar 10 15:25:43 mx spamd[9486]: spamd: using default config for alimova: /data/vmail/alimova/spamassassin/user_prefs 
Mar 10 15:25:43 mx spamd[21275]: spamd: got connection over /var/run/spamd/spamd.sock 
Mar 10 15:25:43 mx spamd[21275]: spamd: using default config for zudenkova: /data/vmail/zudenkova/spamassassin/user_prefs 
Mar 10 15:25:43 mx spamd[58660]: prefork: child states: BBBI 
Mar 10 15:25:43 mx spamd[21278]: spamd: got connection over /var/run/spamd/spamd.sock 
Mar 10 15:25:43 mx spamd[21278]: spamd: using default config for shurik: /data/vmail/shurik/spamassassin/user_prefs 
Mar 10 15:25:44 mx spamd[21275]: spamd: processing message <000d01cbdf1e$42ec0c90$6400a8c0@reconciledyi> for zudenkova:1004 
Mar 10 15:25:44 mx spamd[9486]: spamd: processing message <000d01cbdf1e$42c830e0$6400a8c0@sheikdomz2> for alimova:1004 
Mar 10 15:25:44 mx spamd[21278]: spamd: processing message <000d01cbdf1e$42aba830$6400a8c0@egotisticallyzj1> for shurik:1004 
Mar 10 15:25:44 mx spamd[14198]: spamd: identified spam (16.8/5.0) for lilly:1004 in 2.6 seconds, 1205 bytes. 
Mar 10 15:25:44 mx spamd[14198]: spamd: result: Y 16 - DCC_CHECK,DIGEST_MULTIPLE,FH_FAKE_RCVD_LINE_B,FH_HELO_EQ_D_D_D_D,PYZOR_CHECK,RAZOR2_CF_RANGE_51_100,RAZOR2_CF_RANGE_E4_51_100,RAZOR2_CHECK,RCVD_IN_BRBL_LASTEXT,RCVD_IN_XBL,RDNS_NONE,STOX_REPLY_TYPE,STOX_REPLY_TYPE_WITHOUT_QUOTES scantime=2.6,size=1205,user=lilly,uid=1004,required_score=5.0,rhost=localhost,raddr=127.0.0.1,rport=/var/run/spamd/spamd.sock,mid=<000d01cbdf1e$422adf70$6400a8c0@farsightedejyl294>,bayes=1.000000,autolearn=spam 
Mar 10 15:25:44 mx spamd[14198]: spamd: got connection over /var/run/spamd/spamd.sock 
Mar 10 15:25:44 mx spamd[58660]: prefork: child states: BBBB 
Mar 10 15:25:44 mx spamd[14198]: spamd: using default config for ryabova: /data/vmail/ryabova/spamassassin/user_prefs 
Mar 10 15:25:44 mx spamd[58660]: spamd: server successfully spawned child process, pid 21329 
Mar 10 15:25:44 mx spamd[58660]: prefork: adjust: 0 idle children less than 1 minimum idle children. Increasing spamd children: 21329 started. 
Mar 10 15:25:44 mx spamd[58660]: prefork: child states: BBBBI 
Mar 10 15:25:44 mx spamd[21329]: spamd: got connection over /var/run/spamd/spamd.sock 
Mar 10 15:25:44 mx spamd[21329]: spamd: using default config for buh: /data/vmail/buh/spamassassin/user_prefs 
Mar 10 15:25:44 mx spamd[21329]: spamd: processing message <000d01cbdf1e$422adf70$6400a8c0@farsightedejyl294> for buh:1004 
Mar 10 15:25:44 mx spamd[14198]: spamd: processing message <000d01cbdf1e$422d2960$6400a8c0@viscous> for ryabova:1004 
Mar 10 15:25:46 mx spamd[21275]: spamd: identified spam (20.3/5.0) for zudenkova:1004 in 2.5 seconds, 1173 bytes. 
Mar 10 15:25:46 mx spamd[21275]: spamd: result: Y 20 - BAYES_99,DCC_CHECK,DIGEST_MULTIPLE,FH_FAKE_RCVD_LINE_B,FH_HELO_EQ_D_D_D_D,PYZOR_CHECK,RAZOR2_CF_RANGE_51_100,RAZOR2_CF_RANGE_E4_51_100,RAZOR2_CHECK,RCVD_IN_BRBL_LASTEXT,RCVD_IN_XBL,RDNS_NONE,STOX_REPLY_TYPE,STOX_REPLY_TYPE_WITHOUT_QUOTES scantime=2.5,size=1173,user=zudenkova,uid=1004,required_score=5.0,rhost=localhost,raddr=127.0.0.1,rport=/var/run/spamd/spamd.sock,mid=<000d01cbdf1e$42ec0c90$6400a8c0@reconciledyi>,bayes=1.000000,autolearn=spam 
Mar 10 15:25:46 mx spamd[9486]: spamd: identified spam (15.8/5.0) for alimova:1004 in 2.5 seconds, 1192 bytes. 
Mar 10 15:25:46 mx spamd[9486]: spamd: result: Y 15 - DCC_CHECK,DIGEST_MULTIPLE,FH_FAKE_RCVD_LINE_B,FH_HELO_EQ_D_D_D_D,PYZOR_CHECK,RAZOR2_CF_RANGE_51_100,RAZOR2_CF_RANGE_E4_51_100,RAZOR2_CHECK,RCVD_IN_BRBL_LASTEXT,RCVD_IN_XBL,RDNS_NONE,STOX_REPLY_TYPE,STOX_REPLY_TYPE_WITHOUT_QUOTES scantime=2.5,size=1192,user=alimova,uid=1004,required_score=5.0,rhost=localhost,raddr=127.0.0.1,rport=/var/run/spamd/spamd.sock,mid=<000d01cbdf1e$42c830e0$6400a8c0@sheikdomz2>,autolearn=spam 
Mar 10 15:25:46 mx spamd[58660]: prefork: child states: BBIBB 
Mar 10 15:25:46 mx spamd[58660]: prefork: child states: IBIBB 
Mar 10 15:25:46 mx spamd[21278]: spamd: identified spam (16.3/5.0) for shurik:1004 in 2.5 seconds, 1177 bytes. 
Mar 10 15:25:46 mx spamd[21278]: spamd: result: Y 16 - BAYES_99,DCC_CHECK,DIGEST_MULTIPLE,FH_HELO_EQ_D_D_D_D,PYZOR_CHECK,RAZOR2_CF_RANGE_51_100,RAZOR2_CF_RANGE_E4_51_100,RAZOR2_CHECK,RCVD_IN_BRBL_LASTEXT,RCVD_IN_XBL,RDNS_NONE,STOX_REPLY_TYPE,STOX_REPLY_TYPE_WITHOUT_QUOTES scantime=2.5,size=1177,user=shurik,uid=1004,required_score=5.0,rhost=localhost,raddr=127.0.0.1,rport=/var/run/spamd/spamd.sock,mid=<000d01cbdf1e$42aba830$6400a8c0@egotisticallyzj1>,bayes=1.000000,autolearn=spam 
Mar 10 15:25:46 mx spamd[9486]: spamd: got connection over /var/run/spamd/spamd.sock 
Mar 10 15:25:46 mx spamd[9486]: spamd: using default config for ryabova: /data/vmail/ryabova/spamassassin/user_prefs 
Mar 10 15:25:46 mx spamd[21275]: spamd: got connection over /var/run/spamd/spamd.sock 
Mar 10 15:25:46 mx spamd[21275]: spamd: using default config for ryabova: /data/vmail/ryabova/spamassassin/user_prefs 
Mar 10 15:25:46 mx spamd[58660]: prefork: child states: BBBIB 
Mar 10 15:25:46 mx spamd[21278]: spamd: got connection over /var/run/spamd/spamd.sock 
Mar 10 15:25:46 mx spamd[21278]: spamd: using default config for kovaleva: /data/vmail/kovaleva/spamassassin/user_prefs 
Mar 10 15:25:46 mx spamd[9486]: spamd: processing message <000d01cbdf1e$42ec0c90$6400a8c0@reconciledyi> for ryabova:1004 
Mar 10 15:25:46 mx spamd[14198]: spamd: identified spam (20.3/5.0) for ryabova:1004 in 2.6 seconds, 1178 bytes. 
Mar 10 15:25:46 mx spamd[14198]: spamd: result: Y 20 - BAYES_99,DCC_CHECK,DIGEST_MULTIPLE,FH_FAKE_RCVD_LINE_B,FH_HELO_EQ_D_D_D_D,PYZOR_CHECK,RAZOR2_CF_RANGE_51_100,RAZOR2_CF_RANGE_E4_51_100,RAZOR2_CHECK,RCVD_IN_BRBL_LASTEXT,RCVD_IN_XBL,RDNS_NONE,STOX_REPLY_TYPE,STOX_REPLY_TYPE_WITHOUT_QUOTES scantime=2.6,size=1178,user=ryabova,uid=1004,required_score=5.0,rhost=localhost,raddr=127.0.0.1,rport=/var/run/spamd/spamd.sock,mid=<000d01cbdf1e$422d2960$6400a8c0@viscous>,bayes=1.000000,autolearn=spam 
Mar 10 15:25:46 mx spamd[58660]: prefork: child states: BIBBB 
Mar 10 15:25:46 mx spamd[14198]: spamd: got connection over /var/run/spamd/spamd.sock 
Mar 10 15:25:46 mx spamd[14198]: spamd: using default config for serge_ali: /data/vmail/serge_ali/spamassassin/user_prefs 
Mar 10 15:25:46 mx spamd[21329]: spamd: identified spam (15.8/5.0) for buh:1004 in 2.7 seconds, 1205 bytes. 
Mar 10 15:25:46 mx spamd[21329]: spamd: result: Y 15 - DCC_CHECK,DIGEST_MULTIPLE,FH_FAKE_RCVD_LINE_B,FH_HELO_EQ_D_D_D_D,PYZOR_CHECK,RAZOR2_CF_RANGE_51_100,RAZOR2_CF_RANGE_E4_51_100,RAZOR2_CHECK,RCVD_IN_BRBL_LASTEXT,RCVD_IN_XBL,RDNS_NONE,STOX_REPLY_TYPE,STOX_REPLY_TYPE_WITHOUT_QUOTES scantime=2.7,size=1205,user=buh,uid=1004,required_score=5.0,rhost=localhost,raddr=127.0.0.1,rport=/var/run/spamd/spamd.sock,mid=<000d01cbdf1e$422adf70$6400a8c0@farsightedejyl294>,autolearn=spam 
Mar 10 15:25:46 mx spamd[21275]: spamd: processing message <000d01cbdf1e$42c830e0$6400a8c0@sheikdomz2> for ryabova:1004 
Mar 10 15:25:46 mx spamd[58660]: prefork: child states: BBBBI 
Mar 10 15:25:46 mx spamd[21329]: spamd: got connection over /var/run/spamd/spamd.sock 
Mar 10 15:25:46 mx spamd[21329]: spamd: using default config for sale: /data/vmail/sale/spamassassin/user_prefs 
Mar 10 15:25:46 mx spamd[21278]: spamd: processing message <000d01cbdf1e$42aba830$6400a8c0@egotisticallyzj1> for kovaleva:1004 
Mar 10 15:25:47 mx spamd[14198]: spamd: processing message <000d01cbdf1e$422d2960$6400a8c0@viscous> for serge_ali:1004 
Mar 10 15:25:47 mx spamd[21329]: spamd: processing message <000d01cbdf1e$422adf70$6400a8c0@farsightedejyl294> for sale:1004 
Mar 10 15:25:48 mx spamd[9486]: spamd: identified spam (20.3/5.0) for ryabova:1004 in 2.5 seconds, 1173 bytes. 
Mar 10 15:25:48 mx spamd[9486]: spamd: result: Y 20 - BAYES_99,DCC_CHECK,DIGEST_MULTIPLE,FH_FAKE_RCVD_LINE_B,FH_HELO_EQ_D_D_D_D,PYZOR_CHECK,RAZOR2_CF_RANGE_51_100,RAZOR2_CF_RANGE_E4_51_100,RAZOR2_CHECK,RCVD_IN_BRBL_LASTEXT,RCVD_IN_XBL,RDNS_NONE,STOX_REPLY_TYPE,STOX_REPLY_TYPE_WITHOUT_QUOTES scantime=2.5,size=1173,user=ryabova,uid=1004,required_score=5.0,rhost=localhost,raddr=127.0.0.1,rport=/var/run/spamd/spamd.sock,mid=<000d01cbdf1e$42ec0c90$6400a8c0@reconciledyi>,bayes=1.000000,autolearn=spam 
Mar 10 15:25:48 mx spamd[58660]: prefork: child states: IBBBB 
Mar 10 15:25:48 mx spamd[9486]: spamd: got connection over /var/run/spamd/spamd.sock 
Mar 10 15:25:48 mx spamd[9486]: spamd: using default config for natasha: /data/vmail/natasha/spamassassin/user_prefs 
Mar 10 15:25:49 mx spamd[21275]: spamd: identified spam (20.3/5.0) for ryabova:1004 in 2.8 seconds, 1192 bytes. 
Mar 10 15:25:49 mx spamd[21275]: spamd: result: Y 20 - BAYES_99,DCC_CHECK,DIGEST_MULTIPLE,FH_FAKE_RCVD_LINE_B,FH_HELO_EQ_D_D_D_D,PYZOR_CHECK,RAZOR2_CF_RANGE_51_100,RAZOR2_CF_RANGE_E4_51_100,RAZOR2_CHECK,RCVD_IN_BRBL_LASTEXT,RCVD_IN_XBL,RDNS_NONE,STOX_REPLY_TYPE,STOX_REPLY_TYPE_WITHOUT_QUOTES scantime=2.8,size=1192,user=ryabova,uid=1004,required_score=5.0,rhost=localhost,raddr=127.0.0.1,rport=/var/run/spamd/spamd.sock,mid=<000d01cbdf1e$42c830e0$6400a8c0@sheikdomz2>,bayes=1.000000,autolearn=spam 
Mar 10 15:25:49 mx spamd[21278]: spamd: identified spam (16.3/5.0) for kovaleva:1004 in 2.8 seconds, 1177 bytes. 
Mar 10 15:25:49 mx spamd[21278]: spamd: result: Y 16 - BAYES_99,DCC_CHECK,DIGEST_MULTIPLE,FH_HELO_EQ_D_D_D_D,PYZOR_CHECK,RAZOR2_CF_RANGE_51_100,RAZOR2_CF_RANGE_E4_51_100,RAZOR2_CHECK,RCVD_IN_BRBL_LASTEXT,RCVD_IN_XBL,RDNS_NONE,STOX_REPLY_TYPE,STOX_REPLY_TYPE_WITHOUT_QUOTES scantime=2.8,size=1177,user=kovaleva,uid=1004,required_score=5.0,rhost=localhost,raddr=127.0.0.1,rport=/var/run/spamd/spamd.sock,mid=<000d01cbdf1e$42aba830$6400a8c0@egotisticallyzj1>,bayes=1.000000,autolearn=spam 
Mar 10 15:25:49 mx spamd[58660]: prefork: child states: BBIBB 
Mar 10 15:25:49 mx spamd[58660]: prefork: child states: BBIIB 
Mar 10 15:25:49 mx spamd[9486]: spamd: processing message <000d01cbdf1e$42ec0c90$6400a8c0@reconciledyi> for natasha:1004 
Mar 10 15:25:49 mx spamd[21275]: spamd: got connection over /var/run/spamd/spamd.sock 
Mar 10 15:25:49 mx spamd[21275]: spamd: using default config for secretary: /data/vmail/secretary/spamassassin/user_prefs 
Mar 10 15:25:49 mx spamd[21278]: spamd: got connection over /var/run/spamd/spamd.sock 
Mar 10 15:25:49 mx spamd[21278]: spamd: using default config for oksana: /data/vmail/oksana/spamassassin/user_prefs 
Mar 10 15:25:49 mx spamd[14198]: spamd: identified spam (15.8/5.0) for serge_ali:1004 in 2.5 seconds, 1178 bytes. 
Mar 10 15:25:49 mx spamd[14198]: spamd: result: Y 15 - DCC_CHECK,DIGEST_MULTIPLE,FH_FAKE_RCVD_LINE_B,FH_HELO_EQ_D_D_D_D,PYZOR_CHECK,RAZOR2_CF_RANGE_51_100,RAZOR2_CF_RANGE_E4_51_100,RAZOR2_CHECK,RCVD_IN_BRBL_LASTEXT,RCVD_IN_XBL,RDNS_NONE,STOX_REPLY_TYPE,STOX_REPLY_TYPE_WITHOUT_QUOTES scantime=2.5,size=1178,user=serge_ali,uid=1004,required_score=5.0,rhost=localhost,raddr=127.0.0.1,rport=/var/run/spamd/spamd.sock,mid=<000d01cbdf1e$422d2960$6400a8c0@viscous>,autolearn=spam 
Mar 10 15:25:49 mx spamd[58660]: prefork: child states: BIBBB 
Mar 10 15:25:49 mx spamd[14198]: spamd: got connection over /var/run/spamd/spamd.sock 
Mar 10 15:25:49 mx spamd[14198]: spamd: using default config for pushkina: /data/vmail/pushkina/spamassassin/user_prefs 
Mar 10 15:25:49 mx spamd[21329]: spamd: identified spam (20.3/4.0) for sale:1004 in 2.7 seconds, 1205 bytes. 
Mar 10 15:25:49 mx spamd[21329]: spamd: result: Y 20 - BAYES_99,DCC_CHECK,DIGEST_MULTIPLE,FH_FAKE_RCVD_LINE_B,FH_HELO_EQ_D_D_D_D,PYZOR_CHECK,RAZOR2_CF_RANGE_51_100,RAZOR2_CF_RANGE_E4_51_100,RAZOR2_CHECK,RCVD_IN_BRBL_LASTEXT,RCVD_IN_XBL,RDNS_NONE,STOX_REPLY_TYPE,STOX_REPLY_TYPE_WITHOUT_QUOTES scantime=2.7,size=1205,user=sale,uid=1004,required_score=4.0,rhost=localhost,raddr=127.0.0.1,rport=/var/run/spamd/spamd.sock,mid=<000d01cbdf1e$422adf70$6400a8c0@farsightedejyl294>,bayes=1.000000,autolearn=spam 
Mar 10 15:25:49 mx spamd[21278]: spamd: processing message <000d01cbdf1e$42aba830$6400a8c0@egotisticallyzj1> for oksana:1004 
Mar 10 15:25:49 mx spamd[58660]: prefork: child states: BBBBI 
Mar 10 15:25:49 mx spamd[21275]: spamd: processing message <000d01cbdf1e$42c830e0$6400a8c0@sheikdomz2> for secretary:1004 
Mar 10 15:25:49 mx spamd[21329]: spamd: got connection over /var/run/spamd/spamd.sock 
Mar 10 15:25:49 mx spamd[21329]: spamd: using default config for genger: /data/vmail/genger/spamassassin/user_prefs 
Mar 10 15:25:49 mx spamd[14198]: spamd: processing message <000d01cbdf1e$422d2960$6400a8c0@viscous> for pushkina:1004 
Mar 10 15:25:49 mx spamd[21329]: spamd: processing message <000d01cbdf1e$422adf70$6400a8c0@farsightedejyl294> for genger:1004 
Mar 10 15:25:51 mx spamd[9486]: spamd: identified spam (15.8/5.0) for natasha:1004 in 2.8 seconds, 1173 bytes. 
Mar 10 15:25:51 mx spamd[9486]: spamd: result: Y 15 - DCC_CHECK,DIGEST_MULTIPLE,FH_FAKE_RCVD_LINE_B,FH_HELO_EQ_D_D_D_D,PYZOR_CHECK,RAZOR2_CF_RANGE_51_100,RAZOR2_CF_RANGE_E4_51_100,RAZOR2_CHECK,RCVD_IN_BRBL_LASTEXT,RCVD_IN_XBL,RDNS_NONE,STOX_REPLY_TYPE,STOX_REPLY_TYPE_WITHOUT_QUOTES scantime=2.8,size=1173,user=natasha,uid=1004,required_score=5.0,rhost=localhost,raddr=127.0.0.1,rport=/var/run/spamd/spamd.sock,mid=<000d01cbdf1e$42ec0c90$6400a8c0@reconciledyi>,autolearn=spam 
Mar 10 15:25:51 mx spamd[58660]: prefork: child states: IBBBB 
Mar 10 15:25:51 mx spamd[9486]: spamd: got connection over /var/run/spamd/spamd.sock 
Mar 10 15:25:51 mx spamd[9486]: spamd: using default config for popova: /data/vmail/popova/spamassassin/user_prefs 
Mar 10 15:25:51 mx spamd[21278]: spamd: identified spam (16.3/5.0) for oksana:1004 in 2.5 seconds, 1177 bytes. 
