Mar 10 15:11:43 mx spamd[14198]: spamd: result: Y 34 - BAYES_99,DCC_CHECK,DIGEST_MULTIPLE,FH_FAKE_RCVD_LINE_B,FUZZY_XPILL,HELO_DYNAMIC_HCC,HELO_DYNAMIC_IPADDR2,HELO_DYNAMIC_SPLIT_IP,PYZOR_CHECK,RAZOR2_CF_RANGE_51_100,RAZOR2_CF_RANGE_E4_51_100,RAZOR2_CHECK,RCVD_IN_BRBL_LASTEXT,RCVD_IN_PBL,RCVD_IN_SORBS_DUL,RCVD_IN_XBL,RDNS_DYNAMIC,STOX_REPLY_TYPE,STOX_REPLY_TYPE_WITHOUT_QUOTES,TVD_RCVD_IP scantime=2.7,size=3140,user=ryabova,uid=1004,required_score=5.0,rhost=localhost,raddr=127.0.0.1,rport=/var/run/spamd/spamd.sock,mid=<000d01cbdf1c$4cc5f070$6400a8c0@encroachments4>,bayes=1.000000,autolearn=spam 
Mar 10 15:11:43 mx spamd[18171]: spamd: processing message <000d01cbdf1c$4dfbd860$6400a8c0@clericalj48> for alimova:1004 
Mar 10 15:11:43 mx spamd[58660]: prefork: child states: BIBBB 
Mar 10 15:11:43 mx spamd[14198]: spamd: got connection over /var/run/spamd/spamd.sock 
Mar 10 15:11:43 mx spamd[14198]: spamd: using default config for marina: /data/vmail/marina/spamassassin/user_prefs 
Mar 10 15:11:43 mx spamd[18223]: spamd: processing message <000d01cbdf1c$4d8e2270$6400a8c0@moccasinsjt> for sergey:1004 
Mar 10 15:11:43 mx spamd[14198]: spamd: processing message <000d01cbdf1c$4cc5f070$6400a8c0@encroachments4> for marina:1004 
Mar 10 15:11:45 mx spamd[9486]: spamd: identified spam (34.0/5.0) for shurik:1004 in 2.7 seconds, 3137 bytes. 
Mar 10 15:11:45 mx spamd[9486]: spamd: result: Y 34 - BAYES_99,DCC_CHECK,DIGEST_MULTIPLE,FH_FAKE_RCVD_LINE_B,FUZZY_XPILL,HELO_DYNAMIC_HCC,HELO_DYNAMIC_IPADDR2,HELO_DYNAMIC_SPLIT_IP,PYZOR_CHECK,RAZOR2_CF_RANGE_51_100,RAZOR2_CF_RANGE_E4_51_100,RAZOR2_CHECK,RCVD_IN_BRBL_LASTEXT,RCVD_IN_PBL,RCVD_IN_SORBS_DUL,RCVD_IN_XBL,RDNS_DYNAMIC,STOX_REPLY_TYPE,STOX_REPLY_TYPE_WITHOUT_QUOTES,TVD_RCVD_IP scantime=2.7,size=3137,user=shurik,uid=1004,required_score=5.0,rhost=localhost,raddr=127.0.0.1,rport=/var/run/spamd/spamd.sock,mid=<000d01cbdf1c$4d909370$6400a8c0@orationqb06>,bayes=1.000000,autolearn=spam 
Mar 10 15:11:45 mx spamd[18169]: spamd: identified spam (26.5/5.0) for lilly:1004 in 2.6 seconds, 3137 bytes. 
Mar 10 15:11:45 mx spamd[18169]: spamd: result: Y 26 - DCC_CHECK,DIGEST_MULTIPLE,FUZZY_XPILL,HELO_DYNAMIC_HCC,HELO_DYNAMIC_IPADDR2,HELO_DYNAMIC_SPLIT_IP,PYZOR_CHECK,RAZOR2_CF_RANGE_51_100,RAZOR2_CF_RANGE_E4_51_100,RAZOR2_CHECK,RCVD_IN_BRBL_LASTEXT,RCVD_IN_PBL,RCVD_IN_SORBS_DUL,RCVD_IN_XBL,RDNS_DYNAMIC,STOX_REPLY_TYPE,STOX_REPLY_TYPE_WITHOUT_QUOTES,TVD_RCVD_IP scantime=2.6,size=3137,user=lilly,uid=1004,required_score=5.0,rhost=localhost,raddr=127.0.0.1,rport=/var/run/spamd/spamd.sock,mid=<000d01cbdf1c$4cbec480$6400a8c0@wistfullypr3>,bayes=1.000000,autolearn=spam 
Mar 10 15:11:45 mx spamd[58660]: prefork: child states: BBIBB 
Mar 10 15:11:45 mx spamd[58660]: prefork: child states: IBIBB 
Mar 10 15:11:45 mx spamd[9486]: spamd: got connection over /var/run/spamd/spamd.sock 
Mar 10 15:11:45 mx spamd[9486]: spamd: using default config for kovaleva: /data/vmail/kovaleva/spamassassin/user_prefs 
Mar 10 15:11:45 mx spamd[18169]: spamd: got connection over /var/run/spamd/spamd.sock 
Mar 10 15:11:45 mx spamd[18169]: spamd: using default config for elya: /data/vmail/elya/spamassassin/user_prefs 
Mar 10 15:11:45 mx spamd[18171]: spamd: identified spam (28.5/5.0) for alimova:1004 in 2.6 seconds, 3125 bytes. 
Mar 10 15:11:45 mx spamd[18171]: spamd: result: Y 28 - DCC_CHECK,DIGEST_MULTIPLE,FH_FAKE_RCVD_LINE_B,FUZZY_XPILL,HELO_DYNAMIC_HCC,HELO_DYNAMIC_IPADDR2,HELO_DYNAMIC_SPLIT_IP,PYZOR_CHECK,RAZOR2_CF_RANGE_51_100,RAZOR2_CF_RANGE_E4_51_100,RAZOR2_CHECK,RCVD_IN_BRBL_LASTEXT,RCVD_IN_PBL,RCVD_IN_SORBS_DUL,RCVD_IN_XBL,RDNS_DYNAMIC,STOX_REPLY_TYPE,STOX_REPLY_TYPE_WITHOUT_QUOTES,TVD_RCVD_IP scantime=2.6,size=3125,user=alimova,uid=1004,required_score=5.0,rhost=localhost,raddr=127.0.0.1,rport=/var/run/spamd/spamd.sock,mid=<000d01cbdf1c$4dfbd860$6400a8c0@clericalj48>,autolearn=spam 
Mar 10 15:11:45 mx spamd[58660]: prefork: child states: BBBIB 
Mar 10 15:11:45 mx spamd[18171]: spamd: got connection over /var/run/spamd/spamd.sock 
Mar 10 15:11:45 mx spamd[18171]: spamd: using default config for m.nina: /data/vmail/m.nina/spamassassin/user_prefs 
Mar 10 15:11:45 mx spamd[9486]: spamd: processing message <000d01cbdf1c$4d909370$6400a8c0@orationqb06> for kovaleva:1004 
Mar 10 15:11:45 mx spamd[18169]: spamd: processing message <000d01cbdf1c$4cbec480$6400a8c0@wistfullypr3> for elya:1004 
Mar 10 15:11:45 mx spamd[18223]: spamd: identified spam (30.7/5.0) for sergey:1004 in 2.9 seconds, 3127 bytes. 
Mar 10 15:11:45 mx spamd[18223]: spamd: result: Y 30 - BAYES_99,DCC_CHECK,DIGEST_MULTIPLE,FUZZY_XPILL,HELO_DYNAMIC_HCC,HELO_DYNAMIC_IPADDR2,HELO_DYNAMIC_SPLIT_IP,PYZOR_CHECK,RAZOR2_CF_RANGE_51_100,RAZOR2_CF_RANGE_E4_51_100,RAZOR2_CHECK,RCVD_IN_BRBL_LASTEXT,RCVD_IN_PBL,RCVD_IN_SORBS_DUL,RCVD_IN_XBL,RDNS_DYNAMIC,SPF_SOFTFAIL,STOX_REPLY_TYPE,STOX_REPLY_TYPE_WITHOUT_QUOTES,TVD_RCVD_IP scantime=2.9,size=3127,user=sergey,uid=1004,required_score=5.0,rhost=localhost,raddr=127.0.0.1,rport=/var/run/spamd/spamd.sock,mid=<000d01cbdf1c$4d8e2270$6400a8c0@moccasinsjt>,bayes=1.000000,autolearn=spam 
Mar 10 15:11:45 mx spamd[58660]: prefork: child states: BBBBI 
Mar 10 15:11:45 mx spamd[18223]: spamd: got connection over /var/run/spamd/spamd.sock 
Mar 10 15:11:45 mx spamd[18223]: spamd: using default config for zudenkova: /data/vmail/zudenkova/spamassassin/user_prefs 
Mar 10 15:11:45 mx spamd[14198]: spamd: identified spam (34.0/5.0) for marina:1004 in 2.7 seconds, 3140 bytes. 
Mar 10 15:11:45 mx spamd[14198]: spamd: result: Y 34 - BAYES_99,DCC_CHECK,DIGEST_MULTIPLE,FH_FAKE_RCVD_LINE_B,FUZZY_XPILL,HELO_DYNAMIC_HCC,HELO_DYNAMIC_IPADDR2,HELO_DYNAMIC_SPLIT_IP,PYZOR_CHECK,RAZOR2_CF_RANGE_51_100,RAZOR2_CF_RANGE_E4_51_100,RAZOR2_CHECK,RCVD_IN_BRBL_LASTEXT,RCVD_IN_PBL,RCVD_IN_SORBS_DUL,RCVD_IN_XBL,RDNS_DYNAMIC,STOX_REPLY_TYPE,STOX_REPLY_TYPE_WITHOUT_QUOTES,TVD_RCVD_IP scantime=2.7,size=3140,user=marina,uid=1004,required_score=5.0,rhost=localhost,raddr=127.0.0.1,rport=/var/run/spamd/spamd.sock,mid=<000d01cbdf1c$4cc5f070$6400a8c0@encroachments4>,bayes=1.000000,autolearn=spam 
Mar 10 15:11:46 mx spamd[18171]: spamd: processing message <000d01cbdf1c$4dfbd860$6400a8c0@clericalj48> for m.nina:1004 
Mar 10 15:11:46 mx spamd[58660]: prefork: child states: BBBBB 
Mar 10 15:11:46 mx spamd[14198]: spamd: got connection over /var/run/spamd/spamd.sock 
Mar 10 15:11:46 mx spamd[14198]: spamd: using default config for okosta: /data/vmail/okosta/spamassassin/user_prefs 
Mar 10 15:11:46 mx spamd[58660]: spamd: server successfully spawned child process, pid 18273 
Mar 10 15:11:46 mx spamd[58660]: prefork: adjust: 0 idle children less than 1 minimum idle children. Increasing spamd children: 18273 started. 
Mar 10 15:11:46 mx spamd[58660]: prefork: child states: BBBBBI 
Mar 10 15:11:46 mx spamd[18223]: spamd: processing message <000d01cbdf1c$4d8e2270$6400a8c0@moccasinsjt> for zudenkova:1004 
Mar 10 15:11:46 mx spamd[14198]: spamd: processing message <000d01cbdf1c$4cc5f070$6400a8c0@encroachments4> for okosta:1004 
Mar 10 15:11:47 mx spamd[9486]: spamd: identified spam (34.0/5.0) for kovaleva:1004 in 2.6 seconds, 3137 bytes. 
Mar 10 15:11:47 mx spamd[9486]: spamd: result: Y 34 - BAYES_99,DCC_CHECK,DIGEST_MULTIPLE,FH_FAKE_RCVD_LINE_B,FUZZY_XPILL,HELO_DYNAMIC_HCC,HELO_DYNAMIC_IPADDR2,HELO_DYNAMIC_SPLIT_IP,PYZOR_CHECK,RAZOR2_CF_RANGE_51_100,RAZOR2_CF_RANGE_E4_51_100,RAZOR2_CHECK,RCVD_IN_BRBL_LASTEXT,RCVD_IN_PBL,RCVD_IN_SORBS_DUL,RCVD_IN_XBL,RDNS_DYNAMIC,STOX_REPLY_TYPE,STOX_REPLY_TYPE_WITHOUT_QUOTES,TVD_RCVD_IP scantime=2.6,size=3137,user=kovaleva,uid=1004,required_score=5.0,rhost=localhost,raddr=127.0.0.1,rport=/var/run/spamd/spamd.sock,mid=<000d01cbdf1c$4d909370$6400a8c0@orationqb06>,bayes=1.000000,autolearn=spam 
Mar 10 15:11:47 mx spamd[58660]: prefork: child states: IBBBBI 
Mar 10 15:11:48 mx spamd[9486]: spamd: got connection over /var/run/spamd/spamd.sock 
Mar 10 15:11:48 mx spamd[9486]: spamd: using default config for lilly: /data/vmail/lilly/spamassassin/user_prefs 
Mar 10 15:11:48 mx spamd[18273]: spamd: got connection over /var/run/spamd/spamd.sock 
Mar 10 15:11:48 mx spamd[18273]: spamd: using default config for sale: /data/vmail/sale/spamassassin/user_prefs 
Mar 10 15:11:48 mx spamd[18169]: spamd: identified spam (30.0/5.0) for elya:1004 in 2.7 seconds, 3137 bytes. 
Mar 10 15:11:48 mx spamd[18169]: spamd: result: Y 30 - BAYES_99,DCC_CHECK,DIGEST_MULTIPLE,FUZZY_XPILL,HELO_DYNAMIC_HCC,HELO_DYNAMIC_IPADDR2,HELO_DYNAMIC_SPLIT_IP,PYZOR_CHECK,RAZOR2_CF_RANGE_51_100,RAZOR2_CF_RANGE_E4_51_100,RAZOR2_CHECK,RCVD_IN_BRBL_LASTEXT,RCVD_IN_PBL,RCVD_IN_SORBS_DUL,RCVD_IN_XBL,RDNS_DYNAMIC,STOX_REPLY_TYPE,STOX_REPLY_TYPE_WITHOUT_QUOTES,TVD_RCVD_IP scantime=2.7,size=3137,user=elya,uid=1004,required_score=5.0,rhost=localhost,raddr=127.0.0.1,rport=/var/run/spamd/spamd.sock,mid=<000d01cbdf1c$4cbec480$6400a8c0@wistfullypr3>,bayes=1.000000,autolearn=spam 
Mar 10 15:11:48 mx spamd[58660]: prefork: child states: BBIBBB 
Mar 10 15:11:48 mx spamd[18169]: spamd: got connection over /var/run/spamd/spamd.sock 
Mar 10 15:11:48 mx spamd[18169]: spamd: using default config for galina: /data/vmail/galina/spamassassin/user_prefs 
Mar 10 15:11:48 mx spamd[18171]: spamd: identified spam (34.0/5.0) for m.nina:1004 in 2.8 seconds, 3125 bytes. 
Mar 10 15:11:48 mx spamd[18171]: spamd: result: Y 34 - BAYES_99,DCC_CHECK,DIGEST_MULTIPLE,FH_FAKE_RCVD_LINE_B,FUZZY_XPILL,HELO_DYNAMIC_HCC,HELO_DYNAMIC_IPADDR2,HELO_DYNAMIC_SPLIT_IP,PYZOR_CHECK,RAZOR2_CF_RANGE_51_100,RAZOR2_CF_RANGE_E4_51_100,RAZOR2_CHECK,RCVD_IN_BRBL_LASTEXT,RCVD_IN_PBL,RCVD_IN_SORBS_DUL,RCVD_IN_XBL,RDNS_DYNAMIC,STOX_REPLY_TYPE,STOX_REPLY_TYPE_WITHOUT_QUOTES,TVD_RCVD_IP scantime=2.8,size=3125,user=m.nina,uid=1004,required_score=5.0,rhost=localhost,raddr=127.0.0.1,rport=/var/run/spamd/spamd.sock,mid=<000d01cbdf1c$4dfbd860$6400a8c0@clericalj48>,bayes=1.000000,autolearn=spam 
Mar 10 15:11:48 mx spamd[9486]: spamd: processing message <000d01cbdf1c$477947c0$6400a8c0@subwayj2> for lilly:1004 
Mar 10 15:11:48 mx spamd[58660]: prefork: child states: BBBIBB 
Mar 10 15:11:48 mx spamd[18171]: spamd: got connection over /var/run/spamd/spamd.sock 
Mar 10 15:11:48 mx spamd[18171]: spamd: using default config for kovaleva: /data/vmail/kovaleva/spamassassin/user_prefs 
Mar 10 15:11:48 mx spamd[18273]: spamd: processing message <000d01cbdf1c$4d909370$6400a8c0@orationqb06> for sale:1004 
Mar 10 15:11:48 mx spamd[18169]: spamd: processing message <000d01cbdf1c$4cbec480$6400a8c0@wistfullypr3> for galina:1004 
Mar 10 15:11:48 mx spamd[18171]: spamd: processing message <000d01cbdf1c$4dfbd860$6400a8c0@clericalj48> for kovaleva:1004 
Mar 10 15:11:48 mx spamd[18223]: spamd: identified spam (30.7/5.0) for zudenkova:1004 in 3.0 seconds, 3127 bytes. 
Mar 10 15:11:48 mx spamd[18223]: spamd: result: Y 30 - BAYES_99,DCC_CHECK,DIGEST_MULTIPLE,FUZZY_XPILL,HELO_DYNAMIC_HCC,HELO_DYNAMIC_IPADDR2,HELO_DYNAMIC_SPLIT_IP,PYZOR_CHECK,RAZOR2_CF_RANGE_51_100,RAZOR2_CF_RANGE_E4_51_100,RAZOR2_CHECK,RCVD_IN_BRBL_LASTEXT,RCVD_IN_PBL,RCVD_IN_SORBS_DUL,RCVD_IN_XBL,RDNS_DYNAMIC,SPF_SOFTFAIL,STOX_REPLY_TYPE,STOX_REPLY_TYPE_WITHOUT_QUOTES,TVD_RCVD_IP scantime=3.0,size=3127,user=zudenkova,uid=1004,required_score=5.0,rhost=localhost,raddr=127.0.0.1,rport=/var/run/spamd/spamd.sock,mid=<000d01cbdf1c$4d8e2270$6400a8c0@moccasinsjt>,bayes=1.000000,autolearn=spam 
Mar 10 15:11:48 mx spamd[58660]: prefork: child states: BBBBBB 
Mar 10 15:11:48 mx spamd[18223]: spamd: got connection over /var/run/spamd/spamd.sock 
Mar 10 15:11:48 mx spamd[18223]: spamd: using default config for ryabova: /data/vmail/ryabova/spamassassin/user_prefs 
Mar 10 15:11:48 mx spamd[58660]: spamd: server successfully spawned child process, pid 18314 
Mar 10 15:11:48 mx spamd[58660]: prefork: adjust: 0 idle children less than 1 minimum idle children. Increasing spamd children: 18314 started. 
Mar 10 15:11:48 mx spamd[58660]: prefork: child states: BBBBBBI 
Mar 10 15:11:48 mx spamd[14198]: spamd: identified spam (34.0/5.0) for okosta:1004 in 2.9 seconds, 3140 bytes. 
Mar 10 15:11:48 mx spamd[14198]: spamd: result: Y 34 - BAYES_99,DCC_CHECK,DIGEST_MULTIPLE,FH_FAKE_RCVD_LINE_B,FUZZY_XPILL,HELO_DYNAMIC_HCC,HELO_DYNAMIC_IPADDR2,HELO_DYNAMIC_SPLIT_IP,PYZOR_CHECK,RAZOR2_CF_RANGE_51_100,RAZOR2_CF_RANGE_E4_51_100,RAZOR2_CHECK,RCVD_IN_BRBL_LASTEXT,RCVD_IN_PBL,RCVD_IN_SORBS_DUL,RCVD_IN_XBL,RDNS_DYNAMIC,STOX_REPLY_TYPE,STOX_REPLY_TYPE_WITHOUT_QUOTES,TVD_RCVD_IP scantime=2.9,size=3140,user=okosta,uid=1004,required_score=5.0,rhost=localhost,raddr=127.0.0.1,rport=/var/run/spamd/spamd.sock,mid=<000d01cbdf1c$4cc5f070$6400a8c0@encroachments4>,bayes=1.000000,autolearn=spam 
Mar 10 15:11:48 mx spamd[58660]: prefork: child states: BIBBBBI 
Mar 10 15:11:49 mx spamd[14198]: spamd: got connection over /var/run/spamd/spamd.sock 
Mar 10 15:11:49 mx spamd[14198]: spamd: using default config for samujlova: /data/vmail/samujlova/spamassassin/user_prefs 
Mar 10 15:11:49 mx spamd[18223]: spamd: processing message <000d01cbdf1c$4d8e2270$6400a8c0@moccasinsjt> for ryabova:1004 
Mar 10 15:11:49 mx spamd[14198]: spamd: processing message <000d01cbdf1c$4cc5f070$6400a8c0@encroachments4> for samujlova:1004 
Mar 10 15:11:50 mx spamd[9486]: spamd: identified spam (24.9/5.0) for lilly:1004 in 2.7 seconds, 3143 bytes. 
Mar 10 15:11:50 mx spamd[9486]: spamd: result: Y 24 - DCC_CHECK,DIGEST_MULTIPLE,FH_FAKE_RCVD_LINE_B,FUZZY_XPILL,HELO_DYNAMIC_IPADDR2,HELO_DYNAMIC_SPLIT_IP,PYZOR_CHECK,RAZOR2_CF_RANGE_51_100,RAZOR2_CF_RANGE_E4_51_100,RAZOR2_CHECK,RCVD_IN_BL_SPAMCOP_NET,RCVD_IN_BRBL_LASTEXT,RCVD_IN_XBL,RDNS_NONE,STOX_REPLY_TYPE,STOX_REPLY_TYPE_WITHOUT_QUOTES scantime=2.7,size=3143,user=lilly,uid=1004,required_score=5.0,rhost=localhost,raddr=127.0.0.1,rport=/var/run/spamd/spamd.sock,mid=<000d01cbdf1c$477947c0$6400a8c0@subwayj2>,bayes=1.000000,autolearn=spam 
Mar 10 15:11:50 mx spamd[58660]: prefork: child states: IBBBBBI 
Mar 10 15:11:50 mx spamd[9486]: spamd: got connection over /var/run/spamd/spamd.sock 
Mar 10 15:11:50 mx spamd[9486]: spamd: using default config for sale-dinamik: /data/vmail/sale-dinamik/spamassassin/user_prefs 
Mar 10 15:11:50 mx spamd[18273]: spamd: identified spam (34.0/4.0) for sale:1004 in 3.0 seconds, 3137 bytes. 
Mar 10 15:11:50 mx spamd[18273]: spamd: result: Y 34 - BAYES_99,DCC_CHECK,DIGEST_MULTIPLE,FH_FAKE_RCVD_LINE_B,FUZZY_XPILL,HELO_DYNAMIC_HCC,HELO_DYNAMIC_IPADDR2,HELO_DYNAMIC_SPLIT_IP,PYZOR_CHECK,RAZOR2_CF_RANGE_51_100,RAZOR2_CF_RANGE_E4_51_100,RAZOR2_CHECK,RCVD_IN_BRBL_LASTEXT,RCVD_IN_PBL,RCVD_IN_SORBS_DUL,RCVD_IN_XBL,RDNS_DYNAMIC,STOX_REPLY_TYPE,STOX_REPLY_TYPE_WITHOUT_QUOTES,TVD_RCVD_IP scantime=3.0,size=3137,user=sale,uid=1004,required_score=4.0,rhost=localhost,raddr=127.0.0.1,rport=/var/run/spamd/spamd.sock,mid=<000d01cbdf1c$4d909370$6400a8c0@orationqb06>,bayes=1.000000,autolearn=spam 
Mar 10 15:11:51 mx spamd[58660]: prefork: child states: BBBBBII 
Mar 10 15:11:51 mx spamd[18273]: spamd: got connection over /var/run/spamd/spamd.sock 
Mar 10 15:11:51 mx spamd[18273]: spamd: using default config for oksana: /data/vmail/oksana/spamassassin/user_prefs 
Mar 10 15:11:51 mx spamd[9486]: spamd: processing message <000d01cbdf1c$477947c0$6400a8c0@subwayj2> for sale-dinamik:1004 
Mar 10 15:11:51 mx spamd[18171]: spamd: identified spam (34.0/5.0) for kovaleva:1004 in 2.8 seconds, 3125 bytes. 
Mar 10 15:11:51 mx spamd[18171]: spamd: result: Y 34 - BAYES_99,DCC_CHECK,DIGEST_MULTIPLE,FH_FAKE_RCVD_LINE_B,FUZZY_XPILL,HELO_DYNAMIC_HCC,HELO_DYNAMIC_IPADDR2,HELO_DYNAMIC_SPLIT_IP,PYZOR_CHECK,RAZOR2_CF_RANGE_51_100,RAZOR2_CF_RANGE_E4_51_100,RAZOR2_CHECK,RCVD_IN_BRBL_LASTEXT,RCVD_IN_PBL,RCVD_IN_SORBS_DUL,RCVD_IN_XBL,RDNS_DYNAMIC,STOX_REPLY_TYPE,STOX_REPLY_TYPE_WITHOUT_QUOTES,TVD_RCVD_IP scantime=2.8,size=3125,user=kovaleva,uid=1004,required_score=5.0,rhost=localhost,raddr=127.0.0.1,rport=/var/run/spamd/spamd.sock,mid=<000d01cbdf1c$4dfbd860$6400a8c0@clericalj48>,bayes=1.000000,autolearn=spam 
Mar 10 15:11:51 mx spamd[58660]: prefork: child states: BBBIBBI 
Mar 10 15:11:51 mx spamd[18273]: spamd: processing message <000d01cbdf1c$4d909370$6400a8c0@orationqb06> for oksana:1004 
Mar 10 15:11:51 mx spamd[14198]: spamd: identified spam (28.5/5.0) for samujlova:1004 in 2.6 seconds, 3140 bytes. 
Mar 10 15:11:51 mx spamd[14198]: spamd: result: Y 28 - DCC_CHECK,DIGEST_MULTIPLE,FH_FAKE_RCVD_LINE_B,FUZZY_XPILL,HELO_DYNAMIC_HCC,HELO_DYNAMIC_IPADDR2,HELO_DYNAMIC_SPLIT_IP,PYZOR_CHECK,RAZOR2_CF_RANGE_51_100,RAZOR2_CF_RANGE_E4_51_100,RAZOR2_CHECK,RCVD_IN_BRBL_LASTEXT,RCVD_IN_PBL,RCVD_IN_SORBS_DUL,RCVD_IN_XBL,RDNS_DYNAMIC,STOX_REPLY_TYPE,STOX_REPLY_TYPE_WITHOUT_QUOTES,TVD_RCVD_IP scantime=2.6,size=3140,user=samujlova,uid=1004,required_score=5.0,rhost=localhost,raddr=127.0.0.1,rport=/var/run/spamd/spamd.sock,mid=<000d01cbdf1c$4cc5f070$6400a8c0@encroachments4>,autolearn=spam 
Mar 10 15:11:51 mx spamd[18223]: spamd: identified spam (30.7/5.0) for ryabova:1004 in 2.7 seconds, 3127 bytes. 
Mar 10 15:11:51 mx spamd[18223]: spamd: result: Y 30 - BAYES_99,DCC_CHECK,DIGEST_MULTIPLE,FUZZY_XPILL,HELO_DYNAMIC_HCC,HELO_DYNAMIC_IPADDR2,HELO_DYNAMIC_SPLIT_IP,PYZOR_CHECK,RAZOR2_CF_RANGE_51_100,RAZOR2_CF_RANGE_E4_51_100,RAZOR2_CHECK,RCVD_IN_BRBL_LASTEXT,RCVD_IN_PBL,RCVD_IN_SORBS_DUL,RCVD_IN_XBL,RDNS_DYNAMIC,SPF_SOFTFAIL,STOX_REPLY_TYPE,STOX_REPLY_TYPE_WITHOUT_QUOTES,TVD_RCVD_IP scantime=2.7,size=3127,user=ryabova,uid=1004,required_score=5.0,rhost=localhost,raddr=127.0.0.1,rport=/var/run/spamd/spamd.sock,mid=<000d01cbdf1c$4d8e2270$6400a8c0@moccasinsjt>,bayes=1.000000,autolearn=spam 
Mar 10 15:11:51 mx spamd[58660]: prefork: child states: BIBIBBI 
Mar 10 15:11:51 mx spamd[58660]: prefork: adjust: 3 idle children more than 2 maximum idle children. Decreasing spamd children: 18314 killed. 
Mar 10 15:11:51 mx spamd[58660]: prefork: child states: BIBIBBK 
Mar 10 15:11:51 mx spamd[58660]: spamd: handled cleanup of child pid [18314] due to SIGCHLD: interrupted, signal 2 (0002) 
Mar 10 15:11:51 mx spamd[58660]: prefork: child states: BIBIIB 
Mar 10 15:11:51 mx spamd[58660]: prefork: adjust: 3 idle children more than 2 maximum idle children. Decreasing spamd children: 18223 killed. 
Mar 10 15:11:51 mx spamd[58660]: prefork: child states: BIBIKB 
Mar 10 15:11:51 mx spamd[58660]: spamd: handled cleanup of child pid [18223] due to SIGCHLD: interrupted, signal 2 (0002) 
Mar 10 15:11:53 mx spamd[9486]: spamd: identified spam (28.4/5.0) for sale-dinamik:1004 in 2.6 seconds, 3143 bytes. 
Mar 10 15:11:53 mx spamd[9486]: spamd: result: Y 28 - BAYES_99,DCC_CHECK,DIGEST_MULTIPLE,FH_FAKE_RCVD_LINE_B,FUZZY_XPILL,HELO_DYNAMIC_IPADDR2,HELO_DYNAMIC_SPLIT_IP,PYZOR_CHECK,RAZOR2_CF_RANGE_51_100,RAZOR2_CF_RANGE_E4_51_100,RAZOR2_CHECK,RCVD_IN_BL_SPAMCOP_NET,RCVD_IN_BRBL_LASTEXT,RCVD_IN_XBL,RDNS_NONE,STOX_REPLY_TYPE,STOX_REPLY_TYPE_WITHOUT_QUOTES scantime=2.6,size=3143,user=sale-dinamik,uid=1004,required_score=5.0,rhost=localhost,raddr=127.0.0.1,rport=/var/run/spamd/spamd.sock,mid=<000d01cbdf1c$477947c0$6400a8c0@subwayj2>,bayes=1.000000,autolearn=spam 
Mar 10 15:11:53 mx spamd[58660]: prefork: child states: IIBIB 
Mar 10 15:11:53 mx spamd[58660]: prefork: adjust: 3 idle children more than 2 maximum idle children. Decreasing spamd children: 18171 killed. 
Mar 10 15:11:53 mx spamd[58660]: prefork: child states: IIBKB 
Mar 10 15:11:53 mx spamd[58660]: spamd: handled cleanup of child pid [18171] due to SIGCHLD: interrupted, signal 2 (0002) 
Mar 10 15:11:53 mx spamd[18273]: spamd: identified spam (34.0/5.0) for oksana:1004 in 2.6 seconds, 3137 bytes. 
Mar 10 15:11:53 mx spamd[18273]: spamd: result: Y 34 - BAYES_99,DCC_CHECK,DIGEST_MULTIPLE,FH_FAKE_RCVD_LINE_B,FUZZY_XPILL,HELO_DYNAMIC_HCC,HELO_DYNAMIC_IPADDR2,HELO_DYNAMIC_SPLIT_IP,PYZOR_CHECK,RAZOR2_CF_RANGE_51_100,RAZOR2_CF_RANGE_E4_51_100,RAZOR2_CHECK,RCVD_IN_BRBL_LASTEXT,RCVD_IN_PBL,RCVD_IN_SORBS_DUL,RCVD_IN_XBL,RDNS_DYNAMIC,STOX_REPLY_TYPE,STOX_REPLY_TYPE_WITHOUT_QUOTES,TVD_RCVD_IP scantime=2.6,size=3137,user=oksana,uid=1004,required_score=5.0,rhost=localhost,raddr=127.0.0.1,rport=/var/run/spamd/spamd.sock,mid=<000d01cbdf1c$4d909370$6400a8c0@orationqb06>,bayes=1.000000,autolearn=spam 
Mar 10 15:11:53 mx spamd[58660]: prefork: child states: IIBI 
Mar 10 15:11:53 mx spamd[58660]: prefork: adjust: 3 idle children more than 2 maximum idle children. Decreasing spamd children: 18273 killed. 
Mar 10 15:11:53 mx spamd[58660]: prefork: child states: IIBK 
Mar 10 15:11:53 mx spamd[58660]: spamd: handled cleanup of child pid [18273] due to SIGCHLD: interrupted, signal 2 (0002) 
Mar 10 15:11:54 mx spamd[18169]: pyzor: [18334] error: TERMINATED, signal 15 (000f) 
Mar 10 15:11:54 mx spamd[18169]: spamd: identified spam (28.6/5.0) for galina:1004 in 6.9 seconds, 3137 bytes. 
Mar 10 15:11:54 mx spamd[18169]: spamd: result: Y 28 - BAYES_99,DCC_CHECK,DIGEST_MULTIPLE,FUZZY_XPILL,HELO_DYNAMIC_HCC,HELO_DYNAMIC_IPADDR2,HELO_DYNAMIC_SPLIT_IP,RAZOR2_CF_RANGE_51_100,RAZOR2_CF_RANGE_E4_51_100,RAZOR2_CHECK,RCVD_IN_BRBL_LASTEXT,RCVD_IN_PBL,RCVD_IN_SORBS_DUL,RCVD_IN_XBL,RDNS_DYNAMIC,STOX_REPLY_TYPE,STOX_REPLY_TYPE_WITHOUT_QUOTES,TVD_RCVD_IP scantime=6.9,size=3137,user=galina,uid=1004,required_score=5.0,rhost=localhost,raddr=127.0.0.1,rport=/var/run/spamd/spamd.sock,mid=<000d01cbdf1c$4cbec480$6400a8c0@wistfullypr3>,bayes=1.000000,autolearn=spam 
Mar 10 15:11:55 mx spamd[58660]: prefork: child states: III 
Mar 10 15:11:55 mx spamd[58660]: prefork: adjust: 3 idle children more than 2 maximum idle children. Decreasing spamd children: 18169 killed. 
Mar 10 15:11:55 mx spamd[58660]: prefork: child states: IIK 
Mar 10 15:11:55 mx spamd[58660]: spamd: handled cleanup of child pid [18169] due to SIGCHLD: interrupted, signal 2 (0002) 
Mar 10 15:11:57 mx spamd[9486]: spamd: got connection over /var/run/spamd/spamd.sock 
Mar 10 15:11:57 mx spamd[9486]: spamd: using default config for spb: /data/vmail/spb/spamassassin/user_prefs 
Mar 10 15:11:57 mx spamd[14198]: spamd: got connection over /var/run/spamd/spamd.sock 
Mar 10 15:11:57 mx spamd[14198]: spamd: using default config for serge_ali: /data/vmail/serge_ali/spamassassin/user_prefs 
Mar 10 15:11:57 mx spamd[9486]: spamd: processing message <000d01cbdf1c$4dfbd860$6400a8c0@clericalj48> for spb:1004 
Mar 10 15:11:57 mx spamd[14198]: spamd: processing message <000d01cbdf1c$4d8e2270$6400a8c0@moccasinsjt> for serge_ali:1004 
Mar 10 15:11:59 mx spamd[9486]: spamd: identified spam (28.5/5.0) for spb:1004 in 2.6 seconds, 3125 bytes. 
Mar 10 15:11:59 mx spamd[9486]: spamd: result: Y 28 - DCC_CHECK,DIGEST_MULTIPLE,FH_FAKE_RCVD_LINE_B,FUZZY_XPILL,HELO_DYNAMIC_HCC,HELO_DYNAMIC_IPADDR2,HELO_DYNAMIC_SPLIT_IP,PYZOR_CHECK,RAZOR2_CF_RANGE_51_100,RAZOR2_CF_RANGE_E4_51_100,RAZOR2_CHECK,RCVD_IN_BRBL_LASTEXT,RCVD_IN_PBL,RCVD_IN_SORBS_DUL,RCVD_IN_XBL,RDNS_DYNAMIC,STOX_REPLY_TYPE,STOX_REPLY_TYPE_WITHOUT_QUOTES,TVD_RCVD_IP scantime=2.6,size=3125,user=spb,uid=1004,required_score=5.0,rhost=localhost,raddr=127.0.0.1,rport=/var/run/spamd/spamd.sock,mid=<000d01cbdf1c$4dfbd860$6400a8c0@clericalj48>,autolearn=spam 
Mar 10 15:11:59 mx spamd[14198]: spamd: identified spam (26.1/5.0) for serge_ali:1004 in 2.6 seconds, 3127 bytes. 
Mar 10 15:11:59 mx spamd[14198]: spamd: result: Y 26 - DCC_CHECK,DIGEST_MULTIPLE,FUZZY_XPILL,HELO_DYNAMIC_HCC,HELO_DYNAMIC_IPADDR2,HELO_DYNAMIC_SPLIT_IP,PYZOR_CHECK,RAZOR2_CF_RANGE_51_100,RAZOR2_CF_RANGE_E4_51_100,RAZOR2_CHECK,RCVD_IN_BRBL_LASTEXT,RCVD_IN_PBL,RCVD_IN_SORBS_DUL,RCVD_IN_XBL,RDNS_DYNAMIC,SPF_SOFTFAIL,STOX_REPLY_TYPE,STOX_REPLY_TYPE_WITHOUT_QUOTES,TVD_RCVD_IP scantime=2.6,size=3127,user=serge_ali,uid=1004,required_score=5.0,rhost=localhost,raddr=127.0.0.1,rport=/var/run/spamd/spamd.sock,mid=<000d01cbdf1c$4d8e2270$6400a8c0@moccasinsjt>,autolearn=spam 
Mar 10 15:11:59 mx spamd[9486]: spamd: got connection over /var/run/spamd/spamd.sock 
Mar 10 15:11:59 mx spamd[58660]: prefork: child states: BB 
Mar 10 15:11:59 mx spamd[9486]: spamd: using default config for goncharova: /data/vmail/goncharova/spamassassin/user_prefs 
Mar 10 15:11:59 mx spamd[58660]: spamd: server successfully spawned child process, pid 18408 
Mar 10 15:11:59 mx spamd[58660]: prefork: adjust: 0 idle children less than 1 minimum idle children. Increasing spamd children: 18408 started. 
Mar 10 15:11:59 mx spamd[58660]: prefork: child states: BBB 
Mar 10 15:11:59 mx spamd[18408]: spamd: got connection over /var/run/spamd/spamd.sock 
Mar 10 15:11:59 mx spamd[58660]: spamd: server successfully spawned child process, pid 18409 
Mar 10 15:11:59 mx spamd[18408]: spamd: using default config for alexeeva: /data/vmail/alexeeva/spamassassin/user_prefs 
Mar 10 15:11:59 mx spamd[58660]: prefork: adjust: 0 idle children less than 1 minimum idle children. Increasing spamd children: 18409 started. 
Mar 10 15:11:59 mx spamd[58660]: prefork: child states: BBBB 
Mar 10 15:11:59 mx spamd[18409]: spamd: got connection over /var/run/spamd/spamd.sock 
Mar 10 15:11:59 mx spamd[58660]: spamd: server successfully spawned child process, pid 18410 
Mar 10 15:11:59 mx spamd[18409]: spamd: using default config for svetlana: /data/vmail/svetlana/spamassassin/user_prefs 
Mar 10 15:11:59 mx spamd[58660]: prefork: adjust: 0 idle children less than 1 minimum idle children. Increasing spamd children: 18410 started. 
Mar 10 15:11:59 mx spamd[58660]: prefork: child states: BBBBI 
Mar 10 15:11:59 mx spamd[58660]: prefork: child states: BIBBI 
Mar 10 15:11:59 mx spamd[14198]: spamd: got connection over /var/run/spamd/spamd.sock 
Mar 10 15:11:59 mx spamd[14198]: spamd: using default config for sasha: /data/vmail/sasha/spamassassin/user_prefs 
Mar 10 15:11:59 mx spamd[18410]: spamd: got connection over /var/run/spamd/spamd.sock 
Mar 10 15:11:59 mx spamd[18410]: spamd: using default config for pushkina: /data/vmail/pushkina/spamassassin/user_prefs 
Mar 10 15:12:00 mx spamd[9486]: spamd: processing message <000d01cbdf1c$4cc5f070$6400a8c0@encroachments4> for goncharova:1004 
Mar 10 15:12:00 mx spamd[14198]: spamd: processing message <000d01cbdf1c$4dfbd860$6400a8c0@clericalj48> for sasha:1004 
Mar 10 15:12:00 mx spamd[18410]: spamd: processing message <000d01cbdf1c$4d8e2270$6400a8c0@moccasinsjt> for pushkina:1004 
Mar 10 15:12:00 mx spamd[18408]: spamd: processing message <000d01cbdf1c$4d909370$6400a8c0@orationqb06> for alexeeva:1004 
Mar 10 15:12:00 mx spamd[18409]: spamd: processing message <000d01cbdf1c$4cbec480$6400a8c0@wistfullypr3> for svetlana:1004 
Mar 10 15:12:02 mx spamd[9486]: spamd: identified spam (28.5/5.0) for goncharova:1004 in 2.6 seconds, 3140 bytes. 
Mar 10 15:12:02 mx spamd[9486]: spamd: result: Y 28 - DCC_CHECK,DIGEST_MULTIPLE,FH_FAKE_RCVD_LINE_B,FUZZY_XPILL,HELO_DYNAMIC_HCC,HELO_DYNAMIC_IPADDR2,HELO_DYNAMIC_SPLIT_IP,PYZOR_CHECK,RAZOR2_CF_RANGE_51_100,RAZOR2_CF_RANGE_E4_51_100,RAZOR2_CHECK,RCVD_IN_BRBL_LASTEXT,RCVD_IN_PBL,RCVD_IN_SORBS_DUL,RCVD_IN_XBL,RDNS_DYNAMIC,STOX_REPLY_TYPE,STOX_REPLY_TYPE_WITHOUT_QUOTES,TVD_RCVD_IP scantime=2.6,size=3140,user=goncharova,uid=1004,required_score=5.0,rhost=localhost,raddr=127.0.0.1,rport=/var/run/spamd/spamd.sock,mid=<000d01cbdf1c$4cc5f070$6400a8c0@encroachments4>,autolearn=spam 
Mar 10 15:12:02 mx spamd[14198]: spamd: identified spam (28.5/5.0) for sasha:1004 in 2.6 seconds, 3125 bytes. 
Mar 10 15:12:02 mx spamd[14198]: spamd: result: Y 28 - DCC_CHECK,DIGEST_MULTIPLE,FH_FAKE_RCVD_LINE_B,FUZZY_XPILL,HELO_DYNAMIC_HCC,HELO_DYNAMIC_IPADDR2,HELO_DYNAMIC_SPLIT_IP,PYZOR_CHECK,RAZOR2_CF_RANGE_51_100,RAZOR2_CF_RANGE_E4_51_100,RAZOR2_CHECK,RCVD_IN_BRBL_LASTEXT,RCVD_IN_PBL,RCVD_IN_SORBS_DUL,RCVD_IN_XBL,RDNS_DYNAMIC,STOX_REPLY_TYPE,STOX_REPLY_TYPE_WITHOUT_QUOTES,TVD_RCVD_IP scantime=2.6,size=3125,user=sasha,uid=1004,required_score=5.0,rhost=localhost,raddr=127.0.0.1,rport=/var/run/spamd/spamd.sock,mid=<000d01cbdf1c$4dfbd860$6400a8c0@clericalj48>,autolearn=spam 
Mar 10 15:12:02 mx spamd[58660]: prefork: child states: IBBBB 
Mar 10 15:12:02 mx spamd[9486]: spamd: got connection over /var/run/spamd/spamd.sock 
Mar 10 15:12:02 mx spamd[9486]: spamd: using default config for lilly: /data/vmail/lilly/spamassassin/user_prefs 
Mar 10 15:12:02 mx spamd[58660]: prefork: child states: BIBBB 
Mar 10 15:12:02 mx spamd[18410]: spamd: identified spam (30.7/5.0) for pushkina:1004 in 2.7 seconds, 3127 bytes. 
Mar 10 15:12:02 mx spamd[18410]: spamd: result: Y 30 - BAYES_99,DCC_CHECK,DIGEST_MULTIPLE,FUZZY_XPILL,HELO_DYNAMIC_HCC,HELO_DYNAMIC_IPADDR2,HELO_DYNAMIC_SPLIT_IP,PYZOR_CHECK,RAZOR2_CF_RANGE_51_100,RAZOR2_CF_RANGE_E4_51_100,RAZOR2_CHECK,RCVD_IN_BRBL_LASTEXT,RCVD_IN_PBL,RCVD_IN_SORBS_DUL,RCVD_IN_XBL,RDNS_DYNAMIC,SPF_SOFTFAIL,STOX_REPLY_TYPE,STOX_REPLY_TYPE_WITHOUT_QUOTES,TVD_RCVD_IP scantime=2.7,size=3127,user=pushkina,uid=1004,required_score=5.0,rhost=localhost,raddr=127.0.0.1,rport=/var/run/spamd/spamd.sock,mid=<000d01cbdf1c$4d8e2270$6400a8c0@moccasinsjt>,bayes=1.000000,autolearn=spam 
Mar 10 15:12:02 mx spamd[58660]: prefork: child states: BIBBI 
Mar 10 15:12:02 mx spamd[14198]: spamd: got connection over /var/run/spamd/spamd.sock 
Mar 10 15:12:02 mx spamd[14198]: spamd: using default config for pal: /data/vmail/pal/spamassassin/user_prefs 
Mar 10 15:12:02 mx spamd[18409]: spamd: identified spam (25.1/5.0) for svetlana:1004 in 2.9 seconds, 3137 bytes. 
Mar 10 15:12:02 mx spamd[18409]: spamd: result: Y 25 - DCC_CHECK,DIGEST_MULTIPLE,FUZZY_XPILL,HELO_DYNAMIC_HCC,HELO_DYNAMIC_IPADDR2,HELO_DYNAMIC_SPLIT_IP,PYZOR_CHECK,RAZOR2_CF_RANGE_51_100,RAZOR2_CF_RANGE_E4_51_100,RAZOR2_CHECK,RCVD_IN_BRBL_LASTEXT,RCVD_IN_PBL,RCVD_IN_SORBS_DUL,RCVD_IN_XBL,RDNS_DYNAMIC,STOX_REPLY_TYPE,STOX_REPLY_TYPE_WITHOUT_QUOTES,TVD_RCVD_IP scantime=2.9,size=3137,user=svetlana,uid=1004,required_score=5.0,rhost=localhost,raddr=127.0.0.1,rport=/var/run/spamd/spamd.sock,mid=<000d01cbdf1c$4cbec480$6400a8c0@wistfullypr3>,autolearn=spam 
Mar 10 15:12:02 mx spamd[18408]: spamd: identified spam (34.0/5.0) for alexeeva:1004 in 3.0 seconds, 3137 bytes. 
Mar 10 15:12:02 mx spamd[18408]: spamd: result: Y 34 - BAYES_99,DCC_CHECK,DIGEST_MULTIPLE,FH_FAKE_RCVD_LINE_B,FUZZY_XPILL,HELO_DYNAMIC_HCC,HELO_DYNAMIC_IPADDR2,HELO_DYNAMIC_SPLIT_IP,PYZOR_CHECK,RAZOR2_CF_RANGE_51_100,RAZOR2_CF_RANGE_E4_51_100,RAZOR2_CHECK,RCVD_IN_BRBL_LASTEXT,RCVD_IN_PBL,RCVD_IN_SORBS_DUL,RCVD_IN_XBL,RDNS_DYNAMIC,STOX_REPLY_TYPE,STOX_REPLY_TYPE_WITHOUT_QUOTES,TVD_RCVD_IP scantime=3.0,size=3137,user=alexeeva,uid=1004,required_score=5.0,rhost=localhost,raddr=127.0.0.1,rport=/var/run/spamd/spamd.sock,mid=<000d01cbdf1c$4d909370$6400a8c0@orationqb06>,bayes=1.000000,autolearn=spam 
Mar 10 15:12:02 mx spamd[58660]: prefork: child states: BBBII 
Mar 10 15:12:02 mx spamd[18409]: spamd: got connection over /var/run/spamd/spamd.sock 
Mar 10 15:12:02 mx spamd[18409]: spamd: using default config for kuznetzova: /data/vmail/kuznetzova/spamassassin/user_prefs 
Mar 10 15:12:02 mx spamd[58660]: prefork: child states: BBIBI 
Mar 10 15:12:02 mx spamd[18408]: spamd: got connection over /var/run/spamd/spamd.sock 
Mar 10 15:12:02 mx spamd[18408]: spamd: using default config for chief: /data/vmail/chief/spamassassin/user_prefs 
Mar 10 15:12:02 mx spamd[9486]: spamd: processing message <000d01cbdf1c$4cc5f070$6400a8c0@encroachments4> for lilly:1004 
Mar 10 15:12:02 mx spamd[18410]: spamd: got connection over /var/run/spamd/spamd.sock 
Mar 10 15:12:02 mx spamd[18410]: spamd: using default config for lilly: /data/vmail/lilly/spamassassin/user_prefs 
Mar 10 15:12:03 mx spamd[14198]: spamd: processing message <000d01cbdf1c$4d8e2270$6400a8c0@moccasinsjt> for pal:1004 
Mar 10 15:12:03 mx spamd[18409]: spamd: processing message <000d01cbdf1c$4cbec480$6400a8c0@wistfullypr3> for kuznetzova:1004 
Mar 10 15:12:03 mx spamd[18410]: spamd: processing message <000e01cbdf1c$55197080$57ca7fbb@vwthk.com> for lilly:1004 
Mar 10 15:12:03 mx spamd[18408]: spamd: processing message <000d01cbdf1c$4d909370$6400a8c0@orationqb06> for chief:1004 
Mar 10 15:12:05 mx spamd[9486]: spamd: identified spam (30.5/5.0) for lilly:1004 in 2.9 seconds, 3140 bytes. 
Mar 10 15:12:05 mx spamd[9486]: spamd: result: Y 30 - DCC_CHECK,DIGEST_MULTIPLE,FH_FAKE_RCVD_LINE_B,FUZZY_XPILL,HELO_DYNAMIC_HCC,HELO_DYNAMIC_IPADDR2,HELO_DYNAMIC_SPLIT_IP,PYZOR_CHECK,RAZOR2_CF_RANGE_51_100,RAZOR2_CF_RANGE_E4_51_100,RAZOR2_CHECK,RCVD_IN_BRBL_LASTEXT,RCVD_IN_PBL,RCVD_IN_SORBS_DUL,RCVD_IN_XBL,RDNS_DYNAMIC,STOX_REPLY_TYPE,STOX_REPLY_TYPE_WITHOUT_QUOTES,TVD_RCVD_IP scantime=2.9,size=3140,user=lilly,uid=1004,required_score=5.0,rhost=localhost,raddr=127.0.0.1,rport=/var/run/spamd/spamd.sock,mid=<000d01cbdf1c$4cc5f070$6400a8c0@encroachments4>,bayes=1.000000,autolearn=spam 
Mar 10 15:12:05 mx spamd[58660]: prefork: child states: IBBBB 
Mar 10 15:12:05 mx spamd[9486]: spamd: got connection over /var/run/spamd/spamd.sock 
Mar 10 15:12:05 mx spamd[9486]: spamd: using default config for vovka: /data/vmail/vovka/spamassassin/user_prefs 
Mar 10 15:12:05 mx spamd[14198]: spamd: identified spam (30.7/5.0) for pal:1004 in 2.9 seconds, 3127 bytes. 
Mar 10 15:12:05 mx spamd[14198]: spamd: result: Y 30 - BAYES_99,DCC_CHECK,DIGEST_MULTIPLE,FUZZY_XPILL,HELO_DYNAMIC_HCC,HELO_DYNAMIC_IPADDR2,HELO_DYNAMIC_SPLIT_IP,PYZOR_CHECK,RAZOR2_CF_RANGE_51_100,RAZOR2_CF_RANGE_E4_51_100,RAZOR2_CHECK,RCVD_IN_BRBL_LASTEXT,RCVD_IN_PBL,RCVD_IN_SORBS_DUL,RCVD_IN_XBL,RDNS_DYNAMIC,SPF_SOFTFAIL,STOX_REPLY_TYPE,STOX_REPLY_TYPE_WITHOUT_QUOTES,TVD_RCVD_IP scantime=2.9,size=3127,user=pal,uid=1004,required_score=5.0,rhost=localhost,raddr=127.0.0.1,rport=/var/run/spamd/spamd.sock,mid=<000d01cbdf1c$4d8e2270$6400a8c0@moccasinsjt>,bayes=1.000000,autolearn=spam 
Mar 10 15:12:05 mx spamd[58660]: prefork: child states: BIBBB 
Mar 10 15:12:05 mx spamd[14198]: spamd: got connection over /var/run/spamd/spamd.sock 
Mar 10 15:12:05 mx spamd[14198]: spamd: using default config for natasha: /data/vmail/natasha/spamassassin/user_prefs 
Mar 10 15:12:05 mx spamd[18409]: spamd: identified spam (30.0/5.0) for kuznetzova:1004 in 2.9 seconds, 3137 bytes. 
Mar 10 15:12:05 mx spamd[18409]: spamd: result: Y 30 - BAYES_99,DCC_CHECK,DIGEST_MULTIPLE,FUZZY_XPILL,HELO_DYNAMIC_HCC,HELO_DYNAMIC_IPADDR2,HELO_DYNAMIC_SPLIT_IP,PYZOR_CHECK,RAZOR2_CF_RANGE_51_100,RAZOR2_CF_RANGE_E4_51_100,RAZOR2_CHECK,RCVD_IN_BRBL_LASTEXT,RCVD_IN_PBL,RCVD_IN_SORBS_DUL,RCVD_IN_XBL,RDNS_DYNAMIC,STOX_REPLY_TYPE,STOX_REPLY_TYPE_WITHOUT_QUOTES,TVD_RCVD_IP scantime=2.9,size=3137,user=kuznetzova,uid=1004,required_score=5.0,rhost=localhost,raddr=127.0.0.1,rport=/var/run/spamd/spamd.sock,mid=<000d01cbdf1c$4cbec480$6400a8c0@wistfullypr3>,bayes=1.000000,autolearn=spam 
Mar 10 15:12:05 mx spamd[9486]: spamd: processing message <000d01cbdf1c$4cc5f070$6400a8c0@encroachments4> for vovka:1004 
Mar 10 15:12:05 mx spamd[58660]: prefork: child states: BBBIB 
Mar 10 15:12:05 mx spamd[18409]: spamd: got connection over /var/run/spamd/spamd.sock 
Mar 10 15:12:05 mx spamd[18409]: spamd: using default config for sale: /data/vmail/sale/spamassassin/user_prefs 
Mar 10 15:12:05 mx spamd[14198]: spamd: processing message <000d01cbdf1c$4d8e2270$6400a8c0@moccasinsjt> for natasha:1004 
Mar 10 15:12:05 mx spamd[18408]: spamd: identified spam (34.0/5.0) for chief:1004 in 3.1 seconds, 3137 bytes. 
Mar 10 15:12:05 mx spamd[18408]: spamd: result: Y 34 - BAYES_99,DCC_CHECK,DIGEST_MULTIPLE,FH_FAKE_RCVD_LINE_B,FUZZY_XPILL,HELO_DYNAMIC_HCC,HELO_DYNAMIC_IPADDR2,HELO_DYNAMIC_SPLIT_IP,PYZOR_CHECK,RAZOR2_CF_RANGE_51_100,RAZOR2_CF_RANGE_E4_51_100,RAZOR2_CHECK,RCVD_IN_BRBL_LASTEXT,RCVD_IN_PBL,RCVD_IN_SORBS_DUL,RCVD_IN_XBL,RDNS_DYNAMIC,STOX_REPLY_TYPE,STOX_REPLY_TYPE_WITHOUT_QUOTES,TVD_RCVD_IP scantime=3.1,size=3137,user=chief,uid=1004,required_score=5.0,rhost=localhost,raddr=127.0.0.1,rport=/var/run/spamd/spamd.sock,mid=<000d01cbdf1c$4d909370$6400a8c0@orationqb06>,bayes=1.000000,autolearn=spam 
Mar 10 15:12:05 mx spamd[58660]: prefork: child states: BBIBB 
Mar 10 15:12:05 mx spamd[18408]: spamd: got connection over /var/run/spamd/spamd.sock 
Mar 10 15:12:05 mx spamd[18408]: spamd: using default config for support: /data/vmail/support/spamassassin/user_prefs 
Mar 10 15:12:05 mx spamd[18409]: spamd: processing message <000d01cbdf1c$4cbec480$6400a8c0@wistfullypr3> for sale:1004 
Mar 10 15:12:06 mx spamd[18408]: spamd: processing message <000d01cbdf1c$4d909370$6400a8c0@orationqb06> for support:1004 
Mar 10 15:12:07 mx spamd[9486]: spamd: identified spam (34.0/5.0) for vovka:1004 in 2.6 seconds, 3140 bytes. 
Mar 10 15:12:07 mx spamd[9486]: spamd: result: Y 34 - BAYES_99,DCC_CHECK,DIGEST_MULTIPLE,FH_FAKE_RCVD_LINE_B,FUZZY_XPILL,HELO_DYNAMIC_HCC,HELO_DYNAMIC_IPADDR2,HELO_DYNAMIC_SPLIT_IP,PYZOR_CHECK,RAZOR2_CF_RANGE_51_100,RAZOR2_CF_RANGE_E4_51_100,RAZOR2_CHECK,RCVD_IN_BRBL_LASTEXT,RCVD_IN_PBL,RCVD_IN_SORBS_DUL,RCVD_IN_XBL,RDNS_DYNAMIC,STOX_REPLY_TYPE,STOX_REPLY_TYPE_WITHOUT_QUOTES,TVD_RCVD_IP scantime=2.6,size=3140,user=vovka,uid=1004,required_score=5.0,rhost=localhost,raddr=127.0.0.1,rport=/var/run/spamd/spamd.sock,mid=<000d01cbdf1c$4cc5f070$6400a8c0@encroachments4>,bayes=1.000000,autolearn=spam 
Mar 10 15:12:08 mx spamd[58660]: prefork: child states: BBBBB 
Mar 10 15:12:08 mx spamd[9486]: spamd: got connection over /var/run/spamd/spamd.sock 
Mar 10 15:12:08 mx spamd[9486]: spamd: using default config for lilly: /data/vmail/lilly/spamassassin/user_prefs 
Mar 10 15:12:08 mx spamd[58660]: spamd: server successfully spawned child process, pid 18521 
Mar 10 15:12:08 mx spamd[58660]: prefork: adjust: 0 idle children less than 1 minimum idle children. Increasing spamd children: 18521 started. 
Mar 10 15:12:08 mx spamd[58660]: prefork: child states: BBBBBB 
Mar 10 15:12:08 mx spamd[18521]: spamd: got connection over /var/run/spamd/spamd.sock 
Mar 10 15:12:08 mx spamd[58660]: spamd: server successfully spawned child process, pid 18522 
Mar 10 15:12:08 mx spamd[18521]: spamd: using default config for edit: /data/vmail/edit/spamassassin/user_prefs 
Mar 10 15:12:08 mx spamd[58660]: prefork: adjust: 0 idle children less than 1 minimum idle children. Increasing spamd children: 18522 started. 
Mar 10 15:12:08 mx spamd[58660]: prefork: child states: BBBBBBI 
Mar 10 15:12:08 mx spamd[14198]: spamd: identified spam (26.1/5.0) for natasha:1004 in 2.6 seconds, 3127 bytes. 
Mar 10 15:12:08 mx spamd[14198]: spamd: result: Y 26 - DCC_CHECK,DIGEST_MULTIPLE,FUZZY_XPILL,HELO_DYNAMIC_HCC,HELO_DYNAMIC_IPADDR2,HELO_DYNAMIC_SPLIT_IP,PYZOR_CHECK,RAZOR2_CF_RANGE_51_100,RAZOR2_CF_RANGE_E4_51_100,RAZOR2_CHECK,RCVD_IN_BRBL_LASTEXT,RCVD_IN_PBL,RCVD_IN_SORBS_DUL,RCVD_IN_XBL,RDNS_DYNAMIC,SPF_SOFTFAIL,STOX_REPLY_TYPE,STOX_REPLY_TYPE_WITHOUT_QUOTES,TVD_RCVD_IP scantime=2.6,size=3127,user=natasha,uid=1004,required_score=5.0,rhost=localhost,raddr=127.0.0.1,rport=/var/run/spamd/spamd.sock,mid=<000d01cbdf1c$4d8e2270$6400a8c0@moccasinsjt>,autolearn=spam 
Mar 10 15:12:08 mx spamd[18522]: spamd: got connection over /var/run/spamd/spamd.sock 
Mar 10 15:12:08 mx spamd[18522]: spamd: using default config for popova: /data/vmail/popova/spamassassin/user_prefs 
Mar 10 15:12:08 mx spamd[58660]: prefork: child states: BIBBBBB 
Mar 10 15:12:08 mx spamd[18409]: spamd: identified spam (30.0/4.0) for sale:1004 in 2.6 seconds, 3137 bytes. 
Mar 10 15:12:08 mx spamd[18409]: spamd: result: Y 30 - BAYES_99,DCC_CHECK,DIGEST_MULTIPLE,FUZZY_XPILL,HELO_DYNAMIC_HCC,HELO_DYNAMIC_IPADDR2,HELO_DYNAMIC_SPLIT_IP,PYZOR_CHECK,RAZOR2_CF_RANGE_51_100,RAZOR2_CF_RANGE_E4_51_100,RAZOR2_CHECK,RCVD_IN_BRBL_LASTEXT,RCVD_IN_PBL,RCVD_IN_SORBS_DUL,RCVD_IN_XBL,RDNS_DYNAMIC,STOX_REPLY_TYPE,STOX_REPLY_TYPE_WITHOUT_QUOTES,TVD_RCVD_IP scantime=2.6,size=3137,user=sale,uid=1004,required_score=4.0,rhost=localhost,raddr=127.0.0.1,rport=/var/run/spamd/spamd.sock,mid=<000d01cbdf1c$4cbec480$6400a8c0@wistfullypr3>,bayes=1.000000,autolearn=spam 
Mar 10 15:12:08 mx spamd[18521]: spamd: processing message <000d01cbdf1c$4cc5f070$6400a8c0@encroachments4> for edit:1004 
Mar 10 15:12:08 mx spamd[14198]: spamd: got connection over /var/run/spamd/spamd.sock 
Mar 10 15:12:08 mx spamd[14198]: spamd: using default config for genger: /data/vmail/genger/spamassassin/user_prefs 
Mar 10 15:12:08 mx spamd[58660]: prefork: child states: BBBIBBB 
Mar 10 15:12:08 mx spamd[9486]: spamd: processing message <000d01cbdf1c$471c5ab0$6400a8c0@proletarianss5260> for lilly:1004 
Mar 10 15:12:08 mx spamd[18408]: spamd: identified spam (34.0/5.0) for support:1004 in 2.6 seconds, 3137 bytes. 
Mar 10 15:12:08 mx spamd[18408]: spamd: result: Y 34 - BAYES_99,DCC_CHECK,DIGEST_MULTIPLE,FH_FAKE_RCVD_LINE_B,FUZZY_XPILL,HELO_DYNAMIC_HCC,HELO_DYNAMIC_IPADDR2,HELO_DYNAMIC_SPLIT_IP,PYZOR_CHECK,RAZOR2_CF_RANGE_51_100,RAZOR2_CF_RANGE_E4_51_100,RAZOR2_CHECK,RCVD_IN_BRBL_LASTEXT,RCVD_IN_PBL,RCVD_IN_SORBS_DUL,RCVD_IN_XBL,RDNS_DYNAMIC,STOX_REPLY_TYPE,STOX_REPLY_TYPE_WITHOUT_QUOTES,TVD_RCVD_IP scantime=2.6,size=3137,user=support,uid=1004,required_score=5.0,rhost=localhost,raddr=127.0.0.1,rport=/var/run/spamd/spamd.sock,mid=<000d01cbdf1c$4d909370$6400a8c0@orationqb06>,bayes=1.000000,autolearn=spam 
Mar 10 15:12:08 mx spamd[18522]: spamd: processing message <000d01cbdf1c$4d8e2270$6400a8c0@moccasinsjt> for popova:1004 
Mar 10 15:12:08 mx spamd[58660]: prefork: child states: BBIIBBB 
Mar 10 15:12:08 mx spamd[18408]: spamd: got connection over /var/run/spamd/spamd.sock 
Mar 10 15:12:08 mx spamd[18408]: spamd: using default config for secretary: /data/vmail/secretary/spamassassin/user_prefs 
Mar 10 15:12:08 mx spamd[18410]: spamd: identified spam (27.6/5.0) for lilly:1004 in 5.8 seconds, 9882 bytes. 
Mar 10 15:12:08 mx spamd[18410]: spamd: result: Y 27 - DRUGS_ERECTILE,DRUGS_ERECTILE_OBFU,HK_NAME_DRUGS,HTML_MESSAGE,KB_RATWARE_OUTLOOK_MID,LONGWORDS,RAZOR2_CF_RANGE_51_100,RAZOR2_CF_RANGE_E8_51_100,RAZOR2_CHECK,RCVD_IN_PBL,RDNS_NONE,TO_IN_SUBJ,T_REMOTE_IMAGE,T_SURBL_MULTI1,T_SURBL_MULTI2,T_SURBL_MULTI3,T_URIBL_BLACK_OVERLAP,URIBL_AB_SURBL,URIBL_BLACK,URIBL_DBL_SPAM,URIBL_JP_SURBL,URIBL_SC_SURBL,URIBL_WS_SURBL scantime=5.8,size=9882,user=lilly,uid=1004,required_score=5.0,rhost=localhost,raddr=127.0.0.1,rport=/var/run/spamd/spamd.sock,mid=<000e01cbdf1c$55197080$57ca7fbb@vwthk.com>,bayes=1.000000,autolearn=spam 
Mar 10 15:12:08 mx spamd[58660]: prefork: child states: BBBIIBB 
Mar 10 15:12:08 mx spamd[14198]: spamd: processing message <000d01cbdf1c$4cbec480$6400a8c0@wistfullypr3> for genger:1004 
Mar 10 15:12:08 mx spamd[18408]: spamd: processing message <000d01cbdf1c$4d909370$6400a8c0@orationqb06> for secretary:1004 
Mar 10 15:12:10 mx spamd[18521]: spamd: identified spam (34.0/5.0) for edit:1004 in 2.8 seconds, 3140 bytes. 
Mar 10 15:12:10 mx spamd[18521]: spamd: result: Y 34 - BAYES_99,DCC_CHECK,DIGEST_MULTIPLE,FH_FAKE_RCVD_LINE_B,FUZZY_XPILL,HELO_DYNAMIC_HCC,HELO_DYNAMIC_IPADDR2,HELO_DYNAMIC_SPLIT_IP,PYZOR_CHECK,RAZOR2_CF_RANGE_51_100,RAZOR2_CF_RANGE_E4_51_100,RAZOR2_CHECK,RCVD_IN_BRBL_LASTEXT,RCVD_IN_PBL,RCVD_IN_SORBS_DUL,RCVD_IN_XBL,RDNS_DYNAMIC,STOX_REPLY_TYPE,STOX_REPLY_TYPE_WITHOUT_QUOTES,TVD_RCVD_IP scantime=2.8,size=3140,user=edit,uid=1004,required_score=5.0,rhost=localhost,raddr=127.0.0.1,rport=/var/run/spamd/spamd.sock,mid=<000d01cbdf1c$4cc5f070$6400a8c0@encroachments4>,bayes=1.000000,autolearn=spam 
Mar 10 15:12:10 mx spamd[58660]: prefork: child states: BBBIIIB 
Mar 10 15:12:10 mx spamd[58660]: prefork: adjust: 3 idle children more than 2 maximum idle children. Decreasing spamd children: 18521 killed. 
Mar 10 15:12:10 mx spamd[58660]: spamd: handled cleanup of child pid [18521] due to SIGCHLD: interrupted, signal 2 (0002) 
Mar 10 15:12:10 mx spamd[58660]: prefork: child states: BBBIIKB 
Mar 10 15:12:10 mx spamd[18409]: spamd: got connection over /var/run/spamd/spamd.sock 
Mar 10 15:12:10 mx spamd[18409]: spamd: using default config for zoya: /data/vmail/zoya/spamassassin/user_prefs 
Mar 10 15:12:11 mx spamd[18522]: spamd: identified spam (26.1/5.0) for popova:1004 in 3.0 seconds, 3127 bytes. 
Mar 10 15:12:11 mx spamd[18522]: spamd: result: Y 26 - DCC_CHECK,DIGEST_MULTIPLE,FUZZY_XPILL,HELO_DYNAMIC_HCC,HELO_DYNAMIC_IPADDR2,HELO_DYNAMIC_SPLIT_IP,PYZOR_CHECK,RAZOR2_CF_RANGE_51_100,RAZOR2_CF_RANGE_E4_51_100,RAZOR2_CHECK,RCVD_IN_BRBL_LASTEXT,RCVD_IN_PBL,RCVD_IN_SORBS_DUL,RCVD_IN_XBL,RDNS_DYNAMIC,SPF_SOFTFAIL,STOX_REPLY_TYPE,STOX_REPLY_TYPE_WITHOUT_QUOTES,TVD_RCVD_IP scantime=3.0,size=3127,user=popova,uid=1004,required_score=5.0,rhost=localhost,raddr=127.0.0.1,rport=/var/run/spamd/spamd.sock,mid=<000d01cbdf1c$4d8e2270$6400a8c0@moccasinsjt>,autolearn=spam 
Mar 10 15:12:11 mx spamd[9486]: spamd: identified spam (24.6/5.0) for lilly:1004 in 3.1 seconds, 3284 bytes. 
Mar 10 15:12:11 mx spamd[9486]: spamd: result: Y 24 - DCC_CHECK,DIGEST_MULTIPLE,FH_FAKE_RCVD_LINE_B,FUZZY_XPILL,HELO_DYNAMIC_SPLIT_IP,PYZOR_CHECK,RAZOR2_CF_RANGE_51_100,RAZOR2_CF_RANGE_E4_51_100,RAZOR2_CHECK,RCVD_IN_BL_SPAMCOP_NET,RCVD_IN_BRBL_LASTEXT,RCVD_IN_PBL,RCVD_IN_XBL,RDNS_NONE,STOX_REPLY_TYPE,STOX_REPLY_TYPE_WITHOUT_QUOTES scantime=3.1,size=3284,user=lilly,uid=1004,required_score=5.0,rhost=localhost,raddr=127.0.0.1,rport=/var/run/spamd/spamd.sock,mid=<000d01cbdf1c$471c5ab0$6400a8c0@proletarianss5260>,bayes=1.000000,autolearn=spam 
Mar 10 15:12:11 mx spamd[58660]: prefork: child states: BBBBII 
Mar 10 15:12:11 mx spamd[18410]: spamd: got connection over /var/run/spamd/spamd.sock 
Mar 10 15:12:11 mx spamd[18410]: spamd: using default config for pospelova: /data/vmail/pospelova/spamassassin/user_prefs 
Mar 10 15:12:11 mx spamd[18408]: spamd: identified spam (28.5/5.0) for secretary:1004 in 2.7 seconds, 3137 bytes. 
Mar 10 15:12:11 mx spamd[18408]: spamd: result: Y 28 - DCC_CHECK,DIGEST_MULTIPLE,FH_FAKE_RCVD_LINE_B,FUZZY_XPILL,HELO_DYNAMIC_HCC,HELO_DYNAMIC_IPADDR2,HELO_DYNAMIC_SPLIT_IP,PYZOR_CHECK,RAZOR2_CF_RANGE_51_100,RAZOR2_CF_RANGE_E4_51_100,RAZOR2_CHECK,RCVD_IN_BRBL_LASTEXT,RCVD_IN_PBL,RCVD_IN_SORBS_DUL,RCVD_IN_XBL,RDNS_DYNAMIC,STOX_REPLY_TYPE,STOX_REPLY_TYPE_WITHOUT_QUOTES,TVD_RCVD_IP scantime=2.7,size=3137,user=secretary,uid=1004,required_score=5.0,rhost=localhost,raddr=127.0.0.1,rport=/var/run/spamd/spamd.sock,mid=<000d01cbdf1c$4d909370$6400a8c0@orationqb06>,autolearn=spam 
Mar 10 15:12:11 mx spamd[58660]: prefork: child states: IBBBBI 
Mar 10 15:12:11 mx spamd[18409]: spamd: processing message <000d01cbdf1c$4cc5f070$6400a8c0@encroachments4> for zoya:1004 
Mar 10 15:12:11 mx spamd[9486]: spamd: got connection over /var/run/spamd/spamd.sock 
Mar 10 15:12:11 mx spamd[9486]: spamd: using default config for li: /data/vmail/li/spamassassin/user_prefs 
Mar 10 15:12:11 mx spamd[58660]: prefork: child states: BBIBBI 
Mar 10 15:12:11 mx spamd[14198]: spamd: identified spam (25.1/5.0) for genger:1004 in 2.9 seconds, 3137 bytes. 
Mar 10 15:12:11 mx spamd[14198]: spamd: result: Y 25 - DCC_CHECK,DIGEST_MULTIPLE,FUZZY_XPILL,HELO_DYNAMIC_HCC,HELO_DYNAMIC_IPADDR2,HELO_DYNAMIC_SPLIT_IP,PYZOR_CHECK,RAZOR2_CF_RANGE_51_100,RAZOR2_CF_RANGE_E4_51_100,RAZOR2_CHECK,RCVD_IN_BRBL_LASTEXT,RCVD_IN_PBL,RCVD_IN_SORBS_DUL,RCVD_IN_XBL,RDNS_DYNAMIC,STOX_REPLY_TYPE,STOX_REPLY_TYPE_WITHOUT_QUOTES,TVD_RCVD_IP scantime=2.9,size=3137,user=genger,uid=1004,required_score=5.0,rhost=localhost,raddr=127.0.0.1,rport=/var/run/spamd/spamd.sock,mid=<000d01cbdf1c$4cbec480$6400a8c0@wistfullypr3>,autolearn=spam 
Mar 10 15:12:11 mx spamd[58660]: prefork: child states: BIIBBI 
Mar 10 15:12:11 mx spamd[58660]: prefork: adjust: 3 idle children more than 2 maximum idle children. Decreasing spamd children: 18522 killed. 
Mar 10 15:12:11 mx spamd[58660]: prefork: child states: BIIBBK 
Mar 10 15:12:11 mx spamd[58660]: spamd: handled cleanup of child pid [18522] due to SIGCHLD: interrupted, signal 2 (0002) 
Mar 10 15:12:11 mx spamd[14198]: spamd: got connection over /var/run/spamd/spamd.sock 
Mar 10 15:12:11 mx spamd[14198]: spamd: using default config for michael: /data/vmail/michael/spamassassin/user_prefs 
Mar 10 15:12:11 mx spamd[18410]: spamd: processing message <000d01cbdf1c$4d8e2270$6400a8c0@moccasinsjt> for pospelova:1004 
Mar 10 15:12:11 mx spamd[9486]: spamd: processing message <000d01cbdf1c$471c5ab0$6400a8c0@proletarianss5260> for li:1004 
Mar 10 15:12:11 mx spamd[14198]: spamd: processing message <000d01cbdf1c$4cbec480$6400a8c0@wistfullypr3> for michael:1004 
Mar 10 15:12:12 mx spamd[18408]: spamd: got connection over /var/run/spamd/spamd.sock 
Mar 10 15:12:12 mx spamd[18408]: spamd: using default config for li: /data/vmail/li/spamassassin/user_prefs 
Mar 10 15:12:13 mx spamd[18408]: spamd: processing message <000e01cbdf1c$5e0a4200$e5e403bc@friggi.it> for li:1004 
Mar 10 15:12:13 mx spamd[18409]: spamd: identified spam (28.5/5.0) for zoya:1004 in 2.6 seconds, 3140 bytes. 
Mar 10 15:12:13 mx spamd[18409]: spamd: result: Y 28 - DCC_CHECK,DIGEST_MULTIPLE,FH_FAKE_RCVD_LINE_B,FUZZY_XPILL,HELO_DYNAMIC_HCC,HELO_DYNAMIC_IPADDR2,HELO_DYNAMIC_SPLIT_IP,PYZOR_CHECK,RAZOR2_CF_RANGE_51_100,RAZOR2_CF_RANGE_E4_51_100,RAZOR2_CHECK,RCVD_IN_BRBL_LASTEXT,RCVD_IN_PBL,RCVD_IN_SORBS_DUL,RCVD_IN_XBL,RDNS_DYNAMIC,STOX_REPLY_TYPE,STOX_REPLY_TYPE_WITHOUT_QUOTES,TVD_RCVD_IP scantime=2.6,size=3140,user=zoya,uid=1004,required_score=5.0,rhost=localhost,raddr=127.0.0.1,rport=/var/run/spamd/spamd.sock,mid=<000d01cbdf1c$4cc5f070$6400a8c0@encroachments4>,autolearn=spam 
Mar 10 15:12:13 mx spamd[58660]: prefork: child states: BBBIB 
Mar 10 15:12:13 mx spamd[18410]: spamd: identified spam (30.7/5.0) for pospelova:1004 in 2.7 seconds, 3127 bytes. 
Mar 10 15:12:13 mx spamd[18410]: spamd: result: Y 30 - BAYES_99,DCC_CHECK,DIGEST_MULTIPLE,FUZZY_XPILL,HELO_DYNAMIC_HCC,HELO_DYNAMIC_IPADDR2,HELO_DYNAMIC_SPLIT_IP,PYZOR_CHECK,RAZOR2_CF_RANGE_51_100,RAZOR2_CF_RANGE_E4_51_100,RAZOR2_CHECK,RCVD_IN_BRBL_LASTEXT,RCVD_IN_PBL,RCVD_IN_SORBS_DUL,RCVD_IN_XBL,RDNS_DYNAMIC,SPF_SOFTFAIL,STOX_REPLY_TYPE,STOX_REPLY_TYPE_WITHOUT_QUOTES,TVD_RCVD_IP scantime=2.7,size=3127,user=pospelova,uid=1004,required_score=5.0,rhost=localhost,raddr=127.0.0.1,rport=/var/run/spamd/spamd.sock,mid=<000d01cbdf1c$4d8e2270$6400a8c0@moccasinsjt>,bayes=1.000000,autolearn=spam 
Mar 10 15:12:13 mx spamd[58660]: prefork: child states: BBBII 
Mar 10 15:12:13 mx spamd[14198]: spamd: identified spam (25.1/5.0) for michael:1004 in 2.6 seconds, 3137 bytes. 
Mar 10 15:12:13 mx spamd[9486]: spamd: identified spam (28.1/5.0) for li:1004 in 2.7 seconds, 3284 bytes. 
