@0 +0
/ram/mfc x
/ram/mfc 0
/ram/bus_data zzzzzzzz
/ram/bus_data zzzzzzzz
@10 +0
/ram/bus_data 0000abcd
@29 +0
/ram/mfc 1
@38 +0
/ram/mfc 0
@38 +2
/ram/bus_data zzzzzzzz
@86 +0
/ram/mfc 1
@86 +1
/ram/bus_data 0000abcd
@92 +0
/ram/mfc 0
@92 +1
/ram/bus_data zzzzzzzz
@123 +0
/ram/mfc 1
@123 +1
/ram/bus_data 0000abcd
@134 +0
/ram/mfc 0
@134 +1
/ram/bus_data zzzzzzzz
@173 +0
/ram/mfc 1
@173 +1
/ram/bus_data 0000abcd
@193 +0
/ram/mfc 0
@193 +1
/ram/bus_data zzzzzzzz
@251 +0
/ram/mfc 1
@251 +1
/ram/bus_data 0000abcd
@257 +0
/ram/mfc 0
@257 +1
/ram/bus_data zzzzzzzz
@294 +0
/ram/mfc 1
@294 +1
/ram/bus_data xxxxxxxx
@303 +0
/ram/mfc 0
@303 +1
/ram/bus_data zzzzzzzz
@354 +0
/ram/mfc 1
@354 +1
/ram/bus_data xxxxxxxx
@359 +0
/ram/mfc 0
@359 +1
/ram/bus_data zzzzzzzz
@413 +0
/ram/mfc 1
@413 +1
/ram/bus_data xxxxxxxx
@428 +0
/ram/mfc 0
@428 +1
/ram/bus_data zzzzzzzz
@473 +0
/ram/mfc 1
@473 +1
/ram/bus_data xxxxxxxx
@485 +0
/ram/mfc 0
@485 +1
/ram/bus_data zzzzzzzz
@552 +0
/ram/bus_data fffffffe
@576 +0
/ram/mfc 1
@580 +0
/ram/mfc 0
@580 +2
/ram/bus_data zzzzzzzz
@632 +0
/ram/mfc 1
@632 +1
/ram/bus_data fffffffe
@648 +0
/ram/mfc 0
@648 +1
/ram/bus_data zzzzzzzz
@689 +0
/ram/mfc 1
@689 +1
/ram/bus_data fffffffe
@697 +0
/ram/mfc 0
@697 +1
/ram/bus_data zzzzzzzz
@731 +0
/ram/mfc 1
@731 +1
/ram/bus_data fffffffe
@738 +0
/ram/mfc 0
@738 +1
/ram/bus_data zzzzzzzz
@785 +0
/ram/mfc 1
@785 +1
/ram/bus_data fffffffe
@794 +0
/ram/mfc 0
@794 +1
/ram/bus_data zzzzzzzz
@823 +0
/ram/mfc 1
@823 +1
/ram/bus_data 0000abcd
@830 +0
/ram/mfc 0
@830 +1
/ram/bus_data zzzzzzzz
@842 +0
/ram/bus_data 00000005
@882 +1
/ram/bus_data zzzzzzzz
